BL51 BANKED LINKER/LOCATER V6.22.2.0                                                    12/22/2021  16:04:20  PAGE 1


BL51 BANKED LINKER/LOCATER V6.22.2.0, INVOKED BY:
C:\KEIL_V5\C51\BIN\BL51.EXE .\Objects\main.obj, .\Objects\Control.obj, .\Objects\report.obj, .\Objects\Menu.obj, .\Objec
>> ts\pFunc.obj, .\Objects\usart.obj, .\Objects\timer.obj, .\Objects\wifi.obj, .\STCLIB\Front.LIB, .\STCLIB\Gpio.LIB, .\
>> STCLIB\Iape2prom.LIB, .\STCLIB\Key.LIB, .\STCLIB\Lcd19264.LIB, .\Objects\STARTUP.obj TO .\Objects\WIRELESS_PLC PRINT 
>> (.\Listings\WIRELESS_PLC.m51) RAMSIZE (256)


MEMORY MODEL: LARGE


INPUT MODULES INCLUDED:
  .\Objects\main.obj (MAIN)
  .\Objects\Control.obj (CONTROL)
  .\Objects\report.obj (REPORT)
  .\Objects\Menu.obj (MENU)
  .\Objects\pFunc.obj (PFUNC)
  .\Objects\usart.obj (USART)
  .\Objects\timer.obj (TIMER)
  .\Objects\wifi.obj (WIFI)
  .\STCLIB\Front.LIB (CHINESE_CODE)
  .\STCLIB\Front.LIB (?C_STARTUP)
  .\STCLIB\Gpio.LIB (GPIO)
  .\STCLIB\Iape2prom.LIB (EEPROM)
  .\STCLIB\Key.LIB (KEY)
  .\STCLIB\Lcd19264.LIB (LCD)
  C:\KEIL_V5\C51\LIB\C51L.LIB (?C_INIT)
  C:\KEIL_V5\C51\LIB\C51L.LIB (?C?COPY)
  C:\KEIL_V5\C51\LIB\C51L.LIB (?C?CLDPTR)
  C:\KEIL_V5\C51\LIB\C51L.LIB (?C?CLDOPTR)
  C:\KEIL_V5\C51\LIB\C51L.LIB (?C?CILDPTR)
  C:\KEIL_V5\C51\LIB\C51L.LIB (?C?CSTPTR)
  C:\KEIL_V5\C51\LIB\C51L.LIB (?C?CSTOPTR)
  C:\KEIL_V5\C51\LIB\C51L.LIB (?C?IMUL)
  C:\KEIL_V5\C51\LIB\C51L.LIB (?C?UIDIV)
  C:\KEIL_V5\C51\LIB\C51L.LIB (?C?SIDIV)
  C:\KEIL_V5\C51\LIB\C51L.LIB (?C?IILDX)
  C:\KEIL_V5\C51\LIB\C51L.LIB (?C?ILDIX)
  C:\KEIL_V5\C51\LIB\C51L.LIB (?C?ILDOPTR)
  C:\KEIL_V5\C51\LIB\C51L.LIB (?C?IILDOPTR)
  C:\KEIL_V5\C51\LIB\C51L.LIB (?C?ISTOPTR)
  C:\KEIL_V5\C51\LIB\C51L.LIB (?C?ULCMP)
  C:\KEIL_V5\C51\LIB\C51L.LIB (?C?LSTKXDATA)
  C:\KEIL_V5\C51\LIB\C51L.LIB (?C?OFFXADD)
  C:\KEIL_V5\C51\LIB\C51L.LIB (?C?PLDXDATA)
  C:\KEIL_V5\C51\LIB\C51L.LIB (?C?PLDIXDATA)
  C:\KEIL_V5\C51\LIB\C51L.LIB (?C?PSTXDATA)
  C:\KEIL_V5\C51\LIB\C51L.LIB (?C?PLDCODE)
  C:\KEIL_V5\C51\LIB\C51L.LIB (?C?PLDOPTR)
  C:\KEIL_V5\C51\LIB\C51L.LIB (?C?CCASE)
  C:\KEIL_V5\C51\LIB\C51L.LIB (?C?ICALL)
  C:\KEIL_V5\C51\LIB\C51L.LIB (STRNCMP)
  C:\KEIL_V5\C51\LIB\C51L.LIB (STRLEN)
  C:\KEIL_V5\C51\LIB\C51L.LIB (?C?MEMSET)
  C:\KEIL_V5\C51\LIB\C51L.LIB (?C?PLDIDATA)
  C:\KEIL_V5\C51\LIB\C51L.LIB (?C?PLDPDATA)


LINK MAP OF MODULE:  .\Objects\WIRELESS_PLC (MAIN)
BL51 BANKED LINKER/LOCATER V6.22.2.0                                                  12/22/2021  16:04:20  PAGE 2




            TYPE    BASE      LENGTH    RELOCATION   SEGMENT NAME
            -----------------------------------------------------

            * * * * * * *   D A T A   M E M O R Y   * * * * * * *
            REG     0000H     0008H     ABSOLUTE     "REG BANK 0"
            REG     0008H     0008H     ABSOLUTE     "REG BANK 1"
            REG     0010H     0008H     ABSOLUTE     "REG BANK 2"
            IDATA   0018H     0001H     UNIT         ?STACK

            * * * * * * *  X D A T A   M E M O R Y  * * * * * * *
            XDATA   0000H     1B0AH     UNIT         ?XD?REPORT
            XDATA   1B0AH     00C5H     UNIT         ?XD?MENU
            XDATA   1BCFH     009AH     UNIT         ?XD?CONTROL
            XDATA   1C69H     003BH     UNIT         _XDATA_GROUP_
            XDATA   1CA4H     002DH     UNIT         ?XD?USART
            XDATA   1CD1H     0013H     UNIT         ?XD?MAIN
            XDATA   1CE4H     0010H     UNIT         ?XD?TIMER
            XDATA   1CF4H     0008H     UNIT         ?XD?LCD
            XDATA   1CFCH     0002H     UNIT         ?XD?KEY

            * * * * * * *   C O D E   M E M O R Y   * * * * * * *
            CODE    0000H     0003H     ABSOLUTE     
            CODE    0003H     0008H     UNIT         ?PR?COMMUNICAINIT?CONTROL
            CODE    000BH     0003H     ABSOLUTE     
            CODE    000EH     0015H     UNIT         ?PR?MODE_MASTER?CONTROL
            CODE    0023H     0003H     ABSOLUTE     
            CODE    0026H     001CH     UNIT         ?PR?_PASSWORDDELETE?CONTROL
            CODE    0042H     0001H     UNIT         ?PR?KEYMENU_MENU?MENU
            CODE    0043H     0003H     ABSOLUTE     
            CODE    0046H     0045H     UNIT         ?PR?REFRESHMENUDISP?MENU
            CODE    008BH     0003H     ABSOLUTE     
            CODE    008EH     0003H     UNIT         ?PR?_LCDSHOW?MENU
            CODE    0091H     0001H     UNIT         ?PR?KEYBAUD_MENU?MENU
                    0092H     0001H                  *** GAP ***
            CODE    0093H     0003H     ABSOLUTE     
            CODE    0096H     207AH     UNIT         ?CO?CHINESE_CODE
            CODE    2110H     1C83H     UNIT         ?C_INITSEG
            CODE    3D93H     042AH     UNIT         ?C?LIB_CODE
            CODE    41BDH     024CH     UNIT         ?PR?KEYCONTROL_ENTER?MENU
            CODE    4409H     0208H     UNIT         ?PR?MENU
            CODE    4611H     01DCH     UNIT         ?PR?_PUBLIC_DATAHANDLE?REPORT
            CODE    47EDH     01ABH     UNIT         ?CO?WIFI
            CODE    4998H     01ABH     UNIT         ?PR?_GUI_LATTICE?LCD
            CODE    4B43H     0199H     UNIT         ?PR?_GPIO_INILIZE?GPIO
            CODE    4CDCH     0191H     UNIT         ?PR?_MYITOA?PFUNC
            CODE    4E6DH     0127H     UNIT         ?PR?TIMER0_ISR?TIMER
            CODE    4F94H     0113H     UNIT         ?CO?CONTROL
            CODE    50A7H     0103H     UNIT         ?PR?KEYCONTROL_DOWN?MENU
            CODE    51AAH     00F7H     UNIT         ?CO?MENU
            CODE    52A1H     00EAH     UNIT         ?PR?KEYCONTROL_UP?MENU
            CODE    538BH     00D3H     UNIT         ?PR?USART
            CODE    545EH     00C5H     UNIT         ?PR?_GUI_STRING?LCD
            CODE    5523H     00AEH     UNIT         ?PR?_UART_BASE_MSPINIT?USART
            CODE    55D1H     00AAH     UNIT         ?PR?CONTROL
            CODE    567BH     0098H     UNIT         ?PR?_GETCRC16?REPORT
BL51 BANKED LINKER/LOCATER V6.22.2.0                                                  12/22/2021  16:04:20  PAGE 3


            CODE    5713H     0096H     UNIT         ?PR?UART2_ISR?USART
            CODE    57A9H     0096H     UNIT         ?PR?UART3_ISR?USART
            CODE    583FH     0090H     UNIT         ?PR?SYSTEMINIT?MAIN
            CODE    58CFH     0090H     UNIT         ?PR?UART1_ISR?USART
            CODE    595FH     008EH     UNIT         ?PR?KEY_CHICK?KEY
            CODE    59EDH     008CH     UNIT         ?PR?REPORT
            CODE    5A79H     008CH     UNIT         ?PR?UART4_ISR?USART
            CODE    5B05H     008CH     UNIT         ?C_C51STARTUP
            CODE    5B91H     0087H     UNIT         ?PR?PASSWORDCHANGEUISHOW?CONTROL
            CODE    5C18H     0087H     UNIT         ?PR?_STRNCMP?STRNCMP
            CODE    5C9FH     007CH     UNIT         ?PR?UART_HANDLE?REPORT
            CODE    5D1BH     007BH     UNIT         ?PR?IAP_FLASH_IINIT?MAIN
            CODE    5D96H     007BH     UNIT         ?PR?KEYMAIN_ENTER?MENU
            CODE    5E11H     0077H     UNIT         ?PR?_INIT_LISTQUEUE?REPORT
            CODE    5E88H     0075H     UNIT         ?PR?KEYEVENT?MENU
            CODE    5EFDH     0071H     UNIT         ?PR?LCD
            CODE    5F6EH     006AH     UNIT         ?PR?INITIAL_LCD?LCD
            CODE    5FD8H     0069H     UNIT         ?PR?INIT_ALL?MAIN
            CODE    6041H     0069H     UNIT         ?PR?_PASSWORDINPUT?CONTROL
            CODE    60AAH     0069H     UNIT         ?PR?CHECK_PASSWORDBITS?MENU
            CODE    6113H     0068H     UNIT         ?PR?WORKMODEUISHOW?CONTROL
            CODE    617BH     0064H     UNIT         ?PR?KEYBAUD_ENTER?MENU
            CODE    61DFH     0062H     UNIT         ?CO?MAIN
            CODE    6241H     0060H     UNIT         ?PR?KEYBAUD_UP?MENU
            CODE    62A1H     0060H     UNIT         ?PR?KEYBAUD_DOWN?MENU
            CODE    6301H     0060H     UNIT         ?PR?IAPCONFIGWAITTIME?EEPROM
            CODE    6361H     005FH     UNIT         ?PR?HOTSPOTSETTINGUISHOW?CONTROL
            CODE    63C0H     005BH     UNIT         ?PR?_GETFRONTPARM?LCD
            CODE    641BH     0057H     UNIT         ?PR?KEYMENU_UP?MENU
            CODE    6472H     0057H     UNIT         ?PR?KEYMENU_DOWN?MENU
            CODE    64C9H     0056H     UNIT         ?PR?TIMER
            CODE    651FH     0051H     UNIT         ?PR?_UARTX_SENDSTR?USART
            CODE    6570H     0051H     UNIT         ?PR?_GETCHINDEX?LCD
            CODE    65C1H     004EH     UNIT         ?PR?PLCPOWERUISHOW?CONTROL
            CODE    660FH     0047H     UNIT         ?PR?_EXE_APPOINT_CMD?WIFI
            CODE    6656H     0044H     UNIT         ?PR?REFRESHBAUDDISP?MENU
            CODE    669AH     0043H     UNIT         ?PR?_TIM_BASE_MSPINIT?TIMER
            CODE    66DDH     0042H     UNIT         ?PR?WIFI
            CODE    671FH     003DH     UNIT         ?PR?KEYMAIN_DOWN?MENU
            CODE    675CH     003CH     UNIT         ?PR?COMMUNICAUISHOW?CONTROL
            CODE    6798H     003CH     UNIT         ?PR?BAUDSETTINGUI1SHOW?CONTROL
            CODE    67D4H     003AH     UNIT         ?PR?KEYMAIN_UP?MENU
            CODE    680EH     0038H     UNIT         ?PR?CONTROLSAVE?CONTROL
            CODE    6846H     0037H     UNIT         ?PR?WIFI_INIT?WIFI
            CODE    687DH     0036H     UNIT         ?PR?EEPROM
            CODE    68B3H     0036H     UNIT         ?PR?_LCD_ADDRESS?LCD
            CODE    68E9H     0035H     UNIT         ?PR?BAUDSETTINGUI2SHOW?CONTROL
            CODE    691EH     0035H     UNIT         ?PR?BAUDSETTINGUI3SHOW?CONTROL
            CODE    6953H     0035H     UNIT         ?PR?BAUDSETTINGUI4SHOW?CONTROL
            CODE    6988H     0035H     UNIT         ?PR?KEYCONTROL_CANCEL?MENU
            CODE    69BDH     0034H     UNIT         ?PR?_GET_TARGET_CHANNEL?REPORT
            CODE    69F1H     0034H     UNIT         ?PR?_GET_TARGET_UART?REPORT
            CODE    6A25H     0031H     UNIT         ?PR?_LCDDLY?MENU
            CODE    6A56H     0031H     UNIT         ?PR?WIFI_EXIT_TRT?WIFI
            CODE    6A87H     0030H     UNIT         ?PR?CHECKIAP_FLASH?MAIN
            CODE    6AB7H     002FH     UNIT         ?PR?_IAPREAD?EEPROM
            CODE    6AE6H     002DH     UNIT         ?PR?BAUDINIT?CONTROL
BL51 BANKED LINKER/LOCATER V6.22.2.0                                                  12/22/2021  16:04:20  PAGE 4


            CODE    6B13H     002CH     UNIT         ?PR?_IAPWRITE_BUFF?EEPROM
            CODE    6B3FH     002CH     UNIT         ?PR?_TRANSFER_COMMAND?LCD
            CODE    6B6BH     002CH     UNIT         ?PR?_TRANSFER_DATA?LCD
            CODE    6B97H     002BH     UNIT         ?PR?_IAPREAD_BUFF?EEPROM
            CODE    6BC2H     002AH     UNIT         ?PR?PASSWORDINPUTUISHOW?CONTROL
            CODE    6BECH     002AH     UNIT         ?PR?PFUNC
            CODE    6C16H     0029H     UNIT         ?PR?RELOADSETTINGUISHOW?CONTROL
            CODE    6C3FH     0028H     UNIT         ?PR?TIMER0_INIT?TIMER
            CODE    6C67H     0026H     UNIT         ?PR?KEYMAIN_MENU?MENU
            CODE    6C8DH     0026H     UNIT         ?PR?_IAPPROGRAM?EEPROM
            CODE    6CB3H     0026H     UNIT         ?PR?_IAPERASE?EEPROM
            CODE    6CD9H     0026H     UNIT         ?PR?CLEAR_SCREEN?LCD
            CODE    6CFFH     0025H     UNIT         ?PR?PASSWORDJUDGE?CONTROL
            CODE    6D24H     0025H     UNIT         ?CO?PFUNC
            CODE    6D49H     0022H     UNIT         ?PR?UART1_INIT?USART
            CODE    6D6BH     0022H     UNIT         ?PR?_BUSY_AWAIT?USART
            CODE    6D8DH     001FH     UNIT         ?PR?UART2_INIT?USART
            CODE    6DACH     001EH     UNIT         ?PR?MAIN
            CODE    6DCAH     001EH     UNIT         ?CO?REPORT
            CODE    6DE8H     001EH     UNIT         ?PR?KEYMENU_ENTER?MENU
            CODE    6E06H     001EH     UNIT         ?PR?UART3_INIT?USART
            CODE    6E24H     001EH     UNIT         ?PR?UART4_INIT?USART
            CODE    6E42H     001CH     UNIT         ?PR?_DELAY_MS?TIMER
            CODE    6E5EH     001BH     UNIT         ?PR?KEYMAIN_CANCEL?MENU
            CODE    6E79H     001BH     UNIT         ?PR?KEYCONTROL_MENU?MENU
            CODE    6E94H     0019H     UNIT         ?PR?_LOOPINDEX?PFUNC
            CODE    6EADH     0019H     UNIT         ?PR?WIFI_OPEN_AP?WIFI
            CODE    6EC6H     0019H     UNIT         ?PR?WIFI_CLOSE_AP?WIFI
            CODE    6EDFH     0018H     UNIT         ?PR?_INPUTOFFECT?CONTROL
            CODE    6EF7H     0018H     UNIT         ?PR?SCREENSAVERUISHOW?CONTROL
            CODE    6F0FH     0017H     UNIT         ?PR?CONTROLINIT?CONTROL
            CODE    6F26H     0015H     UNIT         ?PR?_STRLEN?STRLEN
            CODE    6F3BH     0011H     UNIT         ?PR?MODE_SLAVE?CONTROL
            CODE    6F4CH     0011H     UNIT         ?PR?KEYBAUD_CANCEL?MENU
            CODE    6F5DH     0010H     UNIT         ?PR?KEYMENU_CANCEL?MENU
            CODE    6F6DH     000DH     UNIT         ?PR?IAPIDLE?EEPROM
            CODE    6F7AH     000CH     UNIT         ?PR?_WIFI_ENABLE?WIFI
            CODE    6F86H     000BH     UNIT         ?PR?MAIN?MAIN
            CODE    6F91H     0009H     UNIT         ?PR?POWERINIT?CONTROL
            CODE    6F9AH     0009H     UNIT         ?PR?LCDSHOWINIT?MENU
            CODE    6FA3H     0009H     UNIT         ?PR?BAUD_SETTING?MENU
            CODE    6FACH     0009H     UNIT         ?PR?DELAY1MS?TIMER
            CODE    6FB5H     0006H     UNIT         ?PR?GPIO



OVERLAY MAP OF MODULE:   .\Objects\WIRELESS_PLC (MAIN)


SEGMENT                                    XDATA_GROUP
  +--> CALLED SEGMENT                    START    LENGTH
--------------------------------------------------------
?PR?UART1_ISR?USART                      -----    -----
  +--> ?PR?USART

*** NEW ROOT ***************************************************

BL51 BANKED LINKER/LOCATER V6.22.2.0                                                  12/22/2021  16:04:20  PAGE 5


?PR?UART2_ISR?USART                      -----    -----
  +--> ?PR?USART

*** NEW ROOT ***************************************************

?PR?UART3_ISR?USART                      -----    -----
  +--> ?PR?USART

*** NEW ROOT ***************************************************

?PR?UART4_ISR?USART                      -----    -----
  +--> ?PR?USART

*** NEW ROOT ***************************************************

?PR?TIMER0_ISR?TIMER                     -----    -----
  +--> ?PR?TIMER

*** NEW ROOT ***************************************************

?C_C51STARTUP                            -----    -----
  +--> ?PR?MAIN?MAIN
  +--> ?C_INITSEG

?PR?MAIN?MAIN                            -----    -----
  +--> ?PR?SYSTEMINIT?MAIN
  +--> ?PR?KEYEVENT?MENU
  +--> ?PR?UART_HANDLE?REPORT

?PR?SYSTEMINIT?MAIN                      -----    -----
  +--> ?PR?INIT_ALL?MAIN
  +--> ?PR?INITIAL_LCD?LCD
  +--> ?PR?IAP_FLASH_IINIT?MAIN
  +--> ?PR?TIMER0_INIT?TIMER
  +--> ?PR?UART1_INIT?USART
  +--> ?PR?UART2_INIT?USART
  +--> ?PR?UART3_INIT?USART
  +--> ?PR?UART4_INIT?USART
  +--> ?PR?CONTROLINIT?CONTROL
  +--> ?PR?LCDSHOWINIT?MENU
  +--> ?PR?WIFI_INIT?WIFI
  +--> ?PR?CONTROLSAVE?CONTROL
  +--> ?PR?_INIT_LISTQUEUE?REPORT

?PR?INIT_ALL?MAIN                        1C69H    0002H
  +--> ?PR?MAIN
  +--> ?PR?_GPIO_INILIZE?GPIO

?PR?_GPIO_INILIZE?GPIO                   -----    -----
  +--> ?PR?GPIO

?PR?INITIAL_LCD?LCD                      -----    -----
  +--> ?PR?_DELAY_MS?TIMER
  +--> ?PR?_TRANSFER_COMMAND?LCD
  +--> ?PR?CLEAR_SCREEN?LCD

?PR?_DELAY_MS?TIMER                      1C72H    0002H
BL51 BANKED LINKER/LOCATER V6.22.2.0                                                  12/22/2021  16:04:20  PAGE 6


  +--> ?PR?DELAY1MS?TIMER

?PR?_TRANSFER_COMMAND?LCD                -----    -----
  +--> ?PR?LCD

?PR?LCD                                  -----    -----
  +--> ?PR?_LCD_ADDRESS?LCD

?PR?CLEAR_SCREEN?LCD                     -----    -----
  +--> ?PR?LCD
  +--> ?PR?_TRANSFER_COMMAND?LCD
  +--> ?PR?_TRANSFER_DATA?LCD

?PR?_TRANSFER_DATA?LCD                   -----    -----
  +--> ?PR?LCD

?PR?IAP_FLASH_IINIT?MAIN                 -----    -----
  +--> ?PR?CHECKIAP_FLASH?MAIN
  +--> ?CO?MAIN
  +--> ?PR?MAIN
  +--> ?PR?_GUI_STRING?LCD
  +--> ?PR?_DELAY_MS?TIMER
  +--> ?PR?_IAPERASE?EEPROM
  +--> ?PR?_IAPWRITE_BUFF?EEPROM
  +--> ?PR?CLEAR_SCREEN?LCD

?PR?CHECKIAP_FLASH?MAIN                  -----    -----
  +--> ?PR?MAIN
  +--> ?PR?_IAPREAD_BUFF?EEPROM
  +--> ?PR?_GETCRC16?REPORT

?PR?_IAPREAD_BUFF?EEPROM                 1C69H    0006H
  +--> ?PR?EEPROM
  +--> ?PR?_IAPREAD?EEPROM

?PR?_IAPREAD?EEPROM                      1C6FH    0001H
  +--> ?PR?IAPCONFIGWAITTIME?EEPROM
  +--> ?PR?EEPROM

?PR?IAPCONFIGWAITTIME?EEPROM             1C75H    0004H
  +--> ?PR?EEPROM

?PR?_GETCRC16?REPORT                     1C6CH    0009H

?PR?_GUI_STRING?LCD                      1C6FH    0009H
  +--> ?PR?_GETFRONTPARM?LCD
  +--> ?PR?LCD
  +--> ?PR?_GETCHINDEX?LCD
  +--> ?PR?_GUI_LATTICE?LCD

?PR?_GETFRONTPARM?LCD                    -----    -----
  +--> ?CO?CHINESE_CODE

?PR?_GETCHINDEX?LCD                      1C78H    0002H
  +--> ?CO?CHINESE_CODE

?PR?_GUI_LATTICE?LCD                     1C78H    000FH
BL51 BANKED LINKER/LOCATER V6.22.2.0                                                  12/22/2021  16:04:20  PAGE 7


  +--> ?PR?LCD
  +--> ?PR?_LCD_ADDRESS?LCD
  +--> ?PR?_TRANSFER_DATA?LCD

?PR?_IAPERASE?EEPROM                     1C6CH    0002H
  +--> ?PR?IAPCONFIGWAITTIME?EEPROM
  +--> ?PR?EEPROM
  +--> ?PR?IAPIDLE?EEPROM
  +--> ?PR?_DELAY_MS?TIMER

?PR?_IAPWRITE_BUFF?EEPROM                1C6CH    0006H
  +--> ?PR?EEPROM
  +--> ?PR?_IAPPROGRAM?EEPROM

?PR?_IAPPROGRAM?EEPROM                   1C72H    0003H
  +--> ?PR?IAPCONFIGWAITTIME?EEPROM
  +--> ?PR?EEPROM
  +--> ?PR?IAPIDLE?EEPROM

?PR?TIMER0_INIT?TIMER                    -----    -----
  +--> ?PR?_TIM_BASE_MSPINIT?TIMER

?PR?UART1_INIT?USART                     -----    -----
  +--> ?PR?USART
  +--> ?PR?_UART_BASE_MSPINIT?USART

?PR?_UART_BASE_MSPINIT?USART             -----    -----
  +--> ?PR?USART

?PR?UART2_INIT?USART                     -----    -----
  +--> ?PR?USART
  +--> ?PR?_UART_BASE_MSPINIT?USART

?PR?UART3_INIT?USART                     -----    -----
  +--> ?PR?USART
  +--> ?PR?_UART_BASE_MSPINIT?USART

?PR?UART4_INIT?USART                     -----    -----
  +--> ?PR?USART
  +--> ?PR?_UART_BASE_MSPINIT?USART

?PR?CONTROLINIT?CONTROL                  -----    -----
  +--> ?PR?BAUDINIT?CONTROL
  +--> ?PR?POWERINIT?CONTROL
  +--> ?PR?COMMUNICAINIT?CONTROL

?PR?BAUDINIT?CONTROL                     -----    -----
  +--> ?PR?CONTROL

?PR?CONTROL                              -----    -----
  +--> ?CO?CHINESE_CODE

?PR?COMMUNICAINIT?CONTROL                -----    -----
  +--> ?PR?_WIFI_ENABLE?WIFI

?PR?LCDSHOWINIT?MENU                     -----    -----
  +--> ?PR?SCREENSAVERUISHOW?CONTROL
BL51 BANKED LINKER/LOCATER V6.22.2.0                                                  12/22/2021  16:04:20  PAGE 8


  +--> ?PR?_LCDSHOW?MENU

?PR?SCREENSAVERUISHOW?CONTROL            -----    -----
  +--> ?PR?CLEAR_SCREEN?LCD
  +--> ?PR?CONTROL
  +--> ?CO?CHINESE_CODE
  +--> ?PR?_GUI_LATTICE?LCD

?PR?WIFI_INIT?WIFI                       1C6CH    0001H
  +--> ?PR?_DELAY_MS?TIMER
  +--> ?PR?WIFI
  +--> ?PR?_EXE_APPOINT_CMD?WIFI

?PR?WIFI                                 -----    -----
  +--> ?CO?WIFI

?PR?_EXE_APPOINT_CMD?WIFI                1C6DH    0005H
  +--> ?PR?WIFI
  +--> ?PR?_STRLEN?STRLEN
  +--> ?PR?_UARTX_SENDSTR?USART
  +--> ?PR?_DELAY_MS?TIMER

?PR?_UARTX_SENDSTR?USART                 1C77H    0007H
  +--> ?PR?_BUSY_AWAIT?USART
  +--> ?PR?USART

?PR?CONTROLSAVE?CONTROL                  -----    -----
  +--> ?PR?_GETCRC16?REPORT
  +--> ?PR?_IAPERASE?EEPROM
  +--> ?PR?_IAPWRITE_BUFF?EEPROM

?PR?_INIT_LISTQUEUE?REPORT               1C69H    0004H
  +--> ?PR?REPORT

?PR?KEYEVENT?MENU                        1C69H    0002H
  +--> ?PR?KEY_CHICK?KEY
  +--> ?PR?_LCDDLY?MENU

?PR?KEY_CHICK?KEY                        1C6BH    0001H
  +--> ?PR?_DELAY_MS?TIMER

?PR?_LCDDLY?MENU                         -----    -----
  +--> ?PR?MENU
  +--> ?PR?SCREENSAVERUISHOW?CONTROL
  +--> ?PR?_LCDSHOW?MENU
  +--> ?PR?_PASSWORDDELETE?CONTROL

?PR?MENU                                 -----    -----
  +--> ?CO?CHINESE_CODE

?PR?_PASSWORDDELETE?CONTROL              1C6CH    0003H
  +--> ?PR?CONTROL

?PR?UART_HANDLE?REPORT                   -----    -----
  +--> ?CO?REPORT
  +--> ?PR?REPORT

BL51 BANKED LINKER/LOCATER V6.22.2.0                                                  12/22/2021  16:04:20  PAGE 9


?CO?REPORT                               -----    -----
  +--> ?PR?_PUBLIC_DATAHANDLE?REPORT

?PR?_PUBLIC_DATAHANDLE?REPORT            1C69H    000EH
  +--> ?PR?_GET_TARGET_CHANNEL?REPORT
  +--> ?PR?_GET_TARGET_UART?REPORT
  +--> ?PR?REPORT
  +--> ?PR?_UARTX_SENDSTR?USART

?C_INITSEG                               -----    -----
  +--> ?CO?CONTROL
  +--> ?PR?WIFI_OPEN_AP?WIFI
  +--> ?PR?WIFI_CLOSE_AP?WIFI
  +--> ?PR?MODE_MASTER?CONTROL
  +--> ?PR?MODE_SLAVE?CONTROL
  +--> ?CO?MENU
  +--> ?PR?PLCPOWERUISHOW?CONTROL
  +--> ?PR?COMMUNICAUISHOW?CONTROL
  +--> ?PR?WORKMODEUISHOW?CONTROL
  +--> ?PR?PASSWORDCHANGEUISHOW?CONTROL
  +--> ?PR?BAUD_SETTING?MENU
  +--> ?PR?HOTSPOTSETTINGUISHOW?CONTROL
  +--> ?PR?RELOADSETTINGUISHOW?CONTROL
  +--> ?PR?BAUDSETTINGUI1SHOW?CONTROL
  +--> ?PR?BAUDSETTINGUI2SHOW?CONTROL
  +--> ?PR?BAUDSETTINGUI3SHOW?CONTROL
  +--> ?PR?BAUDSETTINGUI4SHOW?CONTROL
  +--> ?PR?KEYMAIN_UP?MENU
  +--> ?PR?KEYMAIN_DOWN?MENU
  +--> ?PR?KEYMAIN_ENTER?MENU
  +--> ?PR?KEYMAIN_CANCEL?MENU
  +--> ?PR?KEYMAIN_MENU?MENU
  +--> ?PR?KEYMENU_UP?MENU
  +--> ?PR?KEYMENU_DOWN?MENU
  +--> ?PR?KEYMENU_ENTER?MENU
  +--> ?PR?KEYMENU_CANCEL?MENU
  +--> ?PR?KEYMENU_MENU?MENU
  +--> ?PR?KEYCONTROL_UP?MENU
  +--> ?PR?KEYCONTROL_DOWN?MENU
  +--> ?PR?KEYCONTROL_ENTER?MENU
  +--> ?PR?KEYCONTROL_CANCEL?MENU
  +--> ?PR?KEYCONTROL_MENU?MENU
  +--> ?PR?KEYBAUD_UP?MENU
  +--> ?PR?KEYBAUD_DOWN?MENU
  +--> ?PR?KEYBAUD_ENTER?MENU
  +--> ?PR?KEYBAUD_CANCEL?MENU
  +--> ?PR?KEYBAUD_MENU?MENU

?PR?WIFI_OPEN_AP?WIFI                    -----    -----
  +--> ?PR?WIFI_EXIT_TRT?WIFI
  +--> ?PR?WIFI
  +--> ?PR?_EXE_APPOINT_CMD?WIFI
  +--> ?CO?WIFI

?PR?WIFI_EXIT_TRT?WIFI                   1C69H    0001H
  +--> ?PR?WIFI
  +--> ?PR?_EXE_APPOINT_CMD?WIFI
BL51 BANKED LINKER/LOCATER V6.22.2.0                                                  12/22/2021  16:04:20  PAGE 10



?PR?WIFI_CLOSE_AP?WIFI                   -----    -----
  +--> ?PR?WIFI_EXIT_TRT?WIFI
  +--> ?PR?WIFI
  +--> ?PR?_EXE_APPOINT_CMD?WIFI
  +--> ?CO?WIFI

?PR?PLCPOWERUISHOW?CONTROL               -----    -----
  +--> ?PR?CLEAR_SCREEN?LCD
  +--> ?CO?CONTROL
  +--> ?PR?CONTROL
  +--> ?PR?_GUI_STRING?LCD
  +--> ?CO?CHINESE_CODE
  +--> ?PR?_GUI_LATTICE?LCD

?PR?COMMUNICAUISHOW?CONTROL              -----    -----
  +--> ?PR?CLEAR_SCREEN?LCD
  +--> ?PR?CONTROL
  +--> ?CO?CHINESE_CODE
  +--> ?PR?_GUI_LATTICE?LCD
  +--> ?CO?CONTROL
  +--> ?PR?_GUI_STRING?LCD

?PR?WORKMODEUISHOW?CONTROL               -----    -----
  +--> ?PR?CLEAR_SCREEN?LCD
  +--> ?CO?CONTROL
  +--> ?PR?CONTROL
  +--> ?PR?_GUI_STRING?LCD
  +--> ?PR?_GUI_LATTICE?LCD

?PR?PASSWORDCHANGEUISHOW?CONTROL         1C6CH    0003H
  +--> ?PR?CLEAR_SCREEN?LCD
  +--> ?PR?_MYITOA?PFUNC
  +--> ?PR?CONTROL
  +--> ?PR?_GUI_STRING?LCD
  +--> ?CO?CHINESE_CODE
  +--> ?PR?_GUI_LATTICE?LCD
  +--> ?CO?CONTROL

?PR?_MYITOA?PFUNC                        1C6FH    0035H
  +--> ?CO?PFUNC
  +--> ?PR?PFUNC

?PR?BAUD_SETTING?MENU                    -----    -----
  +--> ?PR?REFRESHBAUDDISP?MENU
  +--> ?PR?_LCDSHOW?MENU

?PR?REFRESHBAUDDISP?MENU                 1C6CH    0001H
  +--> ?PR?CLEAR_SCREEN?LCD
  +--> ?PR?MENU
  +--> ?PR?_GUI_STRING?LCD
  +--> ?PR?_GUI_LATTICE?LCD

?PR?HOTSPOTSETTINGUISHOW?CONTROL         -----    -----
  +--> ?PR?CLEAR_SCREEN?LCD
  +--> ?CO?CONTROL
  +--> ?PR?CONTROL
BL51 BANKED LINKER/LOCATER V6.22.2.0                                                  12/22/2021  16:04:20  PAGE 11


  +--> ?PR?_GUI_STRING?LCD
  +--> ?PR?_GUI_LATTICE?LCD

?PR?RELOADSETTINGUISHOW?CONTROL          -----    -----
  +--> ?PR?CLEAR_SCREEN?LCD
  +--> ?CO?CONTROL
  +--> ?PR?CONTROL
  +--> ?PR?_GUI_STRING?LCD

?PR?BAUDSETTINGUI1SHOW?CONTROL           -----    -----
  +--> ?PR?CLEAR_SCREEN?LCD
  +--> ?CO?CONTROL
  +--> ?PR?CONTROL
  +--> ?PR?_GUI_STRING?LCD
  +--> ?PR?_GUI_LATTICE?LCD
  +--> ?CO?CHINESE_CODE

?PR?BAUDSETTINGUI2SHOW?CONTROL           -----    -----
  +--> ?PR?CLEAR_SCREEN?LCD
  +--> ?CO?CONTROL
  +--> ?PR?CONTROL
  +--> ?PR?_GUI_STRING?LCD
  +--> ?PR?_GUI_LATTICE?LCD

?PR?BAUDSETTINGUI3SHOW?CONTROL           -----    -----
  +--> ?PR?CLEAR_SCREEN?LCD
  +--> ?CO?CONTROL
  +--> ?PR?CONTROL
  +--> ?PR?_GUI_STRING?LCD
  +--> ?PR?_GUI_LATTICE?LCD

?PR?BAUDSETTINGUI4SHOW?CONTROL           -----    -----
  +--> ?PR?CLEAR_SCREEN?LCD
  +--> ?CO?CONTROL
  +--> ?PR?CONTROL
  +--> ?PR?_GUI_STRING?LCD
  +--> ?PR?_GUI_LATTICE?LCD

?PR?KEYMAIN_UP?MENU                      1C69H    0003H
  +--> ?PR?MENU
  +--> ?PR?_PASSWORDINPUT?CONTROL
  +--> ?CO?MENU
  +--> ?PR?_MYITOA?PFUNC
  +--> ?PR?_GUI_STRING?LCD

?PR?_PASSWORDINPUT?CONTROL               1C6CH    0003H
  +--> ?PR?CONTROL

?PR?KEYMAIN_DOWN?MENU                    1C69H    0003H
  +--> ?PR?MENU
  +--> ?PR?_PASSWORDINPUT?CONTROL
  +--> ?CO?MENU
  +--> ?PR?_MYITOA?PFUNC
  +--> ?PR?_GUI_STRING?LCD

?PR?KEYMAIN_ENTER?MENU                   -----    -----
  +--> ?PR?MENU
BL51 BANKED LINKER/LOCATER V6.22.2.0                                                  12/22/2021  16:04:20  PAGE 12


  +--> ?PR?PASSWORDJUDGE?CONTROL
  +--> ?CO?MENU
  +--> ?PR?_STRNCMP?STRNCMP
  +--> ?PR?REFRESHMENUDISP?MENU
  +--> ?PR?_LCDSHOW?MENU
  +--> ?PR?_PASSWORDDELETE?CONTROL
  +--> ?PR?CLEAR_SCREEN?LCD
  +--> ?PR?_GUI_STRING?LCD
  +--> ?PR?_DELAY_MS?TIMER
  +--> ?PR?PASSWORDINPUTUISHOW?CONTROL

?PR?PASSWORDJUDGE?CONTROL                1C6CH    0026H
  +--> ?PR?_STRNCMP?STRNCMP

?PR?_STRNCMP?STRNCMP                     1C92H    0008H

?PR?REFRESHMENUDISP?MENU                 1C6CH    0001H
  +--> ?PR?CLEAR_SCREEN?LCD
  +--> ?PR?MENU
  +--> ?PR?_GUI_STRING?LCD
  +--> ?PR?_GUI_LATTICE?LCD

?PR?PASSWORDINPUTUISHOW?CONTROL          -----    -----
  +--> ?PR?CLEAR_SCREEN?LCD
  +--> ?CO?CHINESE_CODE
  +--> ?PR?_GUI_LATTICE?LCD
  +--> ?CO?CONTROL
  +--> ?PR?CONTROL
  +--> ?PR?_GUI_STRING?LCD

?PR?KEYMAIN_CANCEL?MENU                  -----    -----
  +--> ?PR?MENU
  +--> ?PR?SCREENSAVERUISHOW?CONTROL
  +--> ?PR?_LCDSHOW?MENU
  +--> ?PR?_PASSWORDDELETE?CONTROL

?PR?KEYMAIN_MENU?MENU                    -----    -----
  +--> ?PR?PASSWORDINPUTUISHOW?CONTROL
  +--> ?PR?_LCDSHOW?MENU
  +--> ?PR?MENU
  +--> ?PR?_INPUTOFFECT?CONTROL

?PR?KEYMENU_UP?MENU                      -----    -----
  +--> ?PR?MENU
  +--> ?PR?_LOOPINDEX?PFUNC
  +--> ?PR?REFRESHMENUDISP?MENU
  +--> ?PR?_LCDSHOW?MENU

?PR?KEYMENU_DOWN?MENU                    -----    -----
  +--> ?PR?MENU
  +--> ?PR?_LOOPINDEX?PFUNC
  +--> ?PR?REFRESHMENUDISP?MENU
  +--> ?PR?_LCDSHOW?MENU

?PR?KEYMENU_ENTER?MENU                   -----    -----
  +--> ?PR?MENU
  +--> ?PR?_LCDSHOW?MENU
BL51 BANKED LINKER/LOCATER V6.22.2.0                                                  12/22/2021  16:04:20  PAGE 13



?PR?KEYMENU_CANCEL?MENU                  -----    -----
  +--> ?PR?MENU
  +--> ?PR?SCREENSAVERUISHOW?CONTROL
  +--> ?PR?_LCDSHOW?MENU
  +--> ?PR?_PASSWORDDELETE?CONTROL

?PR?KEYCONTROL_UP?MENU                   1C69H    0003H
  +--> ?PR?MENU
  +--> ?CO?MENU
  +--> ?PR?_MYITOA?PFUNC
  +--> ?PR?COMMUNICAUISHOW?CONTROL
  +--> ?PR?_LCDSHOW?MENU
  +--> ?PR?_LOOPINDEX?PFUNC
  +--> ?PR?REFRESHBAUDDISP?MENU
  +--> ?PR?_GUI_STRING?LCD
  +--> ?PR?_PASSWORDINPUT?CONTROL

?PR?KEYCONTROL_DOWN?MENU                 1C69H    0003H
  +--> ?PR?MENU
  +--> ?CO?MENU
  +--> ?PR?_MYITOA?PFUNC
  +--> ?PR?COMMUNICAUISHOW?CONTROL
  +--> ?PR?_LCDSHOW?MENU
  +--> ?PR?_LOOPINDEX?PFUNC
  +--> ?PR?REFRESHBAUDDISP?MENU
  +--> ?PR?_GUI_STRING?LCD
  +--> ?PR?_PASSWORDINPUT?CONTROL

?PR?KEYCONTROL_ENTER?MENU                1C69H    0003H
  +--> ?PR?CHECK_PASSWORDBITS?MENU
  +--> ?PR?MENU
  +--> ?PR?_MYITOA?PFUNC
  +--> ?PR?_GUI_STRING?LCD
  +--> ?CO?CHINESE_CODE
  +--> ?PR?_GUI_LATTICE?LCD
  +--> ?PR?PASSWORDJUDGE?CONTROL
  +--> ?PR?CONTROLSAVE?CONTROL
  +--> ?PR?_PASSWORDDELETE?CONTROL
  +--> ?PR?REFRESHMENUDISP?MENU
  +--> ?PR?CLEAR_SCREEN?LCD
  +--> ?CO?MENU
  +--> ?PR?PASSWORDCHANGEUISHOW?CONTROL
  +--> ?PR?_LCDSHOW?MENU
  +--> ?PR?PLCPOWERUISHOW?CONTROL
  +--> ?PR?_WIFI_ENABLE?WIFI
  +--> ?PR?_DELAY_MS?TIMER
  +--> ?PR?_IAPERASE?EEPROM
  +--> ?PR?_IAPWRITE_BUFF?EEPROM
  +--> ?PR?BAUDINIT?CONTROL
  +--> ?PR?POWERINIT?CONTROL
  +--> ?PR?COMMUNICAINIT?CONTROL
  +--> ?PR?WIFI_INIT?WIFI

?PR?CHECK_PASSWORDBITS?MENU              -----    -----
  +--> ?PR?CLEAR_SCREEN?LCD
  +--> ?CO?MENU
BL51 BANKED LINKER/LOCATER V6.22.2.0                                                  12/22/2021  16:04:20  PAGE 14


  +--> ?PR?MENU
  +--> ?PR?_GUI_STRING?LCD
  +--> ?PR?_PASSWORDDELETE?CONTROL
  +--> ?PR?_DELAY_MS?TIMER
  +--> ?PR?PASSWORDCHANGEUISHOW?CONTROL
  +--> ?PR?_LCDSHOW?MENU

?PR?KEYCONTROL_CANCEL?MENU               -----    -----
  +--> ?PR?MENU
  +--> ?PR?_PASSWORDDELETE?CONTROL
  +--> ?PR?REFRESHMENUDISP?MENU
  +--> ?PR?_LCDSHOW?MENU

?PR?KEYCONTROL_MENU?MENU                 -----    -----
  +--> ?PR?MENU
  +--> ?PR?_INPUTOFFECT?CONTROL

?PR?KEYBAUD_UP?MENU                      -----    -----
  +--> ?PR?MENU
  +--> ?PR?_LOOPINDEX?PFUNC
  +--> ?PR?_GUI_STRING?LCD

?PR?KEYBAUD_DOWN?MENU                    -----    -----
  +--> ?PR?MENU
  +--> ?PR?_LOOPINDEX?PFUNC
  +--> ?PR?_GUI_STRING?LCD

?PR?KEYBAUD_ENTER?MENU                   -----    -----
  +--> ?PR?MENU
  +--> ?PR?CONTROLSAVE?CONTROL
  +--> ?PR?CLEAR_SCREEN?LCD
  +--> ?CO?MENU
  +--> ?PR?_GUI_STRING?LCD
  +--> ?PR?_DELAY_MS?TIMER
  +--> ?PR?KEYBAUD_CANCEL?MENU

?PR?KEYBAUD_CANCEL?MENU                  -----    -----
  +--> ?PR?REFRESHBAUDDISP?MENU
  +--> ?PR?_LCDSHOW?MENU



SYMBOL TABLE OF MODULE:  .\Objects\WIRELESS_PLC (MAIN)

  VALUE           TYPE          NAME
  ----------------------------------

  -------         MODULE        MAIN
  C:0000H         SYMBOL        _ICE_DUMMY_
  D:0080H         PUBLIC        P0
  D:0090H         PUBLIC        P1
  D:00A0H         PUBLIC        P2
  D:00B0H         PUBLIC        P3
  D:00C0H         PUBLIC        P4
  D:00C8H         PUBLIC        P5
  B:00A8H.7       PUBLIC        EA
  D:00E8H         PUBLIC        P6
BL51 BANKED LINKER/LOCATER V6.22.2.0                                                  12/22/2021  16:04:20  PAGE 15


  D:00F8H         PUBLIC        P7
  D:00A8H         PUBLIC        IE
  C:5FD8H         PUBLIC        Init_All
  X:1CD1H         PUBLIC        System_Parameter
  D:00B8H         PUBLIC        IP
  D:00D8H         PUBLIC        CCON
  C:6F86H         PUBLIC        main
  D:0098H         PUBLIC        SCON
  D:0088H         PUBLIC        TCON
  B:00A0H.7       PUBLIC        P27
  C:583FH         SYMBOL        systemInit
  C:5D1BH         SYMBOL        Iap_Flash_Iinit
  C:6A87H         PUBLIC        CheckIap_Flash
  D:00D0H         PUBLIC        PSW
  C:6DACH         SYMBOL        Com000F
  C:6DACH         SYMBOL        L?0016
  C:6DADH         SYMBOL        L?0017
  C:6DB5H         SYMBOL        L?0018
  C:6DB7H         SYMBOL        L?0019
  C:6DC0H         SYMBOL        L?0021
  -------         PROC          COM000F
  -------         ENDPROC       COM000F
  -------         PROC          MAIN
  C:6F86H         LINE#         26
  C:6F86H         LINE#         27
  C:6F86H         LINE#         29
  C:6F89H         LINE#         31
  C:6F89H         LINE#         32
  C:6F89H         LINE#         33
  C:6F8CH         LINE#         35
  C:6F8FH         LINE#         38
  -------         ENDPROC       MAIN
  C:58B3H         SYMBOL        L?0014
  C:58C1H         SYMBOL        L?0022
  -------         PROC          SYSTEMINIT
  C:583FH         LINE#         41
  C:583FH         LINE#         42
  C:583FH         LINE#         43
  C:5842H         LINE#         47
  C:5846H         LINE#         48
  C:5850H         LINE#         51
  C:5854H         LINE#         52
  C:585EH         LINE#         55
  C:5862H         LINE#         56
  C:586CH         LINE#         59
  C:5870H         LINE#         60
  C:587AH         LINE#         64
  C:587DH         LINE#         66
  C:5880H         LINE#         68
  C:5883H         LINE#         69
  C:588AH         LINE#         73
  C:588DH         LINE#         75
  C:5890H         LINE#         77
  C:5893H         LINE#         79
  C:5896H         LINE#         81
  C:5898H         LINE#         83
  C:589BH         LINE#         85
BL51 BANKED LINKER/LOCATER V6.22.2.0                                                  12/22/2021  16:04:20  PAGE 16


  C:589DH         LINE#         89
  C:58A0H         LINE#         90
  C:58A6H         LINE#         91
  C:58A6H         LINE#         93
  C:58A9H         LINE#         94
  C:58AFH         LINE#         96
  C:58B2H         LINE#         97
  C:58B2H         LINE#         100
  -------         ENDPROC       SYSTEMINIT
  C:6026H         SYMBOL        L?0020
  C:6034H         SYMBOL        L?0023
  -------         PROC          INIT_ALL
  -------         DO            
  X:1C69H         SYMBOL        GPIO_InitStruct
  -------         ENDDO         
  C:5FD8H         LINE#         103
  C:5FD8H         LINE#         104
  C:5FD8H         LINE#         125
  C:5FDDH         LINE#         126
  C:5FDFH         LINE#         127
  C:5FE7H         LINE#         129
  C:5FEDH         LINE#         130
  C:5FEFH         LINE#         131
  C:5FF4H         LINE#         135
  C:5FF4H         LINE#         136
  C:5FF4H         LINE#         137
  C:5FF8H         LINE#         139
  C:5FFBH         LINE#         140
  C:5FFEH         LINE#         141
  C:6006H         LINE#         145
  C:600CH         LINE#         146
  C:600FH         LINE#         147
  C:6014H         LINE#         151
  C:6014H         LINE#         152
  C:6014H         LINE#         153
  C:6019H         LINE#         156
  C:601CH         LINE#         157
  C:601EH         LINE#         158
  C:6026H         LINE#         160
  -------         ENDPROC       INIT_ALL
  -------         PROC          CHECKIAP_FLASH
  -------         DO            
  D:0006H         SYMBOL        CRC
  -------         ENDDO         
  C:6A87H         LINE#         165
  C:6A87H         LINE#         166
  C:6A87H         LINE#         167
  C:6A8AH         LINE#         170
  C:6A94H         LINE#         172
  C:6AA7H         LINE#         174
  C:6AB3H         LINE#         175
  C:6AB3H         LINE#         176
  C:6AB5H         LINE#         177
  C:6AB5H         LINE#         178
  C:6AB6H         LINE#         179
  -------         ENDPROC       CHECKIAP_FLASH
  -------         PROC          IAP_FLASH_IINIT
BL51 BANKED LINKER/LOCATER V6.22.2.0                                                  12/22/2021  16:04:20  PAGE 17


  C:5D1BH         LINE#         182
  C:5D1BH         LINE#         183
  C:5D1BH         LINE#         184
  C:5D22H         LINE#         185
  C:5D22H         LINE#         186
  C:5D2EH         LINE#         187
  C:5D32H         LINE#         188
  C:5D34H         LINE#         190
  C:5D34H         LINE#         191
  C:5D40H         LINE#         192
  C:5D47H         LINE#         193
  C:5D53H         LINE#         196
  C:5D59H         LINE#         198
  C:5D6CH         LINE#         200
  C:5D78H         LINE#         202
  C:5D7FH         LINE#         203
  C:5D82H         LINE#         204
  C:5D8EH         LINE#         205
  C:5D95H         LINE#         206
  C:5D95H         LINE#         207
  -------         ENDPROC       IAP_FLASH_IINIT
  -------         ENDMOD        MAIN

  -------         MODULE        CONTROL
  C:0000H         SYMBOL        _ICE_DUMMY_
  D:0080H         PUBLIC        P0
  X:1BCFH         PUBLIC        G_Objlist_Size
  D:0090H         PUBLIC        P1
  X:1BD0H         PUBLIC        PassWordI
  D:00A0H         PUBLIC        P2
  D:00B0H         PUBLIC        P3
  D:00C0H         PUBLIC        P4
  D:00C8H         PUBLIC        P5
  C:675CH         PUBLIC        CommunicaUIshow
  B:00A8H.7       PUBLIC        EA
  D:00E8H         PUBLIC        P6
  D:00F8H         PUBLIC        P7
  D:00A8H         PUBLIC        IE
  C:6BC2H         PUBLIC        PassWordInputUIShow
  C:0026H         PUBLIC        _PassWordDelete
  C:6113H         PUBLIC        WorkModeUIshow
  C:6AE6H         PUBLIC        BaudInit
  C:65C1H         PUBLIC        PlcPowerUIshow
  X:1BE3H         PUBLIC        G_Aplist_Size
  D:00B8H         PUBLIC        IP
  C:6C16H         PUBLIC        ReloadSettingUIshow
  D:00D8H         PUBLIC        CCON
  C:6F91H         PUBLIC        PowerInit
  X:1BE4H         PUBLIC        PassWordChange1
  D:0098H         PUBLIC        SCON
  X:1BF7H         PUBLIC        PassWordChange2
  D:0088H         PUBLIC        TCON
  B:0080H.7       PUBLIC        P07
  C:0003H         PUBLIC        CommunicaInit
  C:6361H         PUBLIC        HotspotSettingUIshow
  X:1C0AH         PUBLIC        Baudlist
  X:1C46H         PUBLIC        G_BaudList_Size
BL51 BANKED LINKER/LOCATER V6.22.2.0                                                  12/22/2021  16:04:20  PAGE 18


  X:1C47H         PUBLIC        Modelist
  C:5B91H         PUBLIC        PassWordChangeUIShow
  C:6CFFH         PUBLIC        PassWordjudge
  C:6041H         PUBLIC        _PassWordInput
  D:008DH         PUBLIC        TH1
  D:00D6H         PUBLIC        T2H
  D:00D4H         PUBLIC        T3H
  D:00D2H         PUBLIC        T4H
  D:008BH         PUBLIC        TL1
  D:00D7H         PUBLIC        T2L
  D:00D5H         PUBLIC        T3L
  D:00D3H         PUBLIC        T4L
  C:000EH         PUBLIC        Mode_Master
  X:1C53H         PUBLIC        Objlist
  C:6F3BH         PUBLIC        Mode_Slave
  B:0098H.4       PUBLIC        REN
  D:009AH         PUBLIC        S2CON
  D:00ACH         PUBLIC        S3CON
  X:1C5CH         PUBLIC        G_Modelist_Size
  C:6EF7H         PUBLIC        ScreensaverUiShow
  C:6EDFH         PUBLIC        _InputOffect
  X:1C5DH         PUBLIC        Aplist
  C:6798H         PUBLIC        BaudSettingUI1show
  C:68E9H         PUBLIC        BaudSettingUI2show
  C:680EH         PUBLIC        ControlSave
  C:691EH         PUBLIC        BaudSettingUI3show
  C:6953H         PUBLIC        BaudSettingUI4show
  D:00D0H         PUBLIC        PSW
  C:6F0FH         PUBLIC        ControlInit
  C:55D1H         SYMBOL        Com0027
  C:55D1H         SYMBOL        L?0040
  C:55D1H         SYMBOL        L?0041
  C:55DBH         SYMBOL        L?0042
  C:55DDH         SYMBOL        L?0043
  C:55E4H         SYMBOL        L?0044
  C:55E4H         SYMBOL        L?0045
  C:55F0H         SYMBOL        L?0046
  C:55F5H         SYMBOL        L?0047
  C:55FCH         SYMBOL        L?0048
  C:5604H         SYMBOL        L?0049
  C:5604H         SYMBOL        L?0050
  C:5617H         SYMBOL        L?0051
  C:561FH         SYMBOL        L?0052
  C:5627H         SYMBOL        L?0053
  C:5627H         SYMBOL        L?0054
  C:5634H         SYMBOL        L?0055
  C:563CH         SYMBOL        L?0056
  C:5644H         SYMBOL        L?0057
  C:5649H         SYMBOL        L?0058
  C:5651H         SYMBOL        L?0059
  C:5657H         SYMBOL        L?0060
  C:565FH         SYMBOL        L?0061
  C:5661H         SYMBOL        L?0062
  C:5668H         SYMBOL        L?0063
  C:5671H         SYMBOL        L?0064
  -------         PROC          COM0027
  -------         ENDPROC       COM0027
BL51 BANKED LINKER/LOCATER V6.22.2.0                                                  12/22/2021  16:04:20  PAGE 19


  -------         PROC          CONTROLINIT
  C:6F0FH         LINE#         59
  C:6F0FH         LINE#         60
  C:6F0FH         LINE#         62
  C:6F14H         LINE#         63
  C:6F17H         LINE#         64
  C:6F1AH         LINE#         65
  C:6F1DH         LINE#         67
  C:6F25H         LINE#         68
  -------         ENDPROC       CONTROLINIT
  -------         PROC          COMMUNICAINIT
  C:0003H         LINE#         70
  C:0003H         LINE#         71
  C:0003H         LINE#         74
  -------         ENDPROC       COMMUNICAINIT
  -------         PROC          POWERINIT
  C:6F91H         LINE#         77
  C:6F91H         LINE#         78
  C:6F91H         LINE#         79
  C:6F99H         LINE#         80
  -------         ENDPROC       POWERINIT
  -------         PROC          BAUDINIT
  C:6AE6H         LINE#         82
  C:6AE6H         LINE#         83
  C:6AE6H         LINE#         85
  C:6AF1H         LINE#         86
  C:6AFCH         LINE#         87
  C:6B07H         LINE#         88
  C:6B12H         LINE#         89
  -------         ENDPROC       BAUDINIT
  -------         PROC          _PASSWORDINPUT
  D:0007H         SYMBOL        operation
  X:1C6CH         SYMBOL        Password
  C:6041H         LINE#         98
  C:6047H         LINE#         99
  C:6047H         LINE#         101
  C:6066H         LINE#         102
  C:6066H         LINE#         103
  C:6069H         LINE#         104
  C:6069H         LINE#         105
  C:606EH         LINE#         106
  C:606EH         LINE#         107
  C:606FH         LINE#         108
  C:606FH         LINE#         109
  C:6071H         LINE#         111
  C:6071H         LINE#         112
  C:6076H         LINE#         113
  C:6076H         LINE#         114
  C:607BH         LINE#         115
  C:607BH         LINE#         116
  C:6080H         LINE#         117
  C:608CH         LINE#         118
  C:608CH         LINE#         119
  C:60A9H         LINE#         120
  -------         ENDPROC       _PASSWORDINPUT
  -------         PROC          PASSWORDJUDGE
  X:1C6CH         SYMBOL        PasswordA
BL51 BANKED LINKER/LOCATER V6.22.2.0                                                  12/22/2021  16:04:20  PAGE 20


  X:1C7FH         SYMBOL        PasswordB
  C:6CFFH         LINE#         130
  C:6CFFH         LINE#         131
  C:6CFFH         LINE#         133
  C:6D1EH         LINE#         134
  C:6D21H         LINE#         136
  C:6D23H         LINE#         137
  -------         ENDPROC       PASSWORDJUDGE
  -------         PROC          _PASSWORDDELETE
  X:1C6CH         SYMBOL        Password
  C:0026H         LINE#         139
  C:002CH         LINE#         140
  C:002CH         LINE#         141
  C:0038H         LINE#         142
  -------         ENDPROC       _PASSWORDDELETE
  -------         PROC          _INPUTOFFECT
  D:0001H         SYMBOL        Password
  C:6EDFH         LINE#         145
  C:6EDFH         LINE#         146
  C:6EDFH         LINE#         147
  C:6EE4H         LINE#         148
  C:6EECH         LINE#         149
  C:6EECH         LINE#         150
  C:6EF1H         LINE#         151
  C:6EF1H         LINE#         153
  -------         ENDPROC       _INPUTOFFECT
  -------         PROC          SCREENSAVERUISHOW
  C:6EF7H         LINE#         162
  C:6EF7H         LINE#         163
  C:6EF7H         LINE#         164
  C:6EFAH         LINE#         166
  -------         ENDPROC       SCREENSAVERUISHOW
  -------         PROC          PASSWORDINPUTUISHOW
  C:6BC2H         LINE#         169
  C:6BC2H         LINE#         170
  C:6BC2H         LINE#         171
  C:6BC5H         LINE#         172
  C:6BDEH         LINE#         173
  -------         ENDPROC       PASSWORDINPUTUISHOW
  -------         PROC          PASSWORDCHANGEUISHOW
  -------         DO            
  X:1C6CH         SYMBOL        i
  X:1C6DH         SYMBOL        temp
  -------         ENDDO         
  C:5B91H         LINE#         176
  C:5B91H         LINE#         177
  C:5B91H         LINE#         183
  C:5B94H         LINE#         185
  C:5B9AH         LINE#         186
  C:5B9AH         LINE#         188
  C:5BADH         LINE#         189
  C:5BADH         LINE#         190
  C:5BE0H         LINE#         191
  C:5BE8H         LINE#         192
  C:5BFCH         LINE#         193
  C:5BFCH         LINE#         195
  C:5C0AH         LINE#         196
BL51 BANKED LINKER/LOCATER V6.22.2.0                                                  12/22/2021  16:04:20  PAGE 21


  -------         ENDPROC       PASSWORDCHANGEUISHOW
  -------         PROC          PLCPOWERUISHOW
  C:65C1H         LINE#         199
  C:65C1H         LINE#         200
  C:65C1H         LINE#         201
  C:65C4H         LINE#         203
  C:65D4H         LINE#         204
  C:65E4H         LINE#         206
  C:65EDH         LINE#         207
  C:65EDH         LINE#         208
  C:65F6H         LINE#         209
  C:65F8H         LINE#         211
  C:65F8H         LINE#         212
  C:660EH         LINE#         213
  C:660EH         LINE#         214
  -------         ENDPROC       PLCPOWERUISHOW
  -------         PROC          COMMUNICAUISHOW
  C:675CH         LINE#         216
  C:675CH         LINE#         217
  C:675CH         LINE#         218
  C:675FH         LINE#         219
  C:677CH         LINE#         221
  C:678AH         LINE#         222
  -------         ENDPROC       COMMUNICAUISHOW
  -------         PROC          BAUDSETTINGUI1SHOW
  C:6798H         LINE#         237
  C:6798H         LINE#         238
  C:6798H         LINE#         239
  C:679BH         LINE#         240
  C:67A9H         LINE#         241
  C:67B6H         LINE#         242
  C:67C0H         LINE#         243
  -------         ENDPROC       BAUDSETTINGUI1SHOW
  -------         PROC          BAUDSETTINGUI2SHOW
  C:68E9H         LINE#         246
  C:68E9H         LINE#         247
  C:68E9H         LINE#         248
  C:68ECH         LINE#         249
  C:68FAH         LINE#         250
  C:6907H         LINE#         251
  C:6911H         LINE#         252
  -------         ENDPROC       BAUDSETTINGUI2SHOW
  -------         PROC          BAUDSETTINGUI3SHOW
  C:691EH         LINE#         255
  C:691EH         LINE#         256
  C:691EH         LINE#         257
  C:6921H         LINE#         258
  C:692FH         LINE#         259
  C:693CH         LINE#         260
  C:6946H         LINE#         261
  -------         ENDPROC       BAUDSETTINGUI3SHOW
  -------         PROC          BAUDSETTINGUI4SHOW
  C:6953H         LINE#         264
  C:6953H         LINE#         265
  C:6953H         LINE#         266
  C:6956H         LINE#         267
  C:6964H         LINE#         268
BL51 BANKED LINKER/LOCATER V6.22.2.0                                                  12/22/2021  16:04:20  PAGE 22


  C:6971H         LINE#         269
  C:697BH         LINE#         270
  -------         ENDPROC       BAUDSETTINGUI4SHOW
  -------         PROC          RELOADSETTINGUISHOW
  C:6C16H         LINE#         273
  C:6C16H         LINE#         274
  C:6C16H         LINE#         275
  C:6C19H         LINE#         276
  C:6C27H         LINE#         277
  C:6C33H         LINE#         278
  -------         ENDPROC       RELOADSETTINGUISHOW
  -------         PROC          HOTSPOTSETTINGUISHOW
  C:6361H         LINE#         281
  C:6361H         LINE#         282
  C:6361H         LINE#         283
  C:6364H         LINE#         284
  C:6372H         LINE#         285
  C:6389H         LINE#         286
  C:6393H         LINE#         287
  C:63A0H         LINE#         289
  C:63B0H         LINE#         290
  -------         ENDPROC       HOTSPOTSETTINGUISHOW
  -------         PROC          WORKMODEUISHOW
  C:6113H         LINE#         293
  C:6113H         LINE#         294
  C:6113H         LINE#         295
  C:6116H         LINE#         296
  C:6124H         LINE#         297
  C:613BH         LINE#         298
  C:6145H         LINE#         299
  C:6152H         LINE#         301
  C:6162H         LINE#         302
  -------         ENDPROC       WORKMODEUISHOW
  -------         PROC          MODE_SLAVE
  C:6F3BH         LINE#         305
  C:6F3BH         LINE#         306
  C:6F3BH         LINE#         307
  C:6F43H         LINE#         309
  C:6F45H         LINE#         310
  C:6F48H         LINE#         311
  C:6F4BH         LINE#         312
  -------         ENDPROC       MODE_SLAVE
  -------         PROC          MODE_MASTER
  C:000EH         LINE#         314
  C:000EH         LINE#         315
  C:000EH         LINE#         316
  C:0016H         LINE#         318
  C:001AH         LINE#         320
  C:001CH         LINE#         321
  C:001FH         LINE#         322
  C:0022H         LINE#         323
  -------         ENDPROC       MODE_MASTER
  -------         PROC          CONTROLSAVE
  C:680EH         LINE#         331
  C:680EH         LINE#         332
  C:680EH         LINE#         334
  C:6829H         LINE#         336
BL51 BANKED LINKER/LOCATER V6.22.2.0                                                  12/22/2021  16:04:20  PAGE 23


  C:682BH         LINE#         338
  C:6831H         LINE#         339
  C:6843H         LINE#         340
  C:6845H         LINE#         341
  -------         ENDPROC       CONTROLSAVE
  -------         ENDMOD        CONTROL

  -------         MODULE        REPORT
  C:0000H         SYMBOL        _ICE_DUMMY_
  C:6DCAH         PUBLIC        ComData_Array
  D:0080H         PUBLIC        P0
  D:0090H         PUBLIC        P1
  D:00A0H         PUBLIC        P2
  D:00B0H         PUBLIC        P3
  D:00C0H         PUBLIC        P4
  D:00C8H         PUBLIC        P5
  D:00E8H         PUBLIC        P6
  D:00F8H         PUBLIC        P7
  C:69BDH         SYMBOL        _Get_Target_Channel
  D:00A8H         PUBLIC        IE
  C:4611H         PUBLIC        _Public_DataHandle
  D:00B8H         PUBLIC        IP
  C:5E11H         PUBLIC        _Init_ListQueue
  D:00D8H         PUBLIC        CCON
  X:0002H         PUBLIC        Uart_LinkList
  D:0098H         PUBLIC        SCON
  D:0088H         PUBLIC        TCON
  B:00A0H.7       PUBLIC        P27
  C:567BH         PUBLIC        _getCrc16
  C:5C9FH         PUBLIC        Uart_Handle
  C:69F1H         SYMBOL        _Get_Target_Uart
  D:00D0H         PUBLIC        PSW
  C:59EDH         SYMBOL        Com003E
  C:59EDH         SYMBOL        L?0063
  C:59EDH         SYMBOL        L?0064
  C:59F0H         SYMBOL        L?0065
  C:59F9H         SYMBOL        L?0066
  C:5A04H         SYMBOL        L?0067
  C:5A0DH         SYMBOL        L?0068
  C:5A18H         SYMBOL        L?0069
  C:5A18H         SYMBOL        L?0070
  C:5A20H         SYMBOL        L?0071
  C:5A20H         SYMBOL        L?0072
  C:5A23H         SYMBOL        L?0073
  C:5A2AH         SYMBOL        L?0074
  C:5A30H         SYMBOL        L?0075
  C:5A38H         SYMBOL        L?0076
  C:5A3BH         SYMBOL        L?0077
  C:5A42H         SYMBOL        L?0078
  C:5A42H         SYMBOL        L?0079
  C:5A49H         SYMBOL        L?0080
  C:5A49H         SYMBOL        L?0081
  C:5A50H         SYMBOL        L?0082
  C:5A5AH         SYMBOL        L?0083
  C:5A65H         SYMBOL        L?0084
  C:5A6FH         SYMBOL        L?0085
  -------         PROC          COM003E
BL51 BANKED LINKER/LOCATER V6.22.2.0                                                  12/22/2021  16:04:20  PAGE 24


  -------         ENDPROC       COM003E
  -------         PROC          _INIT_LISTQUEUE
  X:1C69H         SYMBOL        List
  -------         DO            
  X:1C6CH         SYMBOL        j
  -------         ENDDO         
  C:5E11H         LINE#         31
  C:5E17H         LINE#         32
  C:5E17H         LINE#         33
  C:5E1CH         LINE#         35
  C:5E29H         LINE#         36
  C:5E29H         LINE#         38
  C:5E3BH         LINE#         39
  C:5E46H         LINE#         40
  C:5E49H         LINE#         41
  C:5E50H         LINE#         42
  C:5E59H         LINE#         43
  C:5E60H         LINE#         44
  C:5E6FH         LINE#         45
  C:5E77H         LINE#         48
  -------         ENDPROC       _INIT_LISTQUEUE
  -------         PROC          UART_HANDLE
  -------         DO            
  X:0000H         SYMBOL        i
  -------         ENDDO         
  C:5C9FH         LINE#         57
  C:5C9FH         LINE#         58
  C:5C9FH         LINE#         64
  C:5CA7H         LINE#         65
  C:5CA7H         LINE#         66
  C:5CB8H         LINE#         67
  C:5CB8H         LINE#         68
  C:5CECH         LINE#         69
  C:5CF4H         LINE#         70
  C:5CF4H         LINE#         72
  C:5CF4H         LINE#         73
  C:5D02H         LINE#         74
  C:5D02H         LINE#         75
  C:5D02H         LINE#         76
  C:5D02H         LINE#         77
  C:5D05H         LINE#         78
  C:5D07H         LINE#         79
  C:5D07H         LINE#         80
  C:5D07H         LINE#         81
  C:5D0AH         LINE#         82
  C:5D0CH         LINE#         83
  C:5D0CH         LINE#         84
  C:5D0CH         LINE#         85
  C:5D1AH         LINE#         86
  C:5D1AH         LINE#         87
  C:5D1AH         LINE#         88
  C:5D1AH         LINE#         89
  C:5D1AH         LINE#         104
  -------         ENDPROC       UART_HANDLE
  -------         PROC          _GET_TARGET_CHANNEL
  D:0006H         SYMBOL        channel
  -------         DO            
BL51 BANKED LINKER/LOCATER V6.22.2.0                                                  12/22/2021  16:04:20  PAGE 25


  D:0001H         SYMBOL        p
  -------         ENDDO         
  C:69BDH         LINE#         114
  C:69BDH         LINE#         115
  C:69BDH         LINE#         116
  C:69C3H         LINE#         117
  C:69D5H         LINE#         118
  C:69D5H         LINE#         119
  C:69D5H         LINE#         120
  C:69DBH         LINE#         121
  C:69DCH         LINE#         122
  C:69DCH         LINE#         123
  C:69E2H         LINE#         124
  C:69E3H         LINE#         125
  C:69E3H         LINE#         126
  C:69E9H         LINE#         127
  C:69EAH         LINE#         128
  C:69EAH         LINE#         129
  C:69F0H         LINE#         130
  C:69F0H         LINE#         131
  C:69F0H         LINE#         132
  C:69F0H         LINE#         133
  C:69F0H         LINE#         134
  C:69F0H         LINE#         135
  -------         ENDPROC       _GET_TARGET_CHANNEL
  -------         PROC          _GET_TARGET_UART
  D:0006H         SYMBOL        channel
  -------         DO            
  D:0001H         SYMBOL        p
  -------         ENDDO         
  C:69F1H         LINE#         143
  C:69F1H         LINE#         144
  C:69F1H         LINE#         145
  C:69F7H         LINE#         146
  C:6A09H         LINE#         147
  C:6A09H         LINE#         148
  C:6A09H         LINE#         149
  C:6A0FH         LINE#         150
  C:6A10H         LINE#         151
  C:6A10H         LINE#         152
  C:6A16H         LINE#         153
  C:6A17H         LINE#         154
  C:6A17H         LINE#         155
  C:6A1DH         LINE#         156
  C:6A1EH         LINE#         157
  C:6A1EH         LINE#         158
  C:6A24H         LINE#         159
  C:6A24H         LINE#         160
  C:6A24H         LINE#         161
  C:6A24H         LINE#         162
  C:6A24H         LINE#         163
  C:6A24H         LINE#         164
  -------         ENDPROC       _GET_TARGET_UART
  -------         PROC          _PUBLIC_DATAHANDLE
  X:1C69H         SYMBOL        src
  X:1C6AH         SYMBOL        dest
  -------         DO            
BL51 BANKED LINKER/LOCATER V6.22.2.0                                                  12/22/2021  16:04:20  PAGE 26


  X:1C6BH         SYMBOL        psrc
  X:1C6EH         SYMBOL        pdest
  X:1C71H         SYMBOL        psuart
  X:1C74H         SYMBOL        peuart
  X:0001H         SYMBOL        i
  -------         ENDDO         
  C:4611H         LINE#         174
  C:461BH         LINE#         175
  C:461BH         LINE#         176
  C:4626H         LINE#         177
  C:4634H         LINE#         178
  C:4642H         LINE#         179
  C:4650H         LINE#         182
  C:467CH         LINE#         183
  C:467CH         LINE#         185
  C:467CH         LINE#         192
  C:4682H         LINE#         193
  C:4682H         LINE#         194
  C:4692H         LINE#         195
  C:4692H         LINE#         197
  C:46C3H         LINE#         198
  C:46C3H         LINE#         200
  C:46CFH         LINE#         201
  C:46CFH         LINE#         207
  C:46D5H         LINE#         208
  C:46DDH         LINE#         209
  C:46DDH         LINE#         211
  C:46DFH         LINE#         213
  C:46EDH         LINE#         214
  C:46EDH         LINE#         216
  C:4708H         LINE#         218
  C:470BH         LINE#         220
  C:4721H         LINE#         221
  C:4729H         LINE#         222
  C:4729H         LINE#         224
  C:472BH         LINE#         225
  C:472BH         LINE#         227
  C:4747H         LINE#         228
  C:4747H         LINE#         229
  C:4747H         LINE#         231
  C:475CH         LINE#         232
  C:475CH         LINE#         233
  C:477CH         LINE#         234
  C:477CH         LINE#         235
  C:477CH         LINE#         236
  C:477CH         LINE#         238
  C:4784H         LINE#         239
  C:4784H         LINE#         245
  C:4787H         LINE#         246
  C:478FH         LINE#         247
  C:478FH         LINE#         249
  C:4791H         LINE#         251
  C:479AH         LINE#         252
  C:479AH         LINE#         254
  C:47C4H         LINE#         256
  C:47CAH         LINE#         258
  C:47D9H         LINE#         259
BL51 BANKED LINKER/LOCATER V6.22.2.0                                                  12/22/2021  16:04:20  PAGE 27


  C:47E1H         LINE#         260
  C:47E1H         LINE#         262
  C:47E3H         LINE#         263
  C:47E3H         LINE#         264
  C:47E3H         LINE#         265
  C:47ECH         LINE#         266
  -------         ENDPROC       _PUBLIC_DATAHANDLE
  -------         PROC          _GETCRC16
  X:1C6CH         SYMBOL        ptr
  X:1C6FH         SYMBOL        length
  X:1C70H         SYMBOL        init_dat
  -------         DO            
  X:1C72H         SYMBOL        i
  D:0004H         SYMBOL        j
  X:1C73H         SYMBOL        crc16
  -------         ENDDO         
  C:567BH         LINE#         278
  C:5686H         LINE#         279
  C:5686H         LINE#         280
  C:568BH         LINE#         281
  C:568DH         LINE#         282
  C:569CH         LINE#         284
  C:56AEH         LINE#         285
  C:56AEH         LINE#         286
  C:56C5H         LINE#         288
  C:56C8H         LINE#         289
  C:56C8H         LINE#         290
  C:56D3H         LINE#         291
  C:56D3H         LINE#         292
  C:56EAH         LINE#         293
  C:56ECH         LINE#         295
  C:56ECH         LINE#         296
  C:56F7H         LINE#         297
  C:56F7H         LINE#         298
  C:5702H         LINE#         299
  C:570AH         LINE#         300
  C:5712H         LINE#         301
  -------         ENDPROC       _GETCRC16
  -------         ENDMOD        REPORT

  -------         MODULE        MENU
  C:0000H         SYMBOL        _ICE_DUMMY_
  C:0046H         PUBLIC        RefreshMenuDisp
  D:0080H         PUBLIC        P0
  D:0090H         PUBLIC        P1
  D:00A0H         PUBLIC        P2
  D:00B0H         PUBLIC        P3
  D:00C0H         PUBLIC        P4
  D:00C8H         PUBLIC        P5
  B:00A8H.7       PUBLIC        EA
  D:00E8H         PUBLIC        P6
  D:00F8H         PUBLIC        P7
  C:6E79H         PUBLIC        KeyControl_Menu
  C:617BH         PUBLIC        KeyBaud_Enter
  C:50A7H         PUBLIC        KeyControl_Down
  D:00A8H         PUBLIC        IE
  C:5D96H         PUBLIC        KeyMain_Enter
BL51 BANKED LINKER/LOCATER V6.22.2.0                                                  12/22/2021  16:04:20  PAGE 28


  D:00B8H         PUBLIC        IP
  C:0091H         PUBLIC        KeyBaud_Menu
  C:62A1H         PUBLIC        KeyBaud_Down
  C:6DE8H         PUBLIC        KeyMenu_Enter
  D:00D8H         PUBLIC        CCON
  X:1B0AH         PUBLIC        Ui_Status
  C:6C67H         PUBLIC        KeyMain_Menu
  C:671FH         PUBLIC        KeyMain_Down
  C:60AAH         PUBLIC        Check_PasswordBits
  C:5E88H         PUBLIC        KeyEvent
  D:0098H         PUBLIC        SCON
  D:0088H         PUBLIC        TCON
  C:52A1H         PUBLIC        KeyControl_Up
  B:0080H.7       PUBLIC        P07
  C:008EH         PUBLIC        _LcdShow
  C:0042H         PUBLIC        KeyMenu_Menu
  C:6988H         PUBLIC        KeyControl_Cancel
  X:1B0CH         PUBLIC        Optionlist
  C:6472H         PUBLIC        KeyMenu_Down
  C:6A25H         PUBLIC        _LcdDly
  C:6FA3H         PUBLIC        Baud_Setting
  C:5295H         SYMBOL        _?ix1000
  C:5297H         SYMBOL        _?ix1001
  C:5299H         SYMBOL        _?ix1002
  C:529BH         SYMBOL        _?ix1003
  C:529DH         SYMBOL        _?ix1004
  C:529FH         SYMBOL        _?ix1005
  D:008DH         PUBLIC        TH1
  D:00D6H         PUBLIC        T2H
  C:6241H         PUBLIC        KeyBaud_Up
  C:6F9AH         PUBLIC        LcdShowInit
  D:00D4H         PUBLIC        T3H
  X:1B3DH         PUBLIC        M_Show
  D:00D2H         PUBLIC        T4H
  D:008BH         PUBLIC        TL1
  D:00D7H         PUBLIC        T2L
  C:6F4CH         PUBLIC        KeyBaud_Cancel
  D:00D5H         PUBLIC        T3L
  D:00D3H         PUBLIC        T4L
  X:1B4FH         PUBLIC        keyStateEvent
  C:67D4H         PUBLIC        KeyMain_Up
  C:6E5EH         PUBLIC        KeyMain_Cancel
  C:6656H         PUBLIC        RefreshBaudDisp
  C:641BH         PUBLIC        KeyMenu_Up
  C:6F5DH         PUBLIC        KeyMenu_Cancel
  X:1BB3H         PUBLIC        Optionlist1
  C:41BDH         PUBLIC        KeyControl_Enter
  D:00D0H         PUBLIC        PSW
  C:4409H         SYMBOL        Com00BF
  C:4409H         SYMBOL        L?0192
  C:441FH         SYMBOL        L?0193
  C:4425H         SYMBOL        L?0194
  C:442FH         SYMBOL        L?0196
  C:4432H         SYMBOL        L?0197
  C:4439H         SYMBOL        L?0198
  C:443AH         SYMBOL        L?0199
  C:4441H         SYMBOL        L?0200
BL51 BANKED LINKER/LOCATER V6.22.2.0                                                  12/22/2021  16:04:20  PAGE 29


  C:4449H         SYMBOL        L?0201
  C:444CH         SYMBOL        L?0202
  C:4452H         SYMBOL        L?0203
  C:445AH         SYMBOL        L?0204
  C:4461H         SYMBOL        L?0205
  C:4464H         SYMBOL        L?0206
  C:446EH         SYMBOL        L?0207
  C:4476H         SYMBOL        L?0208
  C:447DH         SYMBOL        L?0209
  C:4489H         SYMBOL        L?0210
  C:4492H         SYMBOL        L?0211
  C:449EH         SYMBOL        L?0212
  C:44A7H         SYMBOL        L?0213
  C:44A7H         SYMBOL        L?0214
  C:44B6H         SYMBOL        L?0215
  C:44C8H         SYMBOL        L?0216
  C:44D1H         SYMBOL        L?0218
  C:44DEH         SYMBOL        L?0219
  C:44E4H         SYMBOL        L?0220
  C:44E4H         SYMBOL        L?0221
  C:44EBH         SYMBOL        L?0222
  C:4501H         SYMBOL        L?0223
  C:4517H         SYMBOL        L?0224
  C:4517H         SYMBOL        L?0225
  C:4521H         SYMBOL        L?0226
  C:4536H         SYMBOL        L?0227
  C:4536H         SYMBOL        L?0228
  C:453EH         SYMBOL        L?0229
  C:454EH         SYMBOL        L?0230
  C:455EH         SYMBOL        L?0231
  C:4561H         SYMBOL        L?0232
  C:4568H         SYMBOL        L?0233
  C:4568H         SYMBOL        L?0234
  C:456FH         SYMBOL        L?0235
  C:457CH         SYMBOL        L?0236
  C:457CH         SYMBOL        L?0237
  C:4583H         SYMBOL        L?0238
  C:4590H         SYMBOL        L?0239
  C:459DH         SYMBOL        L?0240
  C:45A8H         SYMBOL        L?0241
  C:45B4H         SYMBOL        L?0242
  C:45BFH         SYMBOL        L?0243
  C:45CAH         SYMBOL        L?0247
  C:45D4H         SYMBOL        L?0248
  C:45DEH         SYMBOL        L?0249
  C:45DEH         SYMBOL        L?0250
  C:45E5H         SYMBOL        L?0251
  C:45E5H         SYMBOL        L?0252
  C:45ECH         SYMBOL        L?0253
  C:45F6H         SYMBOL        L?0254
  C:4600H         SYMBOL        L?0255
  C:460AH         SYMBOL        L?0256
  C:460AH         SYMBOL        L?0257
  -------         PROC          COM00BF
  -------         ENDPROC       COM00BF
  -------         PROC          KEYEVENT
  -------         DO            
BL51 BANKED LINKER/LOCATER V6.22.2.0                                                  12/22/2021  16:04:20  PAGE 30


  X:1C69H         SYMBOL        i
  X:1C6AH         SYMBOL        KeyState
  -------         ENDDO         
  C:5E88H         LINE#         69
  C:5E88H         LINE#         70
  C:5E88H         LINE#         72
  C:5E90H         LINE#         74
  C:5E93H         LINE#         76
  C:5E9BH         LINE#         77
  C:5E9BH         LINE#         79
  C:5E9BH         LINE#         81
  C:5EAEH         LINE#         82
  C:5EAEH         LINE#         83
  C:5EC5H         LINE#         84
  C:5EC5H         LINE#         85
  C:5EE0H         LINE#         86
  C:5EE0H         LINE#         87
  C:5EF4H         LINE#         88
  C:5EF4H         LINE#         89
  C:5EF4H         LINE#         90
  C:5EF4H         LINE#         91
  C:5EFCH         LINE#         92
  -------         ENDPROC       KEYEVENT
  -------         PROC          LCDSHOWINIT
  C:6F9AH         LINE#         94
  C:6F9AH         LINE#         95
  C:6F9AH         LINE#         96
  -------         ENDPROC       LCDSHOWINIT
  -------         PROC          _LCDSHOW
  D:0001H         SYMBOL        InterfaceShow
  C:008EH         LINE#         100
  C:008EH         LINE#         101
  C:008EH         LINE#         102
  -------         ENDPROC       _LCDSHOW
  -------         PROC          KEYMAIN_ENTER
  C:5D96H         LINE#         111
  C:5D96H         LINE#         112
  C:5D96H         LINE#         116
  C:5D9BH         LINE#         117
  C:5D9BH         LINE#         119
  C:5DD8H         LINE#         120
  C:5DD8H         LINE#         121
  C:5DE1H         LINE#         122
  C:5DE6H         LINE#         124
  C:5DE7H         LINE#         126
  C:5DE7H         LINE#         127
  C:5DEDH         LINE#         128
  C:5DF0H         LINE#         129
  C:5E00H         LINE#         130
  C:5E07H         LINE#         133
  C:5E10H         LINE#         134
  C:5E10H         LINE#         135
  C:5E10H         LINE#         142
  -------         ENDPROC       KEYMAIN_ENTER
  -------         PROC          KEYMAIN_UP
  -------         DO            
  X:1C69H         SYMBOL        Value
BL51 BANKED LINKER/LOCATER V6.22.2.0                                                  12/22/2021  16:04:20  PAGE 31


  X:1C6AH         SYMBOL        temp
  -------         ENDDO         
  C:67D4H         LINE#         144
  C:67D4H         LINE#         145
  C:67D4H         LINE#         146
  C:67D9H         LINE#         147
  C:67D9H         LINE#         148
  C:67E6H         LINE#         149
  C:67F5H         LINE#         150
  C:680DH         LINE#         151
  C:680DH         LINE#         156
  -------         ENDPROC       KEYMAIN_UP
  -------         PROC          KEYMAIN_MENU
  C:6C67H         LINE#         158
  C:6C67H         LINE#         159
  C:6C67H         LINE#         160
  C:6C73H         LINE#         161
  C:6C73H         LINE#         162
  C:6C73H         LINE#         163
  C:6C73H         LINE#         165
  C:6C79H         LINE#         166
  C:6C82H         LINE#         168
  C:6C85H         LINE#         169
  C:6C85H         LINE#         170
  C:6C86H         LINE#         171
  C:6C86H         LINE#         172
  C:6C86H         LINE#         173
  C:6C8CH         LINE#         174
  C:6C8CH         LINE#         175
  C:6C8CH         LINE#         176
  C:6C8CH         LINE#         177
  C:6C8CH         LINE#         178
  C:6C8CH         LINE#         183
  -------         ENDPROC       KEYMAIN_MENU
  -------         PROC          KEYMAIN_CANCEL
  C:6E5EH         LINE#         185
  C:6E5EH         LINE#         186
  C:6E5EH         LINE#         188
  C:6E63H         LINE#         189
  C:6E63H         LINE#         190
  C:6E6CH         LINE#         191
  C:6E72H         LINE#         192
  C:6E78H         LINE#         193
  C:6E78H         LINE#         198
  -------         ENDPROC       KEYMAIN_CANCEL
  -------         PROC          KEYMAIN_DOWN
  -------         DO            
  X:1C69H         SYMBOL        Value
  X:1C6AH         SYMBOL        temp
  -------         ENDDO         
  C:671FH         LINE#         200
  C:671FH         LINE#         201
  C:671FH         LINE#         202
  C:6724H         LINE#         203
  C:6724H         LINE#         204
  C:6731H         LINE#         205
  C:6740H         LINE#         206
BL51 BANKED LINKER/LOCATER V6.22.2.0                                                  12/22/2021  16:04:20  PAGE 32


  C:675BH         LINE#         207
  C:675BH         LINE#         212
  -------         ENDPROC       KEYMAIN_DOWN
  -------         PROC          KEYMENU_ENTER
  C:6DE8H         LINE#         214
  C:6DE8H         LINE#         215
  C:6DE8H         LINE#         216
  C:6DF6H         LINE#         217
  C:6DF6H         LINE#         219
  C:6DF6H         LINE#         221
  C:6DFCH         LINE#         222
  C:6DFFH         LINE#         223
  C:6E05H         LINE#         227
  -------         ENDPROC       KEYMENU_ENTER
  -------         PROC          KEYMENU_UP
  C:641BH         LINE#         230
  C:641BH         LINE#         231
  C:641BH         LINE#         233
  C:6425H         LINE#         234
  C:6426H         LINE#         236
  C:6433H         LINE#         238
  C:6437H         LINE#         239
  C:6437H         LINE#         240
  C:643BH         LINE#         241
  C:643BH         LINE#         243
  C:6444H         LINE#         244
  C:6444H         LINE#         245
  C:6444H         LINE#         246
  C:6447H         LINE#         247
  C:644CH         LINE#         248
  C:644EH         LINE#         249
  C:6457H         LINE#         250
  C:6457H         LINE#         251
  C:6457H         LINE#         252
  C:6457H         LINE#         253
  C:645AH         LINE#         254
  C:645CH         LINE#         256
  C:645CH         LINE#         257
  C:645CH         LINE#         258
  C:645CH         LINE#         259
  C:6463H         LINE#         260
  C:6463H         LINE#         262
  C:646CH         LINE#         263
  -------         ENDPROC       KEYMENU_UP
  -------         PROC          KEYMENU_MENU
  C:0042H         LINE#         270
  C:0042H         LINE#         271
  C:0042H         LINE#         275
  -------         ENDPROC       KEYMENU_MENU
  -------         PROC          KEYMENU_CANCEL
  C:6F5DH         LINE#         277
  C:6F5DH         LINE#         278
  C:6F5DH         LINE#         280
  C:6F5DH         LINE#         281
  C:6F5DH         LINE#         282
  C:6F67H         LINE#         283
  -------         ENDPROC       KEYMENU_CANCEL
BL51 BANKED LINKER/LOCATER V6.22.2.0                                                  12/22/2021  16:04:20  PAGE 33


  -------         PROC          KEYMENU_DOWN
  C:6472H         LINE#         290
  C:6472H         LINE#         291
  C:6472H         LINE#         292
  C:647EH         LINE#         293
  C:6481H         LINE#         295
  C:648EH         LINE#         297
  C:6490H         LINE#         298
  C:6490H         LINE#         299
  C:6492H         LINE#         300
  C:6492H         LINE#         302
  C:649BH         LINE#         303
  C:649BH         LINE#         304
  C:649BH         LINE#         305
  C:649EH         LINE#         306
  C:64A3H         LINE#         307
  C:64A5H         LINE#         308
  C:64AEH         LINE#         309
  C:64AEH         LINE#         310
  C:64AEH         LINE#         311
  C:64AEH         LINE#         312
  C:64B1H         LINE#         313
  C:64B3H         LINE#         315
  C:64B3H         LINE#         316
  C:64B3H         LINE#         317
  C:64B3H         LINE#         318
  C:64BAH         LINE#         319
  C:64BAH         LINE#         321
  C:64C3H         LINE#         322
  -------         ENDPROC       KEYMENU_DOWN
  C:6108H         SYMBOL        L?0244
  -------         PROC          CHECK_PASSWORDBITS
  C:60AAH         LINE#         335
  C:60AAH         LINE#         336
  C:60AAH         LINE#         338
  C:60B0H         LINE#         339
  C:60B0H         LINE#         340
  C:60B3H         LINE#         341
  C:60C2H         LINE#         342
  C:60C2H         LINE#         343
  C:60C3H         LINE#         344
  C:60D4H         LINE#         346
  C:60D7H         LINE#         347
  C:60D9H         LINE#         349
  C:60D9H         LINE#         350
  C:60DBH         LINE#         351
  C:60ECH         LINE#         353
  C:60F2H         LINE#         354
  C:60F2H         LINE#         355
  C:60F9H         LINE#         357
  C:6102H         LINE#         359
  C:6105H         LINE#         360
  C:6105H         LINE#         361
  C:6107H         LINE#         362
  -------         ENDPROC       CHECK_PASSWORDBITS
  C:43B6H         SYMBOL        L?0190
  C:43D6H         SYMBOL        L?0195
BL51 BANKED LINKER/LOCATER V6.22.2.0                                                  12/22/2021  16:04:20  PAGE 34


  C:43F3H         SYMBOL        L?0217
  -------         PROC          KEYCONTROL_ENTER
  -------         DO            
  X:1C69H         SYMBOL        i
  X:1C6AH         SYMBOL        temp
  -------         ENDDO         
  C:41BDH         LINE#         364
  C:41BDH         LINE#         365
  C:41BDH         LINE#         366
  C:41DDH         LINE#         367
  C:41DDH         LINE#         368
  C:41DDH         LINE#         369
  C:41DDH         LINE#         370
  C:41E6H         LINE#         373
  C:41ECH         LINE#         374
  C:41ECH         LINE#         378
  C:41FEH         LINE#         379
  C:41FEH         LINE#         380
  C:4220H         LINE#         381
  C:4228H         LINE#         383
  C:423CH         LINE#         385
  C:4242H         LINE#         386
  C:4245H         LINE#         388
  C:4245H         LINE#         389
  C:425EH         LINE#         390
  C:425EH         LINE#         391
  C:4269H         LINE#         392
  C:426CH         LINE#         393
  C:4272H         LINE#         394
  C:4278H         LINE#         396
  C:427DH         LINE#         398
  C:427DH         LINE#         399
  C:427DH         LINE#         400
  C:4280H         LINE#         401
  C:4286H         LINE#         402
  C:4288H         LINE#         404
  C:4288H         LINE#         406
  C:428BH         LINE#         407
  C:428FH         LINE#         408
  C:4292H         LINE#         409
  C:429BH         LINE#         410
  C:429BH         LINE#         412
  C:42A0H         LINE#         413
  C:42A0H         LINE#         415
  C:42A5H         LINE#         416
  C:42A6H         LINE#         417
  C:42A6H         LINE#         419
  C:42A6H         LINE#         420
  C:42A6H         LINE#         421
  C:42ADH         LINE#         422
  C:42B1H         LINE#         423
  C:42B4H         LINE#         424
  C:42BAH         LINE#         425
  C:42BDH         LINE#         426
  C:42BDH         LINE#         428
  C:42BDH         LINE#         429
  C:42BDH         LINE#         430
BL51 BANKED LINKER/LOCATER V6.22.2.0                                                  12/22/2021  16:04:20  PAGE 35


  C:42C3H         LINE#         431
  C:42C3H         LINE#         432
  C:42C7H         LINE#         433
  C:42C9H         LINE#         435
  C:42C9H         LINE#         436
  C:42CEH         LINE#         437
  C:42D1H         LINE#         438
  C:42E1H         LINE#         439
  C:42E8H         LINE#         442
  C:42E8H         LINE#         443
  C:42E8H         LINE#         445
  C:42E8H         LINE#         446
  C:42E8H         LINE#         447
  C:42EBH         LINE#         450
  C:42EBH         LINE#         451
  C:42F2H         LINE#         452
  C:42F5H         LINE#         453
  C:42F5H         LINE#         455
  C:42F5H         LINE#         456
  C:42F5H         LINE#         457
  C:4306H         LINE#         458
  C:4306H         LINE#         460
  C:4306H         LINE#         462
  C:430CH         LINE#         464
  C:430FH         LINE#         466
  C:4312H         LINE#         469
  C:4312H         LINE#         470
  C:4315H         LINE#         472
  C:4315H         LINE#         473
  C:4315H         LINE#         474
  C:4325H         LINE#         475
  C:4325H         LINE#         477
  C:4332H         LINE#         478
  C:4332H         LINE#         479
  C:4332H         LINE#         480
  C:4332H         LINE#         481
  C:4332H         LINE#         482
  C:4335H         LINE#         484
  C:4335H         LINE#         485
  C:433CH         LINE#         486
  C:433FH         LINE#         488
  C:433FH         LINE#         489
  C:433FH         LINE#         491
  C:4352H         LINE#         492
  C:4352H         LINE#         494
  C:435FH         LINE#         495
  C:435FH         LINE#         496
  C:4362H         LINE#         497
  C:4362H         LINE#         498
  C:4362H         LINE#         499
  C:4365H         LINE#         501
  C:4365H         LINE#         502
  C:436CH         LINE#         503
  C:436EH         LINE#         505
  C:436EH         LINE#         506
  C:436EH         LINE#         507
  C:4370H         LINE#         508
BL51 BANKED LINKER/LOCATER V6.22.2.0                                                  12/22/2021  16:04:20  PAGE 36


  C:4376H         LINE#         510
  C:4381H         LINE#         512
  C:4393H         LINE#         513
  C:4395H         LINE#         515
  C:4398H         LINE#         516
  C:439BH         LINE#         517
  C:439EH         LINE#         518
  C:43A1H         LINE#         520
  C:43A4H         LINE#         521
  C:43A8H         LINE#         522
  C:43ABH         LINE#         524
  C:43ABH         LINE#         525
  C:43B5H         LINE#         526
  C:43B5H         LINE#         527
  C:43B5H         LINE#         529
  C:43B5H         LINE#         530
  C:43B5H         LINE#         531
  C:43B5H         LINE#         536
  -------         ENDPROC       KEYCONTROL_ENTER
  -------         PROC          KEYCONTROL_MENU
  C:6E79H         LINE#         538
  C:6E79H         LINE#         539
  C:6E79H         LINE#         540
  C:6E81H         LINE#         541
  C:6E81H         LINE#         542
  C:6E81H         LINE#         543
  C:6E81H         LINE#         544
  C:6E86H         LINE#         545
  C:6E86H         LINE#         547
  C:6E8AH         LINE#         548
  C:6E8CH         LINE#         550
  C:6E8CH         LINE#         552
  C:6E93H         LINE#         553
  C:6E93H         LINE#         555
  C:6E93H         LINE#         556
  C:6E93H         LINE#         558
  C:6E93H         LINE#         559
  C:6E93H         LINE#         560
  C:6E93H         LINE#         565
  -------         ENDPROC       KEYCONTROL_MENU
[...]
  C:6CC1H         LINE#         106
  C:6CC9H         LINE#         107
  C:6CCCH         LINE#         108
  C:6CCCH         LINE#         109
  C:6CCFH         LINE#         110
  C:6CD2H         LINE#         111
  -------         ENDPROC       _IAPERASE
  -------         PROC          _IAPWRITE_BUFF
  X:1C6CH         SYMBOL        Addr
  X:1C6EH         SYMBOL        Str
  X:1C71H         SYMBOL        Len
  C:6B13H         LINE#         120
  C:6B19H         LINE#         121
  C:6B19H         LINE#         122
  C:6B23H         LINE#         123
  C:6B23H         LINE#         124
  C:6B3CH         LINE#         125
  C:6B3EH         LINE#         126
  -------         ENDPROC       _IAPWRITE_BUFF
  -------         PROC          _IAPREAD_BUFF
  X:1C69H         SYMBOL        Addr
  X:1C6BH         SYMBOL        Str
  X:1C6EH         SYMBOL        Len
  C:6B97H         LINE#         134
  C:6B9DH         LINE#         135
  C:6B9DH         LINE#         136
  C:6BA7H         LINE#         137
  C:6BA7H         LINE#         138
  C:6BBFH         LINE#         139
  C:6BC1H         LINE#         140
  -------         ENDPROC       _IAPREAD_BUFF
  -------         ENDMOD        EEPROM

  -------         MODULE        KEY
  C:0000H         SYMBOL        _ICE_DUMMY_
  D:0080H         PUBLIC        P0
  D:0090H         PUBLIC        P1
  D:00A0H         PUBLIC        P2
  D:00B0H         PUBLIC        P3
BL51 BANKED LINKER/LOCATER V6.22.2.0                                                  12/22/2021  16:04:20  PAGE 60


  D:00C0H         PUBLIC        P4
  D:00C8H         PUBLIC        P5
  D:00E8H         PUBLIC        P6
  D:00F8H         PUBLIC        P7
  X:1CFDH         PUBLIC        KeyStateCurrrent
  D:00A8H         PUBLIC        IE
  D:00B8H         PUBLIC        IP
  D:00D8H         PUBLIC        CCON
  D:0098H         PUBLIC        SCON
  B:00A0H.2       PUBLIC        P22
  D:0088H         PUBLIC        TCON
  B:00A0H.3       PUBLIC        P23
  B:00A0H.4       PUBLIC        P24
  B:00A0H.5       PUBLIC        P25
  B:00A0H.6       PUBLIC        P26
  C:595FH         PUBLIC        Key_Chick
  D:00D0H         PUBLIC        PSW
  -------         PROC          KEY_CHICK
  -------         DO            
  X:1CFCH         SYMBOL        KeyTemp
  X:1C6BH         SYMBOL        KeyValue
  -------         ENDDO         
  C:595FH         LINE#         13
  C:595FH         LINE#         14
  C:595FH         LINE#         17
  C:598DH         LINE#         19
  C:599CH         LINE#         20
  C:599CH         LINE#         21
  C:599CH         LINE#         22
  C:599CH         LINE#         23
  C:59A4H         LINE#         24
  C:59A4H         LINE#         25
  C:59A9H         LINE#         26
  C:59A9H         LINE#         28
  C:59ABH         LINE#         29
  C:59ABH         LINE#         31
  C:59ABH         LINE#         32
  C:59ABH         LINE#         33
  C:59B2H         LINE#         35
  C:59BBH         LINE#         36
  C:59BBH         LINE#         37
  C:59C0H         LINE#         38
  C:59C4H         LINE#         39
  C:59C4H         LINE#         41
  C:59C6H         LINE#         42
  C:59C6H         LINE#         44
  C:59C6H         LINE#         45
  C:59C6H         LINE#         46
  C:59CEH         LINE#         47
  C:59CEH         LINE#         48
  C:59D3H         LINE#         49
  C:59D9H         LINE#         50
  C:59D9H         LINE#         52
  C:59D9H         LINE#         53
  C:59D9H         LINE#         55
  C:59D9H         LINE#         56
  C:59D9H         LINE#         57
BL51 BANKED LINKER/LOCATER V6.22.2.0                                                  12/22/2021  16:04:20  PAGE 61


  C:59DFH         LINE#         58
  C:59E3H         LINE#         59
  C:59EAH         LINE#         60
  C:59EAH         LINE#         61
  C:59EAH         LINE#         62
  C:59EAH         LINE#         64
  C:59ECH         LINE#         65
  -------         ENDPROC       KEY_CHICK
  -------         ENDMOD        KEY

  -------         MODULE        LCD
  C:0000H         SYMBOL        _ICE_DUMMY_
  C:68BFH         PUBLIC        _lcd_address
  D:0080H         PUBLIC        P0
  D:0090H         PUBLIC        P1
  D:00A0H         PUBLIC        P2
  D:00B0H         PUBLIC        P3
  C:5F6EH         PUBLIC        initial_lcd
  D:00C0H         PUBLIC        P4
  D:00C8H         PUBLIC        P5
  D:00E8H         PUBLIC        P6
  D:00F8H         PUBLIC        P7
  D:00A8H         PUBLIC        IE
  C:4998H         PUBLIC        _GUI_Lattice
  X:1CF4H         PUBLIC        frontCurrent
  D:00B8H         PUBLIC        IP
  D:00D8H         PUBLIC        CCON
  C:6570H         SYMBOL        _GetCHIndex
  C:6B3FH         PUBLIC        _transfer_command
  D:0098H         PUBLIC        SCON
  D:0088H         PUBLIC        TCON
  B:00B0H.2       PUBLIC        P32
  B:00B0H.3       PUBLIC        P33
  B:00B0H.4       PUBLIC        P34
  B:00B0H.5       PUBLIC        P35
  B:00B0H.6       PUBLIC        P36
  B:00B0H.7       PUBLIC        P37
  C:545EH         PUBLIC        _GUI_String
  C:63C0H         SYMBOL        _GetFrontParm
  C:6B6BH         PUBLIC        _transfer_data
  C:6CD9H         PUBLIC        clear_screen
  D:00D0H         PUBLIC        PSW
  C:5EFDH         SYMBOL        Com004D
  C:5EFDH         SYMBOL        L?0078
  C:5F06H         SYMBOL        L?0079
  C:5F09H         SYMBOL        L?0080
  C:5F11H         SYMBOL        L?0082
  C:5F11H         SYMBOL        L?0083
  C:5F14H         SYMBOL        L?0084
  C:5F15H         SYMBOL        L?0085
  C:5F1EH         SYMBOL        L?0086
  C:5F3AH         SYMBOL        L?0087
  C:5F4DH         SYMBOL        L?0091
  C:5F5AH         SYMBOL        L?0092
  C:5F5EH         SYMBOL        L?0093
  C:5F65H         SYMBOL        L?0094
  C:5F66H         SYMBOL        L?0095
BL51 BANKED LINKER/LOCATER V6.22.2.0                                                  12/22/2021  16:04:20  PAGE 62


  -------         PROC          COM004D
  -------         ENDPROC       COM004D
  -------         PROC          _TRANSFER_COMMAND
  D:0007H         SYMBOL        data1
  -------         DO            
  D:0006H         SYMBOL        i
  -------         ENDDO         
  C:6B3FH         LINE#         11
  C:6B3FH         LINE#         12
  C:6B3FH         LINE#         14
  C:6B41H         LINE#         15
  C:6B43H         LINE#         17
  C:6B4AH         LINE#         18
  C:6B4AH         LINE#         19
  C:6B4CH         LINE#         21
  C:6B50H         LINE#         22
  C:6B54H         LINE#         24
  C:6B56H         LINE#         26
  C:6B58H         LINE#         27
  C:6B65H         LINE#         28
  C:6B68H         LINE#         30
  C:6B6AH         LINE#         31
  -------         ENDPROC       _TRANSFER_COMMAND
  -------         PROC          _TRANSFER_DATA
  D:0007H         SYMBOL        data1
  -------         DO            
  D:0006H         SYMBOL        i
  -------         ENDDO         
  C:6B6BH         LINE#         40
  C:6B6BH         LINE#         41
  C:6B6BH         LINE#         43
  C:6B6DH         LINE#         44
  C:6B6FH         LINE#         46
  C:6B76H         LINE#         47
  C:6B76H         LINE#         48
  C:6B78H         LINE#         50
  C:6B7CH         LINE#         51
  C:6B7CH         LINE#         52
  C:6B7EH         LINE#         53
  C:6B80H         LINE#         55
  C:6B80H         LINE#         56
  C:6B82H         LINE#         57
  C:6B82H         LINE#         59
  C:6B84H         LINE#         61
  C:6B91H         LINE#         62
  C:6B94H         LINE#         64
  C:6B96H         LINE#         65
  -------         ENDPROC       _TRANSFER_DATA
  -------         PROC          CLEAR_SCREEN
  -------         DO            
  D:0004H         SYMBOL        i
  D:0003H         SYMBOL        j
  -------         ENDDO         
  C:6CD9H         LINE#         73
  C:6CD9H         LINE#         74
  C:6CD9H         LINE#         77
  C:6CE1H         LINE#         78
BL51 BANKED LINKER/LOCATER V6.22.2.0                                                  12/22/2021  16:04:20  PAGE 63


  C:6CE1H         LINE#         79
  C:6CE8H         LINE#         81
  C:6CF3H         LINE#         82
  C:6CF3H         LINE#         83
  C:6CF8H         LINE#         84
  C:6CFBH         LINE#         85
  C:6CFEH         LINE#         86
  -------         ENDPROC       CLEAR_SCREEN
  -------         PROC          L?0090
  -------         ENDPROC       L?0090
  -------         PROC          _LCD_ADDRESS
  D:0006H         SYMBOL        page
  D:0004H         SYMBOL        column
  C:68BFH         LINE#         95
  C:68C3H         LINE#         96
  C:68C3H         LINE#         98
  C:68CEH         LINE#         99
  C:68CEH         LINE#         100
  C:68D0H         LINE#         101
  C:68D2H         LINE#         103
  C:68D2H         LINE#         104
  C:68D8H         LINE#         105
  C:68D8H         LINE#         107
  C:68E2H         LINE#         109
  -------         ENDPROC       _LCD_ADDRESS
  C:5FB6H         SYMBOL        L?0081
  C:5FCDH         SYMBOL        L?0089
  -------         PROC          INITIAL_LCD
  C:5F6EH         LINE#         119
  C:5F6EH         LINE#         120
  C:5F6EH         LINE#         121
  C:5F70H         LINE#         122
  C:5F77H         LINE#         124
  C:5F79H         LINE#         126
  C:5F80H         LINE#         128
  C:5F85H         LINE#         129
  C:5F8CH         LINE#         131
  C:5F8EH         LINE#         132
  C:5F91H         LINE#         133
  C:5F93H         LINE#         134
  C:5F93H         LINE#         136
  C:5F93H         LINE#         138
  C:5F96H         LINE#         139
  C:5F98H         LINE#         140
  C:5F98H         LINE#         141
  C:5F98H         LINE#         143
  C:5F9BH         LINE#         145
  C:5F9DH         LINE#         146
  C:5FA0H         LINE#         148
  C:5FA5H         LINE#         149
  C:5FACH         LINE#         151
  C:5FB1H         LINE#         153
  C:5FB3H         LINE#         155
  C:5FB6H         LINE#         156
  -------         ENDPROC       INITIAL_LCD
  -------         PROC          _GETFRONTPARM
  D:0007H         SYMBOL        font
BL51 BANKED LINKER/LOCATER V6.22.2.0                                                  12/22/2021  16:04:20  PAGE 64


  C:63C0H         LINE#         164
  C:63C0H         LINE#         165
  C:63C0H         LINE#         166
  C:63C7H         LINE#         167
  C:63C7H         LINE#         168
  C:63C7H         LINE#         169
  C:63C7H         LINE#         170
  C:63CDH         LINE#         171
  C:63D3H         LINE#         172
  C:63D9H         LINE#         174
  C:63E7H         LINE#         176
  C:63EDH         LINE#         177
  C:63EFH         LINE#         178
  C:63EFH         LINE#         180
  C:63EFH         LINE#         181
  C:63EFH         LINE#         182
  C:63F5H         LINE#         183
  C:63FBH         LINE#         184
  C:6401H         LINE#         185
  C:6407H         LINE#         187
  C:6413H         LINE#         188
  C:6415H         LINE#         189
  C:6415H         LINE#         199
  C:6415H         LINE#         200
  C:6418H         LINE#         201
  C:6418H         LINE#         203
  C:641AH         LINE#         204
  -------         ENDPROC       _GETFRONTPARM
  -------         PROC          _GETCHINDEX
  X:1C78H         SYMBOL        ZoneCode
  -------         DO            
  D:0004H         SYMBOL        i
  D:0006H         SYMBOL        CHCode
  -------         ENDDO         
  C:6570H         LINE#         212
  C:6578H         LINE#         213
  C:6578H         LINE#         214
  C:657BH         LINE#         217
  C:657BH         LINE#         218
  C:657BH         LINE#         219
  C:65A5H         LINE#         221
  C:65B1H         LINE#         222
  C:65B1H         LINE#         223
  C:65B1H         LINE#         224
  C:65B1H         LINE#         225
  C:65BCH         LINE#         227
  C:65C0H         LINE#         228
  -------         ENDPROC       _GETCHINDEX
  C:5510H         SYMBOL        L?0088
  -------         PROC          _GUI_STRING
  X:1C6FH         SYMBOL        x
  X:1C70H         SYMBOL        y
  X:1C71H         SYMBOL        pString
  X:1C74H         SYMBOL        font
  -------         DO            
  X:1C75H         SYMBOL        ChIndex
  X:1C77H         SYMBOL        Offset
BL51 BANKED LINKER/LOCATER V6.22.2.0                                                  12/22/2021  16:04:20  PAGE 65


  D:0006H         SYMBOL        ZoneCode
  -------         ENDDO         
  C:545EH         LINE#         237
  C:546FH         LINE#         238
  C:546FH         LINE#         245
  C:5475H         LINE#         247
  C:547AH         LINE#         250
  C:547AH         LINE#         251
  C:548FH         LINE#         252
  C:548FH         LINE#         253
  C:549EH         LINE#         255
  C:54B3H         LINE#         256
  C:54B3H         LINE#         257
  C:54B8H         LINE#         258
  C:54BBH         LINE#         260
  C:54BBH         LINE#         262
  C:54C5H         LINE#         264
  C:54DBH         LINE#         266
  C:54E6H         LINE#         268
  C:54FBH         LINE#         269
  C:54FBH         LINE#         270
  C:5501H         LINE#         271
  C:5501H         LINE#         273
  C:5501H         LINE#         274
  C:550FH         LINE#         275
  -------         ENDPROC       _GUI_STRING
  -------         PROC          _GUI_LATTICE
  X:1C78H         SYMBOL        x
  D:0002H         SYMBOL        y
  X:1C7AH         SYMBOL        Width
  X:1C7BH         SYMBOL        High
  X:1C7CH         SYMBOL        plattice
  -------         DO            
  X:1C7FH         SYMBOL        y_Dy
  X:1C80H         SYMBOL        y_by
  X:1C81H         SYMBOL        y1_Dy
  X:1C82H         SYMBOL        y1_by
  X:1C83H         SYMBOL        y_Bytes
  X:1C84H         SYMBOL        i
  X:1C85H         SYMBOL        j
  X:1C86H         SYMBOL        tempH
  D:0003H         SYMBOL        tempL
  -------         ENDDO         
  C:4998H         LINE#         284
  C:49A4H         LINE#         285
  C:49A4H         LINE#         290
  C:49BDH         LINE#         292
  C:49D5H         LINE#         293
  C:49DBH         LINE#         295
  C:49E6H         LINE#         296
  C:49EBH         LINE#         298
  C:49F3H         LINE#         300
  C:4A04H         LINE#         301
  C:4A04H         LINE#         302
  C:4A13H         LINE#         303
  C:4A13H         LINE#         304
  C:4A29H         LINE#         305
BL51 BANKED LINKER/LOCATER V6.22.2.0                                                  12/22/2021  16:04:20  PAGE 66


  C:4A29H         LINE#         306
  C:4A2FH         LINE#         307
  C:4A2FH         LINE#         308
  C:4A34H         LINE#         309
  C:4A49H         LINE#         311
  C:4A4CH         LINE#         312
  C:4A57H         LINE#         313
  C:4A57H         LINE#         314
  C:4A5EH         LINE#         316
  C:4A93H         LINE#         317
  C:4A96H         LINE#         319
  C:4A96H         LINE#         320
  C:4ABDH         LINE#         321
  C:4ADDH         LINE#         323
  C:4AEAH         LINE#         324
  C:4AF3H         LINE#         325
  C:4AF3H         LINE#         326
  C:4AFCH         LINE#         327
  C:4AFCH         LINE#         329
  C:4AFCH         LINE#         330
  C:4B06H         LINE#         331
  C:4B39H         LINE#         332
  C:4B39H         LINE#         333
  C:4B42H         LINE#         334
  -------         ENDPROC       _GUI_LATTICE
  -------         ENDMOD        LCD

  -------         MODULE        ?C?COPY
  C:3E63H         PUBLIC        ?C?COPY
  -------         ENDMOD        ?C?COPY

  -------         MODULE        ?C?CLDPTR
  C:3E89H         PUBLIC        ?C?CLDPTR
  -------         ENDMOD        ?C?CLDPTR

  -------         MODULE        ?C?CLDOPTR
  C:3EA2H         PUBLIC        ?C?CLDOPTR
  -------         ENDMOD        ?C?CLDOPTR

  -------         MODULE        ?C?CILDPTR
  C:3ECFH         PUBLIC        ?C?CILDPTR
  -------         ENDMOD        ?C?CILDPTR

  -------         MODULE        ?C?CSTPTR
  C:3EF1H         PUBLIC        ?C?CSTPTR
  -------         ENDMOD        ?C?CSTPTR

  -------         MODULE        ?C?CSTOPTR
  C:3F03H         PUBLIC        ?C?CSTOPTR
  -------         ENDMOD        ?C?CSTOPTR

  -------         MODULE        ?C?IMUL
  C:3F25H         PUBLIC        ?C?IMUL
  -------         ENDMOD        ?C?IMUL

  -------         MODULE        ?C?UIDIV
  C:3F37H         PUBLIC        ?C?UIDIV
BL51 BANKED LINKER/LOCATER V6.22.2.0                                                  12/22/2021  16:04:20  PAGE 67


  -------         ENDMOD        ?C?UIDIV

  -------         MODULE        ?C?SIDIV
  C:3F8CH         PUBLIC        ?C?SIDIV
  -------         ENDMOD        ?C?SIDIV

  -------         MODULE        ?C?IILDX
  C:3FC2H         PUBLIC        ?C?IILDX
  -------         ENDMOD        ?C?IILDX

  -------         MODULE        ?C?ILDIX
  C:3FD8H         PUBLIC        ?C?ILDIX
  -------         ENDMOD        ?C?ILDIX

  -------         MODULE        ?C?ILDOPTR
  C:3FEEH         PUBLIC        ?C?ILDOPTR
  -------         ENDMOD        ?C?ILDOPTR

  -------         MODULE        ?C?IILDOPTR
  C:4026H         PUBLIC        ?C?IILDOPTR
  -------         ENDMOD        ?C?IILDOPTR

  -------         MODULE        ?C?ISTOPTR
  C:4073H         PUBLIC        ?C?ISTOPTR
  -------         ENDMOD        ?C?ISTOPTR

  -------         MODULE        ?C?ULCMP
  C:40A0H         PUBLIC        ?C?ULCMP
  -------         ENDMOD        ?C?ULCMP

  -------         MODULE        ?C?LSTKXDATA
  C:40B1H         PUBLIC        ?C?LSTKXDATA
  -------         ENDMOD        ?C?LSTKXDATA

  -------         MODULE        ?C?OFFXADD
  C:40E2H         PUBLIC        ?C?OFFXADD
  -------         ENDMOD        ?C?OFFXADD

  -------         MODULE        ?C?PLDXDATA
  C:40EEH         PUBLIC        ?C?PLDXDATA
  -------         ENDMOD        ?C?PLDXDATA

  -------         MODULE        ?C?PLDIXDATA
  C:40F7H         PUBLIC        ?C?PLDIXDATA
  -------         ENDMOD        ?C?PLDIXDATA

  -------         MODULE        ?C?PSTXDATA
  C:410EH         PUBLIC        ?C?PSTXDATA
  -------         ENDMOD        ?C?PSTXDATA

  -------         MODULE        ?C?PLDCODE
  C:4117H         PUBLIC        ?C?PLDCODE
  -------         ENDMOD        ?C?PLDCODE

  -------         MODULE        ?C?PLDOPTR
  C:4123H         PUBLIC        ?C?PLDOPTR
  -------         ENDMOD        ?C?PLDOPTR
BL51 BANKED LINKER/LOCATER V6.22.2.0                                                  12/22/2021  16:04:20  PAGE 68



  -------         MODULE        ?C?CCASE
  C:4153H         PUBLIC        ?C?CCASE
  -------         ENDMOD        ?C?CCASE

  -------         MODULE        ?C?ICALL
  C:4179H         PUBLIC        ?C?ICALL
  C:417DH         PUBLIC        ?C?ICALL2
  -------         ENDMOD        ?C?ICALL

  -------         MODULE        STRNCMP
  X:1C92H         PUBLIC        ?_strncmp?BYTE
  C:5C18H         PUBLIC        _strncmp
  -------         ENDMOD        STRNCMP

  -------         MODULE        STRLEN
  C:6F26H         PUBLIC        _STRLEN
  -------         ENDMOD        STRLEN

  -------         MODULE        ?C?MEMSET
  C:417FH         PUBLIC        ?C?MEMSET
  -------         ENDMOD        ?C?MEMSET

  -------         MODULE        ?C?PLDIDATA
  C:41ABH         PUBLIC        ?C?PLDIDATA
  -------         ENDMOD        ?C?PLDIDATA

  -------         MODULE        ?C?PLDPDATA
  C:41B4H         PUBLIC        ?C?PLDPDATA
  -------         ENDMOD        ?C?PLDPDATA

*** WARNING L7: MODULE NAME NOT UNIQUE
    MODULE:  .\Objects\STARTUP.obj (?C_STARTUP)

Program Size: data=25.0 xdata=7422 code=28602
LINK/LOCATE RUN COMPLETE.  1 WARNING(S),  0 ERROR(S)
