BL51 BANKED LINKER/LOCATER V6.22.2.0                                                    01/15/2022  12:19:58  PAGE 1


BL51 BANKED LINKER/LOCATER V6.22.2.0, INVOKED BY:
C:\KEIL_V5\C51\BIN\BL51.EXE .\Objects\main.obj, .\Objects\Control.obj, .\Objects\report.obj, .\Objects\Menu.obj, .\Objec
>> ts\pFunc.obj, .\Objects\usart.obj, .\Objects\timer.obj, .\Objects\wifi.obj, .\STCLIB\Front.LIB, .\STCLIB\Gpio.LIB, .\
>> STCLIB\Iape2prom.LIB, .\STCLIB\Key.LIB, .\STCLIB\Lcd19264.LIB, .\Objects\STARTUP.obj TO .\Objects\WIRELESS_PLC PRINT 
>> (.\Listings\WIRELESS_PLC.m51) RAMSIZE (256)


MEMORY MODEL: LARGE


INPUT MODULES INCLUDED:
  .\Objects\main.obj (MAIN)
  .\Objects\Control.obj (CONTROL)
  .\Objects\report.obj (REPORT)
  .\Objects\Menu.obj (MENU)
  .\Objects\pFunc.obj (PFUNC)
  .\Objects\usart.obj (USART)
  .\Objects\timer.obj (TIMER)
  .\Objects\wifi.obj (WIFI)
  .\STCLIB\Front.LIB (CHINESE_CODE)
  .\STCLIB\Front.LIB (?C_STARTUP)
  .\STCLIB\Gpio.LIB (GPIO)
  .\STCLIB\Iape2prom.LIB (EEPROM)
  .\STCLIB\Key.LIB (KEY)
  .\STCLIB\Lcd19264.LIB (LCD)
  C:\KEIL_V5\C51\LIB\C51L.LIB (?C_INIT)
  C:\KEIL_V5\C51\LIB\C51L.LIB (?C?COPY)
  C:\KEIL_V5\C51\LIB\C51L.LIB (?C?CLDPTR)
  C:\KEIL_V5\C51\LIB\C51L.LIB (?C?CLDOPTR)
  C:\KEIL_V5\C51\LIB\C51L.LIB (?C?CILDPTR)
  C:\KEIL_V5\C51\LIB\C51L.LIB (?C?CSTPTR)
  C:\KEIL_V5\C51\LIB\C51L.LIB (?C?CSTOPTR)
  C:\KEIL_V5\C51\LIB\C51L.LIB (?C?IMUL)
  C:\KEIL_V5\C51\LIB\C51L.LIB (?C?UIDIV)
  C:\KEIL_V5\C51\LIB\C51L.LIB (?C?SIDIV)
  C:\KEIL_V5\C51\LIB\C51L.LIB (?C?IILDX)
  C:\KEIL_V5\C51\LIB\C51L.LIB (?C?ILDIX)
  C:\KEIL_V5\C51\LIB\C51L.LIB (?C?ILDOPTR)
  C:\KEIL_V5\C51\LIB\C51L.LIB (?C?IILDOPTR)
  C:\KEIL_V5\C51\LIB\C51L.LIB (?C?ISTOPTR)
  C:\KEIL_V5\C51\LIB\C51L.LIB (?C?ULCMP)
  C:\KEIL_V5\C51\LIB\C51L.LIB (?C?LSTKXDATA)
  C:\KEIL_V5\C51\LIB\C51L.LIB (?C?OFFXADD)
  C:\KEIL_V5\C51\LIB\C51L.LIB (?C?PLDXDATA)
  C:\KEIL_V5\C51\LIB\C51L.LIB (?C?PLDIXDATA)
  C:\KEIL_V5\C51\LIB\C51L.LIB (?C?PSTXDATA)
  C:\KEIL_V5\C51\LIB\C51L.LIB (?C?PLDCODE)
  C:\KEIL_V5\C51\LIB\C51L.LIB (?C?PLDOPTR)
  C:\KEIL_V5\C51\LIB\C51L.LIB (?C?CCASE)
  C:\KEIL_V5\C51\LIB\C51L.LIB (?C?ICALL)
  C:\KEIL_V5\C51\LIB\C51L.LIB (STRNCMP)
  C:\KEIL_V5\C51\LIB\C51L.LIB (STRLEN)
  C:\KEIL_V5\C51\LIB\C51L.LIB (?C?MEMSET)
  C:\KEIL_V5\C51\LIB\C51L.LIB (?C?PLDIDATA)
  C:\KEIL_V5\C51\LIB\C51L.LIB (?C?PLDPDATA)


LINK MAP OF MODULE:  .\Objects\WIRELESS_PLC (MAIN)
BL51 BANKED LINKER/LOCATER V6.22.2.0                                                  01/15/2022  12:19:58  PAGE 2




            TYPE    BASE      LENGTH    RELOCATION   SEGMENT NAME
            -----------------------------------------------------

            * * * * * * *   D A T A   M E M O R Y   * * * * * * *
            REG     0000H     0008H     ABSOLUTE     "REG BANK 0"
            REG     0008H     0008H     ABSOLUTE     "REG BANK 1"
            REG     0010H     0008H     ABSOLUTE     "REG BANK 2"
            IDATA   0018H     0001H     UNIT         ?STACK

            * * * * * * *  X D A T A   M E M O R Y  * * * * * * *
            XDATA   0000H     1B0AH     UNIT         ?XD?REPORT
            XDATA   1B0AH     00CCH     UNIT         ?XD?MENU
            XDATA   1BD6H     00AAH     UNIT         ?XD?CONTROL
            XDATA   1C80H     003BH     UNIT         _XDATA_GROUP_
            XDATA   1CBBH     002DH     UNIT         ?XD?USART
            XDATA   1CE8H     0014H     UNIT         ?XD?MAIN
            XDATA   1CFCH     0010H     UNIT         ?XD?TIMER
            XDATA   1D0CH     0008H     UNIT         ?XD?LCD
            XDATA   1D14H     0002H     UNIT         ?XD?KEY

            * * * * * * *   C O D E   M E M O R Y   * * * * * * *
            CODE    0000H     0003H     ABSOLUTE     
            CODE    0003H     0008H     UNIT         ?PR?COMMUNICAINIT?CONTROL
            CODE    000BH     0003H     ABSOLUTE     
            CODE    000EH     0015H     UNIT         ?PR?_STRLEN?STRLEN
            CODE    0023H     0003H     ABSOLUTE     
            CODE    0026H     001CH     UNIT         ?PR?_PASSWORDDELETE?CONTROL
            CODE    0042H     0001H     UNIT         ?PR?KEYMENU_MENU?MENU
            CODE    0043H     0003H     ABSOLUTE     
            CODE    0046H     0045H     UNIT         ?PR?PACTUISHOW?CONTROL
            CODE    008BH     0003H     ABSOLUTE     
            CODE    008EH     0003H     UNIT         ?PR?_LCDSHOW?MENU
            CODE    0091H     0001H     UNIT         ?PR?KEYBAUD_MENU?MENU
                    0092H     0001H                  *** GAP ***
            CODE    0093H     0003H     ABSOLUTE     
            CODE    0096H     20AEH     UNIT         ?CO?CHINESE_CODE
            CODE    2144H     1C9EH     UNIT         ?C_INITSEG
            CODE    3DE2H     042AH     UNIT         ?C?LIB_CODE
            CODE    420CH     0298H     UNIT         ?PR?KEYCONTROL_ENTER?MENU
            CODE    44A4H     0207H     UNIT         ?PR?MENU
            CODE    46ABH     01DCH     UNIT         ?PR?_PUBLIC_DATAHANDLE?REPORT
            CODE    4887H     01B1H     UNIT         ?CO?WIFI
            CODE    4A38H     01ABH     UNIT         ?PR?_GUI_LATTICE?LCD
            CODE    4BE3H     0199H     UNIT         ?PR?_GPIO_INILIZE?GPIO
            CODE    4D7CH     0191H     UNIT         ?PR?_MYITOA?PFUNC
            CODE    4F0DH     0130H     UNIT         ?CO?CONTROL
            CODE    503DH     012FH     UNIT         ?PR?KEYCONTROL_DOWN?MENU
            CODE    516CH     0127H     UNIT         ?PR?TIMER0_ISR?TIMER
            CODE    5293H     0116H     UNIT         ?PR?KEYCONTROL_UP?MENU
            CODE    53A9H     0101H     UNIT         ?CO?MENU
            CODE    54AAH     00D3H     UNIT         ?PR?USART
            CODE    557DH     00C5H     UNIT         ?PR?_GUI_STRING?LCD
            CODE    5642H     00AEH     UNIT         ?PR?_UART_BASE_MSPINIT?USART
            CODE    56F0H     00A8H     UNIT         ?PR?CONTROL
            CODE    5798H     00A4H     UNIT         ?PR?SYSTEMINIT?MAIN
BL51 BANKED LINKER/LOCATER V6.22.2.0                                                  01/15/2022  12:19:58  PAGE 3


            CODE    583CH     0098H     UNIT         ?PR?_GETCRC16?REPORT
            CODE    58D4H     0096H     UNIT         ?PR?UART2_ISR?USART
            CODE    596AH     0096H     UNIT         ?PR?UART3_ISR?USART
            CODE    5A00H     0090H     UNIT         ?PR?UART1_ISR?USART
            CODE    5A90H     008EH     UNIT         ?PR?KEY_CHICK?KEY
            CODE    5B1EH     008CH     UNIT         ?PR?REPORT
            CODE    5BAAH     008CH     UNIT         ?PR?UART4_ISR?USART
            CODE    5C36H     008CH     UNIT         ?C_C51STARTUP
            CODE    5CC2H     0087H     UNIT         ?PR?PASSWORDCHANGEUISHOW?CONTROL
            CODE    5D49H     0087H     UNIT         ?PR?_STRNCMP?STRNCMP
            CODE    5DD0H     007CH     UNIT         ?PR?UART_HANDLE?REPORT
            CODE    5E4CH     007BH     UNIT         ?PR?IAP_FLASH_IINIT?MAIN
            CODE    5EC7H     007BH     UNIT         ?PR?KEYMAIN_ENTER?MENU
            CODE    5F42H     0077H     UNIT         ?PR?_INIT_LISTQUEUE?REPORT
            CODE    5FB9H     0075H     UNIT         ?PR?KEYEVENT?MENU
            CODE    602EH     0071H     UNIT         ?PR?LCD
            CODE    609FH     006CH     UNIT         ?PR?_UARTX_SENDSTR?USART
            CODE    610BH     006AH     UNIT         ?PR?INITIAL_LCD?LCD
            CODE    6175H     0069H     UNIT         ?PR?INIT_ALL?MAIN
            CODE    61DEH     0069H     UNIT         ?PR?_PASSWORDINPUT?CONTROL
            CODE    6247H     0069H     UNIT         ?PR?CHECK_PASSWORDBITS?MENU
            CODE    62B0H     0068H     UNIT         ?PR?WORKMODEUISHOW?CONTROL
            CODE    6318H     0064H     UNIT         ?PR?KEYBAUD_ENTER?MENU
            CODE    637CH     0063H     UNIT         ?CO?MAIN
            CODE    63DFH     0060H     UNIT         ?PR?KEYBAUD_UP?MENU
            CODE    643FH     0060H     UNIT         ?PR?KEYBAUD_DOWN?MENU
            CODE    649FH     0060H     UNIT         ?PR?IAPCONFIGWAITTIME?EEPROM
            CODE    64FFH     005FH     UNIT         ?PR?HOTSPOTSETTINGUISHOW?CONTROL
            CODE    655EH     005BH     UNIT         ?PR?_GETFRONTPARM?LCD
            CODE    65B9H     0057H     UNIT         ?PR?KEYMENU_UP?MENU
            CODE    6610H     0057H     UNIT         ?PR?KEYMENU_DOWN?MENU
            CODE    6667H     0056H     UNIT         ?PR?TIMER
            CODE    66BDH     0051H     UNIT         ?PR?_GETCHINDEX?LCD
            CODE    670EH     004EH     UNIT         ?PR?PLCPOWERUISHOW?CONTROL
            CODE    675CH     0047H     UNIT         ?PR?_EXE_APPOINT_CMD?WIFI
            CODE    67A3H     0045H     UNIT         ?PR?REFRESHMENUDISP?MENU
            CODE    67E8H     0044H     UNIT         ?PR?REFRESHBAUDDISP?MENU
            CODE    682CH     0043H     UNIT         ?PR?_TIM_BASE_MSPINIT?TIMER
            CODE    686FH     0042H     UNIT         ?PR?KEYCONTROL_CANCEL?MENU
            CODE    68B1H     0042H     UNIT         ?PR?WIFI
            CODE    68F3H     003DH     UNIT         ?PR?KEYMAIN_DOWN?MENU
            CODE    6930H     003CH     UNIT         ?PR?COMMUNICAUISHOW?CONTROL
            CODE    696CH     003CH     UNIT         ?PR?BAUDSETTINGUI1SHOW?CONTROL
            CODE    69A8H     003AH     UNIT         ?PR?KEYMAIN_UP?MENU
            CODE    69E2H     0038H     UNIT         ?PR?CONTROLSAVE?CONTROL
            CODE    6A1AH     0037H     UNIT         ?PR?WIFI_INIT?WIFI
            CODE    6A51H     0036H     UNIT         ?PR?EEPROM
            CODE    6A87H     0036H     UNIT         ?PR?_LCD_ADDRESS?LCD
            CODE    6ABDH     0035H     UNIT         ?PR?BAUDSETTINGUI2SHOW?CONTROL
            CODE    6AF2H     0035H     UNIT         ?PR?BAUDSETTINGUI3SHOW?CONTROL
            CODE    6B27H     0035H     UNIT         ?PR?BAUDSETTINGUI4SHOW?CONTROL
            CODE    6B5CH     0034H     UNIT         ?PR?_GET_TARGET_CHANNEL?REPORT
            CODE    6B90H     0034H     UNIT         ?PR?_GET_TARGET_UART?REPORT
            CODE    6BC4H     0031H     UNIT         ?PR?_LCDDLY?MENU
            CODE    6BF5H     0031H     UNIT         ?PR?WIFI_EXIT_TRT?WIFI
            CODE    6C26H     0030H     UNIT         ?PR?CHECKIAP_FLASH?MAIN
            CODE    6C56H     002FH     UNIT         ?PR?_IAPREAD?EEPROM
BL51 BANKED LINKER/LOCATER V6.22.2.0                                                  01/15/2022  12:19:58  PAGE 4


            CODE    6C85H     002DH     UNIT         ?PR?BAUDINIT?CONTROL
            CODE    6CB2H     002DH     UNIT         ?PR?RELOADSETTINGUISHOW?CONTROL
            CODE    6CDFH     002CH     UNIT         ?PR?_IAPWRITE_BUFF?EEPROM
            CODE    6D0BH     002CH     UNIT         ?PR?_TRANSFER_COMMAND?LCD
            CODE    6D37H     002CH     UNIT         ?PR?_TRANSFER_DATA?LCD
            CODE    6D63H     002BH     UNIT         ?PR?_IAPREAD_BUFF?EEPROM
            CODE    6D8EH     002AH     UNIT         ?PR?PASSWORDINPUTUISHOW?CONTROL
            CODE    6DB8H     002AH     UNIT         ?PR?PFUNC
            CODE    6DE2H     0028H     UNIT         ?PR?TIMER0_INIT?TIMER
            CODE    6E0AH     0027H     UNIT         ?PR?CONTROLINIT?CONTROL
            CODE    6E31H     0026H     UNIT         ?PR?KEYMAIN_MENU?MENU
            CODE    6E57H     0026H     UNIT         ?PR?_IAPPROGRAM?EEPROM
            CODE    6E7DH     0026H     UNIT         ?PR?_IAPERASE?EEPROM
            CODE    6EA3H     0026H     UNIT         ?PR?CLEAR_SCREEN?LCD
            CODE    6EC9H     0025H     UNIT         ?PR?PASSWORDJUDGE?CONTROL
            CODE    6EEEH     0025H     UNIT         ?CO?PFUNC
            CODE    6F13H     0022H     UNIT         ?PR?UART1_INIT?USART
            CODE    6F35H     0022H     UNIT         ?PR?_BUSY_AWAIT?USART
            CODE    6F57H     001FH     UNIT         ?PR?UART2_INIT?USART
            CODE    6F76H     001EH     UNIT         ?PR?MAIN
            CODE    6F94H     001EH     UNIT         ?CO?REPORT
            CODE    6FB2H     001EH     UNIT         ?PR?KEYMENU_ENTER?MENU
            CODE    6FD0H     001EH     UNIT         ?PR?UART3_INIT?USART
            CODE    6FEEH     001EH     UNIT         ?PR?UART4_INIT?USART
            CODE    700CH     001CH     UNIT         ?PR?_DELAY_MS?TIMER
            CODE    7028H     001BH     UNIT         ?PR?KEYMAIN_CANCEL?MENU
            CODE    7043H     001BH     UNIT         ?PR?KEYCONTROL_MENU?MENU
            CODE    705EH     0019H     UNIT         ?PR?_LOOPINDEX?PFUNC
            CODE    7077H     0019H     UNIT         ?PR?WIFI_OPEN_AP?WIFI
            CODE    7090H     0019H     UNIT         ?PR?WIFI_CLOSE_AP?WIFI
            CODE    70A9H     0018H     UNIT         ?PR?_INPUTOFFECT?CONTROL
            CODE    70C1H     0018H     UNIT         ?PR?SCREENSAVERUISHOW?CONTROL
            CODE    70D9H     0011H     UNIT         ?PR?KEYBAUD_CANCEL?MENU
            CODE    70EAH     0010H     UNIT         ?PR?KEYMENU_CANCEL?MENU
            CODE    70FAH     000FH     UNIT         ?PR?MODE_MASTER?CONTROL
            CODE    7109H     000DH     UNIT         ?PR?IAPIDLE?EEPROM
            CODE    7116H     000CH     UNIT         ?PR?_WIFI_ENABLE?WIFI
            CODE    7122H     000BH     UNIT         ?PR?MAIN?MAIN
            CODE    712DH     0009H     UNIT         ?PR?POWERINIT?CONTROL
            CODE    7136H     0009H     UNIT         ?PR?MODE_SLAVE?CONTROL
            CODE    713FH     0009H     UNIT         ?PR?LCDSHOWINIT?MENU
            CODE    7148H     0009H     UNIT         ?PR?BAUD_SETTING?MENU
            CODE    7151H     0009H     UNIT         ?PR?DELAY1MS?TIMER
            CODE    715AH     0007H     UNIT         ?PR?SET_OTHERPACT?CONTROL
            CODE    7161H     0007H     UNIT         ?PR?SET_PPIPACT?CONTROL
            CODE    7168H     0006H     UNIT         ?PR?GPIO



OVERLAY MAP OF MODULE:   .\Objects\WIRELESS_PLC (MAIN)


SEGMENT                                    XDATA_GROUP
  +--> CALLED SEGMENT                    START    LENGTH
--------------------------------------------------------
?PR?UART1_ISR?USART                      -----    -----
  +--> ?PR?USART
BL51 BANKED LINKER/LOCATER V6.22.2.0                                                  01/15/2022  12:19:58  PAGE 5



*** NEW ROOT ***************************************************

?PR?UART2_ISR?USART                      -----    -----
  +--> ?PR?USART

*** NEW ROOT ***************************************************

?PR?UART3_ISR?USART                      -----    -----
  +--> ?PR?USART

*** NEW ROOT ***************************************************

?PR?UART4_ISR?USART                      -----    -----
  +--> ?PR?USART

*** NEW ROOT ***************************************************

?PR?TIMER0_ISR?TIMER                     -----    -----
  +--> ?PR?TIMER

*** NEW ROOT ***************************************************

?C_C51STARTUP                            -----    -----
  +--> ?PR?MAIN?MAIN
  +--> ?C_INITSEG

?PR?MAIN?MAIN                            -----    -----
  +--> ?PR?SYSTEMINIT?MAIN
  +--> ?PR?KEYEVENT?MENU
  +--> ?PR?UART_HANDLE?REPORT

?PR?SYSTEMINIT?MAIN                      -----    -----
  +--> ?PR?INIT_ALL?MAIN
  +--> ?PR?INITIAL_LCD?LCD
  +--> ?PR?IAP_FLASH_IINIT?MAIN
  +--> ?PR?TIMER0_INIT?TIMER
  +--> ?PR?UART1_INIT?USART
  +--> ?PR?UART2_INIT?USART
  +--> ?PR?UART3_INIT?USART
  +--> ?PR?UART4_INIT?USART
  +--> ?PR?CONTROLINIT?CONTROL
  +--> ?PR?LCDSHOWINIT?MENU
  +--> ?PR?WIFI_INIT?WIFI
  +--> ?PR?CONTROLSAVE?CONTROL
  +--> ?PR?_WIFI_ENABLE?WIFI
  +--> ?PR?_DELAY_MS?TIMER
  +--> ?PR?_INIT_LISTQUEUE?REPORT

?PR?INIT_ALL?MAIN                        1C80H    0002H
  +--> ?PR?MAIN
  +--> ?PR?_GPIO_INILIZE?GPIO

?PR?_GPIO_INILIZE?GPIO                   -----    -----
  +--> ?PR?GPIO

?PR?INITIAL_LCD?LCD                      -----    -----
BL51 BANKED LINKER/LOCATER V6.22.2.0                                                  01/15/2022  12:19:58  PAGE 6


  +--> ?PR?_DELAY_MS?TIMER
  +--> ?PR?_TRANSFER_COMMAND?LCD
  +--> ?PR?CLEAR_SCREEN?LCD

?PR?_DELAY_MS?TIMER                      1C89H    0002H
  +--> ?PR?DELAY1MS?TIMER

?PR?_TRANSFER_COMMAND?LCD                -----    -----
  +--> ?PR?LCD

?PR?LCD                                  -----    -----
  +--> ?PR?_LCD_ADDRESS?LCD

?PR?CLEAR_SCREEN?LCD                     -----    -----
  +--> ?PR?LCD
  +--> ?PR?_TRANSFER_COMMAND?LCD
  +--> ?PR?_TRANSFER_DATA?LCD

?PR?_TRANSFER_DATA?LCD                   -----    -----
  +--> ?PR?LCD

?PR?IAP_FLASH_IINIT?MAIN                 -----    -----
  +--> ?PR?CHECKIAP_FLASH?MAIN
  +--> ?CO?MAIN
  +--> ?PR?MAIN
  +--> ?PR?_GUI_STRING?LCD
  +--> ?PR?_DELAY_MS?TIMER
  +--> ?PR?_IAPERASE?EEPROM
  +--> ?PR?_IAPWRITE_BUFF?EEPROM
  +--> ?PR?CLEAR_SCREEN?LCD

?PR?CHECKIAP_FLASH?MAIN                  -----    -----
  +--> ?PR?MAIN
  +--> ?PR?_IAPREAD_BUFF?EEPROM
  +--> ?PR?_GETCRC16?REPORT

?PR?_IAPREAD_BUFF?EEPROM                 1C80H    0006H
  +--> ?PR?EEPROM
  +--> ?PR?_IAPREAD?EEPROM

?PR?_IAPREAD?EEPROM                      1C86H    0001H
  +--> ?PR?IAPCONFIGWAITTIME?EEPROM
  +--> ?PR?EEPROM

?PR?IAPCONFIGWAITTIME?EEPROM             1C8CH    0004H
  +--> ?PR?EEPROM

?PR?_GETCRC16?REPORT                     1C83H    0009H

?PR?_GUI_STRING?LCD                      1C86H    0009H
  +--> ?PR?_GETFRONTPARM?LCD
  +--> ?PR?LCD
  +--> ?PR?_GETCHINDEX?LCD
  +--> ?PR?_GUI_LATTICE?LCD

?PR?_GETFRONTPARM?LCD                    -----    -----
  +--> ?CO?CHINESE_CODE
BL51 BANKED LINKER/LOCATER V6.22.2.0                                                  01/15/2022  12:19:58  PAGE 7



?PR?_GETCHINDEX?LCD                      1C8FH    0002H
  +--> ?CO?CHINESE_CODE

?PR?_GUI_LATTICE?LCD                     1C8FH    000FH
  +--> ?PR?LCD
  +--> ?PR?_LCD_ADDRESS?LCD
  +--> ?PR?_TRANSFER_DATA?LCD

?PR?_IAPERASE?EEPROM                     1C83H    0002H
  +--> ?PR?IAPCONFIGWAITTIME?EEPROM
  +--> ?PR?EEPROM
  +--> ?PR?IAPIDLE?EEPROM
  +--> ?PR?_DELAY_MS?TIMER

?PR?_IAPWRITE_BUFF?EEPROM                1C83H    0006H
  +--> ?PR?EEPROM
  +--> ?PR?_IAPPROGRAM?EEPROM

?PR?_IAPPROGRAM?EEPROM                   1C89H    0003H
  +--> ?PR?IAPCONFIGWAITTIME?EEPROM
  +--> ?PR?EEPROM
  +--> ?PR?IAPIDLE?EEPROM

?PR?TIMER0_INIT?TIMER                    -----    -----
  +--> ?PR?_TIM_BASE_MSPINIT?TIMER

?PR?UART1_INIT?USART                     -----    -----
  +--> ?PR?USART
  +--> ?PR?_UART_BASE_MSPINIT?USART

?PR?_UART_BASE_MSPINIT?USART             -----    -----
  +--> ?PR?USART

?PR?UART2_INIT?USART                     -----    -----
  +--> ?PR?USART
  +--> ?PR?_UART_BASE_MSPINIT?USART

?PR?UART3_INIT?USART                     -----    -----
  +--> ?PR?USART
  +--> ?PR?_UART_BASE_MSPINIT?USART

?PR?UART4_INIT?USART                     -----    -----
  +--> ?PR?USART
  +--> ?PR?_UART_BASE_MSPINIT?USART

?PR?CONTROLINIT?CONTROL                  -----    -----
  +--> ?PR?BAUDINIT?CONTROL
  +--> ?PR?POWERINIT?CONTROL
  +--> ?PR?COMMUNICAINIT?CONTROL
  +--> ?PR?SET_OTHERPACT?CONTROL
  +--> ?PR?SET_PPIPACT?CONTROL

?PR?BAUDINIT?CONTROL                     -----    -----
  +--> ?PR?CONTROL

?PR?CONTROL                              -----    -----
BL51 BANKED LINKER/LOCATER V6.22.2.0                                                  01/15/2022  12:19:58  PAGE 8


  +--> ?CO?CHINESE_CODE

?PR?COMMUNICAINIT?CONTROL                -----    -----
  +--> ?PR?_WIFI_ENABLE?WIFI

?PR?LCDSHOWINIT?MENU                     -----    -----
  +--> ?PR?SCREENSAVERUISHOW?CONTROL
  +--> ?PR?_LCDSHOW?MENU

?PR?SCREENSAVERUISHOW?CONTROL            -----    -----
  +--> ?PR?CLEAR_SCREEN?LCD
  +--> ?PR?CONTROL
  +--> ?CO?CHINESE_CODE
  +--> ?PR?_GUI_LATTICE?LCD

?PR?WIFI_INIT?WIFI                       1C83H    0001H
  +--> ?PR?_DELAY_MS?TIMER
  +--> ?PR?WIFI
  +--> ?PR?_EXE_APPOINT_CMD?WIFI

?PR?WIFI                                 -----    -----
  +--> ?CO?WIFI

?PR?_EXE_APPOINT_CMD?WIFI                1C84H    0005H
  +--> ?PR?WIFI
  +--> ?PR?_STRLEN?STRLEN
  +--> ?PR?_UARTX_SENDSTR?USART
  +--> ?PR?_DELAY_MS?TIMER

?PR?_UARTX_SENDSTR?USART                 1C8EH    0008H
  +--> ?PR?_BUSY_AWAIT?USART
  +--> ?PR?USART

?PR?CONTROLSAVE?CONTROL                  -----    -----
  +--> ?PR?_GETCRC16?REPORT
  +--> ?PR?_IAPERASE?EEPROM
  +--> ?PR?_IAPWRITE_BUFF?EEPROM

?PR?_INIT_LISTQUEUE?REPORT               1C80H    0004H
  +--> ?PR?REPORT

?PR?KEYEVENT?MENU                        1C80H    0002H
  +--> ?PR?KEY_CHICK?KEY
  +--> ?PR?_LCDDLY?MENU

?PR?KEY_CHICK?KEY                        1C82H    0001H
  +--> ?PR?_DELAY_MS?TIMER

?PR?_LCDDLY?MENU                         -----    -----
  +--> ?PR?MENU
  +--> ?PR?SCREENSAVERUISHOW?CONTROL
  +--> ?PR?_LCDSHOW?MENU
  +--> ?PR?_PASSWORDDELETE?CONTROL

?PR?MENU                                 -----    -----
  +--> ?CO?CHINESE_CODE

BL51 BANKED LINKER/LOCATER V6.22.2.0                                                  01/15/2022  12:19:58  PAGE 9


?PR?_PASSWORDDELETE?CONTROL              1C83H    0003H
  +--> ?PR?CONTROL

?PR?UART_HANDLE?REPORT                   -----    -----
  +--> ?CO?REPORT
  +--> ?PR?REPORT

?CO?REPORT                               -----    -----
  +--> ?PR?_PUBLIC_DATAHANDLE?REPORT

?PR?_PUBLIC_DATAHANDLE?REPORT            1C80H    000EH
  +--> ?PR?_GET_TARGET_CHANNEL?REPORT
  +--> ?PR?_GET_TARGET_UART?REPORT
  +--> ?PR?REPORT
  +--> ?PR?_UARTX_SENDSTR?USART

?C_INITSEG                               -----    -----
  +--> ?CO?CONTROL
  +--> ?PR?WIFI_OPEN_AP?WIFI
  +--> ?PR?WIFI_CLOSE_AP?WIFI
  +--> ?PR?MODE_MASTER?CONTROL
  +--> ?PR?MODE_SLAVE?CONTROL
  +--> ?PR?SET_OTHERPACT?CONTROL
  +--> ?PR?SET_PPIPACT?CONTROL
  +--> ?CO?MENU
  +--> ?PR?PLCPOWERUISHOW?CONTROL
  +--> ?PR?COMMUNICAUISHOW?CONTROL
  +--> ?PR?WORKMODEUISHOW?CONTROL
  +--> ?PR?PACTUISHOW?CONTROL
  +--> ?PR?PASSWORDCHANGEUISHOW?CONTROL
  +--> ?PR?BAUD_SETTING?MENU
  +--> ?PR?HOTSPOTSETTINGUISHOW?CONTROL
  +--> ?PR?RELOADSETTINGUISHOW?CONTROL
  +--> ?PR?BAUDSETTINGUI1SHOW?CONTROL
  +--> ?PR?BAUDSETTINGUI2SHOW?CONTROL
  +--> ?PR?BAUDSETTINGUI3SHOW?CONTROL
  +--> ?PR?BAUDSETTINGUI4SHOW?CONTROL
  +--> ?PR?KEYMAIN_UP?MENU
  +--> ?PR?KEYMAIN_DOWN?MENU
  +--> ?PR?KEYMAIN_ENTER?MENU
  +--> ?PR?KEYMAIN_CANCEL?MENU
  +--> ?PR?KEYMAIN_MENU?MENU
  +--> ?PR?KEYMENU_UP?MENU
  +--> ?PR?KEYMENU_DOWN?MENU
  +--> ?PR?KEYMENU_ENTER?MENU
  +--> ?PR?KEYMENU_CANCEL?MENU
  +--> ?PR?KEYMENU_MENU?MENU
  +--> ?PR?KEYCONTROL_UP?MENU
  +--> ?PR?KEYCONTROL_DOWN?MENU
  +--> ?PR?KEYCONTROL_ENTER?MENU
  +--> ?PR?KEYCONTROL_CANCEL?MENU
  +--> ?PR?KEYCONTROL_MENU?MENU
  +--> ?PR?KEYBAUD_UP?MENU
  +--> ?PR?KEYBAUD_DOWN?MENU
  +--> ?PR?KEYBAUD_ENTER?MENU
  +--> ?PR?KEYBAUD_CANCEL?MENU
  +--> ?PR?KEYBAUD_MENU?MENU
BL51 BANKED LINKER/LOCATER V6.22.2.0                                                  01/15/2022  12:19:58  PAGE 10



?PR?WIFI_OPEN_AP?WIFI                    -----    -----
  +--> ?PR?WIFI_EXIT_TRT?WIFI
  +--> ?PR?WIFI
  +--> ?PR?_EXE_APPOINT_CMD?WIFI
  +--> ?CO?WIFI

?PR?WIFI_EXIT_TRT?WIFI                   1C80H    0001H
  +--> ?PR?WIFI
  +--> ?PR?_EXE_APPOINT_CMD?WIFI

?PR?WIFI_CLOSE_AP?WIFI                   -----    -----
  +--> ?PR?WIFI_EXIT_TRT?WIFI
  +--> ?PR?WIFI
  +--> ?PR?_EXE_APPOINT_CMD?WIFI
  +--> ?CO?WIFI

?PR?PLCPOWERUISHOW?CONTROL               -----    -----
  +--> ?PR?CLEAR_SCREEN?LCD
  +--> ?CO?CONTROL
  +--> ?PR?CONTROL
  +--> ?PR?_GUI_STRING?LCD
  +--> ?CO?CHINESE_CODE
  +--> ?PR?_GUI_LATTICE?LCD

?PR?COMMUNICAUISHOW?CONTROL              -----    -----
  +--> ?PR?CLEAR_SCREEN?LCD
  +--> ?PR?CONTROL
  +--> ?CO?CHINESE_CODE
  +--> ?PR?_GUI_LATTICE?LCD
  +--> ?CO?CONTROL
  +--> ?PR?_GUI_STRING?LCD

?PR?WORKMODEUISHOW?CONTROL               -----    -----
  +--> ?PR?CLEAR_SCREEN?LCD
  +--> ?CO?CONTROL
  +--> ?PR?CONTROL
  +--> ?PR?_GUI_STRING?LCD
  +--> ?PR?_GUI_LATTICE?LCD

?PR?PACTUISHOW?CONTROL                   -----    -----
  +--> ?PR?CLEAR_SCREEN?LCD
  +--> ?CO?CONTROL
  +--> ?PR?_GUI_STRING?LCD
  +--> ?PR?CONTROL
  +--> ?PR?_GUI_LATTICE?LCD

?PR?PASSWORDCHANGEUISHOW?CONTROL         1C83H    0003H
  +--> ?PR?CLEAR_SCREEN?LCD
  +--> ?PR?_MYITOA?PFUNC
  +--> ?PR?CONTROL
  +--> ?PR?_GUI_STRING?LCD
  +--> ?CO?CHINESE_CODE
  +--> ?PR?_GUI_LATTICE?LCD
  +--> ?CO?CONTROL

?PR?_MYITOA?PFUNC                        1C86H    0035H
BL51 BANKED LINKER/LOCATER V6.22.2.0                                                  01/15/2022  12:19:58  PAGE 11


  +--> ?CO?PFUNC
  +--> ?PR?PFUNC

?PR?BAUD_SETTING?MENU                    -----    -----
  +--> ?PR?REFRESHBAUDDISP?MENU
  +--> ?PR?_LCDSHOW?MENU

?PR?REFRESHBAUDDISP?MENU                 1C83H    0001H
  +--> ?PR?CLEAR_SCREEN?LCD
  +--> ?PR?MENU
  +--> ?PR?_GUI_STRING?LCD
  +--> ?PR?_GUI_LATTICE?LCD

?PR?HOTSPOTSETTINGUISHOW?CONTROL         -----    -----
  +--> ?PR?CLEAR_SCREEN?LCD
  +--> ?CO?CONTROL
  +--> ?PR?CONTROL
  +--> ?PR?_GUI_STRING?LCD
  +--> ?PR?_GUI_LATTICE?LCD

?PR?RELOADSETTINGUISHOW?CONTROL          -----    -----
  +--> ?PR?CLEAR_SCREEN?LCD
  +--> ?CO?CONTROL
  +--> ?PR?CONTROL
  +--> ?PR?_GUI_STRING?LCD

?PR?BAUDSETTINGUI1SHOW?CONTROL           -----    -----
  +--> ?PR?CLEAR_SCREEN?LCD
  +--> ?CO?CONTROL
  +--> ?PR?CONTROL
  +--> ?PR?_GUI_STRING?LCD
  +--> ?PR?_GUI_LATTICE?LCD
  +--> ?CO?CHINESE_CODE

?PR?BAUDSETTINGUI2SHOW?CONTROL           -----    -----
  +--> ?PR?CLEAR_SCREEN?LCD
  +--> ?CO?CONTROL
  +--> ?PR?CONTROL
  +--> ?PR?_GUI_STRING?LCD
  +--> ?PR?_GUI_LATTICE?LCD

?PR?BAUDSETTINGUI3SHOW?CONTROL           -----    -----
  +--> ?PR?CLEAR_SCREEN?LCD
  +--> ?CO?CONTROL
  +--> ?PR?CONTROL
  +--> ?PR?_GUI_STRING?LCD
  +--> ?PR?_GUI_LATTICE?LCD

?PR?BAUDSETTINGUI4SHOW?CONTROL           -----    -----
  +--> ?PR?CLEAR_SCREEN?LCD
  +--> ?CO?CONTROL
  +--> ?PR?CONTROL
  +--> ?PR?_GUI_STRING?LCD
  +--> ?PR?_GUI_LATTICE?LCD

?PR?KEYMAIN_UP?MENU                      1C80H    0003H
  +--> ?PR?MENU
BL51 BANKED LINKER/LOCATER V6.22.2.0                                                  01/15/2022  12:19:58  PAGE 12


  +--> ?PR?_PASSWORDINPUT?CONTROL
  +--> ?CO?MENU
  +--> ?PR?_MYITOA?PFUNC
  +--> ?PR?_GUI_STRING?LCD

?PR?_PASSWORDINPUT?CONTROL               1C83H    0003H
  +--> ?PR?CONTROL

?PR?KEYMAIN_DOWN?MENU                    1C80H    0003H
  +--> ?PR?MENU
  +--> ?PR?_PASSWORDINPUT?CONTROL
  +--> ?CO?MENU
  +--> ?PR?_MYITOA?PFUNC
  +--> ?PR?_GUI_STRING?LCD

?PR?KEYMAIN_ENTER?MENU                   -----    -----
  +--> ?PR?MENU
  +--> ?PR?PASSWORDJUDGE?CONTROL
  +--> ?CO?MENU
  +--> ?PR?_STRNCMP?STRNCMP
  +--> ?PR?REFRESHMENUDISP?MENU
  +--> ?PR?_LCDSHOW?MENU
  +--> ?PR?_PASSWORDDELETE?CONTROL
  +--> ?PR?CLEAR_SCREEN?LCD
  +--> ?PR?_GUI_STRING?LCD
  +--> ?PR?_DELAY_MS?TIMER
  +--> ?PR?PASSWORDINPUTUISHOW?CONTROL

?PR?PASSWORDJUDGE?CONTROL                1C83H    0028H
  +--> ?PR?_STRNCMP?STRNCMP

?PR?_STRNCMP?STRNCMP                     1CABH    0008H

?PR?REFRESHMENUDISP?MENU                 1C83H    0001H
  +--> ?PR?CLEAR_SCREEN?LCD
  +--> ?PR?MENU
  +--> ?PR?_GUI_STRING?LCD
  +--> ?PR?_GUI_LATTICE?LCD

?PR?PASSWORDINPUTUISHOW?CONTROL          -----    -----
  +--> ?PR?CLEAR_SCREEN?LCD
  +--> ?CO?CHINESE_CODE
  +--> ?PR?_GUI_LATTICE?LCD
  +--> ?CO?CONTROL
  +--> ?PR?CONTROL
  +--> ?PR?_GUI_STRING?LCD

?PR?KEYMAIN_CANCEL?MENU                  -----    -----
  +--> ?PR?MENU
  +--> ?PR?SCREENSAVERUISHOW?CONTROL
  +--> ?PR?_LCDSHOW?MENU
  +--> ?PR?_PASSWORDDELETE?CONTROL

?PR?KEYMAIN_MENU?MENU                    -----    -----
  +--> ?PR?PASSWORDINPUTUISHOW?CONTROL
  +--> ?PR?_LCDSHOW?MENU
  +--> ?PR?MENU
BL51 BANKED LINKER/LOCATER V6.22.2.0                                                  01/15/2022  12:19:58  PAGE 13


  +--> ?PR?_INPUTOFFECT?CONTROL

?PR?KEYMENU_UP?MENU                      -----    -----
  +--> ?PR?MENU
  +--> ?PR?_LOOPINDEX?PFUNC
  +--> ?PR?REFRESHMENUDISP?MENU
  +--> ?PR?_LCDSHOW?MENU

?PR?KEYMENU_DOWN?MENU                    -----    -----
  +--> ?PR?MENU
  +--> ?PR?_LOOPINDEX?PFUNC
  +--> ?PR?REFRESHMENUDISP?MENU
  +--> ?PR?_LCDSHOW?MENU

?PR?KEYMENU_ENTER?MENU                   -----    -----
  +--> ?PR?MENU
  +--> ?PR?_LCDSHOW?MENU

?PR?KEYMENU_CANCEL?MENU                  -----    -----
  +--> ?PR?MENU
  +--> ?PR?SCREENSAVERUISHOW?CONTROL
  +--> ?PR?_LCDSHOW?MENU
  +--> ?PR?_PASSWORDDELETE?CONTROL

?PR?KEYCONTROL_UP?MENU                   1C80H    0003H
  +--> ?PR?MENU
  +--> ?CO?MENU
  +--> ?PR?_MYITOA?PFUNC
  +--> ?PR?COMMUNICAUISHOW?CONTROL
  +--> ?PR?_LCDSHOW?MENU
  +--> ?PR?_LOOPINDEX?PFUNC
  +--> ?PR?REFRESHBAUDDISP?MENU
  +--> ?PR?_GUI_STRING?LCD
  +--> ?PR?_PASSWORDINPUT?CONTROL

?PR?KEYCONTROL_DOWN?MENU                 1C80H    0003H
  +--> ?PR?MENU
  +--> ?CO?MENU
  +--> ?PR?_MYITOA?PFUNC
  +--> ?PR?COMMUNICAUISHOW?CONTROL
  +--> ?PR?_LCDSHOW?MENU
  +--> ?PR?_LOOPINDEX?PFUNC
  +--> ?PR?REFRESHBAUDDISP?MENU
  +--> ?PR?_GUI_STRING?LCD
  +--> ?PR?_PASSWORDINPUT?CONTROL

?PR?KEYCONTROL_ENTER?MENU                1C80H    0003H
  +--> ?PR?CHECK_PASSWORDBITS?MENU
  +--> ?PR?MENU
  +--> ?PR?_MYITOA?PFUNC
  +--> ?PR?_GUI_STRING?LCD
  +--> ?CO?CHINESE_CODE
  +--> ?PR?_GUI_LATTICE?LCD
  +--> ?PR?PASSWORDJUDGE?CONTROL
  +--> ?PR?CONTROLSAVE?CONTROL
  +--> ?PR?_PASSWORDDELETE?CONTROL
  +--> ?PR?REFRESHMENUDISP?MENU
BL51 BANKED LINKER/LOCATER V6.22.2.0                                                  01/15/2022  12:19:58  PAGE 14


  +--> ?PR?CLEAR_SCREEN?LCD
  +--> ?CO?MENU
  +--> ?PR?PASSWORDCHANGEUISHOW?CONTROL
  +--> ?PR?_LCDSHOW?MENU
  +--> ?PR?PLCPOWERUISHOW?CONTROL
  +--> ?PR?_WIFI_ENABLE?WIFI
  +--> ?PR?_IAPERASE?EEPROM
  +--> ?PR?_IAPWRITE_BUFF?EEPROM
  +--> ?PR?BAUDINIT?CONTROL
  +--> ?PR?POWERINIT?CONTROL
  +--> ?PR?COMMUNICAINIT?CONTROL
  +--> ?PR?WIFI_INIT?WIFI
  +--> ?PR?_DELAY_MS?TIMER

?PR?CHECK_PASSWORDBITS?MENU              -----    -----
  +--> ?PR?CLEAR_SCREEN?LCD
  +--> ?CO?MENU
  +--> ?PR?MENU
  +--> ?PR?_GUI_STRING?LCD
  +--> ?PR?_PASSWORDDELETE?CONTROL
  +--> ?PR?_DELAY_MS?TIMER
  +--> ?PR?PASSWORDCHANGEUISHOW?CONTROL
  +--> ?PR?_LCDSHOW?MENU

?PR?KEYCONTROL_CANCEL?MENU               -----    -----
  +--> ?PR?MENU
  +--> ?PR?_PASSWORDDELETE?CONTROL
  +--> ?PR?REFRESHMENUDISP?MENU
  +--> ?PR?_LCDSHOW?MENU

?PR?KEYCONTROL_MENU?MENU                 -----    -----
  +--> ?PR?MENU
  +--> ?PR?_INPUTOFFECT?CONTROL

?PR?KEYBAUD_UP?MENU                      -----    -----
  +--> ?PR?MENU
  +--> ?PR?_LOOPINDEX?PFUNC
  +--> ?PR?_GUI_STRING?LCD

?PR?KEYBAUD_DOWN?MENU                    -----    -----
  +--> ?PR?MENU
  +--> ?PR?_LOOPINDEX?PFUNC
  +--> ?PR?_GUI_STRING?LCD

?PR?KEYBAUD_ENTER?MENU                   -----    -----
  +--> ?PR?MENU
  +--> ?PR?CONTROLSAVE?CONTROL
  +--> ?PR?CLEAR_SCREEN?LCD
  +--> ?CO?MENU
  +--> ?PR?_GUI_STRING?LCD
  +--> ?PR?_DELAY_MS?TIMER
  +--> ?PR?KEYBAUD_CANCEL?MENU

?PR?KEYBAUD_CANCEL?MENU                  -----    -----
  +--> ?PR?REFRESHBAUDDISP?MENU
  +--> ?PR?_LCDSHOW?MENU

BL51 BANKED LINKER/LOCATER V6.22.2.0                                                  01/15/2022  12:19:58  PAGE 15




SYMBOL TABLE OF MODULE:  .\Objects\WIRELESS_PLC (MAIN)

  VALUE           TYPE          NAME
  ----------------------------------

  -------         MODULE        MAIN
  C:0000H         SYMBOL        _ICE_DUMMY_
  D:0080H         PUBLIC        P0
  D:0090H         PUBLIC        P1
  D:00A0H         PUBLIC        P2
  D:00B0H         PUBLIC        P3
  D:00C0H         PUBLIC        P4
  D:00C8H         PUBLIC        P5
  B:00A8H.7       PUBLIC        EA
  D:00E8H         PUBLIC        P6
  D:00F8H         PUBLIC        P7
  D:00A8H         PUBLIC        IE
  C:6175H         PUBLIC        Init_All
  X:1CE8H         PUBLIC        System_Parameter
  D:00B8H         PUBLIC        IP
  D:00D8H         PUBLIC        CCON
  C:7122H         PUBLIC        main
  D:0098H         PUBLIC        SCON
  D:0088H         PUBLIC        TCON
  B:00A0H.7       PUBLIC        P27
  C:5798H         SYMBOL        systemInit
  D:008EH         PUBLIC        AUXR
  C:5E4CH         SYMBOL        Iap_Flash_Iinit
  C:6C26H         PUBLIC        CheckIap_Flash
  D:00D0H         PUBLIC        PSW
  C:6F76H         SYMBOL        Com0010
  C:6F76H         SYMBOL        L?0017
  C:6F77H         SYMBOL        L?0018
  C:6F7FH         SYMBOL        L?0019
  C:6F81H         SYMBOL        L?0020
  C:6F8AH         SYMBOL        L?0022
  -------         PROC          COM0010
  -------         ENDPROC       COM0010
  -------         PROC          MAIN
  C:7122H         LINE#         26
  C:7122H         LINE#         27
  C:7122H         LINE#         30
  C:7125H         LINE#         32
  C:7125H         LINE#         33
  C:7125H         LINE#         34
  C:7128H         LINE#         36
  C:712BH         LINE#         39
  -------         ENDPROC       MAIN
  C:5820H         SYMBOL        L?0015
  C:582EH         SYMBOL        L?0023
  -------         PROC          SYSTEMINIT
  C:5798H         LINE#         42
  C:5798H         LINE#         43
  C:5798H         LINE#         44
  C:579BH         LINE#         46
BL51 BANKED LINKER/LOCATER V6.22.2.0                                                  01/15/2022  12:19:58  PAGE 16


  C:579EH         LINE#         49
  C:57A2H         LINE#         50
  C:57ACH         LINE#         53
  C:57B0H         LINE#         54
  C:57BAH         LINE#         57
  C:57BEH         LINE#         58
  C:57C8H         LINE#         61
  C:57CCH         LINE#         62
  C:57D6H         LINE#         66
  C:57D9H         LINE#         68
  C:57DCH         LINE#         70
  C:57DFH         LINE#         71
  C:57E6H         LINE#         75
  C:57E9H         LINE#         77
  C:57ECH         LINE#         79
  C:57EFH         LINE#         81
  C:57F2H         LINE#         83
  C:57F4H         LINE#         85
  C:57F7H         LINE#         87
  C:57F9H         LINE#         91
  C:57FCH         LINE#         92
  C:5802H         LINE#         93
  C:5802H         LINE#         95
  C:5805H         LINE#         96
  C:580BH         LINE#         98
  C:580EH         LINE#         99
  C:580EH         LINE#         101
  C:580EH         LINE#         102
  C:5813H         LINE#         103
  C:581AH         LINE#         104
  C:581FH         LINE#         105
  C:581FH         LINE#         108
  -------         ENDPROC       SYSTEMINIT
  C:61C3H         SYMBOL        L?0021
  C:61D1H         SYMBOL        L?0024
  -------         PROC          INIT_ALL
  -------         DO            
  X:1C80H         SYMBOL        GPIO_InitStruct
  -------         ENDDO         
  C:6175H         LINE#         111
  C:6175H         LINE#         112
  C:6175H         LINE#         133
  C:617AH         LINE#         134
  C:617CH         LINE#         135
  C:6184H         LINE#         137
  C:618AH         LINE#         138
  C:618CH         LINE#         139
  C:6191H         LINE#         143
  C:6191H         LINE#         144
  C:6191H         LINE#         145
  C:6195H         LINE#         147
  C:6198H         LINE#         148
  C:619BH         LINE#         149
  C:61A3H         LINE#         153
  C:61A9H         LINE#         154
  C:61ACH         LINE#         155
  C:61B1H         LINE#         159
BL51 BANKED LINKER/LOCATER V6.22.2.0                                                  01/15/2022  12:19:58  PAGE 17


  C:61B1H         LINE#         160
  C:61B1H         LINE#         161
  C:61B6H         LINE#         164
  C:61B9H         LINE#         165
  C:61BBH         LINE#         166
  C:61C3H         LINE#         168
  -------         ENDPROC       INIT_ALL
  -------         PROC          CHECKIAP_FLASH
  -------         DO            
  D:0006H         SYMBOL        CRC
  -------         ENDDO         
  C:6C26H         LINE#         173
  C:6C26H         LINE#         174
  C:6C26H         LINE#         175
  C:6C29H         LINE#         178
  C:6C33H         LINE#         180
  C:6C46H         LINE#         182
  C:6C52H         LINE#         183
  C:6C52H         LINE#         184
  C:6C54H         LINE#         185
  C:6C54H         LINE#         186
  C:6C55H         LINE#         187
  -------         ENDPROC       CHECKIAP_FLASH
  -------         PROC          IAP_FLASH_IINIT
  C:5E4CH         LINE#         190
  C:5E4CH         LINE#         191
  C:5E4CH         LINE#         192
  C:5E53H         LINE#         193
  C:5E53H         LINE#         194
  C:5E5FH         LINE#         195
  C:5E63H         LINE#         196
  C:5E65H         LINE#         198
  C:5E65H         LINE#         199
  C:5E71H         LINE#         200
  C:5E78H         LINE#         201
  C:5E84H         LINE#         204
  C:5E8AH         LINE#         206
  C:5E9DH         LINE#         208
  C:5EA9H         LINE#         210
  C:5EB0H         LINE#         211
  C:5EB3H         LINE#         212
  C:5EBFH         LINE#         213
  C:5EC6H         LINE#         214
  C:5EC6H         LINE#         215
  -------         ENDPROC       IAP_FLASH_IINIT
  -------         ENDMOD        MAIN

  -------         MODULE        CONTROL
  C:0000H         SYMBOL        _ICE_DUMMY_
  D:0080H         PUBLIC        P0
  X:1BD6H         PUBLIC        G_Objlist_Size
  D:0090H         PUBLIC        P1
  X:1BD7H         PUBLIC        PassWordI
  D:00A0H         PUBLIC        P2
  D:00B0H         PUBLIC        P3
  D:00C0H         PUBLIC        P4
  D:00C8H         PUBLIC        P5
BL51 BANKED LINKER/LOCATER V6.22.2.0                                                  01/15/2022  12:19:58  PAGE 18


  C:6930H         PUBLIC        CommunicaUIshow
  B:00A8H.7       PUBLIC        EA
  D:00E8H         PUBLIC        P6
  D:00F8H         PUBLIC        P7
  D:00A8H         PUBLIC        IE
  C:6D8EH         PUBLIC        PassWordInputUIShow
  C:0026H         PUBLIC        _PassWordDelete
  C:62B0H         PUBLIC        WorkModeUIshow
  C:6C85H         PUBLIC        BaudInit
  C:670EH         PUBLIC        PlcPowerUIshow
  X:1BEBH         PUBLIC        G_Aplist_Size
  D:00B8H         PUBLIC        IP
  C:715AH         PUBLIC        Set_OtherPact
  C:6CB2H         PUBLIC        ReloadSettingUIshow
  D:00D8H         PUBLIC        CCON
  C:712DH         PUBLIC        PowerInit
  X:1BECH         PUBLIC        PassWordChange1
  D:0098H         PUBLIC        SCON
  X:1C00H         PUBLIC        PassWordChange2
  D:0088H         PUBLIC        TCON
  B:0080H.7       PUBLIC        P07
  C:0003H         PUBLIC        CommunicaInit
  C:64FFH         PUBLIC        HotspotSettingUIshow
  X:1C14H         PUBLIC        Baudlist
  X:1C50H         PUBLIC        G_BaudList_Size
  C:7161H         PUBLIC        Set_PpiPact
  X:1C51H         PUBLIC        Modelist
  C:5CC2H         PUBLIC        PassWordChangeUIShow
  X:1C5DH         PUBLIC        Pactlist
  C:6EC9H         PUBLIC        PassWordjudge
  C:61DEH         PUBLIC        _PassWordInput
  D:008DH         PUBLIC        TH1
  D:00D6H         PUBLIC        T2H
  D:00D4H         PUBLIC        T3H
  D:00D2H         PUBLIC        T4H
  D:008BH         PUBLIC        TL1
  D:00D7H         PUBLIC        T2L
  D:00D5H         PUBLIC        T3L
  D:00D3H         PUBLIC        T4L
  C:70FAH         PUBLIC        Mode_Master
  X:1C69H         PUBLIC        Objlist
  C:7136H         PUBLIC        Mode_Slave
  B:0098H.4       PUBLIC        REN
  D:009AH         PUBLIC        S2CON
  D:00ACH         PUBLIC        S3CON
  D:0084H         PUBLIC        S4CON
  X:1C72H         PUBLIC        G_Modelist_Size
  C:70C1H         PUBLIC        ScreensaverUiShow
  C:0046H         PUBLIC        PactUIshow
  X:1C73H         PUBLIC        G_Pactlist_Size
  C:70A9H         PUBLIC        _InputOffect
  X:1C74H         PUBLIC        Aplist
  C:696CH         PUBLIC        BaudSettingUI1show
  C:6ABDH         PUBLIC        BaudSettingUI2show
  C:69E2H         PUBLIC        ControlSave
  C:6AF2H         PUBLIC        BaudSettingUI3show
  C:6B27H         PUBLIC        BaudSettingUI4show
BL51 BANKED LINKER/LOCATER V6.22.2.0                                                  01/15/2022  12:19:58  PAGE 19


  D:00D0H         PUBLIC        PSW
  C:6E0AH         PUBLIC        ControlInit
  C:56F0H         SYMBOL        Com002C
  C:56F0H         SYMBOL        L?0045
  C:56F0H         SYMBOL        L?0046
  C:56FAH         SYMBOL        L?0047
  C:56FCH         SYMBOL        L?0048
  C:5703H         SYMBOL        L?0049
  C:5703H         SYMBOL        L?0050
  C:570FH         SYMBOL        L?0051
  C:5714H         SYMBOL        L?0052
  C:571BH         SYMBOL        L?0053
  C:5723H         SYMBOL        L?0054
  C:572BH         SYMBOL        L?0055
  C:572BH         SYMBOL        L?0056
  C:573EH         SYMBOL        L?0057
  C:573EH         SYMBOL        L?0058
  C:574BH         SYMBOL        L?0059
  C:5753H         SYMBOL        L?0060
  C:575BH         SYMBOL        L?0061
  C:5763H         SYMBOL        L?0062
  C:5768H         SYMBOL        L?0063
  C:5770H         SYMBOL        L?0064
  C:5776H         SYMBOL        L?0065
  C:577EH         SYMBOL        L?0066
  C:5780H         SYMBOL        L?0067
  C:5787H         SYMBOL        L?0068
  C:578FH         SYMBOL        L?0069
  -------         PROC          COM002C
  -------         ENDPROC       COM002C
  -------         PROC          CONTROLINIT
  C:6E0AH         LINE#         67
  C:6E0AH         LINE#         68
  C:6E0AH         LINE#         70
  C:6E0FH         LINE#         71
  C:6E12H         LINE#         72
  C:6E15H         LINE#         73
  C:6E18H         LINE#         75
  C:6E20H         LINE#         76
  C:6E28H         LINE#         77
  C:6E2AH         LINE#         78
  C:6E2AH         LINE#         79
  C:6E2DH         LINE#         80
  C:6E2DH         LINE#         82
  C:6E2DH         LINE#         83
  C:6E30H         LINE#         84
  C:6E30H         LINE#         85
  -------         ENDPROC       CONTROLINIT
  -------         PROC          COMMUNICAINIT
  C:0003H         LINE#         87
  C:0003H         LINE#         88
  C:0003H         LINE#         91
  -------         ENDPROC       COMMUNICAINIT
  -------         PROC          POWERINIT
  C:712DH         LINE#         94
  C:712DH         LINE#         95
  C:712DH         LINE#         96
BL51 BANKED LINKER/LOCATER V6.22.2.0                                                  01/15/2022  12:19:58  PAGE 20


  C:7135H         LINE#         97
  -------         ENDPROC       POWERINIT
  -------         PROC          BAUDINIT
  C:6C85H         LINE#         99
  C:6C85H         LINE#         100
  C:6C85H         LINE#         102
  C:6C90H         LINE#         103
  C:6C9BH         LINE#         104
  C:6CA6H         LINE#         105
  C:6CB1H         LINE#         106
  -------         ENDPROC       BAUDINIT
  -------         PROC          _PASSWORDINPUT
  D:0007H         SYMBOL        operation
  X:1C83H         SYMBOL        Password
  C:61DEH         LINE#         115
  C:61E4H         LINE#         116
  C:61E4H         LINE#         118
  C:6203H         LINE#         119
  C:6203H         LINE#         120
  C:6206H         LINE#         121
  C:6206H         LINE#         122
  C:620BH         LINE#         123
  C:620BH         LINE#         124
  C:620CH         LINE#         125
  C:620CH         LINE#         126
  C:620EH         LINE#         128
  C:620EH         LINE#         129
  C:6213H         LINE#         130
  C:6213H         LINE#         131
  C:6218H         LINE#         132
  C:6218H         LINE#         133
  C:621DH         LINE#         134
  C:6229H         LINE#         135
  C:6229H         LINE#         136
  C:6246H         LINE#         137
  -------         ENDPROC       _PASSWORDINPUT
  -------         PROC          PASSWORDJUDGE
  X:1C83H         SYMBOL        PasswordA
  X:1C97H         SYMBOL        PasswordB
  C:6EC9H         LINE#         147
  C:6EC9H         LINE#         148
  C:6EC9H         LINE#         150
  C:6EE8H         LINE#         151
  C:6EEBH         LINE#         153
  C:6EEDH         LINE#         154
  -------         ENDPROC       PASSWORDJUDGE
  -------         PROC          _PASSWORDDELETE
  X:1C83H         SYMBOL        Password
  C:0026H         LINE#         156
  C:002CH         LINE#         157
  C:002CH         LINE#         158
  C:0038H         LINE#         159
  -------         ENDPROC       _PASSWORDDELETE
  -------         PROC          _INPUTOFFECT
  D:0001H         SYMBOL        Password
  C:70A9H         LINE#         162
  C:70A9H         LINE#         163
BL51 BANKED LINKER/LOCATER V6.22.2.0                                                  01/15/2022  12:19:58  PAGE 21


  C:70A9H         LINE#         164
  C:70AEH         LINE#         165
  C:70B6H         LINE#         166
  C:70B6H         LINE#         167
  C:70BBH         LINE#         168
  C:70BBH         LINE#         170
  -------         ENDPROC       _INPUTOFFECT
  -------         PROC          SCREENSAVERUISHOW
  C:70C1H         LINE#         179
  C:70C1H         LINE#         180
  C:70C1H         LINE#         181
  C:70C4H         LINE#         183
  -------         ENDPROC       SCREENSAVERUISHOW
  -------         PROC          PASSWORDINPUTUISHOW
  C:6D8EH         LINE#         186
  C:6D8EH         LINE#         187
  C:6D8EH         LINE#         188
  C:6D91H         LINE#         189
  C:6DAAH         LINE#         190
  -------         ENDPROC       PASSWORDINPUTUISHOW
  -------         PROC          PASSWORDCHANGEUISHOW
  -------         DO            
  X:1C83H         SYMBOL        i
  X:1C84H         SYMBOL        temp
  -------         ENDDO         
  C:5CC2H         LINE#         193
  C:5CC2H         LINE#         194
  C:5CC2H         LINE#         200
  C:5CC5H         LINE#         202
  C:5CCBH         LINE#         203
  C:5CCBH         LINE#         205
  C:5CDEH         LINE#         206
  C:5CDEH         LINE#         207
  C:5D11H         LINE#         208
  C:5D19H         LINE#         209
  C:5D2DH         LINE#         210
  C:5D2DH         LINE#         212
  C:5D3BH         LINE#         213
  -------         ENDPROC       PASSWORDCHANGEUISHOW
  -------         PROC          PLCPOWERUISHOW
  C:670EH         LINE#         216
  C:670EH         LINE#         217
  C:670EH         LINE#         218
  C:6711H         LINE#         220
  C:6721H         LINE#         221
  C:6731H         LINE#         223
  C:673AH         LINE#         224
  C:673AH         LINE#         225
  C:6743H         LINE#         226
  C:6745H         LINE#         228
  C:6745H         LINE#         229
  C:675BH         LINE#         230
  C:675BH         LINE#         231
  -------         ENDPROC       PLCPOWERUISHOW
  -------         PROC          COMMUNICAUISHOW
  C:6930H         LINE#         233
  C:6930H         LINE#         234
BL51 BANKED LINKER/LOCATER V6.22.2.0                                                  01/15/2022  12:19:58  PAGE 22


  C:6930H         LINE#         235
  C:6933H         LINE#         236
  C:6950H         LINE#         238
  C:695EH         LINE#         239
  -------         ENDPROC       COMMUNICAUISHOW
  -------         PROC          BAUDSETTINGUI1SHOW
  C:696CH         LINE#         254
  C:696CH         LINE#         255
  C:696CH         LINE#         256
  C:696FH         LINE#         257
  C:697DH         LINE#         258
  C:698AH         LINE#         259
  C:6994H         LINE#         260
  -------         ENDPROC       BAUDSETTINGUI1SHOW
  -------         PROC          BAUDSETTINGUI2SHOW
  C:6ABDH         LINE#         263
  C:6ABDH         LINE#         264
  C:6ABDH         LINE#         265
  C:6AC0H         LINE#         266
  C:6ACEH         LINE#         267
  C:6ADBH         LINE#         268
  C:6AE5H         LINE#         269
  -------         ENDPROC       BAUDSETTINGUI2SHOW
  -------         PROC          BAUDSETTINGUI3SHOW
  C:6AF2H         LINE#         272
  C:6AF2H         LINE#         273
  C:6AF2H         LINE#         274
  C:6AF5H         LINE#         275
  C:6B03H         LINE#         276
  C:6B10H         LINE#         277
  C:6B1AH         LINE#         278
  -------         ENDPROC       BAUDSETTINGUI3SHOW
  -------         PROC          BAUDSETTINGUI4SHOW
  C:6B27H         LINE#         281
  C:6B27H         LINE#         282
  C:6B27H         LINE#         283
  C:6B2AH         LINE#         284
  C:6B38H         LINE#         285
  C:6B45H         LINE#         286
  C:6B4FH         LINE#         287
  -------         ENDPROC       BAUDSETTINGUI4SHOW
  -------         PROC          RELOADSETTINGUISHOW
  C:6CB2H         LINE#         290
  C:6CB2H         LINE#         291
  C:6CB2H         LINE#         292
  C:6CB5H         LINE#         293
  C:6CC3H         LINE#         294
  C:6CD1H         LINE#         295
  -------         ENDPROC       RELOADSETTINGUISHOW
  -------         PROC          HOTSPOTSETTINGUISHOW
  C:64FFH         LINE#         298
  C:64FFH         LINE#         299
  C:64FFH         LINE#         300
  C:6502H         LINE#         301
  C:6510H         LINE#         302
  C:6527H         LINE#         303
  C:6531H         LINE#         304
BL51 BANKED LINKER/LOCATER V6.22.2.0                                                  01/15/2022  12:19:58  PAGE 23


  C:653EH         LINE#         306
  C:654EH         LINE#         307
  -------         ENDPROC       HOTSPOTSETTINGUISHOW
  -------         PROC          WORKMODEUISHOW
  C:62B0H         LINE#         310
  C:62B0H         LINE#         311
  C:62B0H         LINE#         312
  C:62B3H         LINE#         313
  C:62C1H         LINE#         314
  C:62D8H         LINE#         315
  C:62E2H         LINE#         316
  C:62EFH         LINE#         318
  C:62FFH         LINE#         319
  -------         ENDPROC       WORKMODEUISHOW
  -------         PROC          PACTUISHOW
  C:0046H         LINE#         322
  C:0046H         LINE#         323
  C:0046H         LINE#         324
  C:0049H         LINE#         325
  C:005BH         LINE#         326
  C:0074H         LINE#         327
  C:007EH         LINE#         328
  -------         ENDPROC       PACTUISHOW
  -------         PROC          MODE_SLAVE
  C:7136H         LINE#         331
  C:7136H         LINE#         332
  C:7136H         LINE#         335
  C:7138H         LINE#         336
  C:713BH         LINE#         337
  C:713EH         LINE#         338
  -------         ENDPROC       MODE_SLAVE
  -------         PROC          MODE_MASTER
  C:70FAH         LINE#         340
  C:70FAH         LINE#         341
  C:70FAH         LINE#         344
  C:7100H         LINE#         346
  C:7102H         LINE#         347
  C:7105H         LINE#         348
  C:7108H         LINE#         349
  -------         ENDPROC       MODE_MASTER
  -------         PROC          SET_OTHERPACT
  C:715AH         LINE#         351
  C:715AH         LINE#         352
  C:715AH         LINE#         353
  C:715DH         LINE#         354
  C:7160H         LINE#         355
  -------         ENDPROC       SET_OTHERPACT
  -------         PROC          SET_PPIPACT
  C:7161H         LINE#         357
  C:7161H         LINE#         358
  C:7161H         LINE#         359
  C:7164H         LINE#         360
  C:7167H         LINE#         361
  -------         ENDPROC       SET_PPIPACT
  -------         PROC          CONTROLSAVE
  C:69E2H         LINE#         369
  C:69E2H         LINE#         370
BL51 BANKED LINKER/LOCATER V6.22.2.0                                                  01/15/2022  12:19:58  PAGE 24


  C:69E2H         LINE#         372
  C:69FDH         LINE#         374
  C:69FFH         LINE#         376
  C:6A05H         LINE#         377
  C:6A17H         LINE#         378
  C:6A19H         LINE#         379
  -------         ENDPROC       CONTROLSAVE
  -------         ENDMOD        CONTROL

  -------         MODULE        REPORT
  C:0000H         SYMBOL        _ICE_DUMMY_
  C:6F94H         PUBLIC        ComData_Array
  D:0080H         PUBLIC        P0
  D:0090H         PUBLIC        P1
  D:00A0H         PUBLIC        P2
  D:00B0H         PUBLIC        P3
  D:00C0H         PUBLIC        P4
  D:00C8H         PUBLIC        P5
  D:00E8H         PUBLIC        P6
  D:00F8H         PUBLIC        P7
  C:6B5CH         SYMBOL        _Get_Target_Channel
  D:00A8H         PUBLIC        IE
  C:46ABH         PUBLIC        _Public_DataHandle
  D:00B8H         PUBLIC        IP
  C:5F42H         PUBLIC        _Init_ListQueue
  D:00D8H         PUBLIC        CCON
  X:0002H         PUBLIC        Uart_LinkList
  D:0098H         PUBLIC        SCON
  D:0088H         PUBLIC        TCON
  B:00A0H.7       PUBLIC        P27
  C:583CH         PUBLIC        _getCrc16
  C:5DD0H         PUBLIC        Uart_Handle
  C:6B90H         SYMBOL        _Get_Target_Uart
  D:00D0H         PUBLIC        PSW
  C:5B1EH         SYMBOL        Com003E
  C:5B1EH         SYMBOL        L?0063
  C:5B1EH         SYMBOL        L?0064
  C:5B21H         SYMBOL        L?0065
  C:5B2AH         SYMBOL        L?0066
  C:5B35H         SYMBOL        L?0067
  C:5B3EH         SYMBOL        L?0068
  C:5B49H         SYMBOL        L?0069
  C:5B49H         SYMBOL        L?0070
  C:5B51H         SYMBOL        L?0071
  C:5B51H         SYMBOL        L?0072
  C:5B54H         SYMBOL        L?0073
  C:5B5BH         SYMBOL        L?0074
  C:5B61H         SYMBOL        L?0075
  C:5B69H         SYMBOL        L?0076
  C:5B6CH         SYMBOL        L?0077
  C:5B73H         SYMBOL        L?0078
  C:5B73H         SYMBOL        L?0079
  C:5B7AH         SYMBOL        L?0080
  C:5B7AH         SYMBOL        L?0081
  C:5B81H         SYMBOL        L?0082
  C:5B8BH         SYMBOL        L?0083
  C:5B96H         SYMBOL        L?0084
BL51 BANKED LINKER/LOCATER V6.22.2.0                                                  01/15/2022  12:19:58  PAGE 25


  C:5BA0H         SYMBOL        L?0085
  -------         PROC          COM003E
  -------         ENDPROC       COM003E
  -------         PROC          _INIT_LISTQUEUE
  X:1C80H         SYMBOL        List
  -------         DO            
  X:1C83H         SYMBOL        j
  -------         ENDDO         
  C:5F42H         LINE#         31
  C:5F48H         LINE#         32
  C:5F48H         LINE#         33
  C:5F4DH         LINE#         35
  C:5F5AH         LINE#         36
  C:5F5AH         LINE#         38
  C:5F6CH         LINE#         39
  C:5F77H         LINE#         40
  C:5F7AH         LINE#         41
  C:5F81H         LINE#         42
  C:5F8AH         LINE#         43
  C:5F91H         LINE#         44
  C:5FA0H         LINE#         45
  C:5FA8H         LINE#         48
  -------         ENDPROC       _INIT_LISTQUEUE
  -------         PROC          UART_HANDLE
  -------         DO            
  X:0000H         SYMBOL        i
  -------         ENDDO         
  C:5DD0H         LINE#         57
  C:5DD0H         LINE#         58
  C:5DD0H         LINE#         64
  C:5DD8H         LINE#         65
  C:5DD8H         LINE#         66
  C:5DE9H         LINE#         67
  C:5DE9H         LINE#         68
  C:5E1DH         LINE#         69
  C:5E25H         LINE#         70
  C:5E25H         LINE#         72
  C:5E25H         LINE#         73
  C:5E33H         LINE#         74
  C:5E33H         LINE#         75
  C:5E33H         LINE#         76
  C:5E33H         LINE#         77
  C:5E36H         LINE#         78
  C:5E38H         LINE#         79
  C:5E38H         LINE#         80
  C:5E38H         LINE#         81
  C:5E3BH         LINE#         82
  C:5E3DH         LINE#         83
  C:5E3DH         LINE#         84
  C:5E3DH         LINE#         85
  C:5E4BH         LINE#         86
  C:5E4BH         LINE#         87
  C:5E4BH         LINE#         88
  C:5E4BH         LINE#         89
  C:5E4BH         LINE#         104
  -------         ENDPROC       UART_HANDLE
  -------         PROC          _GET_TARGET_CHANNEL
BL51 BANKED LINKER/LOCATER V6.22.2.0                                                  01/15/2022  12:19:58  PAGE 26


  D:0006H         SYMBOL        channel
  -------         DO            
  D:0001H         SYMBOL        p
  -------         ENDDO         
  C:6B5CH         LINE#         114
  C:6B5CH         LINE#         115
  C:6B5CH         LINE#         116
  C:6B62H         LINE#         117
  C:6B74H         LINE#         118
  C:6B74H         LINE#         119
  C:6B74H         LINE#         120
  C:6B7AH         LINE#         121
  C:6B7BH         LINE#         122
  C:6B7BH         LINE#         123
  C:6B81H         LINE#         124
  C:6B82H         LINE#         125
  C:6B82H         LINE#         126
  C:6B88H         LINE#         127
  C:6B89H         LINE#         128
  C:6B89H         LINE#         129
  C:6B8FH         LINE#         130
  C:6B8FH         LINE#         131
  C:6B8FH         LINE#         132
  C:6B8FH         LINE#         133
  C:6B8FH         LINE#         134
  C:6B8FH         LINE#         135
  -------         ENDPROC       _GET_TARGET_CHANNEL
  -------         PROC          _GET_TARGET_UART
  D:0006H         SYMBOL        channel
  -------         DO            
  D:0001H         SYMBOL        p
  -------         ENDDO         
  C:6B90H         LINE#         143
  C:6B90H         LINE#         144
  C:6B90H         LINE#         145
  C:6B96H         LINE#         146
  C:6BA8H         LINE#         147
  C:6BA8H         LINE#         148
  C:6BA8H         LINE#         149
  C:6BAEH         LINE#         150
  C:6BAFH         LINE#         151
  C:6BAFH         LINE#         152
  C:6BB5H         LINE#         153
  C:6BB6H         LINE#         154
  C:6BB6H         LINE#         155
  C:6BBCH         LINE#         156
  C:6BBDH         LINE#         157
  C:6BBDH         LINE#         158
  C:6BC3H         LINE#         159
  C:6BC3H         LINE#         160
  C:6BC3H         LINE#         161
  C:6BC3H         LINE#         162
  C:6BC3H         LINE#         163
  C:6BC3H         LINE#         164
  -------         ENDPROC       _GET_TARGET_UART
  -------         PROC          _PUBLIC_DATAHANDLE
  X:1C80H         SYMBOL        src
BL51 BANKED LINKER/LOCATER V6.22.2.0                                                  01/15/2022  12:19:58  PAGE 27


  X:1C81H         SYMBOL        dest
  -------         DO            
  X:1C82H         SYMBOL        psrc
  X:1C85H         SYMBOL        pdest
  X:1C88H         SYMBOL        psuart
  X:1C8BH         SYMBOL        peuart
  X:0001H         SYMBOL        i
  -------         ENDDO         
  C:46ABH         LINE#         174
  C:46B5H         LINE#         175
  C:46B5H         LINE#         176
  C:46C0H         LINE#         177
  C:46CEH         LINE#         178
  C:46DCH         LINE#         179
  C:46EAH         LINE#         182
  C:4716H         LINE#         183
  C:4716H         LINE#         185
  C:4716H         LINE#         192
  C:471CH         LINE#         193
  C:471CH         LINE#         194
  C:472CH         LINE#         195
  C:472CH         LINE#         197
  C:475DH         LINE#         198
  C:475DH         LINE#         200
  C:4769H         LINE#         201
  C:4769H         LINE#         207
  C:476FH         LINE#         208
  C:4777H         LINE#         209
  C:4777H         LINE#         211
  C:4779H         LINE#         213
  C:4787H         LINE#         214
  C:4787H         LINE#         216
  C:47A2H         LINE#         218
  C:47A5H         LINE#         220
  C:47BBH         LINE#         221
  C:47C3H         LINE#         222
  C:47C3H         LINE#         224
  C:47C5H         LINE#         225
  C:47C5H         LINE#         227
  C:47E1H         LINE#         228
  C:47E1H         LINE#         229
  C:47E1H         LINE#         231
  C:47F6H         LINE#         232
  C:47F6H         LINE#         233
  C:4816H         LINE#         234
  C:4816H         LINE#         235
  C:4816H         LINE#         236
  C:4816H         LINE#         238
  C:481EH         LINE#         239
  C:481EH         LINE#         245
  C:4821H         LINE#         246
  C:4829H         LINE#         247
  C:4829H         LINE#         249
  C:482BH         LINE#         251
  C:4834H         LINE#         252
  C:4834H         LINE#         254
  C:485EH         LINE#         256
BL51 BANKED LINKER/LOCATER V6.22.2.0                                                  01/15/2022  12:19:58  PAGE 28


  C:4864H         LINE#         258
  C:4873H         LINE#         259
  C:487BH         LINE#         260
  C:487BH         LINE#         262
  C:487DH         LINE#         263
  C:487DH         LINE#         264
  C:487DH         LINE#         265
  C:4886H         LINE#         266
  -------         ENDPROC       _PUBLIC_DATAHANDLE
  -------         PROC          _GETCRC16
  X:1C83H         SYMBOL        ptr
  X:1C86H         SYMBOL        length
  X:1C87H         SYMBOL        init_dat
  -------         DO            
  X:1C89H         SYMBOL        i
  D:0004H         SYMBOL        j
  X:1C8AH         SYMBOL        crc16
  -------         ENDDO         
  C:583CH         LINE#         278
  C:5847H         LINE#         279
  C:5847H         LINE#         280
  C:584CH         LINE#         281
  C:584EH         LINE#         282
  C:585DH         LINE#         284
  C:586FH         LINE#         285
  C:586FH         LINE#         286
  C:5886H         LINE#         288
  C:5889H         LINE#         289
  C:5889H         LINE#         290
  C:5894H         LINE#         291
  C:5894H         LINE#         292
  C:58ABH         LINE#         293
  C:58ADH         LINE#         295
  C:58ADH         LINE#         296
  C:58B8H         LINE#         297
  C:58B8H         LINE#         298
  C:58C3H         LINE#         299
  C:58CBH         LINE#         300
  C:58D3H         LINE#         301
  -------         ENDPROC       _GETCRC16
  -------         ENDMOD        REPORT

  -------         MODULE        MENU
  C:0000H         SYMBOL        _ICE_DUMMY_
  C:67A3H         PUBLIC        RefreshMenuDisp
  D:0080H         PUBLIC        P0
  D:0090H         PUBLIC        P1
  D:00A0H         PUBLIC        P2
  D:00B0H         PUBLIC        P3
  D:00C0H         PUBLIC        P4
  D:00C8H         PUBLIC        P5
  B:00A8H.7       PUBLIC        EA
  D:00E8H         PUBLIC        P6
  D:00F8H         PUBLIC        P7
  C:7043H         PUBLIC        KeyControl_Menu
  C:6318H         PUBLIC        KeyBaud_Enter
  C:503DH         PUBLIC        KeyControl_Down
BL51 BANKED LINKER/LOCATER V6.22.2.0                                                  01/15/2022  12:19:58  PAGE 29


  D:00A8H         PUBLIC        IE
  C:5EC7H         PUBLIC        KeyMain_Enter
  D:00B8H         PUBLIC        IP
  C:0091H         PUBLIC        KeyBaud_Menu
  C:643FH         PUBLIC        KeyBaud_Down
  C:6FB2H         PUBLIC        KeyMenu_Enter
  D:00D8H         PUBLIC        CCON
  X:1B0AH         PUBLIC        Ui_Status
  C:6E31H         PUBLIC        KeyMain_Menu
  C:68F3H         PUBLIC        KeyMain_Down
  C:6247H         PUBLIC        Check_PasswordBits
  C:5FB9H         PUBLIC        KeyEvent
  D:0098H         PUBLIC        SCON
  D:0088H         PUBLIC        TCON
  C:5293H         PUBLIC        KeyControl_Up
  B:0080H.7       PUBLIC        P07
  C:008EH         PUBLIC        _LcdShow
  C:0042H         PUBLIC        KeyMenu_Menu
  C:686FH         PUBLIC        KeyControl_Cancel
  X:1B0CH         PUBLIC        Optionlist
  C:6610H         PUBLIC        KeyMenu_Down
  C:6BC4H         PUBLIC        _LcdDly
  C:7148H         PUBLIC        Baud_Setting
  C:549EH         SYMBOL        _?ix1000
  C:54A0H         SYMBOL        _?ix1001
  C:54A2H         SYMBOL        _?ix1002
  C:54A4H         SYMBOL        _?ix1003
  C:54A6H         SYMBOL        _?ix1004
  C:54A8H         SYMBOL        _?ix1005
  D:008DH         PUBLIC        TH1
  D:00D6H         PUBLIC        T2H
  C:63DFH         PUBLIC        KeyBaud_Up
  C:713FH         PUBLIC        LcdShowInit
  D:00D4H         PUBLIC        T3H
  X:1B44H         PUBLIC        M_Show
  D:00D2H         PUBLIC        T4H
  D:008BH         PUBLIC        TL1
  D:00D7H         PUBLIC        T2L
  C:70D9H         PUBLIC        KeyBaud_Cancel
  D:00D5H         PUBLIC        T3L
  D:00D3H         PUBLIC        T4L
  X:1B56H         PUBLIC        keyStateEvent
  C:69A8H         PUBLIC        KeyMain_Up
  C:7028H         PUBLIC        KeyMain_Cancel
  C:67E8H         PUBLIC        RefreshBaudDisp
  C:65B9H         PUBLIC        KeyMenu_Up
  C:70EAH         PUBLIC        KeyMenu_Cancel
  X:1BBAH         PUBLIC        Optionlist1
  C:420CH         PUBLIC        KeyControl_Enter
  D:00D0H         PUBLIC        PSW
  C:44A4H         SYMBOL        Com00C9
  C:44A4H         SYMBOL        L?0202
  C:44BAH         SYMBOL        L?0203
  C:44C0H         SYMBOL        L?0204
  C:44CAH         SYMBOL        L?0205
  C:44CDH         SYMBOL        L?0206
  C:44D4H         SYMBOL        L?0207
BL51 BANKED LINKER/LOCATER V6.22.2.0                                                  01/15/2022  12:19:58  PAGE 30


  C:44D5H         SYMBOL        L?0208
  C:44DCH         SYMBOL        L?0209
  C:44E4H         SYMBOL        L?0210
  C:44E7H         SYMBOL        L?0211
  C:44EDH         SYMBOL        L?0212
  C:44F5H         SYMBOL        L?0213
  C:44FCH         SYMBOL        L?0215
  C:44FFH         SYMBOL        L?0216
  C:4509H         SYMBOL        L?0217
  C:4511H         SYMBOL        L?0218
  C:4518H         SYMBOL        L?0219
  C:4524H         SYMBOL        L?0220
  C:452DH         SYMBOL        L?0221
  C:4539H         SYMBOL        L?0222
  C:4542H         SYMBOL        L?0223
  C:4542H         SYMBOL        L?0224
  C:4551H         SYMBOL        L?0225
  C:4563H         SYMBOL        L?0226
  C:456CH         SYMBOL        L?0227
  C:4579H         SYMBOL        L?0228
  C:457FH         SYMBOL        L?0229
  C:457FH         SYMBOL        L?0230
  C:4586H         SYMBOL        L?0231
  C:4586H         SYMBOL        L?0232
  C:458EH         SYMBOL        L?0233
  C:45A4H         SYMBOL        L?0234
  C:45BAH         SYMBOL        L?0235
  C:45BAH         SYMBOL        L?0236
  C:45C4H         SYMBOL        L?0237
  C:45D9H         SYMBOL        L?0240
  C:45E9H         SYMBOL        L?0241
  C:45F9H         SYMBOL        L?0242
  C:45FCH         SYMBOL        L?0243
  C:4603H         SYMBOL        L?0244
  C:4603H         SYMBOL        L?0245
  C:460AH         SYMBOL        L?0246
  C:4617H         SYMBOL        L?0247
  C:4617H         SYMBOL        L?0248
  C:461EH         SYMBOL        L?0249
  C:462BH         SYMBOL        L?0251
  C:4636H         SYMBOL        L?0252
  C:4642H         SYMBOL        L?0253
  C:464EH         SYMBOL        L?0254
  C:4659H         SYMBOL        L?0255
  C:4664H         SYMBOL        L?0259
  C:466EH         SYMBOL        L?0260
  C:4678H         SYMBOL        L?0261
  C:4678H         SYMBOL        L?0262
  C:467FH         SYMBOL        L?0263
  C:467FH         SYMBOL        L?0264
  C:4686H         SYMBOL        L?0265
  C:4690H         SYMBOL        L?0266
  C:469AH         SYMBOL        L?0267
  C:46A4H         SYMBOL        L?0268
  C:46A4H         SYMBOL        L?0269
  -------         PROC          COM00C9
  -------         ENDPROC       COM00C9
BL51 BANKED LINKER/LOCATER V6.22.2.0                                                  01/15/2022  12:19:58  PAGE 31


  -------         PROC          KEYEVENT
  -------         DO            
  X:1C80H         SYMBOL        i
  X:1C81H         SYMBOL        KeyState
  -------         ENDDO         
  C:5FB9H         LINE#         70
  C:5FB9H         LINE#         71
  C:5FB9H         LINE#         73
  C:5FC1H         LINE#         75
  C:5FC4H         LINE#         77
  C:5FCCH         LINE#         78
  C:5FCCH         LINE#         80
  C:5FCCH         LINE#         82
  C:5FDFH         LINE#         83
  C:5FDFH         LINE#         84
  C:5FF6H         LINE#         85
  C:5FF6H         LINE#         86
  C:6011H         LINE#         87
  C:6011H         LINE#         88
  C:6025H         LINE#         89
  C:6025H         LINE#         90
  C:6025H         LINE#         91
  C:6025H         LINE#         92
  C:602DH         LINE#         93
  -------         ENDPROC       KEYEVENT
  -------         PROC          LCDSHOWINIT
  C:713FH         LINE#         95
  C:713FH         LINE#         96
  C:713FH         LINE#         97
  -------         ENDPROC       LCDSHOWINIT
  -------         PROC          _LCDSHOW
  D:0001H         SYMBOL        InterfaceShow
  C:008EH         LINE#         101
  C:008EH         LINE#         102
  C:008EH         LINE#         103
  -------         ENDPROC       _LCDSHOW
  -------         PROC          KEYMAIN_ENTER
  C:5EC7H         LINE#         112
  C:5EC7H         LINE#         113
  C:5EC7H         LINE#         117
  C:5ECCH         LINE#         118
  C:5ECCH         LINE#         120
  C:5F09H         LINE#         121
  C:5F09H         LINE#         122
  C:5F12H         LINE#         123
  C:5F17H         LINE#         125
  C:5F18H         LINE#         127
  C:5F18H         LINE#         128
  C:5F1EH         LINE#         129
  C:5F21H         LINE#         130
  C:5F31H         LINE#         131
  C:5F38H         LINE#         134
  C:5F41H         LINE#         135
  C:5F41H         LINE#         136
  C:5F41H         LINE#         143
  -------         ENDPROC       KEYMAIN_ENTER
  -------         PROC          KEYMAIN_UP
BL51 BANKED LINKER/LOCATER V6.22.2.0                                                  01/15/2022  12:19:58  PAGE 32


  -------         DO            
  X:1C80H         SYMBOL        Value
  X:1C81H         SYMBOL        temp
  -------         ENDDO         
  C:69A8H         LINE#         145
  C:69A8H         LINE#         146
  C:69A8H         LINE#         147
  C:69ADH         LINE#         148
  C:69ADH         LINE#         149
  C:69BAH         LINE#         150
  C:69C9H         LINE#         151
  C:69E1H         LINE#         152
  C:69E1H         LINE#         157
  -------         ENDPROC       KEYMAIN_UP
  -------         PROC          KEYMAIN_MENU
  C:6E31H         LINE#         159
  C:6E31H         LINE#         160
  C:6E31H         LINE#         161
  C:6E3DH         LINE#         162
  C:6E3DH         LINE#         163
  C:6E3DH         LINE#         164
  C:6E3DH         LINE#         166
  C:6E43H         LINE#         167
  C:6E4CH         LINE#         169
  C:6E4FH         LINE#         170
  C:6E4FH         LINE#         171
  C:6E50H         LINE#         172
  C:6E50H         LINE#         173
  C:6E50H         LINE#         174
  C:6E56H         LINE#         175
  C:6E56H         LINE#         176
  C:6E56H         LINE#         177
  C:6E56H         LINE#         178
  C:6E56H         LINE#         179
  C:6E56H         LINE#         184
  -------         ENDPROC       KEYMAIN_MENU
  -------         PROC          KEYMAIN_CANCEL
  C:7028H         LINE#         186
  C:7028H         LINE#         187
  C:7028H         LINE#         189
  C:702DH         LINE#         190
  C:702DH         LINE#         191
  C:7036H         LINE#         192
  C:703CH         LINE#         193
  C:7042H         LINE#         194
  C:7042H         LINE#         199
  -------         ENDPROC       KEYMAIN_CANCEL
  -------         PROC          KEYMAIN_DOWN
  -------         DO            
  X:1C80H         SYMBOL        Value
  X:1C81H         SYMBOL        temp
  -------         ENDDO         
  C:68F3H         LINE#         201
  C:68F3H         LINE#         202
  C:68F3H         LINE#         203
  C:68F8H         LINE#         204
  C:68F8H         LINE#         205
BL51 BANKED LINKER/LOCATER V6.22.2.0                                                  01/15/2022  12:19:58  PAGE 33


  C:6905H         LINE#         206
  C:6914H         LINE#         207
  C:692FH         LINE#         208
  C:692FH         LINE#         213
  -------         ENDPROC       KEYMAIN_DOWN
  -------         PROC          KEYMENU_ENTER
  C:6FB2H         LINE#         215
  C:6FB2H         LINE#         216
  C:6FB2H         LINE#         217
  C:6FC0H         LINE#         218
  C:6FC0H         LINE#         220
  C:6FC0H         LINE#         222
  C:6FC6H         LINE#         223
  C:6FC9H         LINE#         224
  C:6FCFH         LINE#         228
  -------         ENDPROC       KEYMENU_ENTER
  -------         PROC          KEYMENU_UP
  C:65B9H         LINE#         231
  C:65B9H         LINE#         232
  C:65B9H         LINE#         234
  C:65C3H         LINE#         235
  C:65C4H         LINE#         237
  C:65D1H         LINE#         239
  C:65D5H         LINE#         240
  C:65D5H         LINE#         241
  C:65D9H         LINE#         242
  C:65D9H         LINE#         244
  C:65E2H         LINE#         245
  C:65E2H         LINE#         246
  C:65E2H         LINE#         247
  C:65E5H         LINE#         248
  C:65EAH         LINE#         249
  C:65ECH         LINE#         250
  C:65F5H         LINE#         251
  C:65F5H         LINE#         252
  C:65F5H         LINE#         253
  C:65F5H         LINE#         254
  C:65F8H         LINE#         255
  C:65FAH         LINE#         257
  C:65FAH         LINE#         258
  C:65FAH         LINE#         259
  C:65FAH         LINE#         260
  C:6601H         LINE#         261
  C:6601H         LINE#         263
  C:660AH         LINE#         264
  -------         ENDPROC       KEYMENU_UP
  -------         PROC          KEYMENU_MENU
  C:0042H         LINE#         271
  C:0042H         LINE#         272
  C:0042H         LINE#         276
  -------         ENDPROC       KEYMENU_MENU
  -------         PROC          KEYMENU_CANCEL
  C:70EAH         LINE#         278
  C:70EAH         LINE#         279
  C:70EAH         LINE#         281
  C:70EAH         LINE#         282
  C:70EAH         LINE#         283
BL51 BANKED LINKER/LOCATER V6.22.2.0                                                  01/15/2022  12:19:58  PAGE 34


  C:70F4H         LINE#         284
  -------         ENDPROC       KEYMENU_CANCEL
  -------         PROC          KEYMENU_DOWN
  C:6610H         LINE#         291
  C:6610H         LINE#         292
  C:6610H         LINE#         293
  C:661CH         LINE#         294
  C:661FH         LINE#         296
  C:662CH         LINE#         298
  C:662EH         LINE#         299
  C:662EH         LINE#         300
  C:6630H         LINE#         301
  C:6630H         LINE#         303
  C:6639H         LINE#         304
  C:6639H         LINE#         305
  C:6639H         LINE#         306
  C:663CH         LINE#         307
  C:6641H         LINE#         308
  C:6643H         LINE#         309
  C:664CH         LINE#         310
  C:664CH         LINE#         311
  C:664CH         LINE#         312
  C:664CH         LINE#         313
  C:664FH         LINE#         314
  C:6651H         LINE#         316
  C:6651H         LINE#         317
  C:6651H         LINE#         318
  C:6651H         LINE#         319
  C:6658H         LINE#         320
  C:6658H         LINE#         322
  C:6661H         LINE#         323
  -------         ENDPROC       KEYMENU_DOWN
  C:62A5H         SYMBOL        L?0256
  -------         PROC          CHECK_PASSWORDBITS
  C:6247H         LINE#         336
  C:6247H         LINE#         337
  C:6247H         LINE#         339
  C:624DH         LINE#         340
  C:624DH         LINE#         341
  C:6250H         LINE#         342
  C:625FH         LINE#         343
  C:625FH         LINE#         344
  C:6260H         LINE#         345
  C:6271H         LINE#         347
  C:6274H         LINE#         348
  C:6276H         LINE#         350
  C:6276H         LINE#         351
  C:6278H         LINE#         352
  C:6289H         LINE#         354
  C:628FH         LINE#         355
  C:628FH         LINE#         356
  C:6296H         LINE#         358
  C:629FH         LINE#         360
  C:62A2H         LINE#         361
  C:62A2H         LINE#         362
  C:62A4H         LINE#         363
  -------         ENDPROC       CHECK_PASSWORDBITS
BL51 BANKED LINKER/LOCATER V6.22.2.0                                                  01/15/2022  12:19:58  PAGE 35


  C:4439H         SYMBOL        L?0199
  C:445AH         SYMBOL        L?0200
  C:447AH         SYMBOL        L?0214
  C:4497H         SYMBOL        L?0250
  -------         PROC          KEYCONTROL_ENTER
  -------         DO            
  X:1C80H         SYMBOL        i
  X:1C81H         SYMBOL        temp
  -------         ENDDO         
  C:420CH         LINE#         365
  C:420CH         LINE#         366
  C:420CH         LINE#         367
  C:422FH         LINE#         368
  C:422FH         LINE#         369
  C:422FH         LINE#         370
  C:422FH         LINE#         371
  C:4238H         LINE#         374
  C:423EH         LINE#         375
  C:423EH         LINE#         379
  C:4250H         LINE#         380
  C:4250H         LINE#         381
  C:4272H         LINE#         382
  C:427AH         LINE#         384
  C:428EH         LINE#         386
  C:4294H         LINE#         387
  C:4297H         LINE#         389
  C:4297H         LINE#         390
  C:42B0H         LINE#         391
  C:42B0H         LINE#         392
  C:42BBH         LINE#         393
  C:42BEH         LINE#         394
  C:42C4H         LINE#         395
  C:42CAH         LINE#         397
  C:42CFH         LINE#         399
  C:42CFH         LINE#         400
  C:42CFH         LINE#         401
  C:42D2H         LINE#         402
  C:42D8H         LINE#         403
  C:42DAH         LINE#         405
  C:42DAH         LINE#         407
  C:42DDH         LINE#         408
  C:42EAH         LINE#         409
  C:42EDH         LINE#         410
  C:42F6H         LINE#         411
  C:42F6H         LINE#         413
  C:42FBH         LINE#         414
  C:42FBH         LINE#         416
  C:4300H         LINE#         417
  C:4301H         LINE#         418
  C:4301H         LINE#         420
  C:4301H         LINE#         421
  C:4301H         LINE#         422
  C:4308H         LINE#         423
  C:430CH         LINE#         424
  C:430FH         LINE#         425
  C:4315H         LINE#         426
  C:4318H         LINE#         427
BL51 BANKED LINKER/LOCATER V6.22.2.0                                                  01/15/2022  12:19:58  PAGE 36


  C:4318H         LINE#         429
  C:4318H         LINE#         430
  C:4318H         LINE#         431
  C:431EH         LINE#         432
  C:431EH         LINE#         433
  C:4322H         LINE#         434
  C:4324H         LINE#         436
  C:4324H         LINE#         437
  C:4329H         LINE#         438
  C:432CH         LINE#         439
  C:4337H         LINE#         440
  C:433AH         LINE#         443
  C:433AH         LINE#         444
  C:433AH         LINE#         446
  C:433AH         LINE#         447
  C:433AH         LINE#         448
  C:433DH         LINE#         451
  C:433DH         LINE#         452
  C:4344H         LINE#         453
  C:4347H         LINE#         454
  C:4347H         LINE#         456
  C:4347H         LINE#         457
  C:4347H         LINE#         458
  C:4358H         LINE#         459
  C:4358H         LINE#         461
  C:4358H         LINE#         463
  C:435EH         LINE#         465
  C:4361H         LINE#         467
  C:4364H         LINE#         470
  C:4364H         LINE#         471
  C:4367H         LINE#         473
  C:4367H         LINE#         474
  C:4367H         LINE#         475
  C:4377H         LINE#         476
  C:4377H         LINE#         478
  C:4384H         LINE#         479
  C:4384H         LINE#         480
  C:4384H         LINE#         481
  C:4384H         LINE#         482
[...]
  C:6E8BH         LINE#         106
  C:6E93H         LINE#         107
  C:6E96H         LINE#         108
  C:6E96H         LINE#         109
  C:6E99H         LINE#         110
  C:6E9CH         LINE#         111
  -------         ENDPROC       _IAPERASE
  -------         PROC          _IAPWRITE_BUFF
  X:1C83H         SYMBOL        Addr
  X:1C85H         SYMBOL        Str
  X:1C88H         SYMBOL        Len
  C:6CDFH         LINE#         120
  C:6CE5H         LINE#         121
  C:6CE5H         LINE#         122
  C:6CEFH         LINE#         123
  C:6CEFH         LINE#         124
  C:6D08H         LINE#         125
  C:6D0AH         LINE#         126
  -------         ENDPROC       _IAPWRITE_BUFF
  -------         PROC          _IAPREAD_BUFF
  X:1C80H         SYMBOL        Addr
  X:1C82H         SYMBOL        Str
  X:1C85H         SYMBOL        Len
  C:6D63H         LINE#         134
  C:6D69H         LINE#         135
  C:6D69H         LINE#         136
  C:6D73H         LINE#         137
  C:6D73H         LINE#         138
  C:6D8BH         LINE#         139
  C:6D8DH         LINE#         140
  -------         ENDPROC       _IAPREAD_BUFF
  -------         ENDMOD        EEPROM

  -------         MODULE        KEY
  C:0000H         SYMBOL        _ICE_DUMMY_
  D:0080H         PUBLIC        P0
  D:0090H         PUBLIC        P1
  D:00A0H         PUBLIC        P2
  D:00B0H         PUBLIC        P3
  D:00C0H         PUBLIC        P4
  D:00C8H         PUBLIC        P5
  D:00E8H         PUBLIC        P6
  D:00F8H         PUBLIC        P7
  X:1D15H         PUBLIC        KeyStateCurrrent
  D:00A8H         PUBLIC        IE
  D:00B8H         PUBLIC        IP
  D:00D8H         PUBLIC        CCON
  D:0098H         PUBLIC        SCON
  B:00A0H.2       PUBLIC        P22
  D:0088H         PUBLIC        TCON
BL51 BANKED LINKER/LOCATER V6.22.2.0                                                  01/15/2022  12:19:58  PAGE 62


  B:00A0H.3       PUBLIC        P23
  B:00A0H.4       PUBLIC        P24
  B:00A0H.5       PUBLIC        P25
  B:00A0H.6       PUBLIC        P26
  C:5A90H         PUBLIC        Key_Chick
  D:00D0H         PUBLIC        PSW
  -------         PROC          KEY_CHICK
  -------         DO            
  X:1D14H         SYMBOL        KeyTemp
  X:1C82H         SYMBOL        KeyValue
  -------         ENDDO         
  C:5A90H         LINE#         13
  C:5A90H         LINE#         14
  C:5A90H         LINE#         17
  C:5ABEH         LINE#         19
  C:5ACDH         LINE#         20
  C:5ACDH         LINE#         21
  C:5ACDH         LINE#         22
  C:5ACDH         LINE#         23
  C:5AD5H         LINE#         24
  C:5AD5H         LINE#         25
  C:5ADAH         LINE#         26
  C:5ADAH         LINE#         28
  C:5ADCH         LINE#         29
  C:5ADCH         LINE#         31
  C:5ADCH         LINE#         32
  C:5ADCH         LINE#         33
  C:5AE3H         LINE#         35
  C:5AECH         LINE#         36
  C:5AECH         LINE#         37
  C:5AF1H         LINE#         38
  C:5AF5H         LINE#         39
  C:5AF5H         LINE#         41
  C:5AF7H         LINE#         42
  C:5AF7H         LINE#         44
  C:5AF7H         LINE#         45
  C:5AF7H         LINE#         46
  C:5AFFH         LINE#         47
  C:5AFFH         LINE#         48
  C:5B04H         LINE#         49
  C:5B0AH         LINE#         50
  C:5B0AH         LINE#         52
  C:5B0AH         LINE#         53
  C:5B0AH         LINE#         55
  C:5B0AH         LINE#         56
  C:5B0AH         LINE#         57
  C:5B10H         LINE#         58
  C:5B14H         LINE#         59
  C:5B1BH         LINE#         60
  C:5B1BH         LINE#         61
  C:5B1BH         LINE#         62
  C:5B1BH         LINE#         64
  C:5B1DH         LINE#         65
  -------         ENDPROC       KEY_CHICK
  -------         ENDMOD        KEY

  -------         MODULE        LCD
BL51 BANKED LINKER/LOCATER V6.22.2.0                                                  01/15/2022  12:19:58  PAGE 63


  C:0000H         SYMBOL        _ICE_DUMMY_
  C:6A93H         PUBLIC        _lcd_address
  D:0080H         PUBLIC        P0
  D:0090H         PUBLIC        P1
  D:00A0H         PUBLIC        P2
  D:00B0H         PUBLIC        P3
  C:610BH         PUBLIC        initial_lcd
  D:00C0H         PUBLIC        P4
  D:00C8H         PUBLIC        P5
  D:00E8H         PUBLIC        P6
  D:00F8H         PUBLIC        P7
  D:00A8H         PUBLIC        IE
  C:4A38H         PUBLIC        _GUI_Lattice
  X:1D0CH         PUBLIC        frontCurrent
  D:00B8H         PUBLIC        IP
  D:00D8H         PUBLIC        CCON
  C:66BDH         SYMBOL        _GetCHIndex
  C:6D0BH         PUBLIC        _transfer_command
  D:0098H         PUBLIC        SCON
  D:0088H         PUBLIC        TCON
  B:00B0H.2       PUBLIC        P32
  B:00B0H.3       PUBLIC        P33
  B:00B0H.4       PUBLIC        P34
  B:00B0H.5       PUBLIC        P35
  B:00B0H.6       PUBLIC        P36
  B:00B0H.7       PUBLIC        P37
  C:557DH         PUBLIC        _GUI_String
  C:655EH         SYMBOL        _GetFrontParm
  C:6D37H         PUBLIC        _transfer_data
  C:6EA3H         PUBLIC        clear_screen
  D:00D0H         PUBLIC        PSW
  C:602EH         SYMBOL        Com004D
  C:602EH         SYMBOL        L?0078
  C:6037H         SYMBOL        L?0079
  C:603AH         SYMBOL        L?0080
  C:6042H         SYMBOL        L?0082
  C:6042H         SYMBOL        L?0083
  C:6045H         SYMBOL        L?0084
  C:6046H         SYMBOL        L?0085
  C:604FH         SYMBOL        L?0086
  C:606BH         SYMBOL        L?0087
  C:607EH         SYMBOL        L?0091
  C:608BH         SYMBOL        L?0092
  C:608FH         SYMBOL        L?0093
  C:6096H         SYMBOL        L?0094
  C:6097H         SYMBOL        L?0095
  -------         PROC          COM004D
  -------         ENDPROC       COM004D
  -------         PROC          _TRANSFER_COMMAND
  D:0007H         SYMBOL        data1
  -------         DO            
  D:0006H         SYMBOL        i
  -------         ENDDO         
  C:6D0BH         LINE#         11
  C:6D0BH         LINE#         12
  C:6D0BH         LINE#         14
  C:6D0DH         LINE#         15
BL51 BANKED LINKER/LOCATER V6.22.2.0                                                  01/15/2022  12:19:58  PAGE 64


  C:6D0FH         LINE#         17
  C:6D16H         LINE#         18
  C:6D16H         LINE#         19
  C:6D18H         LINE#         21
  C:6D1CH         LINE#         22
  C:6D20H         LINE#         24
  C:6D22H         LINE#         26
  C:6D24H         LINE#         27
  C:6D31H         LINE#         28
  C:6D34H         LINE#         30
  C:6D36H         LINE#         31
  -------         ENDPROC       _TRANSFER_COMMAND
  -------         PROC          _TRANSFER_DATA
  D:0007H         SYMBOL        data1
  -------         DO            
  D:0006H         SYMBOL        i
  -------         ENDDO         
  C:6D37H         LINE#         40
  C:6D37H         LINE#         41
  C:6D37H         LINE#         43
  C:6D39H         LINE#         44
  C:6D3BH         LINE#         46
  C:6D42H         LINE#         47
  C:6D42H         LINE#         48
  C:6D44H         LINE#         50
  C:6D48H         LINE#         51
  C:6D48H         LINE#         52
  C:6D4AH         LINE#         53
  C:6D4CH         LINE#         55
  C:6D4CH         LINE#         56
  C:6D4EH         LINE#         57
  C:6D4EH         LINE#         59
  C:6D50H         LINE#         61
  C:6D5DH         LINE#         62
  C:6D60H         LINE#         64
  C:6D62H         LINE#         65
  -------         ENDPROC       _TRANSFER_DATA
  -------         PROC          CLEAR_SCREEN
  -------         DO            
  D:0004H         SYMBOL        i
  D:0003H         SYMBOL        j
  -------         ENDDO         
  C:6EA3H         LINE#         73
  C:6EA3H         LINE#         74
  C:6EA3H         LINE#         77
  C:6EABH         LINE#         78
  C:6EABH         LINE#         79
  C:6EB2H         LINE#         81
  C:6EBDH         LINE#         82
  C:6EBDH         LINE#         83
  C:6EC2H         LINE#         84
  C:6EC5H         LINE#         85
  C:6EC8H         LINE#         86
  -------         ENDPROC       CLEAR_SCREEN
  -------         PROC          L?0090
  -------         ENDPROC       L?0090
  -------         PROC          _LCD_ADDRESS
BL51 BANKED LINKER/LOCATER V6.22.2.0                                                  01/15/2022  12:19:58  PAGE 65


  D:0006H         SYMBOL        page
  D:0004H         SYMBOL        column
  C:6A93H         LINE#         95
  C:6A97H         LINE#         96
  C:6A97H         LINE#         98
  C:6AA2H         LINE#         99
  C:6AA2H         LINE#         100
  C:6AA4H         LINE#         101
  C:6AA6H         LINE#         103
  C:6AA6H         LINE#         104
  C:6AACH         LINE#         105
  C:6AACH         LINE#         107
  C:6AB6H         LINE#         109
  -------         ENDPROC       _LCD_ADDRESS
  C:6153H         SYMBOL        L?0081
  C:616AH         SYMBOL        L?0089
  -------         PROC          INITIAL_LCD
  C:610BH         LINE#         119
  C:610BH         LINE#         120
  C:610BH         LINE#         121
  C:610DH         LINE#         122
  C:6114H         LINE#         124
  C:6116H         LINE#         126
  C:611DH         LINE#         128
  C:6122H         LINE#         129
  C:6129H         LINE#         131
  C:612BH         LINE#         132
  C:612EH         LINE#         133
  C:6130H         LINE#         134
  C:6130H         LINE#         136
  C:6130H         LINE#         138
  C:6133H         LINE#         139
  C:6135H         LINE#         140
  C:6135H         LINE#         141
  C:6135H         LINE#         143
  C:6138H         LINE#         145
  C:613AH         LINE#         146
  C:613DH         LINE#         148
  C:6142H         LINE#         149
  C:6149H         LINE#         151
  C:614EH         LINE#         153
  C:6150H         LINE#         155
  C:6153H         LINE#         156
  -------         ENDPROC       INITIAL_LCD
  -------         PROC          _GETFRONTPARM
  D:0007H         SYMBOL        font
  C:655EH         LINE#         164
  C:655EH         LINE#         165
  C:655EH         LINE#         166
  C:6565H         LINE#         167
  C:6565H         LINE#         168
  C:6565H         LINE#         169
  C:6565H         LINE#         170
  C:656BH         LINE#         171
  C:6571H         LINE#         172
  C:6577H         LINE#         174
  C:6585H         LINE#         176
BL51 BANKED LINKER/LOCATER V6.22.2.0                                                  01/15/2022  12:19:58  PAGE 66


  C:658BH         LINE#         177
  C:658DH         LINE#         178
  C:658DH         LINE#         180
  C:658DH         LINE#         181
  C:658DH         LINE#         182
  C:6593H         LINE#         183
  C:6599H         LINE#         184
  C:659FH         LINE#         185
  C:65A5H         LINE#         187
  C:65B1H         LINE#         188
  C:65B3H         LINE#         189
  C:65B3H         LINE#         199
  C:65B3H         LINE#         200
  C:65B6H         LINE#         201
  C:65B6H         LINE#         203
  C:65B8H         LINE#         204
  -------         ENDPROC       _GETFRONTPARM
  -------         PROC          _GETCHINDEX
  X:1C8FH         SYMBOL        ZoneCode
  -------         DO            
  D:0004H         SYMBOL        i
  D:0006H         SYMBOL        CHCode
  -------         ENDDO         
  C:66BDH         LINE#         212
  C:66C5H         LINE#         213
  C:66C5H         LINE#         214
  C:66C8H         LINE#         217
  C:66C8H         LINE#         218
  C:66C8H         LINE#         219
  C:66F2H         LINE#         221
  C:66FEH         LINE#         222
  C:66FEH         LINE#         223
  C:66FEH         LINE#         224
  C:66FEH         LINE#         225
  C:6709H         LINE#         227
  C:670DH         LINE#         228
  -------         ENDPROC       _GETCHINDEX
  C:562FH         SYMBOL        L?0088
  -------         PROC          _GUI_STRING
  X:1C86H         SYMBOL        x
  X:1C87H         SYMBOL        y
  X:1C88H         SYMBOL        pString
  X:1C8BH         SYMBOL        font
  -------         DO            
  X:1C8CH         SYMBOL        ChIndex
  X:1C8EH         SYMBOL        Offset
  D:0006H         SYMBOL        ZoneCode
  -------         ENDDO         
  C:557DH         LINE#         237
  C:558EH         LINE#         238
  C:558EH         LINE#         245
  C:5594H         LINE#         247
  C:5599H         LINE#         250
  C:5599H         LINE#         251
  C:55AEH         LINE#         252
  C:55AEH         LINE#         253
  C:55BDH         LINE#         255
BL51 BANKED LINKER/LOCATER V6.22.2.0                                                  01/15/2022  12:19:58  PAGE 67


  C:55D2H         LINE#         256
  C:55D2H         LINE#         257
  C:55D7H         LINE#         258
  C:55DAH         LINE#         260
  C:55DAH         LINE#         262
  C:55E4H         LINE#         264
  C:55FAH         LINE#         266
  C:5605H         LINE#         268
  C:561AH         LINE#         269
  C:561AH         LINE#         270
  C:5620H         LINE#         271
  C:5620H         LINE#         273
  C:5620H         LINE#         274
  C:562EH         LINE#         275
  -------         ENDPROC       _GUI_STRING
  -------         PROC          _GUI_LATTICE
  X:1C8FH         SYMBOL        x
  D:0002H         SYMBOL        y
  X:1C91H         SYMBOL        Width
  X:1C92H         SYMBOL        High
  X:1C93H         SYMBOL        plattice
  -------         DO            
  X:1C96H         SYMBOL        y_Dy
  X:1C97H         SYMBOL        y_by
  X:1C98H         SYMBOL        y1_Dy
  X:1C99H         SYMBOL        y1_by
  X:1C9AH         SYMBOL        y_Bytes
  X:1C9BH         SYMBOL        i
  X:1C9CH         SYMBOL        j
  X:1C9DH         SYMBOL        tempH
  D:0003H         SYMBOL        tempL
  -------         ENDDO         
  C:4A38H         LINE#         284
  C:4A44H         LINE#         285
  C:4A44H         LINE#         290
  C:4A5DH         LINE#         292
  C:4A75H         LINE#         293
  C:4A7BH         LINE#         295
  C:4A86H         LINE#         296
  C:4A8BH         LINE#         298
  C:4A93H         LINE#         300
  C:4AA4H         LINE#         301
  C:4AA4H         LINE#         302
  C:4AB3H         LINE#         303
  C:4AB3H         LINE#         304
  C:4AC9H         LINE#         305
  C:4AC9H         LINE#         306
  C:4ACFH         LINE#         307
  C:4ACFH         LINE#         308
  C:4AD4H         LINE#         309
  C:4AE9H         LINE#         311
  C:4AECH         LINE#         312
  C:4AF7H         LINE#         313
  C:4AF7H         LINE#         314
  C:4AFEH         LINE#         316
  C:4B33H         LINE#         317
  C:4B36H         LINE#         319
BL51 BANKED LINKER/LOCATER V6.22.2.0                                                  01/15/2022  12:19:58  PAGE 68


  C:4B36H         LINE#         320
  C:4B5DH         LINE#         321
  C:4B7DH         LINE#         323
  C:4B8AH         LINE#         324
  C:4B93H         LINE#         325
  C:4B93H         LINE#         326
  C:4B9CH         LINE#         327
  C:4B9CH         LINE#         329
  C:4B9CH         LINE#         330
  C:4BA6H         LINE#         331
  C:4BD9H         LINE#         332
  C:4BD9H         LINE#         333
  C:4BE2H         LINE#         334
  -------         ENDPROC       _GUI_LATTICE
  -------         ENDMOD        LCD

  -------         MODULE        ?C?COPY
  C:3EB2H         PUBLIC        ?C?COPY
  -------         ENDMOD        ?C?COPY

  -------         MODULE        ?C?CLDPTR
  C:3ED8H         PUBLIC        ?C?CLDPTR
  -------         ENDMOD        ?C?CLDPTR

  -------         MODULE        ?C?CLDOPTR
  C:3EF1H         PUBLIC        ?C?CLDOPTR
  -------         ENDMOD        ?C?CLDOPTR

  -------         MODULE        ?C?CILDPTR
  C:3F1EH         PUBLIC        ?C?CILDPTR
  -------         ENDMOD        ?C?CILDPTR

  -------         MODULE        ?C?CSTPTR
  C:3F40H         PUBLIC        ?C?CSTPTR
  -------         ENDMOD        ?C?CSTPTR

  -------         MODULE        ?C?CSTOPTR
  C:3F52H         PUBLIC        ?C?CSTOPTR
  -------         ENDMOD        ?C?CSTOPTR

  -------         MODULE        ?C?IMUL
  C:3F74H         PUBLIC        ?C?IMUL
  -------         ENDMOD        ?C?IMUL

  -------         MODULE        ?C?UIDIV
  C:3F86H         PUBLIC        ?C?UIDIV
  -------         ENDMOD        ?C?UIDIV

  -------         MODULE        ?C?SIDIV
  C:3FDBH         PUBLIC        ?C?SIDIV
  -------         ENDMOD        ?C?SIDIV

  -------         MODULE        ?C?IILDX
  C:4011H         PUBLIC        ?C?IILDX
  -------         ENDMOD        ?C?IILDX

  -------         MODULE        ?C?ILDIX
BL51 BANKED LINKER/LOCATER V6.22.2.0                                                  01/15/2022  12:19:58  PAGE 69


  C:4027H         PUBLIC        ?C?ILDIX
  -------         ENDMOD        ?C?ILDIX

  -------         MODULE        ?C?ILDOPTR
  C:403DH         PUBLIC        ?C?ILDOPTR
  -------         ENDMOD        ?C?ILDOPTR

  -------         MODULE        ?C?IILDOPTR
  C:4075H         PUBLIC        ?C?IILDOPTR
  -------         ENDMOD        ?C?IILDOPTR

  -------         MODULE        ?C?ISTOPTR
  C:40C2H         PUBLIC        ?C?ISTOPTR
  -------         ENDMOD        ?C?ISTOPTR

  -------         MODULE        ?C?ULCMP
  C:40EFH         PUBLIC        ?C?ULCMP
  -------         ENDMOD        ?C?ULCMP

  -------         MODULE        ?C?LSTKXDATA
  C:4100H         PUBLIC        ?C?LSTKXDATA
  -------         ENDMOD        ?C?LSTKXDATA

  -------         MODULE        ?C?OFFXADD
  C:4131H         PUBLIC        ?C?OFFXADD
  -------         ENDMOD        ?C?OFFXADD

  -------         MODULE        ?C?PLDXDATA
  C:413DH         PUBLIC        ?C?PLDXDATA
  -------         ENDMOD        ?C?PLDXDATA

  -------         MODULE        ?C?PLDIXDATA
  C:4146H         PUBLIC        ?C?PLDIXDATA
  -------         ENDMOD        ?C?PLDIXDATA

  -------         MODULE        ?C?PSTXDATA
  C:415DH         PUBLIC        ?C?PSTXDATA
  -------         ENDMOD        ?C?PSTXDATA

  -------         MODULE        ?C?PLDCODE
  C:4166H         PUBLIC        ?C?PLDCODE
  -------         ENDMOD        ?C?PLDCODE

  -------         MODULE        ?C?PLDOPTR
  C:4172H         PUBLIC        ?C?PLDOPTR
  -------         ENDMOD        ?C?PLDOPTR

  -------         MODULE        ?C?CCASE
  C:41A2H         PUBLIC        ?C?CCASE
  -------         ENDMOD        ?C?CCASE

  -------         MODULE        ?C?ICALL
  C:41C8H         PUBLIC        ?C?ICALL
  C:41CCH         PUBLIC        ?C?ICALL2
  -------         ENDMOD        ?C?ICALL

  -------         MODULE        STRNCMP
BL51 BANKED LINKER/LOCATER V6.22.2.0                                                  01/15/2022  12:19:58  PAGE 70


  X:1CABH         PUBLIC        ?_strncmp?BYTE
  C:5D49H         PUBLIC        _strncmp
  -------         ENDMOD        STRNCMP

  -------         MODULE        STRLEN
  C:000EH         PUBLIC        _STRLEN
  -------         ENDMOD        STRLEN

  -------         MODULE        ?C?MEMSET
  C:41CEH         PUBLIC        ?C?MEMSET
  -------         ENDMOD        ?C?MEMSET

  -------         MODULE        ?C?PLDIDATA
  C:41FAH         PUBLIC        ?C?PLDIDATA
  -------         ENDMOD        ?C?PLDIDATA

  -------         MODULE        ?C?PLDPDATA
  C:4203H         PUBLIC        ?C?PLDPDATA
  -------         ENDMOD        ?C?PLDPDATA

*** WARNING L7: MODULE NAME NOT UNIQUE
    MODULE:  .\Objects\STARTUP.obj (?C_STARTUP)

Program Size: data=25.0 xdata=7446 code=29037
LINK/LOCATE RUN COMPLETE.  1 WARNING(S),  0 ERROR(S)
