BL51 BANKED LINKER/LOCATER V6.22.2.0                                                    12/21/2021  14:13:59  PAGE 1


BL51 BANKED LINKER/LOCATER V6.22.2.0, INVOKED BY:
C:\KEIL_V5\C51\BIN\BL51.EXE .\Objects\main.obj, .\Objects\Control.obj, .\Objects\report.obj, .\Objects\Menu.obj, .\Objec
>> ts\pFunc.obj, .\Objects\usart.obj, .\Objects\timer.obj, .\Objects\wifi.obj, .\STCLIB\Front.LIB, .\STCLIB\Gpio.LIB, .\
>> STCLIB\Iape2prom.LIB, .\STCLIB\Key.LIB, .\STCLIB\Lcd19264.LIB, .\Objects\STARTUP.obj TO .\Objects\WIRELESS_PLC PRINT 
>> (.\Listings\WIRELESS_PLC.m51) RAMSIZE (256)


MEMORY MODEL: LARGE


INPUT MODULES INCLUDED:
  .\Objects\main.obj (MAIN)
  .\Objects\Control.obj (CONTROL)
  .\Objects\report.obj (REPORT)
  .\Objects\Menu.obj (MENU)
  .\Objects\pFunc.obj (PFUNC)
  .\Objects\usart.obj (USART)
  .\Objects\timer.obj (TIMER)
  .\Objects\wifi.obj (WIFI)
  .\STCLIB\Front.LIB (CHINESE_CODE)
  .\STCLIB\Front.LIB (?C_STARTUP)
  .\STCLIB\Gpio.LIB (GPIO)
  .\STCLIB\Iape2prom.LIB (EEPROM)
  .\STCLIB\Key.LIB (KEY)
  .\STCLIB\Lcd19264.LIB (LCD)
  C:\KEIL_V5\C51\LIB\C51L.LIB (?C_INIT)
  C:\KEIL_V5\C51\LIB\C51L.LIB (?C?COPY)
  C:\KEIL_V5\C51\LIB\C51L.LIB (?C?CLDPTR)
  C:\KEIL_V5\C51\LIB\C51L.LIB (?C?CLDOPTR)
  C:\KEIL_V5\C51\LIB\C51L.LIB (?C?CILDPTR)
  C:\KEIL_V5\C51\LIB\C51L.LIB (?C?CSTPTR)
  C:\KEIL_V5\C51\LIB\C51L.LIB (?C?CSTOPTR)
  C:\KEIL_V5\C51\LIB\C51L.LIB (?C?IMUL)
  C:\KEIL_V5\C51\LIB\C51L.LIB (?C?UIDIV)
  C:\KEIL_V5\C51\LIB\C51L.LIB (?C?SIDIV)
  C:\KEIL_V5\C51\LIB\C51L.LIB (?C?IILDX)
  C:\KEIL_V5\C51\LIB\C51L.LIB (?C?ILDIX)
  C:\KEIL_V5\C51\LIB\C51L.LIB (?C?ILDOPTR)
  C:\KEIL_V5\C51\LIB\C51L.LIB (?C?IILDOPTR)
  C:\KEIL_V5\C51\LIB\C51L.LIB (?C?ISTOPTR)
  C:\KEIL_V5\C51\LIB\C51L.LIB (?C?ULCMP)
  C:\KEIL_V5\C51\LIB\C51L.LIB (?C?LSTKXDATA)
  C:\KEIL_V5\C51\LIB\C51L.LIB (?C?OFFXADD)
  C:\KEIL_V5\C51\LIB\C51L.LIB (?C?PLDXDATA)
  C:\KEIL_V5\C51\LIB\C51L.LIB (?C?PLDIXDATA)
  C:\KEIL_V5\C51\LIB\C51L.LIB (?C?PSTXDATA)
  C:\KEIL_V5\C51\LIB\C51L.LIB (?C?PLDCODE)
  C:\KEIL_V5\C51\LIB\C51L.LIB (?C?PLDOPTR)
  C:\KEIL_V5\C51\LIB\C51L.LIB (?C?ICALL)
  C:\KEIL_V5\C51\LIB\C51L.LIB (STRNCMP)
  C:\KEIL_V5\C51\LIB\C51L.LIB (STRLEN)
  C:\KEIL_V5\C51\LIB\C51L.LIB (?C?MEMSET)
  C:\KEIL_V5\C51\LIB\C51L.LIB (?C?PLDIDATA)
  C:\KEIL_V5\C51\LIB\C51L.LIB (?C?PLDPDATA)


LINK MAP OF MODULE:  .\Objects\WIRELESS_PLC (MAIN)

BL51 BANKED LINKER/LOCATER V6.22.2.0                                                  12/21/2021  14:13:59  PAGE 2



            TYPE    BASE      LENGTH    RELOCATION   SEGMENT NAME
            -----------------------------------------------------

            * * * * * * *   D A T A   M E M O R Y   * * * * * * *
            REG     0000H     0008H     ABSOLUTE     "REG BANK 0"
            REG     0008H     0008H     ABSOLUTE     "REG BANK 1"
            REG     0010H     0008H     ABSOLUTE     "REG BANK 2"
            IDATA   0018H     0001H     UNIT         ?STACK

            * * * * * * *  X D A T A   M E M O R Y  * * * * * * *
            XDATA   0000H     120AH     UNIT         ?XD?REPORT
            XDATA   120AH     00BEH     UNIT         ?XD?MENU
            XDATA   12C8H     007DH     UNIT         ?XD?CONTROL
            XDATA   1345H     003BH     UNIT         _XDATA_GROUP_
            XDATA   1380H     002DH     UNIT         ?XD?USART
            XDATA   13ADH     0011H     UNIT         ?XD?MAIN
            XDATA   13BEH     0010H     UNIT         ?XD?TIMER
            XDATA   13CEH     0008H     UNIT         ?XD?LCD
            XDATA   13D6H     0002H     UNIT         ?XD?KEY

            * * * * * * *   C O D E   M E M O R Y   * * * * * * *
            CODE    0000H     0003H     ABSOLUTE     
            CODE    0003H     0008H     UNIT         ?PR?COMMUNICAINIT?CONTROL
            CODE    000BH     0003H     ABSOLUTE     
            CODE    000EH     0015H     UNIT         ?PR?_STRLEN?STRLEN
            CODE    0023H     0003H     ABSOLUTE     
            CODE    0026H     001CH     UNIT         ?PR?_PASSWORDDELETE?CONTROL
            CODE    0042H     0001H     UNIT         ?PR?KEYMENU_MENU?MENU
            CODE    0043H     0003H     ABSOLUTE     
            CODE    0046H     0045H     UNIT         ?PR?REFRESHMENUDISP?MENU
            CODE    008BH     0003H     ABSOLUTE     
            CODE    008EH     0003H     UNIT         ?PR?_LCDSHOW?MENU
            CODE    0091H     0001H     UNIT         ?PR?KEYBAUD_MENU?MENU
                    0092H     0001H                  *** GAP ***
            CODE    0093H     0003H     ABSOLUTE     
            CODE    0096H     2012H     UNIT         ?CO?CHINESE_CODE
            CODE    20A8H     1357H     UNIT         ?C_INITSEG
            CODE    33FFH     0404H     UNIT         ?C?LIB_CODE
            CODE    3803H     0217H     UNIT         ?PR?KEYCONTROL_ENTER?MENU
            CODE    3A1AH     01EAH     UNIT         ?PR?MENU
            CODE    3C04H     01DDH     UNIT         ?PR?_PUBLIC_DATAHANDLE?REPORT
            CODE    3DE1H     01ABH     UNIT         ?CO?WIFI
            CODE    3F8CH     01ABH     UNIT         ?PR?_GUI_LATTICE?LCD
            CODE    4137H     0199H     UNIT         ?PR?_GPIO_INILIZE?GPIO
            CODE    42D0H     0191H     UNIT         ?PR?_MYITOA?PFUNC
            CODE    4461H     0114H     UNIT         ?PR?TIMER0_ISR?TIMER
            CODE    4575H     00ECH     UNIT         ?CO?MENU
            CODE    4661H     00EAH     UNIT         ?PR?KEYCONTROL_DOWN?MENU
            CODE    474BH     00DFH     UNIT         ?CO?CONTROL
            CODE    482AH     00D1H     UNIT         ?PR?KEYCONTROL_UP?MENU
            CODE    48FBH     00C5H     UNIT         ?PR?_GUI_STRING?LCD
            CODE    49C0H     00BBH     UNIT         ?PR?USART
            CODE    4A7BH     00AEH     UNIT         ?PR?_UART_BASE_MSPINIT?USART
            CODE    4B29H     009FH     UNIT         ?PR?UART4_ISR?USART
            CODE    4BC8H     0098H     UNIT         ?PR?_GETCRC16?REPORT
            CODE    4C60H     0097H     UNIT         ?PR?CONTROL
BL51 BANKED LINKER/LOCATER V6.22.2.0                                                  12/21/2021  14:13:59  PAGE 3


            CODE    4CF7H     0097H     UNIT         ?PR?UART2_ISR?USART
            CODE    4D8EH     0095H     UNIT         ?PR?UART3_ISR?USART
            CODE    4E23H     0090H     UNIT         ?PR?SYSTEMINIT?MAIN
            CODE    4EB3H     0090H     UNIT         ?PR?UART1_ISR?USART
            CODE    4F43H     008EH     UNIT         ?PR?KEY_CHICK?KEY
            CODE    4FD1H     008CH     UNIT         ?C_C51STARTUP
            CODE    505DH     0087H     UNIT         ?PR?PASSWORDCHANGEUISHOW?CONTROL
            CODE    50E4H     0087H     UNIT         ?PR?_STRNCMP?STRNCMP
            CODE    516BH     0085H     UNIT         ?PR?INIT_ALL?MAIN
            CODE    51F0H     007DH     UNIT         ?PR?REPORT
            CODE    526DH     007BH     UNIT         ?PR?IAP_FLASH_IINIT?MAIN
            CODE    52E8H     007BH     UNIT         ?PR?KEYMAIN_ENTER?MENU
            CODE    5363H     0079H     UNIT         ?PR?_INIT_LISTQUEUE?REPORT
            CODE    53DCH     0075H     UNIT         ?PR?KEYEVENT?MENU
            CODE    5451H     0074H     UNIT         ?PR?KEYBAUD_ENTER?MENU
            CODE    54C5H     0071H     UNIT         ?PR?LCD
            CODE    5536H     0070H     UNIT         ?PR?HOTSPOTSETTINGUISHOW?CONTROL
            CODE    55A6H     006AH     UNIT         ?PR?INITIAL_LCD?LCD
            CODE    5610H     0069H     UNIT         ?PR?_PASSWORDINPUT?CONTROL
            CODE    5679H     0069H     UNIT         ?PR?CHECK_PASSWORDBITS?MENU
            CODE    56E2H     0060H     UNIT         ?CO?MAIN
            CODE    5742H     0060H     UNIT         ?PR?KEYBAUD_DOWN?MENU
            CODE    57A2H     0060H     UNIT         ?PR?IAPCONFIGWAITTIME?EEPROM
            CODE    5802H     005DH     UNIT         ?PR?KEYBAUD_UP?MENU
            CODE    585FH     005BH     UNIT         ?PR?_GETFRONTPARM?LCD
            CODE    58BAH     0057H     UNIT         ?PR?UART_HANDLE?REPORT
            CODE    5911H     0057H     UNIT         ?PR?KEYMENU_UP?MENU
            CODE    5968H     0057H     UNIT         ?PR?KEYMENU_DOWN?MENU
            CODE    59BFH     0051H     UNIT         ?PR?_UARTX_SENDSTR?USART
            CODE    5A10H     0051H     UNIT         ?PR?_GETCHINDEX?LCD
            CODE    5A61H     004EH     UNIT         ?PR?PLCPOWERUISHOW?CONTROL
            CODE    5AAFH     0047H     UNIT         ?PR?TIMER
            CODE    5AF6H     0047H     UNIT         ?PR?_EXE_APPOINT_CMD?WIFI
            CODE    5B3DH     0044H     UNIT         ?PR?REFRESHBAUDDISP?MENU
            CODE    5B81H     0043H     UNIT         ?PR?_TIM_BASE_MSPINIT?TIMER
            CODE    5BC4H     0042H     UNIT         ?PR?WIFI
            CODE    5C06H     003DH     UNIT         ?PR?KEYMAIN_DOWN?MENU
            CODE    5C43H     003CH     UNIT         ?PR?COMMUNICAUISHOW?CONTROL
            CODE    5C7FH     003CH     UNIT         ?PR?BAUDSETTINGUI1SHOW?CONTROL
            CODE    5CBBH     003AH     UNIT         ?PR?KEYMAIN_UP?MENU
            CODE    5CF5H     0039H     UNIT         ?PR?BAUDSETTINGUI2SHOW?CONTROL
            CODE    5D2EH     0039H     UNIT         ?PR?BAUDSETTINGUI3SHOW?CONTROL
            CODE    5D67H     0039H     UNIT         ?PR?BAUDSETTINGUI4SHOW?CONTROL
            CODE    5DA0H     0038H     UNIT         ?PR?CONTROLSAVE?CONTROL
            CODE    5DD8H     0037H     UNIT         ?PR?WIFI_INIT?WIFI
            CODE    5E0FH     0036H     UNIT         ?PR?EEPROM
            CODE    5E45H     0036H     UNIT         ?PR?_LCD_ADDRESS?LCD
            CODE    5E7BH     0034H     UNIT         ?PR?_GET_TARGET_CHANNEL?REPORT
            CODE    5EAFH     0034H     UNIT         ?PR?_GET_TARGET_UART?REPORT
            CODE    5EE3H     0031H     UNIT         ?PR?_LCDDLY?MENU
            CODE    5F14H     0031H     UNIT         ?PR?WIFI_EXIT_TRT?WIFI
            CODE    5F45H     0030H     UNIT         ?PR?CHECKIAP_FLASH?MAIN
            CODE    5F75H     002FH     UNIT         ?PR?_IAPREAD?EEPROM
            CODE    5FA4H     002DH     UNIT         ?PR?BAUDINIT?CONTROL
            CODE    5FD1H     002DH     UNIT         ?PR?RELOADSETTINGUISHOW?CONTROL
            CODE    5FFEH     002CH     UNIT         ?PR?_IAPWRITE_BUFF?EEPROM
            CODE    602AH     002CH     UNIT         ?PR?_TRANSFER_COMMAND?LCD
BL51 BANKED LINKER/LOCATER V6.22.2.0                                                  12/21/2021  14:13:59  PAGE 4


            CODE    6056H     002CH     UNIT         ?PR?_TRANSFER_DATA?LCD
            CODE    6082H     002BH     UNIT         ?PR?_IAPREAD_BUFF?EEPROM
            CODE    60ADH     002AH     UNIT         ?PR?PFUNC
            CODE    60D7H     0027H     UNIT         ?PR?PASSWORDINPUTUISHOW?CONTROL
            CODE    60FEH     0027H     UNIT         ?PR?KEYCONTROL_CANCEL?MENU
            CODE    6125H     0027H     UNIT         ?PR?TIMER0_INIT?TIMER
            CODE    614CH     0026H     UNIT         ?PR?KEYMAIN_MENU?MENU
            CODE    6172H     0026H     UNIT         ?PR?_IAPPROGRAM?EEPROM
            CODE    6198H     0026H     UNIT         ?PR?_IAPERASE?EEPROM
            CODE    61BEH     0026H     UNIT         ?PR?CLEAR_SCREEN?LCD
            CODE    61E4H     0025H     UNIT         ?PR?PASSWORDJUDGE?CONTROL
            CODE    6209H     0025H     UNIT         ?CO?PFUNC
            CODE    622EH     0022H     UNIT         ?PR?UART1_INIT?USART
            CODE    6250H     0022H     UNIT         ?PR?_BUSY_AWAIT?USART
            CODE    6272H     0021H     UNIT         ?PR?UART2_INIT?USART
            CODE    6293H     001EH     UNIT         ?PR?MAIN
            CODE    62B1H     001EH     UNIT         ?PR?KEYMENU_ENTER?MENU
            CODE    62CFH     001EH     UNIT         ?PR?UART3_INIT?USART
            CODE    62EDH     001EH     UNIT         ?PR?UART4_INIT?USART
            CODE    630BH     001CH     UNIT         ?PR?_DELAY_MS?TIMER
            CODE    6327H     001BH     UNIT         ?PR?KEYMAIN_CANCEL?MENU
            CODE    6342H     001BH     UNIT         ?PR?KEYCONTROL_MENU?MENU
            CODE    635DH     0019H     UNIT         ?PR?_LOOPINDEX?PFUNC
            CODE    6376H     0019H     UNIT         ?PR?WIFI_OPEN_AP?WIFI
            CODE    638FH     0019H     UNIT         ?PR?WIFI_CLOSE_AP?WIFI
            CODE    63A8H     0018H     UNIT         ?PR?_INPUTOFFECT?CONTROL
            CODE    63C0H     0018H     UNIT         ?PR?SCREENSAVERUISHOW?CONTROL
            CODE    63D8H     0011H     UNIT         ?PR?KEYBAUD_CANCEL?MENU
            CODE    63E9H     0010H     UNIT         ?PR?KEYMENU_CANCEL?MENU
            CODE    63F9H     000FH     UNIT         ?CO?REPORT
            CODE    6408H     000EH     UNIT         ?PR?CONTROLINIT?CONTROL
            CODE    6416H     000DH     UNIT         ?PR?IAPIDLE?EEPROM
            CODE    6423H     000CH     UNIT         ?PR?_PUTCHAR?USART
            CODE    642FH     000CH     UNIT         ?PR?_WIFI_ENABLE?WIFI
            CODE    643BH     000BH     UNIT         ?PR?MAIN?MAIN
            CODE    6446H     0009H     UNIT         ?PR?POWERINIT?CONTROL
            CODE    644FH     0009H     UNIT         ?PR?LCDSHOWINIT?MENU
            CODE    6458H     0009H     UNIT         ?PR?BAUD_SETTING?MENU
            CODE    6461H     0009H     UNIT         ?PR?DELAY1MS?TIMER
            CODE    646AH     0006H     UNIT         ?PR?GPIO



OVERLAY MAP OF MODULE:   .\Objects\WIRELESS_PLC (MAIN)


SEGMENT                                    XDATA_GROUP
  +--> CALLED SEGMENT                    START    LENGTH
--------------------------------------------------------
?PR?UART1_ISR?USART                      -----    -----
  +--> ?PR?USART

*** NEW ROOT ***************************************************

?PR?UART2_ISR?USART                      -----    -----
  +--> ?PR?USART

BL51 BANKED LINKER/LOCATER V6.22.2.0                                                  12/21/2021  14:13:59  PAGE 5


*** NEW ROOT ***************************************************

?PR?UART3_ISR?USART                      -----    -----
  +--> ?PR?USART

*** NEW ROOT ***************************************************

?PR?UART4_ISR?USART                      -----    -----
  +--> ?PR?USART

*** NEW ROOT ***************************************************

?PR?TIMER0_ISR?TIMER                     -----    -----
  +--> ?PR?TIMER

*** NEW ROOT ***************************************************

?C_C51STARTUP                            -----    -----
  +--> ?PR?MAIN?MAIN
  +--> ?C_INITSEG

?PR?MAIN?MAIN                            -----    -----
  +--> ?PR?SYSTEMINIT?MAIN
  +--> ?PR?KEYEVENT?MENU
  +--> ?PR?UART_HANDLE?REPORT

?PR?SYSTEMINIT?MAIN                      -----    -----
  +--> ?PR?INIT_ALL?MAIN
  +--> ?PR?INITIAL_LCD?LCD
  +--> ?PR?IAP_FLASH_IINIT?MAIN
  +--> ?PR?TIMER0_INIT?TIMER
  +--> ?PR?UART1_INIT?USART
  +--> ?PR?UART2_INIT?USART
  +--> ?PR?UART3_INIT?USART
  +--> ?PR?UART4_INIT?USART
  +--> ?PR?CONTROLINIT?CONTROL
  +--> ?PR?LCDSHOWINIT?MENU
  +--> ?PR?WIFI_INIT?WIFI
  +--> ?PR?CONTROLSAVE?CONTROL
  +--> ?PR?_INIT_LISTQUEUE?REPORT

?PR?INIT_ALL?MAIN                        1345H    0002H
  +--> ?PR?MAIN
  +--> ?PR?_GPIO_INILIZE?GPIO

?PR?_GPIO_INILIZE?GPIO                   -----    -----
  +--> ?PR?GPIO

?PR?INITIAL_LCD?LCD                      -----    -----
  +--> ?PR?_DELAY_MS?TIMER
  +--> ?PR?_TRANSFER_COMMAND?LCD
  +--> ?PR?CLEAR_SCREEN?LCD

?PR?_DELAY_MS?TIMER                      134EH    0002H
  +--> ?PR?DELAY1MS?TIMER

?PR?_TRANSFER_COMMAND?LCD                -----    -----
BL51 BANKED LINKER/LOCATER V6.22.2.0                                                  12/21/2021  14:13:59  PAGE 6


  +--> ?PR?LCD

?PR?LCD                                  -----    -----
  +--> ?PR?_LCD_ADDRESS?LCD

?PR?CLEAR_SCREEN?LCD                     -----    -----
  +--> ?PR?LCD
  +--> ?PR?_TRANSFER_COMMAND?LCD
  +--> ?PR?_TRANSFER_DATA?LCD

?PR?_TRANSFER_DATA?LCD                   -----    -----
  +--> ?PR?LCD

?PR?IAP_FLASH_IINIT?MAIN                 -----    -----
  +--> ?PR?CHECKIAP_FLASH?MAIN
  +--> ?CO?MAIN
  +--> ?PR?MAIN
  +--> ?PR?_GUI_STRING?LCD
  +--> ?PR?_DELAY_MS?TIMER
  +--> ?PR?_IAPERASE?EEPROM
  +--> ?PR?_IAPWRITE_BUFF?EEPROM
  +--> ?PR?CLEAR_SCREEN?LCD

?PR?CHECKIAP_FLASH?MAIN                  -----    -----
  +--> ?PR?MAIN
  +--> ?PR?_IAPREAD_BUFF?EEPROM
  +--> ?PR?_GETCRC16?REPORT

?PR?_IAPREAD_BUFF?EEPROM                 1345H    0006H
  +--> ?PR?EEPROM
  +--> ?PR?_IAPREAD?EEPROM

?PR?_IAPREAD?EEPROM                      134BH    0001H
  +--> ?PR?IAPCONFIGWAITTIME?EEPROM
  +--> ?PR?EEPROM

?PR?IAPCONFIGWAITTIME?EEPROM             1351H    0004H
  +--> ?PR?EEPROM

?PR?_GETCRC16?REPORT                     1348H    0009H

?PR?_GUI_STRING?LCD                      134BH    0009H
  +--> ?PR?_GETFRONTPARM?LCD
  +--> ?PR?LCD
  +--> ?PR?_GETCHINDEX?LCD
  +--> ?PR?_GUI_LATTICE?LCD

?PR?_GETFRONTPARM?LCD                    -----    -----
  +--> ?CO?CHINESE_CODE

?PR?_GETCHINDEX?LCD                      1354H    0002H
  +--> ?CO?CHINESE_CODE

?PR?_GUI_LATTICE?LCD                     1354H    000FH
  +--> ?PR?LCD
  +--> ?PR?_LCD_ADDRESS?LCD
  +--> ?PR?_TRANSFER_DATA?LCD
BL51 BANKED LINKER/LOCATER V6.22.2.0                                                  12/21/2021  14:13:59  PAGE 7



?PR?_IAPERASE?EEPROM                     1348H    0002H
  +--> ?PR?IAPCONFIGWAITTIME?EEPROM
  +--> ?PR?EEPROM
  +--> ?PR?IAPIDLE?EEPROM
  +--> ?PR?_DELAY_MS?TIMER

?PR?_IAPWRITE_BUFF?EEPROM                1348H    0006H
  +--> ?PR?EEPROM
  +--> ?PR?_IAPPROGRAM?EEPROM

?PR?_IAPPROGRAM?EEPROM                   134EH    0003H
  +--> ?PR?IAPCONFIGWAITTIME?EEPROM
  +--> ?PR?EEPROM
  +--> ?PR?IAPIDLE?EEPROM

?PR?TIMER0_INIT?TIMER                    -----    -----
  +--> ?PR?_TIM_BASE_MSPINIT?TIMER

?PR?UART1_INIT?USART                     -----    -----
  +--> ?PR?USART
  +--> ?PR?_UART_BASE_MSPINIT?USART

?PR?_UART_BASE_MSPINIT?USART             -----    -----
  +--> ?PR?USART

?PR?UART2_INIT?USART                     -----    -----
  +--> ?PR?USART
  +--> ?PR?_UART_BASE_MSPINIT?USART

?PR?UART3_INIT?USART                     -----    -----
  +--> ?PR?USART
  +--> ?PR?_UART_BASE_MSPINIT?USART

?PR?UART4_INIT?USART                     -----    -----
  +--> ?PR?USART
  +--> ?PR?_UART_BASE_MSPINIT?USART

?PR?CONTROLINIT?CONTROL                  -----    -----
  +--> ?PR?BAUDINIT?CONTROL
  +--> ?PR?POWERINIT?CONTROL
  +--> ?PR?COMMUNICAINIT?CONTROL

?PR?BAUDINIT?CONTROL                     -----    -----
  +--> ?PR?CONTROL

?PR?CONTROL                              -----    -----
  +--> ?CO?CHINESE_CODE

?PR?COMMUNICAINIT?CONTROL                -----    -----
  +--> ?PR?_WIFI_ENABLE?WIFI

?PR?LCDSHOWINIT?MENU                     -----    -----
  +--> ?PR?SCREENSAVERUISHOW?CONTROL
  +--> ?PR?_LCDSHOW?MENU

?PR?SCREENSAVERUISHOW?CONTROL            -----    -----
BL51 BANKED LINKER/LOCATER V6.22.2.0                                                  12/21/2021  14:13:59  PAGE 8


  +--> ?PR?CLEAR_SCREEN?LCD
  +--> ?PR?CONTROL
  +--> ?CO?CHINESE_CODE
  +--> ?PR?_GUI_LATTICE?LCD

?PR?WIFI_INIT?WIFI                       1348H    0001H
  +--> ?PR?_DELAY_MS?TIMER
  +--> ?PR?WIFI
  +--> ?PR?_EXE_APPOINT_CMD?WIFI

?PR?WIFI                                 -----    -----
  +--> ?CO?WIFI

?PR?_EXE_APPOINT_CMD?WIFI                1349H    0005H
  +--> ?PR?WIFI
  +--> ?PR?_STRLEN?STRLEN
  +--> ?PR?_UARTX_SENDSTR?USART
  +--> ?PR?_DELAY_MS?TIMER

?PR?_UARTX_SENDSTR?USART                 1353H    0007H
  +--> ?PR?_BUSY_AWAIT?USART
  +--> ?PR?USART

?PR?CONTROLSAVE?CONTROL                  -----    -----
  +--> ?PR?_GETCRC16?REPORT
  +--> ?PR?_IAPERASE?EEPROM
  +--> ?PR?_IAPWRITE_BUFF?EEPROM

?PR?_INIT_LISTQUEUE?REPORT               1345H    0004H
  +--> ?PR?REPORT

?PR?KEYEVENT?MENU                        1345H    0002H
  +--> ?PR?KEY_CHICK?KEY
  +--> ?PR?_LCDDLY?MENU

?PR?KEY_CHICK?KEY                        1347H    0001H
  +--> ?PR?_DELAY_MS?TIMER

?PR?_LCDDLY?MENU                         -----    -----
  +--> ?PR?MENU
  +--> ?PR?SCREENSAVERUISHOW?CONTROL
  +--> ?PR?_LCDSHOW?MENU
  +--> ?PR?_PASSWORDDELETE?CONTROL

?PR?MENU                                 -----    -----
  +--> ?CO?CHINESE_CODE

?PR?_PASSWORDDELETE?CONTROL              1348H    0003H
  +--> ?PR?CONTROL

?PR?UART_HANDLE?REPORT                   -----    -----
  +--> ?CO?REPORT

?CO?REPORT                               -----    -----
  +--> ?PR?_PUBLIC_DATAHANDLE?REPORT

?PR?_PUBLIC_DATAHANDLE?REPORT            1345H    000EH
BL51 BANKED LINKER/LOCATER V6.22.2.0                                                  12/21/2021  14:13:59  PAGE 9


  +--> ?PR?_GET_TARGET_CHANNEL?REPORT
  +--> ?PR?_GET_TARGET_UART?REPORT
  +--> ?PR?REPORT
  +--> ?PR?_UARTX_SENDSTR?USART

?C_INITSEG                               -----    -----
  +--> ?CO?CONTROL
  +--> ?PR?WIFI_OPEN_AP?WIFI
  +--> ?PR?WIFI_CLOSE_AP?WIFI
  +--> ?CO?MENU
  +--> ?PR?PLCPOWERUISHOW?CONTROL
  +--> ?PR?COMMUNICAUISHOW?CONTROL
  +--> ?PR?PASSWORDCHANGEUISHOW?CONTROL
  +--> ?PR?BAUD_SETTING?MENU
  +--> ?PR?HOTSPOTSETTINGUISHOW?CONTROL
  +--> ?PR?RELOADSETTINGUISHOW?CONTROL
  +--> ?PR?BAUDSETTINGUI1SHOW?CONTROL
  +--> ?PR?BAUDSETTINGUI2SHOW?CONTROL
  +--> ?PR?BAUDSETTINGUI3SHOW?CONTROL
  +--> ?PR?BAUDSETTINGUI4SHOW?CONTROL
  +--> ?PR?KEYMAIN_UP?MENU
  +--> ?PR?KEYMAIN_DOWN?MENU
  +--> ?PR?KEYMAIN_ENTER?MENU
  +--> ?PR?KEYMAIN_CANCEL?MENU
  +--> ?PR?KEYMAIN_MENU?MENU
  +--> ?PR?KEYMENU_UP?MENU
  +--> ?PR?KEYMENU_DOWN?MENU
  +--> ?PR?KEYMENU_ENTER?MENU
  +--> ?PR?KEYMENU_CANCEL?MENU
  +--> ?PR?KEYMENU_MENU?MENU
  +--> ?PR?KEYCONTROL_UP?MENU
  +--> ?PR?KEYCONTROL_DOWN?MENU
  +--> ?PR?KEYCONTROL_ENTER?MENU
  +--> ?PR?KEYCONTROL_CANCEL?MENU
  +--> ?PR?KEYCONTROL_MENU?MENU
  +--> ?PR?KEYBAUD_UP?MENU
  +--> ?PR?KEYBAUD_DOWN?MENU
  +--> ?PR?KEYBAUD_ENTER?MENU
  +--> ?PR?KEYBAUD_CANCEL?MENU
  +--> ?PR?KEYBAUD_MENU?MENU

?PR?WIFI_OPEN_AP?WIFI                    -----    -----
  +--> ?PR?WIFI_EXIT_TRT?WIFI
  +--> ?PR?WIFI
  +--> ?PR?_EXE_APPOINT_CMD?WIFI
  +--> ?CO?WIFI

?PR?WIFI_EXIT_TRT?WIFI                   1345H    0001H
  +--> ?PR?WIFI
  +--> ?PR?_EXE_APPOINT_CMD?WIFI

?PR?WIFI_CLOSE_AP?WIFI                   -----    -----
  +--> ?PR?WIFI_EXIT_TRT?WIFI
  +--> ?PR?WIFI
  +--> ?PR?_EXE_APPOINT_CMD?WIFI
  +--> ?CO?WIFI

BL51 BANKED LINKER/LOCATER V6.22.2.0                                                  12/21/2021  14:13:59  PAGE 10


?PR?PLCPOWERUISHOW?CONTROL               -----    -----
  +--> ?PR?CLEAR_SCREEN?LCD
  +--> ?CO?CONTROL
  +--> ?PR?CONTROL
  +--> ?PR?_GUI_STRING?LCD
  +--> ?CO?CHINESE_CODE
  +--> ?PR?_GUI_LATTICE?LCD

?PR?COMMUNICAUISHOW?CONTROL              -----    -----
  +--> ?PR?CLEAR_SCREEN?LCD
  +--> ?PR?CONTROL
  +--> ?CO?CHINESE_CODE
  +--> ?PR?_GUI_LATTICE?LCD
  +--> ?CO?CONTROL
  +--> ?PR?_GUI_STRING?LCD

?PR?PASSWORDCHANGEUISHOW?CONTROL         1348H    0003H
  +--> ?PR?CLEAR_SCREEN?LCD
  +--> ?PR?_MYITOA?PFUNC
  +--> ?PR?CONTROL
  +--> ?PR?_GUI_STRING?LCD
  +--> ?CO?CHINESE_CODE
  +--> ?PR?_GUI_LATTICE?LCD
  +--> ?CO?CONTROL

?PR?_MYITOA?PFUNC                        134BH    0035H
  +--> ?CO?PFUNC
  +--> ?PR?PFUNC

?PR?BAUD_SETTING?MENU                    -----    -----
  +--> ?PR?REFRESHBAUDDISP?MENU
  +--> ?PR?_LCDSHOW?MENU

?PR?REFRESHBAUDDISP?MENU                 1348H    0001H
  +--> ?PR?CLEAR_SCREEN?LCD
  +--> ?PR?MENU
  +--> ?PR?_GUI_STRING?LCD
  +--> ?PR?_GUI_LATTICE?LCD

?PR?HOTSPOTSETTINGUISHOW?CONTROL         -----    -----
  +--> ?PR?CLEAR_SCREEN?LCD
  +--> ?CO?CONTROL
  +--> ?PR?_GUI_STRING?LCD
  +--> ?PR?CONTROL
  +--> ?PR?_GUI_LATTICE?LCD
  +--> ?CO?CHINESE_CODE

?PR?RELOADSETTINGUISHOW?CONTROL          -----    -----
  +--> ?PR?CLEAR_SCREEN?LCD
  +--> ?CO?CONTROL
  +--> ?PR?CONTROL
  +--> ?PR?_GUI_STRING?LCD

?PR?BAUDSETTINGUI1SHOW?CONTROL           -----    -----
  +--> ?PR?CLEAR_SCREEN?LCD
  +--> ?CO?CONTROL
  +--> ?PR?CONTROL
BL51 BANKED LINKER/LOCATER V6.22.2.0                                                  12/21/2021  14:13:59  PAGE 11


  +--> ?PR?_GUI_STRING?LCD
  +--> ?PR?_GUI_LATTICE?LCD
  +--> ?CO?CHINESE_CODE

?PR?BAUDSETTINGUI2SHOW?CONTROL           -----    -----
  +--> ?PR?CLEAR_SCREEN?LCD
  +--> ?CO?CONTROL
  +--> ?PR?CONTROL
  +--> ?PR?_GUI_STRING?LCD
  +--> ?PR?_GUI_LATTICE?LCD
  +--> ?CO?CHINESE_CODE

?PR?BAUDSETTINGUI3SHOW?CONTROL           -----    -----
  +--> ?PR?CLEAR_SCREEN?LCD
  +--> ?CO?CONTROL
  +--> ?PR?CONTROL
  +--> ?PR?_GUI_STRING?LCD
  +--> ?PR?_GUI_LATTICE?LCD
  +--> ?CO?CHINESE_CODE

?PR?BAUDSETTINGUI4SHOW?CONTROL           -----    -----
  +--> ?PR?CLEAR_SCREEN?LCD
  +--> ?CO?CONTROL
  +--> ?PR?CONTROL
  +--> ?PR?_GUI_STRING?LCD
  +--> ?PR?_GUI_LATTICE?LCD
  +--> ?CO?CHINESE_CODE

?PR?KEYMAIN_UP?MENU                      1345H    0003H
  +--> ?PR?MENU
  +--> ?PR?_PASSWORDINPUT?CONTROL
  +--> ?CO?MENU
  +--> ?PR?_MYITOA?PFUNC
  +--> ?PR?_GUI_STRING?LCD

?PR?_PASSWORDINPUT?CONTROL               1348H    0003H
  +--> ?PR?CONTROL

?PR?KEYMAIN_DOWN?MENU                    1345H    0003H
  +--> ?PR?MENU
  +--> ?PR?_PASSWORDINPUT?CONTROL
  +--> ?CO?MENU
  +--> ?PR?_MYITOA?PFUNC
  +--> ?PR?_GUI_STRING?LCD

?PR?KEYMAIN_ENTER?MENU                   -----    -----
  +--> ?PR?MENU
  +--> ?PR?PASSWORDJUDGE?CONTROL
  +--> ?CO?MENU
  +--> ?PR?_STRNCMP?STRNCMP
  +--> ?PR?REFRESHMENUDISP?MENU
  +--> ?PR?_LCDSHOW?MENU
  +--> ?PR?_PASSWORDDELETE?CONTROL
  +--> ?PR?CLEAR_SCREEN?LCD
  +--> ?PR?_GUI_STRING?LCD
  +--> ?PR?_DELAY_MS?TIMER
  +--> ?PR?PASSWORDINPUTUISHOW?CONTROL
BL51 BANKED LINKER/LOCATER V6.22.2.0                                                  12/21/2021  14:13:59  PAGE 12



?PR?PASSWORDJUDGE?CONTROL                1348H    0022H
  +--> ?PR?_STRNCMP?STRNCMP

?PR?_STRNCMP?STRNCMP                     136AH    0008H

?PR?REFRESHMENUDISP?MENU                 1348H    0001H
  +--> ?PR?CLEAR_SCREEN?LCD
  +--> ?PR?MENU
  +--> ?PR?_GUI_STRING?LCD
  +--> ?PR?_GUI_LATTICE?LCD

?PR?PASSWORDINPUTUISHOW?CONTROL          -----    -----
  +--> ?PR?CLEAR_SCREEN?LCD
  +--> ?PR?CONTROL
  +--> ?CO?CHINESE_CODE
  +--> ?PR?_GUI_LATTICE?LCD
  +--> ?CO?CONTROL
  +--> ?PR?_GUI_STRING?LCD

?PR?KEYMAIN_CANCEL?MENU                  -----    -----
  +--> ?PR?MENU
  +--> ?PR?SCREENSAVERUISHOW?CONTROL
  +--> ?PR?_LCDSHOW?MENU
  +--> ?PR?_PASSWORDDELETE?CONTROL

?PR?KEYMAIN_MENU?MENU                    -----    -----
  +--> ?PR?PASSWORDINPUTUISHOW?CONTROL
  +--> ?PR?_LCDSHOW?MENU
  +--> ?PR?MENU
  +--> ?PR?_INPUTOFFECT?CONTROL

?PR?KEYMENU_UP?MENU                      -----    -----
  +--> ?PR?MENU
  +--> ?PR?_LOOPINDEX?PFUNC
  +--> ?PR?REFRESHMENUDISP?MENU
  +--> ?PR?_LCDSHOW?MENU

?PR?KEYMENU_DOWN?MENU                    -----    -----
  +--> ?PR?MENU
  +--> ?PR?_LOOPINDEX?PFUNC
  +--> ?PR?REFRESHMENUDISP?MENU
  +--> ?PR?_LCDSHOW?MENU

?PR?KEYMENU_ENTER?MENU                   -----    -----
  +--> ?PR?MENU
  +--> ?PR?_LCDSHOW?MENU

?PR?KEYMENU_CANCEL?MENU                  -----    -----
  +--> ?PR?MENU
  +--> ?PR?SCREENSAVERUISHOW?CONTROL
  +--> ?PR?_LCDSHOW?MENU
  +--> ?PR?_PASSWORDDELETE?CONTROL

?PR?KEYCONTROL_UP?MENU                   1345H    0003H
  +--> ?PR?MENU
  +--> ?CO?MENU
BL51 BANKED LINKER/LOCATER V6.22.2.0                                                  12/21/2021  14:13:59  PAGE 13


  +--> ?PR?_MYITOA?PFUNC
  +--> ?PR?COMMUNICAUISHOW?CONTROL
  +--> ?PR?_LCDSHOW?MENU
  +--> ?PR?_LOOPINDEX?PFUNC
  +--> ?PR?REFRESHBAUDDISP?MENU
  +--> ?PR?_GUI_STRING?LCD
  +--> ?PR?_PASSWORDINPUT?CONTROL

?PR?KEYCONTROL_DOWN?MENU                 1345H    0003H
  +--> ?PR?MENU
  +--> ?CO?MENU
  +--> ?PR?_MYITOA?PFUNC
  +--> ?PR?COMMUNICAUISHOW?CONTROL
  +--> ?PR?_LCDSHOW?MENU
  +--> ?PR?_LOOPINDEX?PFUNC
  +--> ?PR?REFRESHBAUDDISP?MENU
  +--> ?PR?_GUI_STRING?LCD
  +--> ?PR?_PASSWORDINPUT?CONTROL

?PR?KEYCONTROL_ENTER?MENU                1345H    0003H
  +--> ?PR?CHECK_PASSWORDBITS?MENU
  +--> ?PR?MENU
  +--> ?PR?_MYITOA?PFUNC
  +--> ?PR?_GUI_STRING?LCD
  +--> ?CO?CHINESE_CODE
  +--> ?PR?_GUI_LATTICE?LCD
  +--> ?PR?PASSWORDJUDGE?CONTROL
  +--> ?PR?CONTROLSAVE?CONTROL
  +--> ?PR?_PASSWORDDELETE?CONTROL
  +--> ?PR?REFRESHMENUDISP?MENU
  +--> ?PR?CLEAR_SCREEN?LCD
  +--> ?CO?MENU
  +--> ?PR?PASSWORDCHANGEUISHOW?CONTROL
  +--> ?PR?_LCDSHOW?MENU
  +--> ?PR?PLCPOWERUISHOW?CONTROL
  +--> ?PR?_WIFI_ENABLE?WIFI
  +--> ?PR?_IAPERASE?EEPROM
  +--> ?PR?_IAPWRITE_BUFF?EEPROM
  +--> ?PR?BAUDINIT?CONTROL
  +--> ?PR?POWERINIT?CONTROL
  +--> ?PR?COMMUNICAINIT?CONTROL
  +--> ?PR?WIFI_INIT?WIFI
  +--> ?PR?_DELAY_MS?TIMER

?PR?CHECK_PASSWORDBITS?MENU              -----    -----
  +--> ?PR?CLEAR_SCREEN?LCD
  +--> ?CO?MENU
  +--> ?PR?MENU
  +--> ?PR?_GUI_STRING?LCD
  +--> ?PR?_PASSWORDDELETE?CONTROL
  +--> ?PR?_DELAY_MS?TIMER
  +--> ?PR?PASSWORDCHANGEUISHOW?CONTROL
  +--> ?PR?_LCDSHOW?MENU

?PR?KEYCONTROL_CANCEL?MENU               -----    -----
  +--> ?PR?MENU
  +--> ?PR?_PASSWORDDELETE?CONTROL
BL51 BANKED LINKER/LOCATER V6.22.2.0                                                  12/21/2021  14:13:59  PAGE 14


  +--> ?PR?REFRESHMENUDISP?MENU
  +--> ?PR?_LCDSHOW?MENU

?PR?KEYCONTROL_MENU?MENU                 -----    -----
  +--> ?PR?MENU
  +--> ?PR?_INPUTOFFECT?CONTROL

?PR?KEYBAUD_UP?MENU                      -----    -----
  +--> ?PR?MENU
  +--> ?PR?_LOOPINDEX?PFUNC
  +--> ?PR?_GUI_STRING?LCD

?PR?KEYBAUD_DOWN?MENU                    -----    -----
  +--> ?PR?MENU
  +--> ?PR?_LOOPINDEX?PFUNC
  +--> ?PR?_GUI_STRING?LCD

?PR?KEYBAUD_ENTER?MENU                   -----    -----
  +--> ?PR?MENU
  +--> ?PR?CONTROLSAVE?CONTROL
  +--> ?PR?CLEAR_SCREEN?LCD
  +--> ?CO?MENU
  +--> ?PR?_GUI_STRING?LCD
  +--> ?PR?_DELAY_MS?TIMER
  +--> ?PR?KEYBAUD_CANCEL?MENU

?PR?KEYBAUD_CANCEL?MENU                  -----    -----
  +--> ?PR?REFRESHBAUDDISP?MENU
  +--> ?PR?_LCDSHOW?MENU



SYMBOL TABLE OF MODULE:  .\Objects\WIRELESS_PLC (MAIN)

  VALUE           TYPE          NAME
  ----------------------------------

  -------         MODULE        MAIN
  C:0000H         SYMBOL        _ICE_DUMMY_
  D:0080H         PUBLIC        P0
  D:0090H         PUBLIC        P1
  D:00A0H         PUBLIC        P2
  D:00B0H         PUBLIC        P3
  D:00C0H         PUBLIC        P4
  D:00C8H         PUBLIC        P5
  B:00A8H.7       PUBLIC        EA
  D:00E8H         PUBLIC        P6
  D:00F8H         PUBLIC        P7
  D:00BAH         PUBLIC        P_SW2
  D:00A8H         PUBLIC        IE
  C:516BH         PUBLIC        Init_All
  X:13ADH         PUBLIC        System_Parameter
  D:00B8H         PUBLIC        IP
  D:00D8H         PUBLIC        CCON
  C:643BH         PUBLIC        main
  D:0098H         PUBLIC        SCON
  D:0088H         PUBLIC        TCON
BL51 BANKED LINKER/LOCATER V6.22.2.0                                                  12/21/2021  14:13:59  PAGE 15


  B:00A0H.7       PUBLIC        P27
  C:4E23H         SYMBOL        systemInit
  C:526DH         SYMBOL        Iap_Flash_Iinit
  C:5F45H         PUBLIC        CheckIap_Flash
  D:00D0H         PUBLIC        PSW
  C:6293H         SYMBOL        Com0011
  C:6293H         SYMBOL        L?0018
  C:6294H         SYMBOL        L?0019
  C:629CH         SYMBOL        L?0020
  C:629EH         SYMBOL        L?0021
  C:62A7H         SYMBOL        L?0023
  -------         PROC          COM0011
  -------         ENDPROC       COM0011
  -------         PROC          MAIN
  C:643BH         LINE#         26
  C:643BH         LINE#         27
  C:643BH         LINE#         29
  C:643EH         LINE#         31
  C:643EH         LINE#         32
  C:643EH         LINE#         33
  C:6441H         LINE#         35
  C:6444H         LINE#         38
  -------         ENDPROC       MAIN
  C:4E97H         SYMBOL        L?0016
  C:4EA5H         SYMBOL        L?0024
  -------         PROC          SYSTEMINIT
  C:4E23H         LINE#         41
  C:4E23H         LINE#         42
  C:4E23H         LINE#         43
  C:4E26H         LINE#         47
  C:4E2AH         LINE#         48
  C:4E34H         LINE#         51
  C:4E38H         LINE#         52
  C:4E42H         LINE#         55
  C:4E46H         LINE#         56
  C:4E50H         LINE#         59
  C:4E54H         LINE#         60
  C:4E5EH         LINE#         64
  C:4E61H         LINE#         66
  C:4E64H         LINE#         68
  C:4E67H         LINE#         69
  C:4E6EH         LINE#         73
  C:4E71H         LINE#         75
  C:4E74H         LINE#         77
  C:4E77H         LINE#         79
  C:4E7AH         LINE#         81
  C:4E7CH         LINE#         83
  C:4E7FH         LINE#         85
  C:4E81H         LINE#         89
  C:4E84H         LINE#         90
  C:4E8AH         LINE#         91
  C:4E8AH         LINE#         93
  C:4E8DH         LINE#         94
  C:4E93H         LINE#         96
  C:4E96H         LINE#         97
  C:4E96H         LINE#         100
  -------         ENDPROC       SYSTEMINIT
BL51 BANKED LINKER/LOCATER V6.22.2.0                                                  12/21/2021  14:13:59  PAGE 16


  C:51D5H         SYMBOL        L?0022
  C:51E3H         SYMBOL        L?0025
  -------         PROC          INIT_ALL
  -------         DO            
  X:1345H         SYMBOL        GPIO_InitStruct
  -------         ENDDO         
  C:516BH         LINE#         103
  C:516BH         LINE#         104
  C:516BH         LINE#         109
  C:516EH         LINE#         110
  C:5174H         LINE#         112
  C:517BH         LINE#         114
  C:5181H         LINE#         116
  C:5185H         LINE#         117
  C:5188H         LINE#         125
  C:518CH         LINE#         126
  C:518EH         LINE#         127
  C:5196H         LINE#         129
  C:519CH         LINE#         130
  C:519EH         LINE#         131
  C:51A3H         LINE#         135
  C:51A3H         LINE#         136
  C:51A3H         LINE#         137
  C:51A7H         LINE#         139
  C:51AAH         LINE#         140
  C:51ADH         LINE#         141
  C:51B5H         LINE#         145
  C:51BBH         LINE#         146
  C:51BEH         LINE#         147
  C:51C3H         LINE#         151
  C:51C3H         LINE#         152
  C:51C3H         LINE#         153
  C:51C8H         LINE#         156
  C:51CBH         LINE#         157
  C:51CDH         LINE#         158
  C:51D5H         LINE#         160
  -------         ENDPROC       INIT_ALL
  -------         PROC          CHECKIAP_FLASH
  -------         DO            
  D:0006H         SYMBOL        CRC
  -------         ENDDO         
  C:5F45H         LINE#         165
  C:5F45H         LINE#         166
  C:5F45H         LINE#         167
  C:5F48H         LINE#         170
  C:5F52H         LINE#         172
  C:5F65H         LINE#         174
  C:5F71H         LINE#         175
  C:5F71H         LINE#         176
  C:5F73H         LINE#         177
  C:5F73H         LINE#         178
  C:5F74H         LINE#         179
  -------         ENDPROC       CHECKIAP_FLASH
  -------         PROC          IAP_FLASH_IINIT
  C:526DH         LINE#         182
  C:526DH         LINE#         183
  C:526DH         LINE#         184
BL51 BANKED LINKER/LOCATER V6.22.2.0                                                  12/21/2021  14:13:59  PAGE 17


  C:5274H         LINE#         185
  C:5274H         LINE#         186
  C:5280H         LINE#         187
  C:5284H         LINE#         188
  C:5286H         LINE#         190
  C:5286H         LINE#         191
  C:5292H         LINE#         192
  C:5299H         LINE#         193
  C:52A5H         LINE#         196
  C:52ABH         LINE#         198
  C:52BEH         LINE#         200
  C:52CAH         LINE#         202
  C:52D1H         LINE#         203
  C:52D4H         LINE#         204
  C:52E0H         LINE#         205
  C:52E7H         LINE#         206
  C:52E7H         LINE#         207
  -------         ENDPROC       IAP_FLASH_IINIT
  -------         ENDMOD        MAIN

  -------         MODULE        CONTROL
  C:0000H         SYMBOL        _ICE_DUMMY_
  D:0080H         PUBLIC        P0
  D:0090H         PUBLIC        P1
  X:12C8H         PUBLIC        PassWordI
  D:00A0H         PUBLIC        P2
  D:00B0H         PUBLIC        P3
  D:00C0H         PUBLIC        P4
  D:00C8H         PUBLIC        P5
  C:5C43H         PUBLIC        CommunicaUIshow
  B:00A8H.7       PUBLIC        EA
  D:00E8H         PUBLIC        P6
  D:00F8H         PUBLIC        P7
  D:00A8H         PUBLIC        IE
  C:60D7H         PUBLIC        PassWordInputUIShow
  C:0026H         PUBLIC        _PassWordDelete
  C:5FA4H         PUBLIC        BaudInit
  C:5A61H         PUBLIC        PlcPowerUIshow
  X:12D9H         PUBLIC        G_Aplist_Size
  D:00B8H         PUBLIC        IP
  C:5FD1H         PUBLIC        ReloadSettingUIshow
  D:00D8H         PUBLIC        CCON
  C:6446H         PUBLIC        PowerInit
  X:12DAH         PUBLIC        PassWordChange1
  D:0098H         PUBLIC        SCON
  X:12EBH         PUBLIC        PassWordChange2
  D:0088H         PUBLIC        TCON
  B:0080H.7       PUBLIC        P07
  C:0003H         PUBLIC        CommunicaInit
  C:5536H         PUBLIC        HotspotSettingUIshow
  X:12FCH         PUBLIC        Baudlist
  X:1338H         PUBLIC        G_BaudList_Size
  C:505DH         PUBLIC        PassWordChangeUIShow
  C:61E4H         PUBLIC        PassWordjudge
  C:5610H         PUBLIC        _PassWordInput
  D:008DH         PUBLIC        TH1
  D:00D6H         PUBLIC        T2H
BL51 BANKED LINKER/LOCATER V6.22.2.0                                                  12/21/2021  14:13:59  PAGE 18


  D:00D4H         PUBLIC        T3H
  D:00D2H         PUBLIC        T4H
  D:008BH         PUBLIC        TL1
  D:00D7H         PUBLIC        T2L
  D:00D5H         PUBLIC        T3L
  D:00D3H         PUBLIC        T4L
  C:63C0H         PUBLIC        ScreensaverUiShow
  C:63A8H         PUBLIC        _InputOffect
  X:1339H         PUBLIC        Aplist
  C:5C7FH         PUBLIC        BaudSettingUI1show
  C:5CF5H         PUBLIC        BaudSettingUI2show
  C:5DA0H         PUBLIC        ControlSave
  C:5D2EH         PUBLIC        BaudSettingUI3show
  C:5D67H         PUBLIC        BaudSettingUI4show
  D:00D0H         PUBLIC        PSW
  C:6408H         PUBLIC        ControlInit
  C:4C60H         SYMBOL        Com0024
  C:4C60H         SYMBOL        L?0037
  C:4C60H         SYMBOL        L?0038
  C:4C6AH         SYMBOL        L?0039
  C:4C6CH         SYMBOL        L?0040
  C:4C73H         SYMBOL        L?0041
  C:4C73H         SYMBOL        L?0042
  C:4C84H         SYMBOL        L?0043
  C:4C8BH         SYMBOL        L?0044
  C:4C93H         SYMBOL        L?0045
  C:4C93H         SYMBOL        L?0046
  C:4CA6H         SYMBOL        L?0047
  C:4CAEH         SYMBOL        L?0048
  C:4CB6H         SYMBOL        L?0049
  C:4CB6H         SYMBOL        L?0050
  C:4CB8H         SYMBOL        L?0051
  C:4CBFH         SYMBOL        L?0052
  C:4CC7H         SYMBOL        L?0053
  C:4CCFH         SYMBOL        L?0054
  C:4CD5H         SYMBOL        L?0055
  C:4CDDH         SYMBOL        L?0056
  C:4CDFH         SYMBOL        L?0057
  C:4CE6H         SYMBOL        L?0058
  C:4CEEH         SYMBOL        L?0059
  -------         PROC          COM0024
  -------         ENDPROC       COM0024
  -------         PROC          CONTROLINIT
  C:6408H         LINE#         43
  C:6408H         LINE#         44
  C:6408H         LINE#         46
  C:640DH         LINE#         47
  C:6410H         LINE#         48
  C:6413H         LINE#         49
  -------         ENDPROC       CONTROLINIT
  -------         PROC          COMMUNICAINIT
  C:0003H         LINE#         52
  C:0003H         LINE#         53
  C:0003H         LINE#         56
  -------         ENDPROC       COMMUNICAINIT
  -------         PROC          POWERINIT
  C:6446H         LINE#         59
BL51 BANKED LINKER/LOCATER V6.22.2.0                                                  12/21/2021  14:13:59  PAGE 19


  C:6446H         LINE#         60
  C:6446H         LINE#         61
  C:644EH         LINE#         62
  -------         ENDPROC       POWERINIT
  -------         PROC          BAUDINIT
  C:5FA4H         LINE#         64
  C:5FA4H         LINE#         65
  C:5FA4H         LINE#         67
  C:5FAFH         LINE#         68
  C:5FBAH         LINE#         69
  C:5FC5H         LINE#         70
  C:5FD0H         LINE#         71
  -------         ENDPROC       BAUDINIT
  -------         PROC          _PASSWORDINPUT
  D:0007H         SYMBOL        operation
  X:1348H         SYMBOL        Password
  C:5610H         LINE#         80
  C:5616H         LINE#         81
  C:5616H         LINE#         83
  C:5635H         LINE#         84
  C:5635H         LINE#         85
  C:5638H         LINE#         86
  C:5638H         LINE#         87
  C:563DH         LINE#         88
  C:563DH         LINE#         89
  C:563EH         LINE#         90
  C:563EH         LINE#         91
  C:5640H         LINE#         93
  C:5640H         LINE#         94
  C:5645H         LINE#         95
  C:5645H         LINE#         96
  C:564AH         LINE#         97
  C:564AH         LINE#         98
  C:564FH         LINE#         99
  C:565BH         LINE#         100
  C:565BH         LINE#         101
  C:5678H         LINE#         102
  -------         ENDPROC       _PASSWORDINPUT
  -------         PROC          PASSWORDJUDGE
  X:1348H         SYMBOL        PasswordA
  X:1359H         SYMBOL        PasswordB
  C:61E4H         LINE#         112
  C:61E4H         LINE#         113
  C:61E4H         LINE#         115
  C:6203H         LINE#         116
  C:6206H         LINE#         118
  C:6208H         LINE#         119
  -------         ENDPROC       PASSWORDJUDGE
  -------         PROC          _PASSWORDDELETE
  X:1348H         SYMBOL        Password
  C:0026H         LINE#         121
  C:002CH         LINE#         122
  C:002CH         LINE#         123
  C:0038H         LINE#         124
  -------         ENDPROC       _PASSWORDDELETE
  -------         PROC          _INPUTOFFECT
  D:0001H         SYMBOL        Password
BL51 BANKED LINKER/LOCATER V6.22.2.0                                                  12/21/2021  14:13:59  PAGE 20


  C:63A8H         LINE#         127
  C:63A8H         LINE#         128
  C:63A8H         LINE#         129
  C:63ADH         LINE#         130
  C:63B5H         LINE#         131
  C:63B5H         LINE#         132
  C:63BAH         LINE#         133
  C:63BAH         LINE#         135
  -------         ENDPROC       _INPUTOFFECT
  -------         PROC          SCREENSAVERUISHOW
  C:63C0H         LINE#         144
  C:63C0H         LINE#         145
  C:63C0H         LINE#         146
  C:63C3H         LINE#         148
  -------         ENDPROC       SCREENSAVERUISHOW
  -------         PROC          PASSWORDINPUTUISHOW
  C:60D7H         LINE#         151
  C:60D7H         LINE#         152
  C:60D7H         LINE#         153
  C:60DAH         LINE#         154
  C:60F0H         LINE#         155
  -------         ENDPROC       PASSWORDINPUTUISHOW
  -------         PROC          PASSWORDCHANGEUISHOW
  -------         DO            
  X:1348H         SYMBOL        i
  X:1349H         SYMBOL        temp
  -------         ENDDO         
  C:505DH         LINE#         158
  C:505DH         LINE#         159
  C:505DH         LINE#         165
  C:5060H         LINE#         167
  C:5066H         LINE#         168
  C:5066H         LINE#         170
  C:5079H         LINE#         171
  C:5079H         LINE#         172
  C:50ACH         LINE#         173
  C:50B4H         LINE#         174
  C:50C8H         LINE#         175
  C:50C8H         LINE#         177
  C:50D6H         LINE#         178
  -------         ENDPROC       PASSWORDCHANGEUISHOW
  -------         PROC          PLCPOWERUISHOW
  C:5A61H         LINE#         181
  C:5A61H         LINE#         182
  C:5A61H         LINE#         183
  C:5A64H         LINE#         185
  C:5A74H         LINE#         186
  C:5A84H         LINE#         188
  C:5A8DH         LINE#         189
  C:5A8DH         LINE#         190
  C:5A96H         LINE#         191
  C:5A98H         LINE#         193
  C:5A98H         LINE#         194
  C:5AAEH         LINE#         195
  C:5AAEH         LINE#         196
  -------         ENDPROC       PLCPOWERUISHOW
  -------         PROC          COMMUNICAUISHOW
BL51 BANKED LINKER/LOCATER V6.22.2.0                                                  12/21/2021  14:13:59  PAGE 21


  C:5C43H         LINE#         198
  C:5C43H         LINE#         199
  C:5C43H         LINE#         200
  C:5C46H         LINE#         201
  C:5C63H         LINE#         203
  C:5C71H         LINE#         204
  -------         ENDPROC       COMMUNICAUISHOW
  -------         PROC          BAUDSETTINGUI1SHOW
  C:5C7FH         LINE#         219
  C:5C7FH         LINE#         220
  C:5C7FH         LINE#         221
  C:5C82H         LINE#         222
  C:5C90H         LINE#         223
  C:5C9DH         LINE#         224
  C:5CA7H         LINE#         225
  -------         ENDPROC       BAUDSETTINGUI1SHOW
  -------         PROC          BAUDSETTINGUI2SHOW
  C:5CF5H         LINE#         228
  C:5CF5H         LINE#         229
  C:5CF5H         LINE#         230
  C:5CF8H         LINE#         231
  C:5D06H         LINE#         232
  C:5D13H         LINE#         233
  C:5D1DH         LINE#         234
  -------         ENDPROC       BAUDSETTINGUI2SHOW
  -------         PROC          BAUDSETTINGUI3SHOW
  C:5D2EH         LINE#         237
  C:5D2EH         LINE#         238
  C:5D2EH         LINE#         239
  C:5D31H         LINE#         240
  C:5D3FH         LINE#         241
  C:5D4CH         LINE#         242
  C:5D56H         LINE#         243
  -------         ENDPROC       BAUDSETTINGUI3SHOW
  -------         PROC          BAUDSETTINGUI4SHOW
  C:5D67H         LINE#         246
  C:5D67H         LINE#         247
  C:5D67H         LINE#         248
  C:5D6AH         LINE#         249
  C:5D78H         LINE#         250
  C:5D85H         LINE#         251
  C:5D8FH         LINE#         252
  -------         ENDPROC       BAUDSETTINGUI4SHOW
  -------         PROC          RELOADSETTINGUISHOW
  C:5FD1H         LINE#         255
  C:5FD1H         LINE#         256
  C:5FD1H         LINE#         257
  C:5FD4H         LINE#         258
  C:5FE2H         LINE#         259
  C:5FF0H         LINE#         260
  -------         ENDPROC       RELOADSETTINGUISHOW
  -------         PROC          HOTSPOTSETTINGUISHOW
  C:5536H         LINE#         263
  C:5536H         LINE#         264
  C:5536H         LINE#         265
  C:5539H         LINE#         266
  C:554BH         LINE#         267
BL51 BANKED LINKER/LOCATER V6.22.2.0                                                  12/21/2021  14:13:59  PAGE 22


  C:556BH         LINE#         268
  C:5575H         LINE#         269
  C:5586H         LINE#         271
  C:5596H         LINE#         272
  -------         ENDPROC       HOTSPOTSETTINGUISHOW
  -------         PROC          CONTROLSAVE
  C:5DA0H         LINE#         281
  C:5DA0H         LINE#         282
  C:5DA0H         LINE#         284
  C:5DBBH         LINE#         286
  C:5DBDH         LINE#         288
  C:5DC3H         LINE#         289
  C:5DD5H         LINE#         290
  C:5DD7H         LINE#         291
  -------         ENDPROC       CONTROLSAVE
  -------         ENDMOD        CONTROL

  -------         MODULE        REPORT
  C:0000H         SYMBOL        _ICE_DUMMY_
  C:63F9H         PUBLIC        ComData_Array
  D:0080H         PUBLIC        P0
  D:0090H         PUBLIC        P1
  D:00A0H         PUBLIC        P2
  D:00B0H         PUBLIC        P3
  D:00C0H         PUBLIC        P4
  D:00C8H         PUBLIC        P5
  D:00E8H         PUBLIC        P6
  D:00F8H         PUBLIC        P7
  C:5E7BH         SYMBOL        _Get_Target_Channel
  D:00A8H         PUBLIC        IE
  C:3C04H         PUBLIC        _Public_DataHandle
  D:00B8H         PUBLIC        IP
  C:5363H         PUBLIC        _Init_ListQueue
  D:00D8H         PUBLIC        CCON
  X:0002H         PUBLIC        Uart_LinkList
  D:0098H         PUBLIC        SCON
  D:0088H         PUBLIC        TCON
  B:00A0H.7       PUBLIC        P27
  C:4BC8H         PUBLIC        _getCrc16
  C:58BAH         PUBLIC        Uart_Handle
  C:5EAFH         SYMBOL        _Get_Target_Uart
  D:00D0H         PUBLIC        PSW
  C:51F0H         SYMBOL        Com0034
  C:51F0H         SYMBOL        L?0053
  C:51F0H         SYMBOL        L?0054
  C:51F3H         SYMBOL        L?0055
  C:51FCH         SYMBOL        L?0056
  C:5207H         SYMBOL        L?0057
  C:5210H         SYMBOL        L?0058
  C:5213H         SYMBOL        L?0059
  C:521BH         SYMBOL        L?0060
  C:521BH         SYMBOL        L?0061
  C:5227H         SYMBOL        L?0062
  C:5229H         SYMBOL        L?0063
  C:5231H         SYMBOL        L?0064
  C:5237H         SYMBOL        L?0065
  C:523FH         SYMBOL        L?0066
BL51 BANKED LINKER/LOCATER V6.22.2.0                                                  12/21/2021  14:13:59  PAGE 23


  C:5243H         SYMBOL        L?0067
  C:524AH         SYMBOL        L?0068
  C:524AH         SYMBOL        L?0069
  C:5251H         SYMBOL        L?0070
  C:525EH         SYMBOL        L?0071
  C:525EH         SYMBOL        L?0072
  C:5265H         SYMBOL        L?0073
  C:5265H         SYMBOL        L?0074
  -------         PROC          COM0034
  -------         ENDPROC       COM0034
  -------         PROC          _INIT_LISTQUEUE
  X:1345H         SYMBOL        List
  -------         DO            
  X:1348H         SYMBOL        j
  -------         ENDDO         
  C:5363H         LINE#         37
  C:5369H         LINE#         38
  C:5369H         LINE#         39
  C:536EH         LINE#         41
  C:537BH         LINE#         42
  C:537BH         LINE#         44
  C:538CH         LINE#         45
  C:5397H         LINE#         46
  C:539AH         LINE#         47
  C:53A1H         LINE#         48
  C:53AAH         LINE#         49
  C:53B1H         LINE#         50
  C:53C0H         LINE#         51
  C:53C8H         LINE#         54
  -------         ENDPROC       _INIT_LISTQUEUE
  -------         PROC          UART_HANDLE
  -------         DO            
  X:0000H         SYMBOL        i
  -------         ENDDO         
  C:58BAH         LINE#         82
  C:58BAH         LINE#         83
  C:58BAH         LINE#         89
  C:58CDH         LINE#         90
  C:58CDH         LINE#         91
  C:5908H         LINE#         92
  C:5910H         LINE#         107
  -------         ENDPROC       UART_HANDLE
  -------         PROC          _GET_TARGET_CHANNEL
  D:0006H         SYMBOL        channel
  -------         DO            
  D:0001H         SYMBOL        p
  -------         ENDDO         
  C:5E7BH         LINE#         117
  C:5E7BH         LINE#         118
  C:5E7BH         LINE#         119
  C:5E81H         LINE#         120
  C:5E93H         LINE#         121
  C:5E93H         LINE#         122
  C:5E93H         LINE#         123
  C:5E99H         LINE#         124
  C:5E9AH         LINE#         125
  C:5E9AH         LINE#         126
BL51 BANKED LINKER/LOCATER V6.22.2.0                                                  12/21/2021  14:13:59  PAGE 24


  C:5EA0H         LINE#         127
  C:5EA1H         LINE#         128
  C:5EA1H         LINE#         129
  C:5EA7H         LINE#         130
  C:5EA8H         LINE#         131
  C:5EA8H         LINE#         132
  C:5EAEH         LINE#         133
  C:5EAEH         LINE#         134
  C:5EAEH         LINE#         135
  C:5EAEH         LINE#         136
  C:5EAEH         LINE#         137
  C:5EAEH         LINE#         138
  -------         ENDPROC       _GET_TARGET_CHANNEL
  -------         PROC          _GET_TARGET_UART
  D:0006H         SYMBOL        channel
  -------         DO            
  D:0001H         SYMBOL        p
  -------         ENDDO         
  C:5EAFH         LINE#         146
  C:5EAFH         LINE#         147
  C:5EAFH         LINE#         148
  C:5EB5H         LINE#         149
  C:5EC7H         LINE#         150
  C:5EC7H         LINE#         151
  C:5EC7H         LINE#         152
  C:5ECDH         LINE#         153
  C:5ECEH         LINE#         154
  C:5ECEH         LINE#         155
  C:5ED4H         LINE#         156
  C:5ED5H         LINE#         157
  C:5ED5H         LINE#         158
  C:5EDBH         LINE#         159
  C:5EDCH         LINE#         160
  C:5EDCH         LINE#         161
  C:5EE2H         LINE#         162
  C:5EE2H         LINE#         163
  C:5EE2H         LINE#         164
  C:5EE2H         LINE#         165
  C:5EE2H         LINE#         166
  C:5EE2H         LINE#         167
  -------         ENDPROC       _GET_TARGET_UART
  -------         PROC          _PUBLIC_DATAHANDLE
  X:1345H         SYMBOL        src
  X:1346H         SYMBOL        dest
  -------         DO            
  X:1347H         SYMBOL        psrc
  X:134AH         SYMBOL        pdest
  X:134DH         SYMBOL        psuart
  X:1350H         SYMBOL        peuart
  X:0001H         SYMBOL        i
  -------         ENDDO         
  C:3C04H         LINE#         314
  C:3C0EH         LINE#         315
  C:3C0EH         LINE#         316
  C:3C19H         LINE#         317
  C:3C27H         LINE#         318
  C:3C35H         LINE#         319
BL51 BANKED LINKER/LOCATER V6.22.2.0                                                  12/21/2021  14:13:59  PAGE 25


  C:3C43H         LINE#         322
  C:3C6FH         LINE#         323
  C:3C6FH         LINE#         325
  C:3C6FH         LINE#         332
  C:3CB5H         LINE#         333
  C:3CB5H         LINE#         335
  C:3CC3H         LINE#         336
  C:3CC3H         LINE#         342
  C:3CC9H         LINE#         343
  C:3CD1H         LINE#         344
  C:3CD1H         LINE#         346
  C:3CD3H         LINE#         348
  C:3CE1H         LINE#         349
  C:3CE1H         LINE#         351
  C:3D05H         LINE#         353
  C:3D08H         LINE#         355
  C:3D1EH         LINE#         356
  C:3D26H         LINE#         357
  C:3D26H         LINE#         359
  C:3D28H         LINE#         360
  C:3D28H         LINE#         362
  C:3D37H         LINE#         363
  C:3D37H         LINE#         364
  C:3D37H         LINE#         366
  C:3D4CH         LINE#         367
  C:3D4CH         LINE#         368
  C:3D78H         LINE#         369
  C:3D78H         LINE#         370
  C:3D78H         LINE#         371
  C:3D78H         LINE#         373
  C:3D80H         LINE#         374
  C:3D80H         LINE#         380
  C:3D83H         LINE#         381
  C:3D8BH         LINE#         382
  C:3D8BH         LINE#         384
  C:3D8DH         LINE#         386
  C:3D96H         LINE#         387
  C:3D96H         LINE#         389
  C:3DB8H         LINE#         391
  C:3DBEH         LINE#         393
  C:3DCDH         LINE#         394
  C:3DD5H         LINE#         395
  C:3DD5H         LINE#         397
  C:3DD7H         LINE#         398
  C:3DD7H         LINE#         399
  C:3DD7H         LINE#         400
  C:3DE0H         LINE#         401
  -------         ENDPROC       _PUBLIC_DATAHANDLE
  -------         PROC          _GETCRC16
  X:1348H         SYMBOL        ptr
  X:134BH         SYMBOL        length
  X:134CH         SYMBOL        init_dat
  -------         DO            
  X:134EH         SYMBOL        i
  D:0004H         SYMBOL        j
  X:134FH         SYMBOL        crc16
  -------         ENDDO         
BL51 BANKED LINKER/LOCATER V6.22.2.0                                                  12/21/2021  14:13:59  PAGE 26


  C:4BC8H         LINE#         456
  C:4BD3H         LINE#         457
  C:4BD3H         LINE#         458
  C:4BD8H         LINE#         459
  C:4BDAH         LINE#         460
  C:4BE9H         LINE#         462
  C:4BFBH         LINE#         463
  C:4BFBH         LINE#         464
  C:4C12H         LINE#         466
  C:4C15H         LINE#         467
  C:4C15H         LINE#         468
  C:4C20H         LINE#         469
  C:4C20H         LINE#         470
  C:4C37H         LINE#         471
  C:4C39H         LINE#         473
  C:4C39H         LINE#         474
  C:4C44H         LINE#         475
  C:4C44H         LINE#         476
  C:4C4FH         LINE#         477
  C:4C57H         LINE#         478
  C:4C5FH         LINE#         479
  -------         ENDPROC       _GETCRC16
  -------         ENDMOD        REPORT

  -------         MODULE        MENU
  C:0000H         SYMBOL        _ICE_DUMMY_
  C:0046H         PUBLIC        RefreshMenuDisp
  D:0080H         PUBLIC        P0
  D:0090H         PUBLIC        P1
  D:00A0H         PUBLIC        P2
  D:00B0H         PUBLIC        P3
  D:00C0H         PUBLIC        P4
  D:00C8H         PUBLIC        P5
  B:00A8H.7       PUBLIC        EA
  D:00E8H         PUBLIC        P6
  D:00F8H         PUBLIC        P7
  C:6342H         PUBLIC        KeyControl_Menu
  C:5451H         PUBLIC        KeyBaud_Enter
  C:4661H         PUBLIC        KeyControl_Down
  D:00A8H         PUBLIC        IE
  C:52E8H         PUBLIC        KeyMain_Enter
  D:00B8H         PUBLIC        IP
  C:0091H         PUBLIC        KeyBaud_Menu
  C:5742H         PUBLIC        KeyBaud_Down
  C:62B1H         PUBLIC        KeyMenu_Enter
  D:00D8H         PUBLIC        CCON
  X:120AH         PUBLIC        Ui_Status
  C:614CH         PUBLIC        KeyMain_Menu
  C:5C06H         PUBLIC        KeyMain_Down
  C:5679H         PUBLIC        Check_PasswordBits
  C:53DCH         PUBLIC        KeyEvent
  D:0098H         PUBLIC        SCON
  D:0088H         PUBLIC        TCON
  C:482AH         PUBLIC        KeyControl_Up
  B:0080H.7       PUBLIC        P07
  C:008EH         PUBLIC        _LcdShow
  C:0042H         PUBLIC        KeyMenu_Menu
BL51 BANKED LINKER/LOCATER V6.22.2.0                                                  12/21/2021  14:13:59  PAGE 27


  C:60FEH         PUBLIC        KeyControl_Cancel
  X:120CH         PUBLIC        Optionlist
  C:5968H         PUBLIC        KeyMenu_Down
  C:5EE3H         PUBLIC        _LcdDly
  C:6458H         PUBLIC        Baud_Setting
  C:4655H         SYMBOL        _?ix1000
  C:4657H         SYMBOL        _?ix1001
  C:4659H         SYMBOL        _?ix1002
  C:465BH         SYMBOL        _?ix1003
  C:465DH         SYMBOL        _?ix1004
  C:465FH         SYMBOL        _?ix1005
  D:008DH         PUBLIC        TH1
  D:00D6H         PUBLIC        T2H
  C:5802H         PUBLIC        KeyBaud_Up
  C:644FH         PUBLIC        LcdShowInit
  D:00D4H         PUBLIC        T3H
  X:1236H         PUBLIC        M_Show
  D:00D2H         PUBLIC        T4H
  D:008BH         PUBLIC        TL1
  D:00D7H         PUBLIC        T2L
  C:63D8H         PUBLIC        KeyBaud_Cancel
  D:00D5H         PUBLIC        T3L
  D:00D3H         PUBLIC        T4L
  X:1248H         PUBLIC        keyStateEvent
  C:5CBBH         PUBLIC        KeyMain_Up
  C:6327H         PUBLIC        KeyMain_Cancel
  C:5B3DH         PUBLIC        RefreshBaudDisp
  C:5911H         PUBLIC        KeyMenu_Up
  C:63E9H         PUBLIC        KeyMenu_Cancel
  X:12ACH         PUBLIC        Optionlist1
  C:3803H         PUBLIC        KeyControl_Enter
  D:00D0H         PUBLIC        PSW
  C:3A1AH         SYMBOL        Com00B6
  C:3A1AH         SYMBOL        L?0183
  C:3A30H         SYMBOL        L?0184
  C:3A36H         SYMBOL        L?0185
  C:3A40H         SYMBOL        L?0186
  C:3A43H         SYMBOL        L?0187
  C:3A4AH         SYMBOL        L?0188
  C:3A4BH         SYMBOL        L?0189
  C:3A52H         SYMBOL        L?0190
  C:3A5AH         SYMBOL        L?0191
  C:3A61H         SYMBOL        L?0193
  C:3A64H         SYMBOL        L?0194
  C:3A6EH         SYMBOL        L?0195
  C:3A76H         SYMBOL        L?0196
  C:3A7DH         SYMBOL        L?0197
  C:3A7DH         SYMBOL        L?0198
  C:3A81H         SYMBOL        L?0199
  C:3A87H         SYMBOL        L?0200
  C:3A93H         SYMBOL        L?0201
  C:3A9CH         SYMBOL        L?0202
  C:3AA8H         SYMBOL        L?0203
  C:3AB1H         SYMBOL        L?0204
  C:3AB9H         SYMBOL        L?0205
  C:3ABCH         SYMBOL        L?0206
  C:3AC2H         SYMBOL        L?0207
BL51 BANKED LINKER/LOCATER V6.22.2.0                                                  12/21/2021  14:13:59  PAGE 28


  C:3AD4H         SYMBOL        L?0208
  C:3ADDH         SYMBOL        L?0209
  C:3AEAH         SYMBOL        L?0210
  C:3AF0H         SYMBOL        L?0211
  C:3AF0H         SYMBOL        L?0212
  C:3AF7H         SYMBOL        L?0213
  C:3B0DH         SYMBOL        L?0214
  C:3B23H         SYMBOL        L?0215
  C:3B38H         SYMBOL        L?0216
  C:3B48H         SYMBOL        L?0217
  C:3B48H         SYMBOL        L?0218
  C:3B50H         SYMBOL        L?0219
  C:3B60H         SYMBOL        L?0220
  C:3B63H         SYMBOL        L?0221
  C:3B6AH         SYMBOL        L?0222
  C:3B6AH         SYMBOL        L?0223
  C:3B71H         SYMBOL        L?0224
  C:3B7EH         SYMBOL        L?0225
  C:3B7EH         SYMBOL        L?0226
  C:3B85H         SYMBOL        L?0227
  C:3B92H         SYMBOL        L?0229
  C:3B9DH         SYMBOL        L?0230
  C:3BA8H         SYMBOL        L?0231
  C:3BB3H         SYMBOL        L?0235
  C:3BBDH         SYMBOL        L?0236
  C:3BC7H         SYMBOL        L?0237
  C:3BC7H         SYMBOL        L?0238
  C:3BCEH         SYMBOL        L?0239
  C:3BCEH         SYMBOL        L?0240
  C:3BD5H         SYMBOL        L?0241
  C:3BDFH         SYMBOL        L?0242
  C:3BE9H         SYMBOL        L?0243
  C:3BF3H         SYMBOL        L?0244
  C:3BFDH         SYMBOL        L?0245
  C:3BFDH         SYMBOL        L?0246
  -------         PROC          COM00B6
  -------         ENDPROC       COM00B6
  -------         PROC          KEYEVENT
  -------         DO            
  X:1345H         SYMBOL        i
  X:1346H         SYMBOL        KeyState
  -------         ENDDO         
  C:53DCH         LINE#         68
  C:53DCH         LINE#         69
  C:53DCH         LINE#         71
  C:53E4H         LINE#         73
  C:53E7H         LINE#         75
  C:53EFH         LINE#         76
  C:53EFH         LINE#         78
  C:53EFH         LINE#         80
  C:5402H         LINE#         81
  C:5402H         LINE#         82
  C:5419H         LINE#         83
  C:5419H         LINE#         84
  C:5434H         LINE#         85
  C:5434H         LINE#         86
  C:5448H         LINE#         87
BL51 BANKED LINKER/LOCATER V6.22.2.0                                                  12/21/2021  14:13:59  PAGE 29


  C:5448H         LINE#         88
  C:5448H         LINE#         89
  C:5448H         LINE#         90
  C:5450H         LINE#         91
  -------         ENDPROC       KEYEVENT
  -------         PROC          LCDSHOWINIT
  C:644FH         LINE#         93
  C:644FH         LINE#         94
  C:644FH         LINE#         95
  -------         ENDPROC       LCDSHOWINIT
  -------         PROC          _LCDSHOW
  D:0001H         SYMBOL        InterfaceShow
  C:008EH         LINE#         99
  C:008EH         LINE#         100
  C:008EH         LINE#         101
  -------         ENDPROC       _LCDSHOW
  -------         PROC          KEYMAIN_ENTER
  C:52E8H         LINE#         110
  C:52E8H         LINE#         111
  C:52E8H         LINE#         115
  C:52EDH         LINE#         116
  C:52EDH         LINE#         118
  C:532AH         LINE#         119
  C:532AH         LINE#         120
  C:5333H         LINE#         121
  C:5338H         LINE#         123
  C:5339H         LINE#         125
  C:5339H         LINE#         126
  C:533FH         LINE#         127
  C:5342H         LINE#         128
  C:5352H         LINE#         129
  C:5359H         LINE#         132
  C:5362H         LINE#         133
  C:5362H         LINE#         134
  C:5362H         LINE#         141
  -------         ENDPROC       KEYMAIN_ENTER
  -------         PROC          KEYMAIN_UP
  -------         DO            
  X:1345H         SYMBOL        Value
  X:1346H         SYMBOL        temp
  -------         ENDDO         
  C:5CBBH         LINE#         143
  C:5CBBH         LINE#         144
  C:5CBBH         LINE#         145
  C:5CC0H         LINE#         146
  C:5CC0H         LINE#         147
  C:5CCDH         LINE#         148
  C:5CDCH         LINE#         149
  C:5CF4H         LINE#         150
  C:5CF4H         LINE#         155
  -------         ENDPROC       KEYMAIN_UP
  -------         PROC          KEYMAIN_MENU
  C:614CH         LINE#         157
  C:614CH         LINE#         158
  C:614CH         LINE#         159
  C:6158H         LINE#         160
  C:6158H         LINE#         161
BL51 BANKED LINKER/LOCATER V6.22.2.0                                                  12/21/2021  14:13:59  PAGE 30


  C:6158H         LINE#         162
  C:6158H         LINE#         164
  C:615EH         LINE#         165
  C:6167H         LINE#         167
  C:616AH         LINE#         168
  C:616AH         LINE#         169
  C:616BH         LINE#         170
  C:616BH         LINE#         171
  C:616BH         LINE#         172
  C:6171H         LINE#         173
  C:6171H         LINE#         174
  C:6171H         LINE#         175
  C:6171H         LINE#         176
  C:6171H         LINE#         177
  C:6171H         LINE#         182
  -------         ENDPROC       KEYMAIN_MENU
  -------         PROC          KEYMAIN_CANCEL
  C:6327H         LINE#         184
  C:6327H         LINE#         185
  C:6327H         LINE#         187
  C:632CH         LINE#         188
  C:632CH         LINE#         189
  C:6335H         LINE#         190
  C:633BH         LINE#         191
  C:6341H         LINE#         192
  C:6341H         LINE#         197
  -------         ENDPROC       KEYMAIN_CANCEL
  -------         PROC          KEYMAIN_DOWN
  -------         DO            
  X:1345H         SYMBOL        Value
  X:1346H         SYMBOL        temp
  -------         ENDDO         
  C:5C06H         LINE#         199
  C:5C06H         LINE#         200
  C:5C06H         LINE#         201
  C:5C0BH         LINE#         202
  C:5C0BH         LINE#         203
  C:5C18H         LINE#         204
  C:5C27H         LINE#         205
  C:5C42H         LINE#         206
  C:5C42H         LINE#         211
  -------         ENDPROC       KEYMAIN_DOWN
  -------         PROC          KEYMENU_ENTER
  C:62B1H         LINE#         213
  C:62B1H         LINE#         214
  C:62B1H         LINE#         215
  C:62BFH         LINE#         216
  C:62BFH         LINE#         218
  C:62BFH         LINE#         220
  C:62C5H         LINE#         221
  C:62C8H         LINE#         222
  C:62CEH         LINE#         226
  -------         ENDPROC       KEYMENU_ENTER
  -------         PROC          KEYMENU_UP
  C:5911H         LINE#         229
  C:5911H         LINE#         230
  C:5911H         LINE#         232
BL51 BANKED LINKER/LOCATER V6.22.2.0                                                  12/21/2021  14:13:59  PAGE 31


  C:591BH         LINE#         233
  C:591CH         LINE#         235
  C:5929H         LINE#         237
  C:592DH         LINE#         238
  C:592DH         LINE#         239
  C:5931H         LINE#         240
  C:5931H         LINE#         242
  C:593AH         LINE#         243
  C:593AH         LINE#         244
  C:593AH         LINE#         245
  C:593DH         LINE#         246
  C:5942H         LINE#         247
  C:5944H         LINE#         248
  C:594DH         LINE#         249
  C:594DH         LINE#         250
  C:594DH         LINE#         251
  C:594DH         LINE#         252
  C:5950H         LINE#         253
  C:5952H         LINE#         255
  C:5952H         LINE#         256
  C:5952H         LINE#         257
  C:5952H         LINE#         258
  C:5959H         LINE#         259
  C:5959H         LINE#         261
  C:5962H         LINE#         262
  -------         ENDPROC       KEYMENU_UP
  -------         PROC          KEYMENU_MENU
  C:0042H         LINE#         269
  C:0042H         LINE#         270
  C:0042H         LINE#         274
  -------         ENDPROC       KEYMENU_MENU
  -------         PROC          KEYMENU_CANCEL
  C:63E9H         LINE#         276
  C:63E9H         LINE#         277
  C:63E9H         LINE#         279
  C:63E9H         LINE#         280
  C:63E9H         LINE#         281
  C:63F3H         LINE#         282
  -------         ENDPROC       KEYMENU_CANCEL
  -------         PROC          KEYMENU_DOWN
  C:5968H         LINE#         289
  C:5968H         LINE#         290
  C:5968H         LINE#         291
  C:5974H         LINE#         292
  C:5977H         LINE#         294
  C:5984H         LINE#         296
  C:5986H         LINE#         297
  C:5986H         LINE#         298
  C:5988H         LINE#         299
  C:5988H         LINE#         301
  C:5991H         LINE#         302
  C:5991H         LINE#         303
  C:5991H         LINE#         304
  C:5994H         LINE#         305
  C:5999H         LINE#         306
  C:599BH         LINE#         307
  C:59A4H         LINE#         308
BL51 BANKED LINKER/LOCATER V6.22.2.0                                                  12/21/2021  14:13:59  PAGE 32


  C:59A4H         LINE#         309
  C:59A4H         LINE#         310
  C:59A4H         LINE#         311
  C:59A7H         LINE#         312
  C:59A9H         LINE#         314
  C:59A9H         LINE#         315
  C:59A9H         LINE#         316
  C:59A9H         LINE#         317
  C:59B0H         LINE#         318
  C:59B0H         LINE#         320
  C:59B9H         LINE#         321
  -------         ENDPROC       KEYMENU_DOWN
  C:56D7H         SYMBOL        L?0232
  -------         PROC          CHECK_PASSWORDBITS
  C:5679H         LINE#         334
  C:5679H         LINE#         335
  C:5679H         LINE#         337
  C:567FH         LINE#         338
  C:567FH         LINE#         339
  C:5682H         LINE#         340
  C:5691H         LINE#         341
  C:5691H         LINE#         342
  C:5692H         LINE#         343
  C:56A3H         LINE#         345
  C:56A6H         LINE#         346
  C:56A8H         LINE#         348
  C:56A8H         LINE#         349
  C:56AAH         LINE#         350
  C:56BBH         LINE#         352
  C:56C1H         LINE#         353
  C:56C1H         LINE#         354
  C:56C8H         LINE#         356
  C:56D1H         LINE#         358
  C:56D4H         LINE#         359
  C:56D4H         LINE#         360
  C:56D6H         LINE#         361
  -------         ENDPROC       CHECK_PASSWORDBITS
  C:39D0H         SYMBOL        L?0181
  C:39F0H         SYMBOL        L?0192
  C:3A0DH         SYMBOL        L?0228
  -------         PROC          KEYCONTROL_ENTER
  -------         DO            
  X:1345H         SYMBOL        i
  X:1346H         SYMBOL        temp
  -------         ENDDO         
  C:3803H         LINE#         363
  C:3803H         LINE#         364
  C:3803H         LINE#         365
  C:382EH         LINE#         366
  C:382EH         LINE#         367
  C:382EH         LINE#         368
  C:382EH         LINE#         369
  C:3837H         LINE#         372
  C:383DH         LINE#         373
  C:383DH         LINE#         377
  C:384FH         LINE#         378
  C:384FH         LINE#         379
BL51 BANKED LINKER/LOCATER V6.22.2.0                                                  12/21/2021  14:13:59  PAGE 33


  C:3871H         LINE#         380
  C:3879H         LINE#         382
  C:388DH         LINE#         384
  C:3893H         LINE#         385
  C:3896H         LINE#         387
  C:3896H         LINE#         388
  C:38AFH         LINE#         389
  C:38AFH         LINE#         390
  C:38BAH         LINE#         391
  C:38BDH         LINE#         392
  C:38C3H         LINE#         393
  C:38C9H         LINE#         395
  C:38CEH         LINE#         397
  C:38CEH         LINE#         398
  C:38CEH         LINE#         399
  C:38D1H         LINE#         400
  C:38D7H         LINE#         401
  C:38D9H         LINE#         403
  C:38D9H         LINE#         405
  C:38DCH         LINE#         406
  C:38E9H         LINE#         407
  C:38ECH         LINE#         408
  C:38F5H         LINE#         409
  C:38F5H         LINE#         411
  C:38FAH         LINE#         412
  C:38FAH         LINE#         414
  C:38FFH         LINE#         415
  C:3900H         LINE#         416
  C:3900H         LINE#         418
  C:3900H         LINE#         419
  C:3900H         LINE#         420
  C:3907H         LINE#         421
  C:390BH         LINE#         422
  C:390EH         LINE#         423
  C:3914H         LINE#         424
  C:3917H         LINE#         425
  C:3917H         LINE#         427
  C:3917H         LINE#         428
  C:3917H         LINE#         429
  C:391DH         LINE#         430
  C:391DH         LINE#         431
  C:3921H         LINE#         432
  C:3923H         LINE#         434
  C:3923H         LINE#         435
  C:3928H         LINE#         436
  C:392BH         LINE#         437
  C:3936H         LINE#         438
  C:3939H         LINE#         441
  C:3939H         LINE#         442
  C:3939H         LINE#         444
  C:3939H         LINE#         445
  C:3939H         LINE#         446
  C:393CH         LINE#         449
  C:393CH         LINE#         450
  C:3943H         LINE#         451
  C:3946H         LINE#         452
  C:3946H         LINE#         454
BL51 BANKED LINKER/LOCATER V6.22.2.0                                                  12/21/2021  14:13:59  PAGE 34


  C:3946H         LINE#         455
  C:3946H         LINE#         456
  C:3954H         LINE#         457
  C:3954H         LINE#         459
  C:3954H         LINE#         461
  C:395AH         LINE#         463
  C:395DH         LINE#         465
  C:3960H         LINE#         468
  C:3960H         LINE#         469
  C:3963H         LINE#         471
  C:3963H         LINE#         472
  C:3963H         LINE#         473
  C:3976H         LINE#         474
  C:3976H         LINE#         476
  C:3983H         LINE#         477
  C:3983H         LINE#         478
  C:3983H         LINE#         479
  C:3983H         LINE#         480
  C:3983H         LINE#         481
  C:3986H         LINE#         483
  C:3986H         LINE#         484
  C:398DH         LINE#         485
  C:398FH         LINE#         487
  C:398FH         LINE#         488
  C:398FH         LINE#         489
  C:3991H         LINE#         490
  C:3997H         LINE#         492
  C:39A2H         LINE#         494
  C:39B4H         LINE#         495
  C:39B6H         LINE#         497
  C:39B9H         LINE#         498
  C:39BCH         LINE#         499
  C:39BFH         LINE#         500
  C:39C2H         LINE#         502
  C:39C2H         LINE#         503
  C:39C2H         LINE#         504
  C:39C5H         LINE#         506
  C:39C5H         LINE#         507
  C:39CFH         LINE#         508
  C:39CFH         LINE#         509
  C:39CFH         LINE#         511
  C:39CFH         LINE#         512
  C:39CFH         LINE#         513
  C:39CFH         LINE#         518
  -------         ENDPROC       KEYCONTROL_ENTER
  -------         PROC          KEYCONTROL_MENU
  C:6342H         LINE#         520
  C:6342H         LINE#         521
  C:6342H         LINE#         522
  C:634AH         LINE#         523
  C:634AH         LINE#         524
  C:634AH         LINE#         525
  C:634AH         LINE#         526
  C:634FH         LINE#         527
  C:634FH         LINE#         529
  C:6353H         LINE#         530
  C:6355H         LINE#         532
BL51 BANKED LINKER/LOCATER V6.22.2.0                                                  12/21/2021  14:13:59  PAGE 35


  C:6355H         LINE#         534
  C:635CH         LINE#         535
  C:635CH         LINE#         537
  C:635CH         LINE#         538
  C:635CH         LINE#         540
  C:635CH         LINE#         541
  C:635CH         LINE#         542
  C:635CH         LINE#         547
  -------         ENDPROC       KEYCONTROL_MENU
  -------         PROC          KEYCONTROL_CANCEL
  C:60FEH         LINE#         549
  C:60FEH         LINE#         550
  C:60FEH         LINE#         551
  C:6106H         LINE#         552
  C:6106H         LINE#         553
  C:6106H         LINE#         554
  C:6106H         LINE#         555
  C:610CH         LINE#         556
  C:6112H         LINE#         557
  C:6117H         LINE#         558
  C:611BH         LINE#         559
  C:611BH         LINE#         560
  C:611BH         LINE#         562
  C:611BH         LINE#         563
  C:611BH         LINE#         565
  C:611BH         LINE#         566
  C:611BH         LINE#         568
  C:611BH         LINE#         569
  C:611BH         LINE#         571
  C:611BH         LINE#         572
  C:611BH         LINE#         574
  C:611BH         LINE#         575
  C:611BH         LINE#         576
  C:611BH         LINE#         577
  C:611BH         LINE#         579
  C:611BH         LINE#         580
  C:611BH         LINE#         581
  C:611BH         LINE#         584
  C:611BH         LINE#         585
  -------         ENDPROC       KEYCONTROL_CANCEL
  C:48F0H         SYMBOL        L?0233
  -------         PROC          KEYCONTROL_UP
  -------         DO            
  X:1345H         SYMBOL        Value
  X:1346H         SYMBOL        temp
  X:1345H         SYMBOL        Value
  X:1346H         SYMBOL        temp
  -------         ENDDO         
  -------         DO            
  X:1345H         SYMBOL        Value
  X:1346H         SYMBOL        temp
  -------         ENDDO         
  C:482AH         LINE#         593
  C:482AH         LINE#         594
  C:482AH         LINE#         595
  C:4843H         LINE#         596
  C:4843H         LINE#         597
BL51 BANKED LINKER/LOCATER V6.22.2.0                                                  12/21/2021  14:13:59  PAGE 36


  C:4843H         LINE#         598
  C:4843H         LINE#         599
  C:4848H         LINE#         600
  C:4848H         LINE#         601
  C:484FH         LINE#         602
  C:4853H         LINE#         603
  C:485EH         LINE#         604
  C:4861H         LINE#         606
  C:4861H         LINE#         607
  C:4868H         LINE#         608
  C:486CH         LINE#         609
  C:487AH         LINE#         610
  C:487AH         LINE#         611
  C:487AH         LINE#         612
  C:487DH         LINE#         614
  C:487DH         LINE#         615
  C:487DH         LINE#         616
  C:487DH         LINE#         617
  C:4887H         LINE#         618
  C:4887H         LINE#         619
  C:4887H         LINE#         621
  C:4887H         LINE#         622
  C:4887H         LINE#         624
  C:4891H         LINE#         625
  C:4892H         LINE#         627
  C:489FH         LINE#         629
  C:48A3H         LINE#         630
  C:48A3H         LINE#         631
  C:48A7H         LINE#         632
  C:48A7H         LINE#         634
  C:48B0H         LINE#         635
  C:48B0H         LINE#         636
  C:48B0H         LINE#         637
  C:48B3H         LINE#         638
  C:48B8H         LINE#         639
  C:48BAH         LINE#         640
  C:48C3H         LINE#         641
  C:48C3H         LINE#         642
  C:48C3H         LINE#         643
  C:48C3H         LINE#         644
  C:48C6H         LINE#         645
  C:48C8H         LINE#         647
  C:48C8H         LINE#         648
  C:48C8H         LINE#         649
[...]
  C:61B1H         LINE#         108
  C:61B1H         LINE#         109
  C:61B4H         LINE#         110
  C:61B7H         LINE#         111
  -------         ENDPROC       _IAPERASE
  -------         PROC          _IAPWRITE_BUFF
  X:1348H         SYMBOL        Addr
  X:134AH         SYMBOL        Str
  X:134DH         SYMBOL        Len
  C:5FFEH         LINE#         120
  C:6004H         LINE#         121
  C:6004H         LINE#         122
  C:600EH         LINE#         123
BL51 BANKED LINKER/LOCATER V6.22.2.0                                                  12/21/2021  14:13:59  PAGE 58


  C:600EH         LINE#         124
  C:6027H         LINE#         125
  C:6029H         LINE#         126
  -------         ENDPROC       _IAPWRITE_BUFF
  -------         PROC          _IAPREAD_BUFF
  X:1345H         SYMBOL        Addr
  X:1347H         SYMBOL        Str
  X:134AH         SYMBOL        Len
  C:6082H         LINE#         134
  C:6088H         LINE#         135
  C:6088H         LINE#         136
  C:6092H         LINE#         137
  C:6092H         LINE#         138
  C:60AAH         LINE#         139
  C:60ACH         LINE#         140
  -------         ENDPROC       _IAPREAD_BUFF
  -------         ENDMOD        EEPROM

  -------         MODULE        KEY
  C:0000H         SYMBOL        _ICE_DUMMY_
  D:0080H         PUBLIC        P0
  D:0090H         PUBLIC        P1
  D:00A0H         PUBLIC        P2
  D:00B0H         PUBLIC        P3
  D:00C0H         PUBLIC        P4
  D:00C8H         PUBLIC        P5
  D:00E8H         PUBLIC        P6
  D:00F8H         PUBLIC        P7
  X:13D7H         PUBLIC        KeyStateCurrrent
  D:00A8H         PUBLIC        IE
  D:00B8H         PUBLIC        IP
  D:00D8H         PUBLIC        CCON
  D:0098H         PUBLIC        SCON
  B:00A0H.2       PUBLIC        P22
  D:0088H         PUBLIC        TCON
  B:00A0H.3       PUBLIC        P23
  B:00A0H.4       PUBLIC        P24
  B:00A0H.5       PUBLIC        P25
  B:00A0H.6       PUBLIC        P26
  C:4F43H         PUBLIC        Key_Chick
  D:00D0H         PUBLIC        PSW
  -------         PROC          KEY_CHICK
  -------         DO            
  X:13D6H         SYMBOL        KeyTemp
  X:1347H         SYMBOL        KeyValue
  -------         ENDDO         
  C:4F43H         LINE#         13
  C:4F43H         LINE#         14
  C:4F43H         LINE#         17
  C:4F71H         LINE#         19
  C:4F80H         LINE#         20
  C:4F80H         LINE#         21
  C:4F80H         LINE#         22
  C:4F80H         LINE#         23
  C:4F88H         LINE#         24
  C:4F88H         LINE#         25
  C:4F8DH         LINE#         26
BL51 BANKED LINKER/LOCATER V6.22.2.0                                                  12/21/2021  14:13:59  PAGE 59


  C:4F8DH         LINE#         28
  C:4F8FH         LINE#         29
  C:4F8FH         LINE#         31
  C:4F8FH         LINE#         32
  C:4F8FH         LINE#         33
  C:4F96H         LINE#         35
  C:4F9FH         LINE#         36
  C:4F9FH         LINE#         37
  C:4FA4H         LINE#         38
  C:4FA8H         LINE#         39
  C:4FA8H         LINE#         41
  C:4FAAH         LINE#         42
  C:4FAAH         LINE#         44
  C:4FAAH         LINE#         45
  C:4FAAH         LINE#         46
  C:4FB2H         LINE#         47
  C:4FB2H         LINE#         48
  C:4FB7H         LINE#         49
  C:4FBDH         LINE#         50
  C:4FBDH         LINE#         52
  C:4FBDH         LINE#         53
  C:4FBDH         LINE#         55
  C:4FBDH         LINE#         56
  C:4FBDH         LINE#         57
  C:4FC3H         LINE#         58
  C:4FC7H         LINE#         59
  C:4FCEH         LINE#         60
  C:4FCEH         LINE#         61
  C:4FCEH         LINE#         62
  C:4FCEH         LINE#         64
  C:4FD0H         LINE#         65
  -------         ENDPROC       KEY_CHICK
  -------         ENDMOD        KEY

  -------         MODULE        LCD
  C:0000H         SYMBOL        _ICE_DUMMY_
  C:5E51H         PUBLIC        _lcd_address
  D:0080H         PUBLIC        P0
  D:0090H         PUBLIC        P1
  D:00A0H         PUBLIC        P2
  D:00B0H         PUBLIC        P3
  C:55A6H         PUBLIC        initial_lcd
  D:00C0H         PUBLIC        P4
  D:00C8H         PUBLIC        P5
  D:00E8H         PUBLIC        P6
  D:00F8H         PUBLIC        P7
  D:00A8H         PUBLIC        IE
  C:3F8CH         PUBLIC        _GUI_Lattice
  X:13CEH         PUBLIC        frontCurrent
  D:00B8H         PUBLIC        IP
  D:00D8H         PUBLIC        CCON
  C:5A10H         SYMBOL        _GetCHIndex
  C:602AH         PUBLIC        _transfer_command
  D:0098H         PUBLIC        SCON
  D:0088H         PUBLIC        TCON
  B:00B0H.2       PUBLIC        P32
  B:00B0H.3       PUBLIC        P33
BL51 BANKED LINKER/LOCATER V6.22.2.0                                                  12/21/2021  14:13:59  PAGE 60


  B:00B0H.4       PUBLIC        P34
  B:00B0H.5       PUBLIC        P35
  B:00B0H.6       PUBLIC        P36
  B:00B0H.7       PUBLIC        P37
  C:48FBH         PUBLIC        _GUI_String
  C:585FH         SYMBOL        _GetFrontParm
  C:6056H         PUBLIC        _transfer_data
  C:61BEH         PUBLIC        clear_screen
  D:00D0H         PUBLIC        PSW
  C:54C5H         SYMBOL        Com004D
  C:54C5H         SYMBOL        L?0078
  C:54CEH         SYMBOL        L?0079
  C:54D1H         SYMBOL        L?0080
  C:54D9H         SYMBOL        L?0082
  C:54D9H         SYMBOL        L?0083
  C:54DCH         SYMBOL        L?0084
  C:54DDH         SYMBOL        L?0085
  C:54E6H         SYMBOL        L?0086
  C:5502H         SYMBOL        L?0087
  C:5515H         SYMBOL        L?0091
  C:5522H         SYMBOL        L?0092
  C:5526H         SYMBOL        L?0093
  C:552DH         SYMBOL        L?0094
  C:552EH         SYMBOL        L?0095
  -------         PROC          COM004D
  -------         ENDPROC       COM004D
  -------         PROC          _TRANSFER_COMMAND
  D:0007H         SYMBOL        data1
  -------         DO            
  D:0006H         SYMBOL        i
  -------         ENDDO         
  C:602AH         LINE#         11
  C:602AH         LINE#         12
  C:602AH         LINE#         14
  C:602CH         LINE#         15
  C:602EH         LINE#         17
  C:6035H         LINE#         18
  C:6035H         LINE#         19
  C:6037H         LINE#         21
  C:603BH         LINE#         22
  C:603FH         LINE#         24
  C:6041H         LINE#         26
  C:6043H         LINE#         27
  C:6050H         LINE#         28
  C:6053H         LINE#         30
  C:6055H         LINE#         31
  -------         ENDPROC       _TRANSFER_COMMAND
  -------         PROC          _TRANSFER_DATA
  D:0007H         SYMBOL        data1
  -------         DO            
  D:0006H         SYMBOL        i
  -------         ENDDO         
  C:6056H         LINE#         40
  C:6056H         LINE#         41
  C:6056H         LINE#         43
  C:6058H         LINE#         44
  C:605AH         LINE#         46
BL51 BANKED LINKER/LOCATER V6.22.2.0                                                  12/21/2021  14:13:59  PAGE 61


  C:6061H         LINE#         47
  C:6061H         LINE#         48
  C:6063H         LINE#         50
  C:6067H         LINE#         51
  C:6067H         LINE#         52
  C:6069H         LINE#         53
  C:606BH         LINE#         55
  C:606BH         LINE#         56
  C:606DH         LINE#         57
  C:606DH         LINE#         59
  C:606FH         LINE#         61
  C:607CH         LINE#         62
  C:607FH         LINE#         64
  C:6081H         LINE#         65
  -------         ENDPROC       _TRANSFER_DATA
  -------         PROC          CLEAR_SCREEN
  -------         DO            
  D:0004H         SYMBOL        i
  D:0003H         SYMBOL        j
  -------         ENDDO         
  C:61BEH         LINE#         73
  C:61BEH         LINE#         74
  C:61BEH         LINE#         77
  C:61C6H         LINE#         78
  C:61C6H         LINE#         79
  C:61CDH         LINE#         81
  C:61D8H         LINE#         82
  C:61D8H         LINE#         83
  C:61DDH         LINE#         84
  C:61E0H         LINE#         85
  C:61E3H         LINE#         86
  -------         ENDPROC       CLEAR_SCREEN
  -------         PROC          L?0090
  -------         ENDPROC       L?0090
  -------         PROC          _LCD_ADDRESS
  D:0006H         SYMBOL        page
  D:0004H         SYMBOL        column
  C:5E51H         LINE#         95
  C:5E55H         LINE#         96
  C:5E55H         LINE#         98
  C:5E60H         LINE#         99
  C:5E60H         LINE#         100
  C:5E62H         LINE#         101
  C:5E64H         LINE#         103
  C:5E64H         LINE#         104
  C:5E6AH         LINE#         105
  C:5E6AH         LINE#         107
  C:5E74H         LINE#         109
  -------         ENDPROC       _LCD_ADDRESS
  C:55EEH         SYMBOL        L?0081
  C:5605H         SYMBOL        L?0089
  -------         PROC          INITIAL_LCD
  C:55A6H         LINE#         119
  C:55A6H         LINE#         120
  C:55A6H         LINE#         121
  C:55A8H         LINE#         122
  C:55AFH         LINE#         124
BL51 BANKED LINKER/LOCATER V6.22.2.0                                                  12/21/2021  14:13:59  PAGE 62


  C:55B1H         LINE#         126
  C:55B8H         LINE#         128
  C:55BDH         LINE#         129
  C:55C4H         LINE#         131
  C:55C6H         LINE#         132
  C:55C9H         LINE#         133
  C:55CBH         LINE#         134
  C:55CBH         LINE#         136
  C:55CBH         LINE#         138
  C:55CEH         LINE#         139
  C:55D0H         LINE#         140
  C:55D0H         LINE#         141
  C:55D0H         LINE#         143
  C:55D3H         LINE#         145
  C:55D5H         LINE#         146
  C:55D8H         LINE#         148
  C:55DDH         LINE#         149
  C:55E4H         LINE#         151
  C:55E9H         LINE#         153
  C:55EBH         LINE#         155
  C:55EEH         LINE#         156
  -------         ENDPROC       INITIAL_LCD
  -------         PROC          _GETFRONTPARM
  D:0007H         SYMBOL        font
  C:585FH         LINE#         164
  C:585FH         LINE#         165
  C:585FH         LINE#         166
  C:5866H         LINE#         167
  C:5866H         LINE#         168
  C:5866H         LINE#         169
  C:5866H         LINE#         170
  C:586CH         LINE#         171
  C:5872H         LINE#         172
  C:5878H         LINE#         174
  C:5886H         LINE#         176
  C:588CH         LINE#         177
  C:588EH         LINE#         178
  C:588EH         LINE#         180
  C:588EH         LINE#         181
  C:588EH         LINE#         182
  C:5894H         LINE#         183
  C:589AH         LINE#         184
  C:58A0H         LINE#         185
  C:58A6H         LINE#         187
  C:58B2H         LINE#         188
  C:58B4H         LINE#         189
  C:58B4H         LINE#         199
  C:58B4H         LINE#         200
  C:58B7H         LINE#         201
  C:58B7H         LINE#         203
  C:58B9H         LINE#         204
  -------         ENDPROC       _GETFRONTPARM
  -------         PROC          _GETCHINDEX
  X:1354H         SYMBOL        ZoneCode
  -------         DO            
  D:0004H         SYMBOL        i
  D:0006H         SYMBOL        CHCode
BL51 BANKED LINKER/LOCATER V6.22.2.0                                                  12/21/2021  14:13:59  PAGE 63


  -------         ENDDO         
  C:5A10H         LINE#         212
  C:5A18H         LINE#         213
  C:5A18H         LINE#         214
  C:5A1BH         LINE#         217
  C:5A1BH         LINE#         218
  C:5A1BH         LINE#         219
  C:5A45H         LINE#         221
  C:5A51H         LINE#         222
  C:5A51H         LINE#         223
  C:5A51H         LINE#         224
  C:5A51H         LINE#         225
  C:5A5CH         LINE#         227
  C:5A60H         LINE#         228
  -------         ENDPROC       _GETCHINDEX
  C:49ADH         SYMBOL        L?0088
  -------         PROC          _GUI_STRING
  X:134BH         SYMBOL        x
  X:134CH         SYMBOL        y
  X:134DH         SYMBOL        pString
  X:1350H         SYMBOL        font
  -------         DO            
  X:1351H         SYMBOL        ChIndex
  X:1353H         SYMBOL        Offset
  D:0006H         SYMBOL        ZoneCode
  -------         ENDDO         
  C:48FBH         LINE#         237
  C:490CH         LINE#         238
  C:490CH         LINE#         245
  C:4912H         LINE#         247
  C:4917H         LINE#         250
  C:4917H         LINE#         251
  C:492CH         LINE#         252
  C:492CH         LINE#         253
  C:493BH         LINE#         255
  C:4950H         LINE#         256
  C:4950H         LINE#         257
  C:4955H         LINE#         258
  C:4958H         LINE#         260
  C:4958H         LINE#         262
  C:4962H         LINE#         264
  C:4978H         LINE#         266
  C:4983H         LINE#         268
  C:4998H         LINE#         269
  C:4998H         LINE#         270
  C:499EH         LINE#         271
  C:499EH         LINE#         273
  C:499EH         LINE#         274
  C:49ACH         LINE#         275
  -------         ENDPROC       _GUI_STRING
  -------         PROC          _GUI_LATTICE
  X:1354H         SYMBOL        x
  D:0002H         SYMBOL        y
  X:1356H         SYMBOL        Width
  X:1357H         SYMBOL        High
  X:1358H         SYMBOL        plattice
  -------         DO            
BL51 BANKED LINKER/LOCATER V6.22.2.0                                                  12/21/2021  14:13:59  PAGE 64


  X:135BH         SYMBOL        y_Dy
  X:135CH         SYMBOL        y_by
  X:135DH         SYMBOL        y1_Dy
  X:135EH         SYMBOL        y1_by
  X:135FH         SYMBOL        y_Bytes
  X:1360H         SYMBOL        i
  X:1361H         SYMBOL        j
  X:1362H         SYMBOL        tempH
  D:0003H         SYMBOL        tempL
  -------         ENDDO         
  C:3F8CH         LINE#         284
  C:3F98H         LINE#         285
  C:3F98H         LINE#         290
  C:3FB1H         LINE#         292
  C:3FC9H         LINE#         293
  C:3FCFH         LINE#         295
  C:3FDAH         LINE#         296
  C:3FDFH         LINE#         298
  C:3FE7H         LINE#         300
  C:3FF8H         LINE#         301
  C:3FF8H         LINE#         302
  C:4007H         LINE#         303
  C:4007H         LINE#         304
  C:401DH         LINE#         305
  C:401DH         LINE#         306
  C:4023H         LINE#         307
  C:4023H         LINE#         308
  C:4028H         LINE#         309
  C:403DH         LINE#         311
  C:4040H         LINE#         312
  C:404BH         LINE#         313
  C:404BH         LINE#         314
  C:4052H         LINE#         316
  C:4087H         LINE#         317
  C:408AH         LINE#         319
  C:408AH         LINE#         320
  C:40B1H         LINE#         321
  C:40D1H         LINE#         323
  C:40DEH         LINE#         324
  C:40E7H         LINE#         325
  C:40E7H         LINE#         326
  C:40F0H         LINE#         327
  C:40F0H         LINE#         329
  C:40F0H         LINE#         330
  C:40FAH         LINE#         331
  C:412DH         LINE#         332
  C:412DH         LINE#         333
  C:4136H         LINE#         334
  -------         ENDPROC       _GUI_LATTICE
  -------         ENDMOD        LCD

  -------         MODULE        ?C?COPY
  C:34CFH         PUBLIC        ?C?COPY
  -------         ENDMOD        ?C?COPY

  -------         MODULE        ?C?CLDPTR
  C:34F5H         PUBLIC        ?C?CLDPTR
BL51 BANKED LINKER/LOCATER V6.22.2.0                                                  12/21/2021  14:13:59  PAGE 65


  -------         ENDMOD        ?C?CLDPTR

  -------         MODULE        ?C?CLDOPTR
  C:350EH         PUBLIC        ?C?CLDOPTR
  -------         ENDMOD        ?C?CLDOPTR

  -------         MODULE        ?C?CILDPTR
  C:353BH         PUBLIC        ?C?CILDPTR
  -------         ENDMOD        ?C?CILDPTR

  -------         MODULE        ?C?CSTPTR
  C:355DH         PUBLIC        ?C?CSTPTR
  -------         ENDMOD        ?C?CSTPTR

  -------         MODULE        ?C?CSTOPTR
  C:356FH         PUBLIC        ?C?CSTOPTR
  -------         ENDMOD        ?C?CSTOPTR

  -------         MODULE        ?C?IMUL
  C:3591H         PUBLIC        ?C?IMUL
  -------         ENDMOD        ?C?IMUL

  -------         MODULE        ?C?UIDIV
  C:35A3H         PUBLIC        ?C?UIDIV
  -------         ENDMOD        ?C?UIDIV

  -------         MODULE        ?C?SIDIV
  C:35F8H         PUBLIC        ?C?SIDIV
  -------         ENDMOD        ?C?SIDIV

  -------         MODULE        ?C?IILDX
  C:362EH         PUBLIC        ?C?IILDX
  -------         ENDMOD        ?C?IILDX

  -------         MODULE        ?C?ILDIX
  C:3644H         PUBLIC        ?C?ILDIX
  -------         ENDMOD        ?C?ILDIX

  -------         MODULE        ?C?ILDOPTR
  C:365AH         PUBLIC        ?C?ILDOPTR
  -------         ENDMOD        ?C?ILDOPTR

  -------         MODULE        ?C?IILDOPTR
  C:3692H         PUBLIC        ?C?IILDOPTR
  -------         ENDMOD        ?C?IILDOPTR

  -------         MODULE        ?C?ISTOPTR
  C:36DFH         PUBLIC        ?C?ISTOPTR
  -------         ENDMOD        ?C?ISTOPTR

  -------         MODULE        ?C?ULCMP
  C:370CH         PUBLIC        ?C?ULCMP
  -------         ENDMOD        ?C?ULCMP

  -------         MODULE        ?C?LSTKXDATA
  C:371DH         PUBLIC        ?C?LSTKXDATA
  -------         ENDMOD        ?C?LSTKXDATA
BL51 BANKED LINKER/LOCATER V6.22.2.0                                                  12/21/2021  14:13:59  PAGE 66



  -------         MODULE        ?C?OFFXADD
  C:374EH         PUBLIC        ?C?OFFXADD
  -------         ENDMOD        ?C?OFFXADD

  -------         MODULE        ?C?PLDXDATA
  C:375AH         PUBLIC        ?C?PLDXDATA
  -------         ENDMOD        ?C?PLDXDATA

  -------         MODULE        ?C?PLDIXDATA
  C:3763H         PUBLIC        ?C?PLDIXDATA
  -------         ENDMOD        ?C?PLDIXDATA

  -------         MODULE        ?C?PSTXDATA
  C:377AH         PUBLIC        ?C?PSTXDATA
  -------         ENDMOD        ?C?PSTXDATA

  -------         MODULE        ?C?PLDCODE
  C:3783H         PUBLIC        ?C?PLDCODE
  -------         ENDMOD        ?C?PLDCODE

  -------         MODULE        ?C?PLDOPTR
  C:378FH         PUBLIC        ?C?PLDOPTR
  -------         ENDMOD        ?C?PLDOPTR

  -------         MODULE        ?C?ICALL
  C:37BFH         PUBLIC        ?C?ICALL
  C:37C3H         PUBLIC        ?C?ICALL2
  -------         ENDMOD        ?C?ICALL

  -------         MODULE        STRNCMP
  X:136AH         PUBLIC        ?_strncmp?BYTE
  C:50E4H         PUBLIC        _strncmp
  -------         ENDMOD        STRNCMP

  -------         MODULE        STRLEN
  C:000EH         PUBLIC        _STRLEN
  -------         ENDMOD        STRLEN

  -------         MODULE        ?C?MEMSET
  C:37C5H         PUBLIC        ?C?MEMSET
  -------         ENDMOD        ?C?MEMSET

  -------         MODULE        ?C?PLDIDATA
  C:37F1H         PUBLIC        ?C?PLDIDATA
  -------         ENDMOD        ?C?PLDIDATA

  -------         MODULE        ?C?PLDPDATA
  C:37FAH         PUBLIC        ?C?PLDPDATA
  -------         ENDMOD        ?C?PLDPDATA

*** WARNING L7: MODULE NAME NOT UNIQUE
    MODULE:  .\Objects\STARTUP.obj (?C_STARTUP)

*** WARNING L16: UNCALLED SEGMENT, IGNORED FOR OVERLAY PROCESS
    SEGMENT: ?PR?_PUTCHAR?USART

BL51 BANKED LINKER/LOCATER V6.22.2.0                                                  12/21/2021  14:13:59  PAGE 67


Program Size: data=25.0 xdata=5080 code=25711
LINK/LOCATE RUN COMPLETE.  2 WARNING(S),  0 ERROR(S)
