BL51 BANKED LINKER/LOCATER V6.22.2.0                                                    10/28/2021  15:29:45  PAGE 1


BL51 BANKED LINKER/LOCATER V6.22.2.0, INVOKED BY:
C:\KEIL_V5\C51\BIN\BL51.EXE .\Objects\main.obj, .\Objects\Control.obj, .\Objects\report.obj, .\Objects\Menu.obj, .\Objec
>> ts\pFunc.obj, .\Objects\systemTimer.obj, .\Objects\usart.obj, .\Objects\timer.obj, .\Objects\wifi.obj, .\STCLIB\Front
>> .LIB, .\STCLIB\Gpio.LIB, .\STCLIB\Iape2prom.LIB, .\STCLIB\Key.LIB, .\STCLIB\Lcd19264.LIB, .\Objects\STARTUP.obj TO .\
>> Objects\WIRELESS_PLC PRINT (.\Listings\WIRELESS_PLC.m51) RAMSIZE (256)


MEMORY MODEL: LARGE


INPUT MODULES INCLUDED:
  .\Objects\main.obj (MAIN)
  .\Objects\Control.obj (CONTROL)
  .\Objects\report.obj (REPORT)
  .\Objects\Menu.obj (MENU)
  .\Objects\pFunc.obj (PFUNC)
  .\Objects\systemTimer.obj (SYSTEMTIMER)
  .\Objects\usart.obj (USART)
  .\Objects\timer.obj (TIMER)
  .\Objects\wifi.obj (WIFI)
  .\STCLIB\Front.LIB (CHINESE_CODE)
  .\STCLIB\Front.LIB (?C_STARTUP)
  .\STCLIB\Gpio.LIB (GPIO)
  .\STCLIB\Iape2prom.LIB (EEPROM)
  .\STCLIB\Key.LIB (KEY)
  .\STCLIB\Lcd19264.LIB (LCD)
  C:\KEIL_V5\C51\LIB\C51L.LIB (?C_INIT)
  C:\KEIL_V5\C51\LIB\C51L.LIB (?C?COPY)
  C:\KEIL_V5\C51\LIB\C51L.LIB (?C?CLDPTR)
  C:\KEIL_V5\C51\LIB\C51L.LIB (?C?CLDOPTR)
  C:\KEIL_V5\C51\LIB\C51L.LIB (?C?CILDPTR)
  C:\KEIL_V5\C51\LIB\C51L.LIB (?C?CSTPTR)
  C:\KEIL_V5\C51\LIB\C51L.LIB (?C?CSTOPTR)
  C:\KEIL_V5\C51\LIB\C51L.LIB (?C?IMUL)
  C:\KEIL_V5\C51\LIB\C51L.LIB (?C?UIDIV)
  C:\KEIL_V5\C51\LIB\C51L.LIB (?C?SIDIV)
  C:\KEIL_V5\C51\LIB\C51L.LIB (?C?IILDX)
  C:\KEIL_V5\C51\LIB\C51L.LIB (?C?ILDIX)
  C:\KEIL_V5\C51\LIB\C51L.LIB (?C?ILDOPTR)
  C:\KEIL_V5\C51\LIB\C51L.LIB (?C?ULCMP)
  C:\KEIL_V5\C51\LIB\C51L.LIB (?C?LSTKXDATA)
  C:\KEIL_V5\C51\LIB\C51L.LIB (?C?PLDOPTR)
  C:\KEIL_V5\C51\LIB\C51L.LIB (?C?ICALL)
  C:\KEIL_V5\C51\LIB\C51L.LIB (STRNCMP)
  C:\KEIL_V5\C51\LIB\C51L.LIB (STRLEN)
  C:\KEIL_V5\C51\LIB\C51L.LIB (?C?MEMSET)
  C:\KEIL_V5\C51\LIB\C51L.LIB (?C?PLDIDATA)
  C:\KEIL_V5\C51\LIB\C51L.LIB (?C?PLDXDATA)
  C:\KEIL_V5\C51\LIB\C51L.LIB (?C?PLDPDATA)
  C:\KEIL_V5\C51\LIB\C51L.LIB (?C?PLDCODE)


LINK MAP OF MODULE:  .\Objects\WIRELESS_PLC (MAIN)


            TYPE    BASE      LENGTH    RELOCATION   SEGMENT NAME
            -----------------------------------------------------

BL51 BANKED LINKER/LOCATER V6.22.2.0                                                  10/28/2021  15:29:45  PAGE 2


            * * * * * * *   D A T A   M E M O R Y   * * * * * * *
            REG     0000H     0008H     ABSOLUTE     "REG BANK 0"
            IDATA   0008H     0001H     UNIT         ?STACK

            * * * * * * *  X D A T A   M E M O R Y  * * * * * * *
            XDATA   0000H     0DD2H     UNIT         ?XD?REPORT
            XDATA   0DD2H     00B7H     UNIT         ?XD?MENU
            XDATA   0E89H     006DH     UNIT         ?XD?CONTROL
            XDATA   0EF6H     003BH     UNIT         _XDATA_GROUP_
            XDATA   0F31H     002CH     UNIT         ?XD?USART
            XDATA   0F5DH     0010H     UNIT         ?XD?MAIN
            XDATA   0F6DH     0008H     UNIT         ?XD?SYSTEMTIMER
            XDATA   0F75H     0008H     UNIT         ?XD?TIMER
            XDATA   0F7DH     0008H     UNIT         ?XD?LCD
            XDATA   0F85H     0002H     UNIT         ?XD?KEY

            * * * * * * *   C O D E   M E M O R Y   * * * * * * *
            CODE    0000H     0003H     ABSOLUTE     
            CODE    0003H     0008H     UNIT         ?PR?COMMUNICAINIT?CONTROL
            CODE    000BH     0003H     ABSOLUTE     
            CODE    000EH     0015H     UNIT         ?PR?_STRLEN?STRLEN
            CODE    0023H     0003H     ABSOLUTE     
            CODE    0026H     001CH     UNIT         ?PR?_DELAY_MS?SYSTEMTIMER
            CODE    0042H     0001H     UNIT         ?PR?KEYMENU_MENU?MENU
            CODE    0043H     0003H     ABSOLUTE     
            CODE    0046H     0043H     UNIT         ?PR?_TIM_BASE_MSPINIT?TIMER
            CODE    0089H     0001H     UNIT         ?PR?KEYBAUD_MENU?MENU
                    008AH     0001H                  *** GAP ***
            CODE    008BH     0003H     ABSOLUTE     
            CODE    008EH     0003H     UNIT         ?PR?_LCDSHOW?MENU
                    0091H     0002H                  *** GAP ***
            CODE    0093H     0003H     ABSOLUTE     
            CODE    0096H     19AAH     UNIT         ?CO?CHINESE_CODE
            CODE    1A40H     035EH     UNIT         ?C?LIB_CODE
            CODE    1D9EH     01DDH     UNIT         ?PR?MENU
            CODE    1F7BH     01DCH     UNIT         ?PR?KEYCONTROL_ENTER?MENU
            CODE    2157H     01ABH     UNIT         ?PR?_GUI_LATTICE?LCD
            CODE    2302H     01A0H     UNIT         ?CO?WIFI
            CODE    24A2H     019EH     UNIT         ?PR?_MYITOA?PFUNC
            CODE    2640H     0199H     UNIT         ?PR?_GPIO_INILIZE?GPIO
            CODE    27D9H     013BH     UNIT         ?PR?TIMER0_ISR?TIMER
            CODE    2914H     0131H     UNIT         ?C_INITSEG
            CODE    2A45H     00E2H     UNIT         ?CO?MENU
            CODE    2B27H     00DAH     UNIT         ?PR?KEYCONTROL_DOWN?MENU
            CODE    2C01H     00D5H     UNIT         ?PR?REPORT
            CODE    2CD6H     00C5H     UNIT         ?PR?_GUI_STRING?LCD
            CODE    2D9BH     00C1H     UNIT         ?CO?CONTROL
            CODE    2E5CH     00BEH     UNIT         ?PR?KEYCONTROL_UP?MENU
            CODE    2F1AH     00B0H     UNIT         ?PR?CONTROL
            CODE    2FCAH     00AEH     UNIT         ?PR?_UART_BASE_MSPINIT?USART
            CODE    3078H     00A6H     UNIT         ?PR?PLC_TO_RS485?REPORT
            CODE    311EH     00A5H     UNIT         ?PR?WIFI_TO_PLC?REPORT
            CODE    31C3H     00A2H     UNIT         ?PR?UART3_ISR?USART
            CODE    3265H     00A2H     UNIT         ?PR?UART4_ISR?USART
            CODE    3307H     00A1H     UNIT         ?PR?USART
            CODE    33A8H     009BH     UNIT         ?PR?_GETCRC16?REPORT
            CODE    3443H     0099H     UNIT         ?PR?UART2_ISR?USART
BL51 BANKED LINKER/LOCATER V6.22.2.0                                                  10/28/2021  15:29:45  PAGE 3


            CODE    34DCH     008EH     UNIT         ?PR?KEY_CHICK?KEY
            CODE    356AH     008CH     UNIT         ?C_C51STARTUP
            CODE    35F6H     008BH     UNIT         ?PR?PASSWORDCHANGEUISHOW?CONTROL
            CODE    3681H     0089H     UNIT         ?PR?TIMER
            CODE    370AH     0087H     UNIT         ?PR?_STRNCMP?STRNCMP
            CODE    3791H     0085H     UNIT         ?PR?INIT_ALL?MAIN
            CODE    3816H     0080H     UNIT         ?PR?WIFI_INIT?WIFI
            CODE    3896H     007BH     UNIT         ?PR?IAP_FLASH_IINIT?MAIN
            CODE    3911H     007BH     UNIT         ?PR?KEYMAIN_ENTER?MENU
            CODE    398CH     0075H     UNIT         ?PR?KEYEVENT?MENU
            CODE    3A01H     0071H     UNIT         ?PR?LCD
            CODE    3A72H     006CH     UNIT         ?PR?_PASSWORDINPUT?CONTROL
            CODE    3ADEH     006CH     UNIT         ?PR?_UART_DATAFORWARD?REPORT
            CODE    3B4AH     006AH     UNIT         ?PR?INITIAL_LCD?LCD
            CODE    3BB4H     0069H     UNIT         ?PR?CHECK_PASSWORDBITS?MENU
            CODE    3C1DH     0064H     UNIT         ?PR?KEYBAUD_ENTER?MENU
            CODE    3C81H     0060H     UNIT         ?PR?IAPCONFIGWAITTIME?EEPROM
            CODE    3CE1H     005FH     UNIT         ?CO?MAIN
            CODE    3D40H     005BH     UNIT         ?PR?_GETFRONTPARM?LCD
            CODE    3D9BH     0058H     UNIT         ?PR?SYSTEMINIT?MAIN
            CODE    3DF3H     0058H     UNIT         ?PR?KEYBAUD_UP?MENU
            CODE    3E4BH     0058H     UNIT         ?PR?KEYBAUD_DOWN?MENU
            CODE    3EA3H     0055H     UNIT         ?PR?KEYMENU_UP?MENU
            CODE    3EF8H     0055H     UNIT         ?PR?KEYMENU_DOWN?MENU
            CODE    3F4DH     0051H     UNIT         ?PR?_UARTX_SENDSTR?USART
            CODE    3F9EH     0051H     UNIT         ?PR?_GETCHINDEX?LCD
            CODE    3FEFH     004BH     UNIT         ?PR?PLCPOWERUISHOW?CONTROL
            CODE    403AH     0046H     UNIT         ?PR?REFRESHMENUDISP?MENU
            CODE    4080H     0041H     UNIT         ?PR?REFRESHBAUDDISP?MENU
            CODE    40C1H     0040H     UNIT         ?PR?COMMUNICAUISHOW?CONTROL
            CODE    4101H     003DH     UNIT         ?PR?KEYMAIN_DOWN?MENU
            CODE    413EH     003BH     UNIT         ?PR?UART1_ISR?USART
            CODE    4179H     003AH     UNIT         ?PR?KEYMAIN_UP?MENU
            CODE    41B3H     0038H     UNIT         ?PR?CONTROLSAVE?CONTROL
            CODE    41EBH     0036H     UNIT         ?PR?EEPROM
            CODE    4221H     0036H     UNIT         ?PR?_LCD_ADDRESS?LCD
            CODE    4257H     0035H     UNIT         ?PR?BAUDSETTINGUI1SHOW?CONTROL
            CODE    428CH     0032H     UNIT         ?PR?MAIN
            CODE    42BEH     0031H     UNIT         ?PR?_LCDDLY?MENU
            CODE    42EFH     0030H     UNIT         ?PR?CHECKIAP_FLASH?MAIN
            CODE    431FH     002FH     UNIT         ?PR?_IAPREAD?EEPROM
            CODE    434EH     002EH     UNIT         ?PR?BAUDSETTINGUI2SHOW?CONTROL
            CODE    437CH     002EH     UNIT         ?PR?BAUDSETTINGUI3SHOW?CONTROL
            CODE    43AAH     002EH     UNIT         ?PR?BAUDSETTINGUI4SHOW?CONTROL
            CODE    43D8H     002DH     UNIT         ?PR?BAUDINIT?CONTROL
            CODE    4405H     002CH     UNIT         ?PR?_IAPWRITE_BUFF?EEPROM
            CODE    4431H     002CH     UNIT         ?PR?_TRANSFER_COMMAND?LCD
            CODE    445DH     002CH     UNIT         ?PR?_TRANSFER_DATA?LCD
            CODE    4489H     002BH     UNIT         ?PR?_IAPREAD_BUFF?EEPROM
            CODE    44B4H     002AH     UNIT         ?PR?PFUNC
            CODE    44DEH     0029H     UNIT         ?PR?PASSWORDINPUTUISHOW?CONTROL
            CODE    4507H     0029H     UNIT         ?PR?RELOADSETTINGUISHOW?CONTROL
            CODE    4530H     0027H     UNIT         ?PR?PASSWORDJUDGE?CONTROL
            CODE    4557H     0027H     UNIT         ?PR?KEYCONTROL_CANCEL?MENU
            CODE    457EH     0027H     UNIT         ?PR?SYSTEMTIMER?SYSTEMTIMER
            CODE    45A5H     0027H     UNIT         ?PR?TIMER0_INIT?TIMER
            CODE    45CCH     0026H     UNIT         ?PR?KEYMAIN_MENU?MENU
BL51 BANKED LINKER/LOCATER V6.22.2.0                                                  10/28/2021  15:29:45  PAGE 4


            CODE    45F2H     0026H     UNIT         ?PR?_IAPPROGRAM?EEPROM
            CODE    4618H     0026H     UNIT         ?PR?_IAPERASE?EEPROM
            CODE    463EH     0026H     UNIT         ?PR?CLEAR_SCREEN?LCD
            CODE    4664H     0025H     UNIT         ?CO?PFUNC
            CODE    4689H     0023H     UNIT         ?PR?_PASSWORDDELETE?CONTROL
            CODE    46ACH     0022H     UNIT         ?PR?UART1_INIT?USART
            CODE    46CEH     0022H     UNIT         ?PR?_BUSY_AWAIT?USART
            CODE    46F0H     0021H     UNIT         ?PR?KEYMENU_ENTER?MENU
            CODE    4711H     0021H     UNIT         ?PR?UART2_INIT?USART
            CODE    4732H     001EH     UNIT         ?PR?UART3_INIT?USART
            CODE    4750H     001EH     UNIT         ?PR?UART4_INIT?USART
            CODE    476EH     001BH     UNIT         ?PR?KEYMAIN_CANCEL?MENU
            CODE    4789H     001BH     UNIT         ?PR?KEYCONTROL_MENU?MENU
            CODE    47A4H     0019H     UNIT         ?PR?_LOOPINDEX?PFUNC
            CODE    47BDH     0018H     UNIT         ?PR?_INPUTOFFECT?CONTROL
            CODE    47D5H     0017H     UNIT         ?PR?SCREENSAVERUISHOW?CONTROL
            CODE    47ECH     0011H     UNIT         ?PR?KEYBAUD_CANCEL?MENU
            CODE    47FDH     0010H     UNIT         ?PR?KEYMENU_CANCEL?MENU
            CODE    480DH     0010H     UNIT         ?PR?WIFI
            CODE    481DH     000EH     UNIT         ?PR?CONTROLINIT?CONTROL
            CODE    482BH     000EH     UNIT         ?PR?UART_HANDLE?REPORT
            CODE    4839H     000DH     UNIT         ?PR?IAPIDLE?EEPROM
            CODE    4846H     000CH     UNIT         ?PR?_WIFI_ENABLE?WIFI
            CODE    4852H     000BH     UNIT         ?PR?MAIN?MAIN
            CODE    485DH     0009H     UNIT         ?PR?POWERINIT?CONTROL
            CODE    4866H     0009H     UNIT         ?PR?LCDSHOWINIT?MENU
            CODE    486FH     0009H     UNIT         ?PR?BAUD_SETTING?MENU
            CODE    4878H     0009H     UNIT         ?PR?DELAY1MS?SYSTEMTIMER
            CODE    4881H     0006H     UNIT         ?PR?GPIO



OVERLAY MAP OF MODULE:   .\Objects\WIRELESS_PLC (MAIN)


SEGMENT                                    XDATA_GROUP
  +--> CALLED SEGMENT                    START    LENGTH
--------------------------------------------------------
?PR?UART2_ISR?USART                      -----    -----
  +--> ?PR?USART

*** NEW ROOT ***************************************************

?PR?UART3_ISR?USART                      -----    -----
  +--> ?PR?USART

*** NEW ROOT ***************************************************

?PR?UART4_ISR?USART                      -----    -----
  +--> ?PR?USART

*** NEW ROOT ***************************************************

?PR?TIMER0_ISR?TIMER                     -----    -----
  +--> ?PR?SYSTEMTIMER?SYSTEMTIMER
  +--> ?PR?TIMER

BL51 BANKED LINKER/LOCATER V6.22.2.0                                                  10/28/2021  15:29:45  PAGE 5


*** NEW ROOT ***************************************************

?C_C51STARTUP                            -----    -----
  +--> ?PR?MAIN?MAIN
  +--> ?C_INITSEG

?PR?MAIN?MAIN                            -----    -----
  +--> ?PR?SYSTEMINIT?MAIN
  +--> ?PR?KEYEVENT?MENU
  +--> ?PR?UART_HANDLE?REPORT

?PR?SYSTEMINIT?MAIN                      -----    -----
  +--> ?PR?INIT_ALL?MAIN
  +--> ?PR?MAIN
  +--> ?PR?INITIAL_LCD?LCD
  +--> ?PR?IAP_FLASH_IINIT?MAIN
  +--> ?PR?TIMER0_INIT?TIMER
  +--> ?PR?UART1_INIT?USART
  +--> ?PR?UART2_INIT?USART
  +--> ?PR?UART3_INIT?USART
  +--> ?PR?UART4_INIT?USART
  +--> ?PR?CONTROLINIT?CONTROL
  +--> ?PR?LCDSHOWINIT?MENU
  +--> ?PR?WIFI_INIT?WIFI
  +--> ?PR?CONTROLSAVE?CONTROL

?PR?INIT_ALL?MAIN                        0EF6H    0002H
  +--> ?PR?MAIN
  +--> ?PR?_GPIO_INILIZE?GPIO

?PR?_GPIO_INILIZE?GPIO                   -----    -----
  +--> ?PR?GPIO

?PR?INITIAL_LCD?LCD                      -----    -----
  +--> ?PR?_DELAY_MS?SYSTEMTIMER
  +--> ?PR?_TRANSFER_COMMAND?LCD
  +--> ?PR?CLEAR_SCREEN?LCD

?PR?_DELAY_MS?SYSTEMTIMER                0EFBH    0002H
  +--> ?PR?DELAY1MS?SYSTEMTIMER

?PR?_TRANSFER_COMMAND?LCD                -----    -----
  +--> ?PR?LCD

?PR?LCD                                  -----    -----
  +--> ?PR?_LCD_ADDRESS?LCD

?PR?CLEAR_SCREEN?LCD                     -----    -----
  +--> ?PR?LCD
  +--> ?PR?_TRANSFER_COMMAND?LCD
  +--> ?PR?_TRANSFER_DATA?LCD

?PR?_TRANSFER_DATA?LCD                   -----    -----
  +--> ?PR?LCD

?PR?IAP_FLASH_IINIT?MAIN                 -----    -----
  +--> ?PR?CHECKIAP_FLASH?MAIN
BL51 BANKED LINKER/LOCATER V6.22.2.0                                                  10/28/2021  15:29:45  PAGE 6


  +--> ?CO?MAIN
  +--> ?PR?MAIN
  +--> ?PR?_GUI_STRING?LCD
  +--> ?PR?_DELAY_MS?SYSTEMTIMER
  +--> ?PR?_IAPERASE?EEPROM
  +--> ?PR?_IAPWRITE_BUFF?EEPROM
  +--> ?PR?CLEAR_SCREEN?LCD

?PR?CHECKIAP_FLASH?MAIN                  -----    -----
  +--> ?PR?MAIN
  +--> ?PR?_IAPREAD_BUFF?EEPROM
  +--> ?PR?_GETCRC16?REPORT

?PR?_IAPREAD_BUFF?EEPROM                 0EF6H    0006H
  +--> ?PR?EEPROM
  +--> ?PR?_IAPREAD?EEPROM

?PR?_IAPREAD?EEPROM                      0EFCH    0001H
  +--> ?PR?IAPCONFIGWAITTIME?EEPROM
  +--> ?PR?EEPROM

?PR?IAPCONFIGWAITTIME?EEPROM             0F02H    0004H
  +--> ?PR?EEPROM

?PR?_GETCRC16?REPORT                     0EF9H    0009H
  +--> ?PR?REPORT

?PR?_GUI_STRING?LCD                      0EFCH    0009H
  +--> ?PR?_GETFRONTPARM?LCD
  +--> ?PR?LCD
  +--> ?PR?_GETCHINDEX?LCD
  +--> ?PR?_GUI_LATTICE?LCD

?PR?_GETFRONTPARM?LCD                    -----    -----
  +--> ?CO?CHINESE_CODE

?PR?_GETCHINDEX?LCD                      0F05H    0002H
  +--> ?CO?CHINESE_CODE

?PR?_GUI_LATTICE?LCD                     0F05H    000FH
  +--> ?PR?LCD
  +--> ?PR?_LCD_ADDRESS?LCD
  +--> ?PR?_TRANSFER_DATA?LCD

?PR?_IAPERASE?EEPROM                     0EF9H    0002H
  +--> ?PR?IAPCONFIGWAITTIME?EEPROM
  +--> ?PR?EEPROM
  +--> ?PR?IAPIDLE?EEPROM
  +--> ?PR?_DELAY_MS?SYSTEMTIMER

?PR?_IAPWRITE_BUFF?EEPROM                0EF9H    0006H
  +--> ?PR?EEPROM
  +--> ?PR?_IAPPROGRAM?EEPROM

?PR?_IAPPROGRAM?EEPROM                   0EFFH    0003H
  +--> ?PR?IAPCONFIGWAITTIME?EEPROM
  +--> ?PR?EEPROM
BL51 BANKED LINKER/LOCATER V6.22.2.0                                                  10/28/2021  15:29:45  PAGE 7


  +--> ?PR?IAPIDLE?EEPROM

?PR?TIMER0_INIT?TIMER                    -----    -----
  +--> ?PR?_TIM_BASE_MSPINIT?TIMER

?PR?UART1_INIT?USART                     -----    -----
  +--> ?PR?USART
  +--> ?PR?_UART_BASE_MSPINIT?USART

?PR?_UART_BASE_MSPINIT?USART             -----    -----
  +--> ?PR?USART

?PR?UART2_INIT?USART                     -----    -----
  +--> ?PR?USART
  +--> ?PR?_UART_BASE_MSPINIT?USART

?PR?UART3_INIT?USART                     -----    -----
  +--> ?PR?USART
  +--> ?PR?_UART_BASE_MSPINIT?USART

?PR?UART4_INIT?USART                     -----    -----
  +--> ?PR?USART
  +--> ?PR?_UART_BASE_MSPINIT?USART

?PR?CONTROLINIT?CONTROL                  -----    -----
  +--> ?PR?BAUDINIT?CONTROL
  +--> ?PR?POWERINIT?CONTROL
  +--> ?PR?COMMUNICAINIT?CONTROL

?PR?BAUDINIT?CONTROL                     -----    -----
  +--> ?PR?CONTROL

?PR?CONTROL                              -----    -----
  +--> ?CO?CHINESE_CODE

?PR?COMMUNICAINIT?CONTROL                -----    -----
  +--> ?PR?_WIFI_ENABLE?WIFI

?PR?LCDSHOWINIT?MENU                     -----    -----
  +--> ?PR?SCREENSAVERUISHOW?CONTROL
  +--> ?PR?_LCDSHOW?MENU

?PR?SCREENSAVERUISHOW?CONTROL            -----    -----
  +--> ?PR?CLEAR_SCREEN?LCD
  +--> ?PR?CONTROL
  +--> ?CO?CHINESE_CODE
  +--> ?PR?_GUI_LATTICE?LCD

?PR?WIFI_INIT?WIFI                       0EF6H    0001H
  +--> ?PR?_DELAY_MS?SYSTEMTIMER
  +--> ?PR?WIFI
  +--> ?PR?_STRLEN?STRLEN
  +--> ?PR?_UARTX_SENDSTR?USART
  +--> ?CO?WIFI

?PR?WIFI                                 -----    -----
  +--> ?CO?WIFI
BL51 BANKED LINKER/LOCATER V6.22.2.0                                                  10/28/2021  15:29:45  PAGE 8



?PR?_UARTX_SENDSTR?USART                 0EF7H    0007H
  +--> ?PR?USART
  +--> ?PR?_BUSY_AWAIT?USART

?PR?CONTROLSAVE?CONTROL                  -----    -----
  +--> ?PR?_GETCRC16?REPORT
  +--> ?PR?_IAPERASE?EEPROM
  +--> ?PR?_IAPWRITE_BUFF?EEPROM

?PR?KEYEVENT?MENU                        0EF6H    0002H
  +--> ?PR?KEY_CHICK?KEY
  +--> ?PR?_LCDDLY?MENU
  +--> ?PR?MENU

?PR?KEY_CHICK?KEY                        0EF8H    0001H
  +--> ?PR?_DELAY_MS?SYSTEMTIMER

?PR?_LCDDLY?MENU                         -----    -----
  +--> ?PR?MENU
  +--> ?PR?SCREENSAVERUISHOW?CONTROL
  +--> ?PR?_LCDSHOW?MENU
  +--> ?PR?_PASSWORDDELETE?CONTROL

?PR?MENU                                 -----    -----
  +--> ?CO?CHINESE_CODE

?PR?_PASSWORDDELETE?CONTROL              0EF9H    0003H
  +--> ?PR?CONTROL

?PR?UART_HANDLE?REPORT                   -----    -----
  +--> ?PR?_UART_DATAFORWARD?REPORT

?PR?_UART_DATAFORWARD?REPORT             0EF6H    0003H

?C_INITSEG                               -----    -----
  +--> ?CO?CONTROL
  +--> ?PR?PLC_TO_RS485?REPORT
  +--> ?PR?WIFI_TO_PLC?REPORT
  +--> ?CO?MENU
  +--> ?PR?PLCPOWERUISHOW?CONTROL
  +--> ?PR?COMMUNICAUISHOW?CONTROL
  +--> ?PR?PASSWORDCHANGEUISHOW?CONTROL
  +--> ?PR?BAUD_SETTING?MENU
  +--> ?PR?RELOADSETTINGUISHOW?CONTROL
  +--> ?PR?BAUDSETTINGUI1SHOW?CONTROL
  +--> ?PR?BAUDSETTINGUI2SHOW?CONTROL
  +--> ?PR?BAUDSETTINGUI3SHOW?CONTROL
  +--> ?PR?BAUDSETTINGUI4SHOW?CONTROL
  +--> ?PR?KEYMAIN_UP?MENU
  +--> ?PR?KEYMAIN_DOWN?MENU
  +--> ?PR?KEYMAIN_ENTER?MENU
  +--> ?PR?KEYMAIN_CANCEL?MENU
  +--> ?PR?KEYMAIN_MENU?MENU
  +--> ?PR?KEYMENU_UP?MENU
  +--> ?PR?KEYMENU_DOWN?MENU
  +--> ?PR?KEYMENU_ENTER?MENU
BL51 BANKED LINKER/LOCATER V6.22.2.0                                                  10/28/2021  15:29:45  PAGE 9


  +--> ?PR?KEYMENU_CANCEL?MENU
  +--> ?PR?KEYMENU_MENU?MENU
  +--> ?PR?KEYCONTROL_UP?MENU
  +--> ?PR?KEYCONTROL_DOWN?MENU
  +--> ?PR?KEYCONTROL_ENTER?MENU
  +--> ?PR?KEYCONTROL_CANCEL?MENU
  +--> ?PR?KEYCONTROL_MENU?MENU
  +--> ?PR?KEYBAUD_UP?MENU
  +--> ?PR?KEYBAUD_DOWN?MENU
  +--> ?PR?KEYBAUD_ENTER?MENU
  +--> ?PR?KEYBAUD_CANCEL?MENU
  +--> ?PR?KEYBAUD_MENU?MENU

?PR?PLC_TO_RS485?REPORT                  -----    -----
  +--> ?PR?REPORT
  +--> ?PR?_UARTX_SENDSTR?USART

?PR?WIFI_TO_PLC?REPORT                   -----    -----
  +--> ?PR?REPORT
  +--> ?PR?_UARTX_SENDSTR?USART

?PR?PLCPOWERUISHOW?CONTROL               -----    -----
  +--> ?PR?CLEAR_SCREEN?LCD
  +--> ?CO?CONTROL
  +--> ?PR?CONTROL
  +--> ?PR?_GUI_STRING?LCD
  +--> ?CO?CHINESE_CODE
  +--> ?PR?_GUI_LATTICE?LCD

?PR?COMMUNICAUISHOW?CONTROL              -----    -----
  +--> ?PR?CLEAR_SCREEN?LCD
  +--> ?PR?CONTROL
  +--> ?CO?CHINESE_CODE
  +--> ?PR?_GUI_LATTICE?LCD
  +--> ?CO?CONTROL
  +--> ?PR?_GUI_STRING?LCD

?PR?PASSWORDCHANGEUISHOW?CONTROL         0EF9H    0003H
  +--> ?PR?CLEAR_SCREEN?LCD
  +--> ?PR?_MYITOA?PFUNC
  +--> ?PR?CONTROL
  +--> ?PR?_GUI_STRING?LCD
  +--> ?CO?CHINESE_CODE
  +--> ?PR?_GUI_LATTICE?LCD
  +--> ?CO?CONTROL

?PR?_MYITOA?PFUNC                        0EFCH    0035H
  +--> ?CO?PFUNC
  +--> ?PR?PFUNC

?PR?BAUD_SETTING?MENU                    -----    -----
  +--> ?PR?REFRESHBAUDDISP?MENU
  +--> ?PR?_LCDSHOW?MENU

?PR?REFRESHBAUDDISP?MENU                 0EF9H    0001H
  +--> ?PR?CLEAR_SCREEN?LCD
  +--> ?PR?MENU
BL51 BANKED LINKER/LOCATER V6.22.2.0                                                  10/28/2021  15:29:45  PAGE 10


  +--> ?PR?_GUI_STRING?LCD
  +--> ?PR?_GUI_LATTICE?LCD

?PR?RELOADSETTINGUISHOW?CONTROL          -----    -----
  +--> ?PR?CLEAR_SCREEN?LCD
  +--> ?CO?CONTROL
  +--> ?PR?CONTROL
  +--> ?PR?_GUI_STRING?LCD

?PR?BAUDSETTINGUI1SHOW?CONTROL           -----    -----
  +--> ?PR?CLEAR_SCREEN?LCD
  +--> ?CO?CONTROL
  +--> ?PR?CONTROL
  +--> ?PR?_GUI_STRING?LCD
  +--> ?PR?_GUI_LATTICE?LCD
  +--> ?CO?CHINESE_CODE

?PR?BAUDSETTINGUI2SHOW?CONTROL           -----    -----
  +--> ?PR?CLEAR_SCREEN?LCD
  +--> ?CO?CONTROL
  +--> ?PR?CONTROL
  +--> ?PR?_GUI_STRING?LCD
  +--> ?PR?_GUI_LATTICE?LCD

?PR?BAUDSETTINGUI3SHOW?CONTROL           -----    -----
  +--> ?PR?CLEAR_SCREEN?LCD
  +--> ?CO?CONTROL
  +--> ?PR?CONTROL
  +--> ?PR?_GUI_STRING?LCD
  +--> ?PR?_GUI_LATTICE?LCD

?PR?BAUDSETTINGUI4SHOW?CONTROL           -----    -----
  +--> ?PR?CLEAR_SCREEN?LCD
  +--> ?CO?CONTROL
  +--> ?PR?CONTROL
  +--> ?PR?_GUI_STRING?LCD
  +--> ?PR?_GUI_LATTICE?LCD

?PR?KEYMAIN_UP?MENU                      0EF6H    0003H
  +--> ?PR?MENU
  +--> ?PR?_PASSWORDINPUT?CONTROL
  +--> ?CO?MENU
  +--> ?PR?_MYITOA?PFUNC
  +--> ?PR?_GUI_STRING?LCD

?PR?_PASSWORDINPUT?CONTROL               0EF9H    0003H
  +--> ?PR?CONTROL

?PR?KEYMAIN_DOWN?MENU                    0EF6H    0003H
  +--> ?PR?MENU
  +--> ?PR?_PASSWORDINPUT?CONTROL
  +--> ?CO?MENU
  +--> ?PR?_MYITOA?PFUNC
  +--> ?PR?_GUI_STRING?LCD

?PR?KEYMAIN_ENTER?MENU                   -----    -----
  +--> ?PR?MENU
BL51 BANKED LINKER/LOCATER V6.22.2.0                                                  10/28/2021  15:29:45  PAGE 11


  +--> ?PR?PASSWORDJUDGE?CONTROL
  +--> ?CO?MENU
  +--> ?PR?_STRNCMP?STRNCMP
  +--> ?PR?REFRESHMENUDISP?MENU
  +--> ?PR?_LCDSHOW?MENU
  +--> ?PR?_PASSWORDDELETE?CONTROL
  +--> ?PR?CLEAR_SCREEN?LCD
  +--> ?PR?_GUI_STRING?LCD
  +--> ?PR?_DELAY_MS?SYSTEMTIMER
  +--> ?PR?PASSWORDINPUTUISHOW?CONTROL

?PR?PASSWORDJUDGE?CONTROL                0EF9H    0020H
  +--> ?PR?_STRNCMP?STRNCMP

?PR?_STRNCMP?STRNCMP                     0F19H    0008H

?PR?REFRESHMENUDISP?MENU                 0EF9H    0001H
  +--> ?PR?CLEAR_SCREEN?LCD
  +--> ?PR?MENU
  +--> ?PR?_GUI_STRING?LCD
  +--> ?PR?_GUI_LATTICE?LCD

?PR?PASSWORDINPUTUISHOW?CONTROL          -----    -----
  +--> ?PR?CLEAR_SCREEN?LCD
  +--> ?PR?CONTROL
  +--> ?CO?CHINESE_CODE
  +--> ?PR?_GUI_LATTICE?LCD
  +--> ?CO?CONTROL
  +--> ?PR?_GUI_STRING?LCD

?PR?KEYMAIN_CANCEL?MENU                  -----    -----
  +--> ?PR?MENU
  +--> ?PR?SCREENSAVERUISHOW?CONTROL
  +--> ?PR?_LCDSHOW?MENU
  +--> ?PR?_PASSWORDDELETE?CONTROL

?PR?KEYMAIN_MENU?MENU                    -----    -----
  +--> ?PR?PASSWORDINPUTUISHOW?CONTROL
  +--> ?PR?_LCDSHOW?MENU
  +--> ?PR?MENU
  +--> ?PR?_INPUTOFFECT?CONTROL

?PR?KEYMENU_UP?MENU                      -----    -----
  +--> ?PR?MENU
  +--> ?PR?_LOOPINDEX?PFUNC
  +--> ?PR?REFRESHMENUDISP?MENU
  +--> ?PR?_LCDSHOW?MENU

?PR?KEYMENU_DOWN?MENU                    -----    -----
  +--> ?PR?MENU
  +--> ?PR?_LOOPINDEX?PFUNC
  +--> ?PR?REFRESHMENUDISP?MENU
  +--> ?PR?_LCDSHOW?MENU

?PR?KEYMENU_ENTER?MENU                   -----    -----
  +--> ?PR?MENU
  +--> ?PR?_LCDSHOW?MENU
BL51 BANKED LINKER/LOCATER V6.22.2.0                                                  10/28/2021  15:29:45  PAGE 12



?PR?KEYMENU_CANCEL?MENU                  -----    -----
  +--> ?PR?MENU
  +--> ?PR?SCREENSAVERUISHOW?CONTROL
  +--> ?PR?_LCDSHOW?MENU
  +--> ?PR?_PASSWORDDELETE?CONTROL

?PR?KEYCONTROL_UP?MENU                   0EF6H    0003H
  +--> ?PR?MENU
  +--> ?CO?MENU
  +--> ?PR?_MYITOA?PFUNC
  +--> ?PR?_GUI_STRING?LCD
  +--> ?PR?COMMUNICAUISHOW?CONTROL
  +--> ?PR?_LCDSHOW?MENU
  +--> ?PR?_LOOPINDEX?PFUNC
  +--> ?PR?REFRESHBAUDDISP?MENU
  +--> ?PR?_PASSWORDINPUT?CONTROL

?PR?KEYCONTROL_DOWN?MENU                 0EF6H    0003H
  +--> ?PR?MENU
  +--> ?CO?MENU
  +--> ?PR?_MYITOA?PFUNC
  +--> ?PR?_GUI_STRING?LCD
  +--> ?PR?COMMUNICAUISHOW?CONTROL
  +--> ?PR?_LCDSHOW?MENU
  +--> ?PR?_LOOPINDEX?PFUNC
  +--> ?PR?REFRESHBAUDDISP?MENU
  +--> ?PR?_PASSWORDINPUT?CONTROL

?PR?KEYCONTROL_ENTER?MENU                0EF6H    0003H
  +--> ?PR?CHECK_PASSWORDBITS?MENU
  +--> ?PR?MENU
  +--> ?PR?_MYITOA?PFUNC
  +--> ?PR?_GUI_STRING?LCD
  +--> ?CO?CHINESE_CODE
  +--> ?PR?_GUI_LATTICE?LCD
  +--> ?PR?PASSWORDJUDGE?CONTROL
  +--> ?PR?CONTROLSAVE?CONTROL
  +--> ?PR?_PASSWORDDELETE?CONTROL
  +--> ?PR?REFRESHMENUDISP?MENU
  +--> ?PR?CLEAR_SCREEN?LCD
  +--> ?CO?MENU
  +--> ?PR?PASSWORDCHANGEUISHOW?CONTROL
  +--> ?PR?_LCDSHOW?MENU
  +--> ?PR?PLCPOWERUISHOW?CONTROL
  +--> ?PR?_WIFI_ENABLE?WIFI
  +--> ?PR?_DELAY_MS?SYSTEMTIMER
  +--> ?PR?_IAPERASE?EEPROM
  +--> ?PR?_IAPWRITE_BUFF?EEPROM
  +--> ?PR?BAUDINIT?CONTROL
  +--> ?PR?POWERINIT?CONTROL
  +--> ?PR?COMMUNICAINIT?CONTROL

?PR?CHECK_PASSWORDBITS?MENU              -----    -----
  +--> ?PR?CLEAR_SCREEN?LCD
  +--> ?CO?MENU
  +--> ?PR?MENU
BL51 BANKED LINKER/LOCATER V6.22.2.0                                                  10/28/2021  15:29:45  PAGE 13


  +--> ?PR?_GUI_STRING?LCD
  +--> ?PR?_PASSWORDDELETE?CONTROL
  +--> ?PR?_DELAY_MS?SYSTEMTIMER
  +--> ?PR?PASSWORDCHANGEUISHOW?CONTROL
  +--> ?PR?_LCDSHOW?MENU

?PR?KEYCONTROL_CANCEL?MENU               -----    -----
  +--> ?PR?MENU
  +--> ?PR?_PASSWORDDELETE?CONTROL
  +--> ?PR?REFRESHMENUDISP?MENU
  +--> ?PR?_LCDSHOW?MENU

?PR?KEYCONTROL_MENU?MENU                 -----    -----
  +--> ?PR?MENU
  +--> ?PR?_INPUTOFFECT?CONTROL

?PR?KEYBAUD_UP?MENU                      -----    -----
  +--> ?PR?MENU
  +--> ?PR?_LOOPINDEX?PFUNC
  +--> ?PR?_GUI_STRING?LCD

?PR?KEYBAUD_DOWN?MENU                    -----    -----
  +--> ?PR?MENU
  +--> ?PR?_LOOPINDEX?PFUNC
  +--> ?PR?_GUI_STRING?LCD

?PR?KEYBAUD_ENTER?MENU                   -----    -----
  +--> ?PR?MENU
  +--> ?PR?CONTROLSAVE?CONTROL
  +--> ?PR?CLEAR_SCREEN?LCD
  +--> ?CO?MENU
  +--> ?PR?_GUI_STRING?LCD
  +--> ?PR?_DELAY_MS?SYSTEMTIMER
  +--> ?PR?KEYBAUD_CANCEL?MENU

?PR?KEYBAUD_CANCEL?MENU                  -----    -----
  +--> ?PR?REFRESHBAUDDISP?MENU
  +--> ?PR?_LCDSHOW?MENU



SYMBOL TABLE OF MODULE:  .\Objects\WIRELESS_PLC (MAIN)

  VALUE           TYPE          NAME
  ----------------------------------

  -------         MODULE        MAIN
  C:0000H         SYMBOL        _ICE_DUMMY_
  D:0080H         PUBLIC        P0
  D:0090H         PUBLIC        P1
  D:00A0H         PUBLIC        P2
  D:00B0H         PUBLIC        P3
  D:00C0H         PUBLIC        P4
  D:00C8H         PUBLIC        P5
  B:00A8H.7       PUBLIC        EA
  D:00E8H         PUBLIC        P6
  D:00F8H         PUBLIC        P7
BL51 BANKED LINKER/LOCATER V6.22.2.0                                                  10/28/2021  15:29:45  PAGE 14


  D:00BAH         PUBLIC        P_SW2
  D:00A8H         PUBLIC        IE
  C:3791H         PUBLIC        Init_All
  X:0F5DH         PUBLIC        System_Parameter
  D:00B8H         PUBLIC        IP
  D:00D8H         PUBLIC        CCON
  C:4852H         PUBLIC        main
  D:0098H         PUBLIC        SCON
  D:0088H         PUBLIC        TCON
  B:00A0H.7       PUBLIC        P27
  C:3D9BH         SYMBOL        systemInit
  C:3896H         SYMBOL        Iap_Flash_Iinit
  C:42EFH         PUBLIC        CheckIap_Flash
  D:00D0H         PUBLIC        PSW
  C:428CH         SYMBOL        Com0010
  C:428CH         SYMBOL        L?0017
  C:42A0H         SYMBOL        L?0018
  C:42A1H         SYMBOL        L?0019
  C:42A9H         SYMBOL        L?0020
  C:42ABH         SYMBOL        L?0021
  C:42B4H         SYMBOL        L?0023
  -------         PROC          COM0010
  -------         ENDPROC       COM0010
  -------         PROC          MAIN
  C:4852H         LINE#         23
  C:4852H         LINE#         24
  C:4852H         LINE#         25
  C:4855H         LINE#         27
  C:4855H         LINE#         28
  C:4855H         LINE#         29
  C:4858H         LINE#         31
  C:485BH         LINE#         34
  -------         ENDPROC       MAIN
  -------         PROC          SYSTEMINIT
  C:3D9BH         LINE#         37
  C:3D9BH         LINE#         38
  C:3D9BH         LINE#         39
  C:3D9EH         LINE#         43
  C:3DA2H         LINE#         46
  C:3DACH         LINE#         49
  C:3DB0H         LINE#         52
  C:3DBAH         LINE#         56
  C:3DBDH         LINE#         58
  C:3DC0H         LINE#         60
  C:3DC3H         LINE#         61
  C:3DCAH         LINE#         65
  C:3DCDH         LINE#         67
  C:3DD0H         LINE#         69
  C:3DD3H         LINE#         71
  C:3DD6H         LINE#         73
  C:3DD8H         LINE#         75
  C:3DDBH         LINE#         77
  C:3DDDH         LINE#         81
  C:3DE0H         LINE#         82
  C:3DE6H         LINE#         83
  C:3DE6H         LINE#         85
  C:3DE9H         LINE#         86
BL51 BANKED LINKER/LOCATER V6.22.2.0                                                  10/28/2021  15:29:45  PAGE 15


  C:3DEFH         LINE#         88
  C:3DF2H         LINE#         89
  C:3DF2H         LINE#         92
  -------         ENDPROC       SYSTEMINIT
  C:37FBH         SYMBOL        L?0022
  C:3809H         SYMBOL        L?0024
  -------         PROC          INIT_ALL
  -------         DO            
  X:0EF6H         SYMBOL        GPIO_InitStruct
  -------         ENDDO         
  C:3791H         LINE#         95
  C:3791H         LINE#         96
  C:3791H         LINE#         101
  C:3794H         LINE#         102
  C:379AH         LINE#         104
  C:37A1H         LINE#         106
  C:37A7H         LINE#         108
  C:37ABH         LINE#         109
  C:37AEH         LINE#         117
  C:37B2H         LINE#         118
  C:37B4H         LINE#         119
  C:37BCH         LINE#         121
  C:37C2H         LINE#         122
  C:37C4H         LINE#         123
  C:37C9H         LINE#         127
  C:37C9H         LINE#         128
  C:37C9H         LINE#         129
  C:37CDH         LINE#         131
  C:37D0H         LINE#         132
  C:37D3H         LINE#         133
  C:37DBH         LINE#         137
  C:37E1H         LINE#         138
  C:37E4H         LINE#         139
  C:37E9H         LINE#         143
  C:37E9H         LINE#         144
  C:37E9H         LINE#         145
  C:37EEH         LINE#         148
  C:37F1H         LINE#         149
  C:37F3H         LINE#         150
  C:37FBH         LINE#         152
  -------         ENDPROC       INIT_ALL
  -------         PROC          CHECKIAP_FLASH
  -------         DO            
  D:0006H         SYMBOL        CRC
  -------         ENDDO         
  C:42EFH         LINE#         157
  C:42EFH         LINE#         158
  C:42EFH         LINE#         159
  C:42F2H         LINE#         162
  C:42FCH         LINE#         164
  C:430FH         LINE#         166
  C:431BH         LINE#         167
  C:431BH         LINE#         168
  C:431DH         LINE#         169
  C:431DH         LINE#         170
  C:431EH         LINE#         171
  -------         ENDPROC       CHECKIAP_FLASH
BL51 BANKED LINKER/LOCATER V6.22.2.0                                                  10/28/2021  15:29:45  PAGE 16


  -------         PROC          IAP_FLASH_IINIT
  C:3896H         LINE#         174
  C:3896H         LINE#         175
  C:3896H         LINE#         176
  C:389DH         LINE#         177
  C:389DH         LINE#         178
  C:38A9H         LINE#         179
  C:38ADH         LINE#         180
  C:38AFH         LINE#         182
  C:38AFH         LINE#         183
  C:38BBH         LINE#         184
  C:38C2H         LINE#         185
  C:38CEH         LINE#         188
  C:38D4H         LINE#         190
  C:38E7H         LINE#         192
  C:38F3H         LINE#         194
  C:38FAH         LINE#         195
  C:38FDH         LINE#         196
  C:3909H         LINE#         197
  C:3910H         LINE#         198
  C:3910H         LINE#         199
  -------         ENDPROC       IAP_FLASH_IINIT
  -------         ENDMOD        MAIN

  -------         MODULE        CONTROL
  C:0000H         SYMBOL        _ICE_DUMMY_
  D:0080H         PUBLIC        P0
  D:0090H         PUBLIC        P1
  X:0E89H         PUBLIC        PassWordI
  D:00A0H         PUBLIC        P2
  D:00B0H         PUBLIC        P3
  D:00C0H         PUBLIC        P4
  D:00C8H         PUBLIC        P5
  C:40C1H         PUBLIC        CommunicaUIshow
  B:00A8H.7       PUBLIC        EA
  D:00E8H         PUBLIC        P6
  D:00F8H         PUBLIC        P7
  D:00A8H         PUBLIC        IE
  C:44DEH         PUBLIC        PassWordInputUIShow
  C:4689H         PUBLIC        _PassWordDelete
  C:43D8H         PUBLIC        BaudInit
  C:3FEFH         PUBLIC        PlcPowerUIshow
  D:00B8H         PUBLIC        IP
  C:4507H         PUBLIC        ReloadSettingUIshow
  D:00D8H         PUBLIC        CCON
  C:485DH         PUBLIC        PowerInit
  X:0E99H         PUBLIC        PassWordChange1
  D:0098H         PUBLIC        SCON
  X:0EA9H         PUBLIC        PassWordChange2
  D:0088H         PUBLIC        TCON
  B:0080H.7       PUBLIC        P07
  C:0003H         PUBLIC        CommunicaInit
  X:0EB9H         PUBLIC        Baudlist
  X:0EF5H         PUBLIC        G_BaudList_Size
  C:35F6H         PUBLIC        PassWordChangeUIShow
  C:4530H         PUBLIC        PassWordjudge
  C:3A72H         PUBLIC        _PassWordInput
BL51 BANKED LINKER/LOCATER V6.22.2.0                                                  10/28/2021  15:29:45  PAGE 17


  D:008DH         PUBLIC        TH1
  D:00D6H         PUBLIC        T2H
  D:00D4H         PUBLIC        T3H
  D:00D2H         PUBLIC        T4H
  D:008BH         PUBLIC        TL1
  D:00D7H         PUBLIC        T2L
  D:00D5H         PUBLIC        T3L
  D:00D3H         PUBLIC        T4L
  C:47D5H         PUBLIC        ScreensaverUiShow
  C:47BDH         PUBLIC        _InputOffect
  C:4257H         PUBLIC        BaudSettingUI1show
  C:434EH         PUBLIC        BaudSettingUI2show
  C:41B3H         PUBLIC        ControlSave
  C:437CH         PUBLIC        BaudSettingUI3show
  C:43AAH         PUBLIC        BaudSettingUI4show
  D:00D0H         PUBLIC        PSW
  C:481DH         PUBLIC        ControlInit
  C:2F1AH         SYMBOL        Com0023
  C:2F1AH         SYMBOL        L?0036
  C:2F1AH         SYMBOL        L?0037
  C:2F3BH         SYMBOL        L?0038
  C:2F3BH         SYMBOL        L?0039
  C:2F3DH         SYMBOL        L?0040
  C:2F40H         SYMBOL        L?0041
  C:2F47H         SYMBOL        L?0042
  C:2F47H         SYMBOL        L?0043
  C:2F5AH         SYMBOL        L?0044
  C:2F62H         SYMBOL        L?0045
  C:2F6AH         SYMBOL        L?0046
  C:2F6AH         SYMBOL        L?0047
  C:2F6FH         SYMBOL        L?0048
  C:2F76H         SYMBOL        L?0049
  C:2F7EH         SYMBOL        L?0050
  C:2F86H         SYMBOL        L?0051
  C:2F86H         SYMBOL        L?0052
  C:2F94H         SYMBOL        L?0053
  C:2F9EH         SYMBOL        L?0054
  C:2FA5H         SYMBOL        L?0055
  C:2FADH         SYMBOL        L?0056
  C:2FB0H         SYMBOL        L?0057
  C:2FB7H         SYMBOL        L?0058
  C:2FB9H         SYMBOL        L?0059
  C:2FC0H         SYMBOL        L?0060
  -------         PROC          COM0023
  -------         ENDPROC       COM0023
  -------         PROC          CONTROLINIT
  C:481DH         LINE#         35
  C:481DH         LINE#         36
  C:481DH         LINE#         38
  C:4822H         LINE#         39
  C:4825H         LINE#         40
  C:4828H         LINE#         41
  -------         ENDPROC       CONTROLINIT
  -------         PROC          COMMUNICAINIT
  C:0003H         LINE#         44
  C:0003H         LINE#         45
  C:0003H         LINE#         48
BL51 BANKED LINKER/LOCATER V6.22.2.0                                                  10/28/2021  15:29:45  PAGE 18


  -------         ENDPROC       COMMUNICAINIT
  -------         PROC          POWERINIT
  C:485DH         LINE#         51
  C:485DH         LINE#         52
  C:485DH         LINE#         53
  C:4865H         LINE#         54
  -------         ENDPROC       POWERINIT
  -------         PROC          BAUDINIT
  C:43D8H         LINE#         56
  C:43D8H         LINE#         57
  C:43D8H         LINE#         59
  C:43E3H         LINE#         60
  C:43EEH         LINE#         61
  C:43F9H         LINE#         62
  C:4404H         LINE#         63
  -------         ENDPROC       BAUDINIT
  -------         PROC          _PASSWORDINPUT
  D:0007H         SYMBOL        operation
  X:0EF9H         SYMBOL        Password
  C:3A72H         LINE#         72
  C:3A7DH         LINE#         73
  C:3A7DH         LINE#         75
  C:3A9BH         LINE#         76
  C:3A9BH         LINE#         77
  C:3A9EH         LINE#         78
  C:3A9EH         LINE#         79
  C:3AA3H         LINE#         80
  C:3AA3H         LINE#         81
  C:3AA4H         LINE#         82
  C:3AA4H         LINE#         83
  C:3AA6H         LINE#         85
  C:3AA6H         LINE#         86
  C:3AABH         LINE#         87
  C:3AABH         LINE#         88
  C:3AB0H         LINE#         89
  C:3AB0H         LINE#         90
  C:3AB5H         LINE#         91
  C:3AC1H         LINE#         92
  C:3AC1H         LINE#         93
  C:3ADDH         LINE#         94
  -------         ENDPROC       _PASSWORDINPUT
  -------         PROC          PASSWORDJUDGE
  X:0EF9H         SYMBOL        PasswordA
  X:0F09H         SYMBOL        PasswordB
  C:4530H         LINE#         104
  C:4530H         LINE#         105
  C:4530H         LINE#         107
  C:4551H         LINE#         108
  C:4554H         LINE#         110
  C:4556H         LINE#         111
  -------         ENDPROC       PASSWORDJUDGE
  -------         PROC          _PASSWORDDELETE
  X:0EF9H         SYMBOL        Password
  C:4689H         LINE#         113
  C:4694H         LINE#         114
  C:4694H         LINE#         115
  C:46A0H         LINE#         116
BL51 BANKED LINKER/LOCATER V6.22.2.0                                                  10/28/2021  15:29:45  PAGE 19


  -------         ENDPROC       _PASSWORDDELETE
  -------         PROC          _INPUTOFFECT
  D:0001H         SYMBOL        Password
  C:47BDH         LINE#         119
  C:47BDH         LINE#         120
  C:47BDH         LINE#         121
  C:47C2H         LINE#         122
  C:47CAH         LINE#         123
  C:47CAH         LINE#         124
  C:47CFH         LINE#         125
  C:47CFH         LINE#         127
  -------         ENDPROC       _INPUTOFFECT
  -------         PROC          SCREENSAVERUISHOW
  C:47D5H         LINE#         136
  C:47D5H         LINE#         137
  C:47D5H         LINE#         138
  C:47D8H         LINE#         140
  -------         ENDPROC       SCREENSAVERUISHOW
  -------         PROC          PASSWORDINPUTUISHOW
  C:44DEH         LINE#         143
  C:44DEH         LINE#         144
  C:44DEH         LINE#         145
  C:44E1H         LINE#         146
  C:44F9H         LINE#         147
  -------         ENDPROC       PASSWORDINPUTUISHOW
  -------         PROC          PASSWORDCHANGEUISHOW
  -------         DO            
  X:0EF9H         SYMBOL        i
  X:0EFAH         SYMBOL        temp
  -------         ENDDO         
  C:35F6H         LINE#         150
  C:35F6H         LINE#         151
  C:35F6H         LINE#         157
  C:35F9H         LINE#         159
  C:35FFH         LINE#         160
  C:35FFH         LINE#         162
  C:3612H         LINE#         163
  C:3612H         LINE#         164
  C:3645H         LINE#         165
  C:364DH         LINE#         166
  C:3665H         LINE#         167
  C:3665H         LINE#         169
  C:3673H         LINE#         170
  -------         ENDPROC       PASSWORDCHANGEUISHOW
  -------         PROC          PLCPOWERUISHOW
  C:3FEFH         LINE#         173
  C:3FEFH         LINE#         174
  C:3FEFH         LINE#         175
  C:3FF2H         LINE#         177
  C:4000H         LINE#         178
  C:400EH         LINE#         180
  C:4017H         LINE#         181
  C:4017H         LINE#         182
  C:4022H         LINE#         183
  C:4024H         LINE#         185
  C:4024H         LINE#         186
  C:4039H         LINE#         187
BL51 BANKED LINKER/LOCATER V6.22.2.0                                                  10/28/2021  15:29:45  PAGE 20


  C:4039H         LINE#         188
  -------         ENDPROC       PLCPOWERUISHOW
  -------         PROC          COMMUNICAUISHOW
  C:40C1H         LINE#         190
  C:40C1H         LINE#         191
  C:40C1H         LINE#         192
  C:40C4H         LINE#         193
  C:40E5H         LINE#         195
  C:40F3H         LINE#         196
  -------         ENDPROC       COMMUNICAUISHOW
  -------         PROC          BAUDSETTINGUI1SHOW
  C:4257H         LINE#         211
  C:4257H         LINE#         212
  C:4257H         LINE#         213
  C:425AH         LINE#         214
  C:4268H         LINE#         215
  C:4271H         LINE#         216
  C:427CH         LINE#         217
  -------         ENDPROC       BAUDSETTINGUI1SHOW
  -------         PROC          BAUDSETTINGUI2SHOW
  C:434EH         LINE#         220
  C:434EH         LINE#         221
  C:434EH         LINE#         222
  C:4351H         LINE#         223
  C:435FH         LINE#         224
  C:4368H         LINE#         225
  C:4373H         LINE#         226
  -------         ENDPROC       BAUDSETTINGUI2SHOW
  -------         PROC          BAUDSETTINGUI3SHOW
  C:437CH         LINE#         229
  C:437CH         LINE#         230
  C:437CH         LINE#         231
  C:437FH         LINE#         232
  C:438DH         LINE#         233
  C:4396H         LINE#         234
  C:43A1H         LINE#         235
  -------         ENDPROC       BAUDSETTINGUI3SHOW
  -------         PROC          BAUDSETTINGUI4SHOW
  C:43AAH         LINE#         238
  C:43AAH         LINE#         239
  C:43AAH         LINE#         240
  C:43ADH         LINE#         241
  C:43BBH         LINE#         242
  C:43C4H         LINE#         243
  C:43CFH         LINE#         244
  -------         ENDPROC       BAUDSETTINGUI4SHOW
  -------         PROC          RELOADSETTINGUISHOW
  C:4507H         LINE#         247
  C:4507H         LINE#         248
  C:4507H         LINE#         249
  C:450AH         LINE#         250
  C:4518H         LINE#         251
  C:4524H         LINE#         252
  -------         ENDPROC       RELOADSETTINGUISHOW
  -------         PROC          CONTROLSAVE
  C:41B3H         LINE#         261
  C:41B3H         LINE#         262
BL51 BANKED LINKER/LOCATER V6.22.2.0                                                  10/28/2021  15:29:45  PAGE 21


  C:41B3H         LINE#         264
  C:41CEH         LINE#         266
  C:41D0H         LINE#         268
  C:41D6H         LINE#         269
  C:41E8H         LINE#         270
  C:41EAH         LINE#         271
  -------         ENDPROC       CONTROLSAVE
  -------         ENDMOD        CONTROL

  -------         MODULE        REPORT
  C:0000H         SYMBOL        _ICE_DUMMY_
  X:0000H         PUBLIC        ComData_Array
  D:0080H         PUBLIC        P0
  D:0090H         PUBLIC        P1
  D:00A0H         PUBLIC        P2
  D:00B0H         PUBLIC        P3
  D:00C0H         PUBLIC        P4
  D:00C8H         PUBLIC        P5
  D:00E8H         PUBLIC        P6
  D:00F8H         PUBLIC        P7
  C:3078H         PUBLIC        Plc_To_Rs485
  D:00A8H         PUBLIC        IE
  D:00B8H         PUBLIC        IP
  D:00D8H         PUBLIC        CCON
  X:000AH         PUBLIC        Uart_LinkList
  D:0098H         PUBLIC        SCON
  D:0088H         PUBLIC        TCON
  C:311EH         PUBLIC        Wifi_To_Plc
  B:00A0H.7       PUBLIC        P27
  C:33A8H         PUBLIC        _getCrc16
  C:482BH         PUBLIC        Uart_Handle
  C:3ADEH         PUBLIC        _Uart_DataForward
  D:00D0H         PUBLIC        PSW
  C:2C01H         SYMBOL        Com0019
  C:2C01H         SYMBOL        L?0026
  C:2C1EH         SYMBOL        L?0027
  C:2C2DH         SYMBOL        L?0028
  C:2C30H         SYMBOL        L?0029
  C:2C41H         SYMBOL        L?0030
  C:2C46H         SYMBOL        L?0031
  C:2C55H         SYMBOL        L?0032
  C:2C57H         SYMBOL        L?0033
  C:2C61H         SYMBOL        L?0034
  C:2C69H         SYMBOL        L?0035
  C:2C71H         SYMBOL        L?0036
  C:2C84H         SYMBOL        L?0037
  C:2C86H         SYMBOL        L?0038
  C:2C88H         SYMBOL        L?0039
  C:2C8FH         SYMBOL        L?0040
  C:2CA0H         SYMBOL        L?0041
  C:2CA3H         SYMBOL        L?0042
  C:2CAAH         SYMBOL        L?0043
  C:2CB5H         SYMBOL        L?0044
  C:2CC0H         SYMBOL        L?0045
  C:2CCBH         SYMBOL        L?0046
  -------         PROC          COM0019
  -------         ENDPROC       COM0019
BL51 BANKED LINKER/LOCATER V6.22.2.0                                                  10/28/2021  15:29:45  PAGE 22


  -------         PROC          _UART_DATAFORWARD
  X:0EF6H         SYMBOL        Src
  X:0EF7H         SYMBOL        Dest
  -------         DO            
  X:0EF8H         SYMBOL        i
  -------         ENDDO         
  C:3ADEH         LINE#         48
  C:3AE6H         LINE#         49
  C:3AE6H         LINE#         50
  C:3AE9H         LINE#         52
  C:3AF8H         LINE#         53
  C:3AF8H         LINE#         54
  C:3B2AH         LINE#         55
  C:3B2AH         LINE#         56
  C:3B41H         LINE#         57
  C:3B41H         LINE#         58
  C:3B49H         LINE#         59
  -------         ENDPROC       _UART_DATAFORWARD
  -------         PROC          UART_HANDLE
  C:482BH         LINE#         67
  C:482BH         LINE#         68
  C:482BH         LINE#         72
  C:4832H         LINE#         76
  -------         ENDPROC       UART_HANDLE
  -------         PROC          PLC_TO_RS485
  C:3078H         LINE#         85
  C:3078H         LINE#         86
  C:3078H         LINE#         92
  C:3081H         LINE#         93
  C:3081H         LINE#         95
  C:3086H         LINE#         96
  C:3086H         LINE#         97
  C:308FH         LINE#         99
  C:3091H         LINE#         101
  C:30A1H         LINE#         103
  C:30A9H         LINE#         105
  C:30BAH         LINE#         107
  C:30BCH         LINE#         109
  C:30BFH         LINE#         110
  C:30BFH         LINE#         113
  C:30CDH         LINE#         114
  C:30CDH         LINE#         116
  C:30D5H         LINE#         118
  C:30F5H         LINE#         120
  C:3100H         LINE#         122
  C:3117H         LINE#         124
  C:311DH         LINE#         125
  C:311DH         LINE#         126
  C:311DH         LINE#         127
  -------         ENDPROC       PLC_TO_RS485
  -------         PROC          WIFI_TO_PLC
  C:311EH         LINE#         135
  C:311EH         LINE#         136
  C:311EH         LINE#         138
  C:312FH         LINE#         139
  C:312FH         LINE#         140
  C:313AH         LINE#         142
BL51 BANKED LINKER/LOCATER V6.22.2.0                                                  10/28/2021  15:29:45  PAGE 23


  C:315AH         LINE#         144
  C:3168H         LINE#         146
  C:317FH         LINE#         148
  C:3185H         LINE#         151
  C:318BH         LINE#         152
  C:318BH         LINE#         154
  C:3190H         LINE#         155
  C:3190H         LINE#         157
  C:3199H         LINE#         159
  C:31A6H         LINE#         161
  C:31AEH         LINE#         163
  C:31BFH         LINE#         165
  C:31C2H         LINE#         166
  C:31C2H         LINE#         167
  C:31C2H         LINE#         168
  C:31C2H         LINE#         169
  -------         ENDPROC       WIFI_TO_PLC
  -------         PROC          _GETCRC16
  X:0EF9H         SYMBOL        ptr
  X:0EFCH         SYMBOL        length
  X:0EFDH         SYMBOL        init_dat
  -------         DO            
  X:0EFFH         SYMBOL        i
  D:0004H         SYMBOL        j
  X:0F00H         SYMBOL        crc16
  -------         ENDDO         
  C:33A8H         LINE#         180
  C:33B2H         LINE#         181
  C:33B2H         LINE#         182
  C:33B7H         LINE#         183
  C:33B7H         LINE#         184
  C:33C6H         LINE#         186
  C:33D8H         LINE#         187
  C:33D8H         LINE#         188
  C:33F5H         LINE#         190
  C:33F8H         LINE#         191
  C:33F8H         LINE#         192
  C:3403H         LINE#         193
  C:3403H         LINE#         194
  C:341AH         LINE#         195
  C:341CH         LINE#         197
  C:341CH         LINE#         198
  C:3427H         LINE#         199
  C:3427H         LINE#         200
  C:3432H         LINE#         201
  C:343AH         LINE#         202
  C:3442H         LINE#         203
  -------         ENDPROC       _GETCRC16
  -------         ENDMOD        REPORT

  -------         MODULE        MENU
  C:0000H         SYMBOL        _ICE_DUMMY_
  C:403AH         PUBLIC        RefreshMenuDisp
  D:0080H         PUBLIC        P0
  D:0090H         PUBLIC        P1
  D:00A0H         PUBLIC        P2
  D:00B0H         PUBLIC        P3
BL51 BANKED LINKER/LOCATER V6.22.2.0                                                  10/28/2021  15:29:45  PAGE 24


  D:00C0H         PUBLIC        P4
  D:00C8H         PUBLIC        P5
  B:00A8H.7       PUBLIC        EA
  D:00E8H         PUBLIC        P6
  D:00F8H         PUBLIC        P7
  C:4789H         PUBLIC        KeyControl_Menu
  C:3C1DH         PUBLIC        KeyBaud_Enter
  C:2B27H         PUBLIC        KeyControl_Down
  D:00A8H         PUBLIC        IE
  C:3911H         PUBLIC        KeyMain_Enter
  D:00B8H         PUBLIC        IP
  C:0089H         PUBLIC        KeyBaud_Menu
  C:3E4BH         PUBLIC        KeyBaud_Down
  C:46F0H         PUBLIC        KeyMenu_Enter
  D:00D8H         PUBLIC        CCON
  X:0DD2H         PUBLIC        Ui_Status
  C:45CCH         PUBLIC        KeyMain_Menu
  C:4101H         PUBLIC        KeyMain_Down
  C:3BB4H         PUBLIC        Check_PasswordBits
  C:398CH         PUBLIC        KeyEvent
  D:0098H         PUBLIC        SCON
  D:0088H         PUBLIC        TCON
  C:2E5CH         PUBLIC        KeyControl_Up
  B:0080H.7       PUBLIC        P07
  C:008EH         PUBLIC        _LcdShow
  C:0042H         PUBLIC        KeyMenu_Menu
  C:4557H         PUBLIC        KeyControl_Cancel
  X:0DD4H         PUBLIC        Optionlist
  C:3EF8H         PUBLIC        KeyMenu_Down
  C:42BEH         PUBLIC        _LcdDly
  C:486FH         PUBLIC        Baud_Setting
  C:2B1BH         SYMBOL        _?ix1000
  C:2B1DH         SYMBOL        _?ix1001
  C:2B1FH         SYMBOL        _?ix1002
  C:2B21H         SYMBOL        _?ix1003
  C:2B23H         SYMBOL        _?ix1004
  C:2B25H         SYMBOL        _?ix1005
  D:008DH         PUBLIC        TH1
  D:00D6H         PUBLIC        T2H
  C:3DF3H         PUBLIC        KeyBaud_Up
  C:4866H         PUBLIC        LcdShowInit
  D:00D4H         PUBLIC        T3H
  X:0DF7H         PUBLIC        M_Show
  D:00D2H         PUBLIC        T4H
  D:008BH         PUBLIC        TL1
  D:00D7H         PUBLIC        T2L
  C:47ECH         PUBLIC        KeyBaud_Cancel
  D:00D5H         PUBLIC        T3L
  D:00D3H         PUBLIC        T4L
  X:0E09H         PUBLIC        keyStateEvent
  C:4179H         PUBLIC        KeyMain_Up
  C:476EH         PUBLIC        KeyMain_Cancel
  C:4080H         PUBLIC        RefreshBaudDisp
  C:3EA3H         PUBLIC        KeyMenu_Up
  C:47FDH         PUBLIC        KeyMenu_Cancel
  X:0E6DH         PUBLIC        Optionlist1
  C:1F7BH         PUBLIC        KeyControl_Enter
BL51 BANKED LINKER/LOCATER V6.22.2.0                                                  10/28/2021  15:29:45  PAGE 25


  D:00D0H         PUBLIC        PSW
  C:1D9EH         SYMBOL        Com00AD
  C:1D9EH         SYMBOL        L?0174
  C:1DB4H         SYMBOL        L?0175
  C:1DBAH         SYMBOL        L?0176
  C:1DC4H         SYMBOL        L?0178
  C:1DC7H         SYMBOL        L?0179
  C:1DCEH         SYMBOL        L?0180
  C:1DCFH         SYMBOL        L?0181
  C:1DD6H         SYMBOL        L?0182
  C:1DE4H         SYMBOL        L?0183
  C:1DE6H         SYMBOL        L?0184
  C:1DE8H         SYMBOL        L?0185
  C:1DEFH         SYMBOL        L?0186
  C:1DF7H         SYMBOL        L?0187
  C:1DFEH         SYMBOL        L?0188
  C:1DFEH         SYMBOL        L?0189
  C:1E12H         SYMBOL        L?0190
  C:1E15H         SYMBOL        L?0191
  C:1E1FH         SYMBOL        L?0192
  C:1E2FH         SYMBOL        L?0193
  C:1E32H         SYMBOL        L?0194
  C:1E3CH         SYMBOL        L?0195
  C:1E44H         SYMBOL        L?0196
  C:1E4BH         SYMBOL        L?0197
  C:1E57H         SYMBOL        L?0198
  C:1E60H         SYMBOL        L?0199
  C:1E6CH         SYMBOL        L?0200
  C:1E75H         SYMBOL        L?0201
  C:1E94H         SYMBOL        L?0203
  C:1E94H         SYMBOL        L?0204
  C:1E9BH         SYMBOL        L?0205
  C:1EA5H         SYMBOL        L?0206
  C:1EABH         SYMBOL        L?0207
  C:1EBBH         SYMBOL        L?0208
  C:1ECBH         SYMBOL        L?0209
  C:1ECEH         SYMBOL        L?0210
  C:1ED5H         SYMBOL        L?0211
  C:1EE5H         SYMBOL        L?0212
  C:1EE8H         SYMBOL        L?0213
  C:1EF0H         SYMBOL        L?0214
  C:1EF0H         SYMBOL        L?0215
  C:1EF7H         SYMBOL        L?0216
  C:1F04H         SYMBOL        L?0217
  C:1F04H         SYMBOL        L?0218
  C:1F0BH         SYMBOL        L?0219
  C:1F16H         SYMBOL        L?0220
  C:1F16H         SYMBOL        L?0221
  C:1F1EH         SYMBOL        L?0222
  C:1F29H         SYMBOL        L?0223
  C:1F34H         SYMBOL        L?0227
  C:1F3EH         SYMBOL        L?0228
  C:1F48H         SYMBOL        L?0229
  C:1F48H         SYMBOL        L?0230
  C:1F4FH         SYMBOL        L?0231
  C:1F4FH         SYMBOL        L?0232
  C:1F56H         SYMBOL        L?0233
BL51 BANKED LINKER/LOCATER V6.22.2.0                                                  10/28/2021  15:29:45  PAGE 26


  C:1F60H         SYMBOL        L?0234
  C:1F6AH         SYMBOL        L?0235
  C:1F74H         SYMBOL        L?0236
  C:1F74H         SYMBOL        L?0237
  -------         PROC          COM00AD
  -------         ENDPROC       COM00AD
  -------         PROC          KEYEVENT
  -------         DO            
  X:0EF6H         SYMBOL        i
  X:0EF7H         SYMBOL        KeyState
  -------         ENDDO         
  C:398CH         LINE#         67
  C:398CH         LINE#         68
  C:398CH         LINE#         70
  C:3994H         LINE#         72
  C:3997H         LINE#         74
  C:399FH         LINE#         75
  C:399FH         LINE#         77
  C:399FH         LINE#         79
  C:39B2H         LINE#         80
  C:39B2H         LINE#         81
  C:39C9H         LINE#         82
  C:39C9H         LINE#         83
  C:39E4H         LINE#         84
  C:39E4H         LINE#         85
  C:39F8H         LINE#         86
  C:39F8H         LINE#         87
  C:39F8H         LINE#         88
  C:39F8H         LINE#         89
  C:3A00H         LINE#         90
  -------         ENDPROC       KEYEVENT
  -------         PROC          LCDSHOWINIT
  C:4866H         LINE#         92
  C:4866H         LINE#         93
  C:4866H         LINE#         94
  -------         ENDPROC       LCDSHOWINIT
  -------         PROC          _LCDSHOW
  D:0001H         SYMBOL        InterfaceShow
  C:008EH         LINE#         98
  C:008EH         LINE#         99
  C:008EH         LINE#         100
  -------         ENDPROC       _LCDSHOW
  -------         PROC          KEYMAIN_ENTER
  C:3911H         LINE#         109
  C:3911H         LINE#         110
  C:3911H         LINE#         114
  C:3916H         LINE#         115
  C:3916H         LINE#         117
  C:3953H         LINE#         118
  C:3953H         LINE#         119
  C:395CH         LINE#         120
  C:3961H         LINE#         122
  C:3962H         LINE#         124
  C:3962H         LINE#         125
  C:3968H         LINE#         126
  C:396BH         LINE#         127
  C:397BH         LINE#         128
BL51 BANKED LINKER/LOCATER V6.22.2.0                                                  10/28/2021  15:29:45  PAGE 27


  C:3982H         LINE#         131
  C:398BH         LINE#         132
  C:398BH         LINE#         133
  C:398BH         LINE#         140
  -------         ENDPROC       KEYMAIN_ENTER
  -------         PROC          KEYMAIN_UP
  -------         DO            
  X:0EF6H         SYMBOL        Value
  X:0EF7H         SYMBOL        temp
  -------         ENDDO         
  C:4179H         LINE#         142
  C:4179H         LINE#         143
  C:4179H         LINE#         144
  C:417EH         LINE#         145
  C:417EH         LINE#         146
  C:418BH         LINE#         147
  C:419AH         LINE#         148
  C:41B2H         LINE#         149
  C:41B2H         LINE#         154
  -------         ENDPROC       KEYMAIN_UP
  -------         PROC          KEYMAIN_MENU
  C:45CCH         LINE#         156
  C:45CCH         LINE#         157
  C:45CCH         LINE#         158
  C:45D8H         LINE#         159
  C:45D8H         LINE#         160
  C:45D8H         LINE#         161
  C:45D8H         LINE#         163
  C:45DEH         LINE#         164
  C:45E7H         LINE#         166
  C:45EAH         LINE#         167
  C:45EAH         LINE#         168
  C:45EBH         LINE#         169
  C:45EBH         LINE#         170
  C:45EBH         LINE#         171
  C:45F1H         LINE#         172
  C:45F1H         LINE#         173
  C:45F1H         LINE#         174
  C:45F1H         LINE#         175
  C:45F1H         LINE#         176
  C:45F1H         LINE#         181
  -------         ENDPROC       KEYMAIN_MENU
  -------         PROC          KEYMAIN_CANCEL
  C:476EH         LINE#         183
  C:476EH         LINE#         184
  C:476EH         LINE#         186
  C:4773H         LINE#         187
  C:4773H         LINE#         188
  C:477CH         LINE#         189
  C:4782H         LINE#         190
  C:4788H         LINE#         191
  C:4788H         LINE#         196
  -------         ENDPROC       KEYMAIN_CANCEL
  -------         PROC          KEYMAIN_DOWN
  -------         DO            
  X:0EF6H         SYMBOL        Value
  X:0EF7H         SYMBOL        temp
BL51 BANKED LINKER/LOCATER V6.22.2.0                                                  10/28/2021  15:29:45  PAGE 28


  -------         ENDDO         
  C:4101H         LINE#         198
  C:4101H         LINE#         199
  C:4101H         LINE#         200
  C:4106H         LINE#         201
  C:4106H         LINE#         202
  C:4113H         LINE#         203
  C:4122H         LINE#         204
  C:413DH         LINE#         205
  C:413DH         LINE#         210
  -------         ENDPROC       KEYMAIN_DOWN
  -------         PROC          KEYMENU_ENTER
  C:46F0H         LINE#         212
  C:46F0H         LINE#         213
  C:46F0H         LINE#         214
  C:46FEH         LINE#         215
  C:46FEH         LINE#         217
  C:46FEH         LINE#         219
  C:4704H         LINE#         220
  C:470AH         LINE#         221
  C:4710H         LINE#         225
  -------         ENDPROC       KEYMENU_ENTER
  -------         PROC          KEYMENU_UP
  C:3EA3H         LINE#         228
  C:3EA3H         LINE#         229
  C:3EA3H         LINE#         231
  C:3EADH         LINE#         232
  C:3EAEH         LINE#         234
  C:3EBBH         LINE#         236
  C:3EBFH         LINE#         237
  C:3EBFH         LINE#         238
  C:3EC3H         LINE#         239
  C:3EC3H         LINE#         241
  C:3ECCH         LINE#         242
  C:3ECCH         LINE#         243
  C:3ECCH         LINE#         244
  C:3ECFH         LINE#         245
  C:3ED4H         LINE#         246
  C:3ED6H         LINE#         247
  C:3EDFH         LINE#         248
  C:3EDFH         LINE#         249
  C:3EDFH         LINE#         250
  C:3EDFH         LINE#         251
  C:3EE2H         LINE#         252
  C:3EE4H         LINE#         254
  C:3EE4H         LINE#         255
  C:3EE4H         LINE#         256
  C:3EE4H         LINE#         257
  C:3EEBH         LINE#         258
  C:3EEBH         LINE#         260
  C:3EF4H         LINE#         261
  C:3EF7H         LINE#         265
  -------         ENDPROC       KEYMENU_UP
  -------         PROC          KEYMENU_MENU
  C:0042H         LINE#         268
  C:0042H         LINE#         269
  C:0042H         LINE#         273
BL51 BANKED LINKER/LOCATER V6.22.2.0                                                  10/28/2021  15:29:45  PAGE 29


  -------         ENDPROC       KEYMENU_MENU
  -------         PROC          KEYMENU_CANCEL
  C:47FDH         LINE#         275
  C:47FDH         LINE#         276
  C:47FDH         LINE#         278
  C:47FDH         LINE#         279
  C:47FDH         LINE#         280
  C:4807H         LINE#         281
  -------         ENDPROC       KEYMENU_CANCEL
  -------         PROC          KEYMENU_DOWN
  C:3EF8H         LINE#         288
  C:3EF8H         LINE#         289
  C:3EF8H         LINE#         290
  C:3F04H         LINE#         291
  C:3F07H         LINE#         293
  C:3F14H         LINE#         295
  C:3F16H         LINE#         296
  C:3F16H         LINE#         297
  C:3F18H         LINE#         298
  C:3F18H         LINE#         300
  C:3F21H         LINE#         301
  C:3F21H         LINE#         302
  C:3F21H         LINE#         303
  C:3F24H         LINE#         304
  C:3F29H         LINE#         305
  C:3F2BH         LINE#         306
  C:3F34H         LINE#         307
  C:3F34H         LINE#         308
  C:3F34H         LINE#         309
  C:3F34H         LINE#         310
  C:3F37H         LINE#         311
  C:3F39H         LINE#         313
  C:3F39H         LINE#         314
  C:3F39H         LINE#         315
  C:3F39H         LINE#         316
  C:3F40H         LINE#         317
  C:3F40H         LINE#         319
  C:3F49H         LINE#         320
  C:3F4CH         LINE#         325
  -------         ENDPROC       KEYMENU_DOWN
  C:3C12H         SYMBOL        L?0224
  -------         PROC          CHECK_PASSWORDBITS
  C:3BB4H         LINE#         333
  C:3BB4H         LINE#         334
  C:3BB4H         LINE#         336
  C:3BBAH         LINE#         337
  C:3BBAH         LINE#         338
  C:3BBDH         LINE#         339
  C:3BCCH         LINE#         340
  C:3BCCH         LINE#         341
  C:3BCDH         LINE#         342
  C:3BDEH         LINE#         344
  C:3BE1H         LINE#         345
  C:3BE3H         LINE#         347
  C:3BE3H         LINE#         348
  C:3BE5H         LINE#         349
  C:3BF6H         LINE#         351
BL51 BANKED LINKER/LOCATER V6.22.2.0                                                  10/28/2021  15:29:45  PAGE 30


  C:3BFCH         LINE#         352
  C:3BFCH         LINE#         353
  C:3C03H         LINE#         355
  C:3C0CH         LINE#         357
  C:3C0FH         LINE#         358
  C:3C0FH         LINE#         359
  C:3C11H         LINE#         360
  -------         ENDPROC       CHECK_PASSWORDBITS
  C:2124H         SYMBOL        L?0177
  C:2141H         SYMBOL        L?0202
  -------         PROC          KEYCONTROL_ENTER
  -------         DO            
  X:0EF6H         SYMBOL        i
  X:0EF7H         SYMBOL        temp
  -------         ENDDO         
  C:1F7BH         LINE#         362
  C:1F7BH         LINE#         363
  C:1F7BH         LINE#         364
  C:1F9EH         LINE#         365
  C:1F9EH         LINE#         366
  C:1F9EH         LINE#         367
  C:1F9EH         LINE#         368
  C:1FA7H         LINE#         371
  C:1FADH         LINE#         372
  C:1FADH         LINE#         376
  C:1FBFH         LINE#         377
  C:1FBFH         LINE#         378
  C:1FE1H         LINE#         379
  C:1FE9H         LINE#         381
  C:2004H         LINE#         383
  C:200AH         LINE#         384
  C:200DH         LINE#         386
  C:200DH         LINE#         387
  C:2026H         LINE#         388
  C:2026H         LINE#         389
  C:2031H         LINE#         390
  C:2034H         LINE#         391
  C:203AH         LINE#         392
  C:2040H         LINE#         394
  C:2045H         LINE#         396
  C:2045H         LINE#         397
  C:2045H         LINE#         398
  C:2048H         LINE#         399
  C:204EH         LINE#         400
  C:2050H         LINE#         402
  C:2050H         LINE#         404
  C:2053H         LINE#         405
  C:2057H         LINE#         406
  C:205AH         LINE#         407
  C:2063H         LINE#         408
  C:2063H         LINE#         410
  C:2068H         LINE#         411
  C:2068H         LINE#         413
  C:206DH         LINE#         414
  C:206EH         LINE#         415
  C:206EH         LINE#         417
  C:206EH         LINE#         418
BL51 BANKED LINKER/LOCATER V6.22.2.0                                                  10/28/2021  15:29:45  PAGE 31


  C:206EH         LINE#         419
  C:2075H         LINE#         420
  C:2079H         LINE#         421
  C:207CH         LINE#         422
  C:2082H         LINE#         423
  C:2085H         LINE#         424
  C:2085H         LINE#         426
  C:2085H         LINE#         427
  C:2085H         LINE#         428
  C:208BH         LINE#         429
  C:208BH         LINE#         430
  C:208FH         LINE#         431
  C:2091H         LINE#         433
  C:2091H         LINE#         434
  C:2096H         LINE#         435
  C:2099H         LINE#         436
  C:20A9H         LINE#         437
  C:20B0H         LINE#         440
  C:20B0H         LINE#         441
  C:20B3H         LINE#         443
  C:20B3H         LINE#         444
  C:20B3H         LINE#         445
  C:20B6H         LINE#         448
  C:20B6H         LINE#         449
  C:20BDH         LINE#         450
  C:20C0H         LINE#         451
  C:20C0H         LINE#         453
  C:20C0H         LINE#         454
  C:20C0H         LINE#         455
  C:20CEH         LINE#         456
  C:20CEH         LINE#         458
  C:20CEH         LINE#         460
  C:20D4H         LINE#         462
  C:20DAH         LINE#         464
  C:20DDH         LINE#         467
  C:20DDH         LINE#         468
  C:20DFH         LINE#         470
  C:20DFH         LINE#         471
  C:20DFH         LINE#         472
  C:20E1H         LINE#         473
  C:20E7H         LINE#         475
  C:20F2H         LINE#         477
  C:2104H         LINE#         478
  C:2106H         LINE#         480
  C:2109H         LINE#         481
  C:210CH         LINE#         482
  C:210FH         LINE#         484
  C:2112H         LINE#         485
  C:2116H         LINE#         486
  C:2119H         LINE#         488
  C:2119H         LINE#         489
  C:2123H         LINE#         490
  C:2123H         LINE#         491
  C:2123H         LINE#         493
  C:2123H         LINE#         494
  C:2123H         LINE#         495
  C:2123H         LINE#         500
BL51 BANKED LINKER/LOCATER V6.22.2.0                                                  10/28/2021  15:29:45  PAGE 32


  -------         ENDPROC       KEYCONTROL_ENTER
  -------         PROC          KEYCONTROL_MENU
  C:4789H         LINE#         502
  C:4789H         LINE#         503
  C:4789H         LINE#         504
  C:4791H         LINE#         505
  C:4791H         LINE#         506
  C:4791H         LINE#         507
  C:4791H         LINE#         508
  C:4796H         LINE#         509
  C:4796H         LINE#         511
  C:479AH         LINE#         512
  C:479CH         LINE#         514
  C:479CH         LINE#         516
  C:47A3H         LINE#         517
  C:47A3H         LINE#         519
  C:47A3H         LINE#         520
  C:47A3H         LINE#         522
  C:47A3H         LINE#         523
  C:47A3H         LINE#         524
  C:47A3H         LINE#         529
  -------         ENDPROC       KEYCONTROL_MENU
  -------         PROC          KEYCONTROL_CANCEL
  C:4557H         LINE#         531
  C:4557H         LINE#         532
  C:4557H         LINE#         533
  C:455FH         LINE#         534
  C:455FH         LINE#         535
  C:455FH         LINE#         536
  C:455FH         LINE#         537
  C:4565H         LINE#         538
  C:456BH         LINE#         539
  C:4570H         LINE#         540
  C:4574H         LINE#         541
  C:4574H         LINE#         542
  C:4574H         LINE#         544
  C:4574H         LINE#         545
  C:4574H         LINE#         547
  C:4574H         LINE#         548
  C:4574H         LINE#         550
  C:4574H         LINE#         551
  C:4574H         LINE#         553
  C:4574H         LINE#         554
  C:4574H         LINE#         556
  C:4574H         LINE#         557
  C:4574H         LINE#         558
  C:4574H         LINE#         559
  C:4574H         LINE#         561
  C:4574H         LINE#         562
  C:4574H         LINE#         563
  C:4574H         LINE#         566
  C:4574H         LINE#         567
  -------         ENDPROC       KEYCONTROL_CANCEL
  C:2F0FH         SYMBOL        L?0225
  -------         PROC          KEYCONTROL_UP
  -------         DO            
  X:0EF6H         SYMBOL        Value
BL51 BANKED LINKER/LOCATER V6.22.2.0                                                  10/28/2021  15:29:45  PAGE 33


  X:0EF7H         SYMBOL        temp
  X:0EF6H         SYMBOL        Value
  X:0EF7H         SYMBOL        temp
  -------         ENDDO         
  -------         DO            
  X:0EF6H         SYMBOL        Value
  X:0EF7H         SYMBOL        temp
  -------         ENDDO         
  C:2E5CH         LINE#         575
  C:2E5CH         LINE#         576
  C:2E5CH         LINE#         577
  C:2E6EH         LINE#         578
  C:2E6EH         LINE#         579
  C:2E6EH         LINE#         580
  C:2E6EH         LINE#         581
  C:2E73H         LINE#         582
  C:2E73H         LINE#         583
  C:2E7AH         LINE#         584
  C:2E7EH         LINE#         585
  C:2E89H         LINE#         586
  C:2E8BH         LINE#         588
  C:2E8BH         LINE#         589
  C:2E92H         LINE#         590
  C:2E96H         LINE#         591
  C:2EA7H         LINE#         592
  C:2EA7H         LINE#         593
  C:2EA7H         LINE#         594
  C:2EA7H         LINE#         596
  C:2EA7H         LINE#         597
  C:2EA7H         LINE#         598
  C:2EA7H         LINE#         599
  C:2EB1H         LINE#         600
  C:2EB1H         LINE#         601
  C:2EB1H         LINE#         603
  C:2EB1H         LINE#         604
  C:2EB1H         LINE#         606
  C:2EBBH         LINE#         607
  C:2EBCH         LINE#         609
  C:2EC9H         LINE#         611
  C:2ECDH         LINE#         612
  C:2ECDH         LINE#         613
  C:2ED1H         LINE#         614
  C:2ED1H         LINE#         616
  C:2EDAH         LINE#         617
  C:2EDAH         LINE#         618
  C:2EDAH         LINE#         619
  C:2EDDH         LINE#         620
  C:2EE2H         LINE#         621
  C:2EE4H         LINE#         622
  C:2EEDH         LINE#         623
  C:2EEDH         LINE#         624
  C:2EEDH         LINE#         625
  C:2EEDH         LINE#         626
  C:2EF0H         LINE#         627
  C:2EF2H         LINE#         629
  C:2EF2H         LINE#         630
  C:2EF2H         LINE#         631
BL51 BANKED LINKER/LOCATER V6.22.2.0                                                  10/28/2021  15:29:45  PAGE 34


  C:2EF2H         LINE#         632
  C:2EF9H         LINE#         633
  C:2EF9H         LINE#         635
  C:2F02H         LINE#         636
  C:2F0EH         LINE#         637
  C:2F0EH         LINE#         638
  C:2F0EH         LINE#         640
  C:2F0EH         LINE#         641
  C:2F0EH         LINE#         642
  C:2F0EH         LINE#         647
  -------         ENDPROC       KEYCONTROL_UP
  C:2BF6H         SYMBOL        L?0226
  -------         PROC          KEYCONTROL_DOWN
  -------         DO            
  X:0EF6H         SYMBOL        Value
  X:0EF7H         SYMBOL        temp
  X:0EF6H         SYMBOL        Value
  X:0EF7H         SYMBOL        temp
  -------         ENDDO         
  -------         DO            
  X:0EF6H         SYMBOL        Value
  X:0EF7H         SYMBOL        temp
  -------         ENDDO         
  C:2B27H         LINE#         649
  C:2B27H         LINE#         650
  C:2B27H         LINE#         651
  C:2B39H         LINE#         652
  C:2B39H         LINE#         653
  C:2B39H         LINE#         654
  C:2B39H         LINE#         655
  C:2B3EH         LINE#         656
  C:2B3EH         LINE#         657
  C:2B45H         LINE#         658
  C:2B4CH         LINE#         659
  C:2B5EH         LINE#         660
  C:2B60H         LINE#         662
  C:2B60H         LINE#         664
  C:2B67H         LINE#         665
  C:2B6EH         LINE#         666
  C:2B86H         LINE#         667
  C:2B86H         LINE#         668
  C:2B86H         LINE#         669
  C:2B86H         LINE#         671
  C:2B86H         LINE#         672
  C:2B86H         LINE#         673
  C:2B86H         LINE#         674
  C:2B90H         LINE#         675
  C:2B90H         LINE#         676
  C:2B90H         LINE#         678
  C:2B90H         LINE#         679
  C:2B90H         LINE#         680
  C:2BA1H         LINE#         681
  C:2BA4H         LINE#         683
  C:2BB1H         LINE#         685
  C:2BB3H         LINE#         686
  C:2BB3H         LINE#         687
  C:2BB5H         LINE#         688
BL51 BANKED LINKER/LOCATER V6.22.2.0                                                  10/28/2021  15:29:45  PAGE 35


  C:2BB5H         LINE#         690
  C:2BBEH         LINE#         691
  C:2BBEH         LINE#         692
  C:2BBEH         LINE#         693
  C:2BC1H         LINE#         694
  C:2BC6H         LINE#         695
  C:2BC8H         LINE#         696
  C:2BD1H         LINE#         697
  C:2BD1H         LINE#         698
  C:2BD1H         LINE#         699
  C:2BD1H         LINE#         700
  C:2BD4H         LINE#         701
  C:2BD6H         LINE#         703
  C:2BD6H         LINE#         704
  C:2BD6H         LINE#         705
  C:2BD6H         LINE#         706
  C:2BDDH         LINE#         707
  C:2BDDH         LINE#         709
  C:2BE6H         LINE#         710
  C:2BF5H         LINE#         711
  C:2BF5H         LINE#         712
  C:2BF5H         LINE#         714
  C:2BF5H         LINE#         715
  C:2BF5H         LINE#         716
  C:2BF5H         LINE#         721
  -------         ENDPROC       KEYCONTROL_DOWN
  -------         PROC          KEYBAUD_UP
  C:3DF3H         LINE#         724
  C:3DF3H         LINE#         725
  C:3DF3H         LINE#         726
  C:3E02H         LINE#         727
  C:3E02H         LINE#         728
  C:3E02H         LINE#         729
  C:3E02H         LINE#         730
  C:3E0DH         LINE#         731
  C:3E0DH         LINE#         732
  C:3E0DH         LINE#         733
  C:3E0FH         LINE#         734
  C:3E0FH         LINE#         735
  C:3E0FH         LINE#         736
  C:3E1DH         LINE#         737
  C:3E1DH         LINE#         738
  C:3E1DH         LINE#         739
  C:3E1FH         LINE#         740
  C:3E1FH         LINE#         741
  C:3E1FH         LINE#         742
  C:3E2DH         LINE#         743
  C:3E2DH         LINE#         744
  C:3E2DH         LINE#         745
  C:3E2FH         LINE#         746
  C:3E2FH         LINE#         747
  C:3E2FH         LINE#         748
  C:3E3DH         LINE#         749
  C:3E4AH         LINE#         750
  C:3E4AH         LINE#         751
  C:3E4AH         LINE#         752
  C:3E4AH         LINE#         753
BL51 BANKED LINKER/LOCATER V6.22.2.0                                                  10/28/2021  15:29:45  PAGE 36


  C:3E4AH         LINE#         754
  C:3E4AH         LINE#         758
  -------         ENDPROC       KEYBAUD_UP
  -------         PROC          KEYBAUD_DOWN
  C:3E4BH         LINE#         761
  C:3E4BH         LINE#         762
  C:3E4BH         LINE#         763
  C:3E5AH         LINE#         764
  C:3E5AH         LINE#         765
  C:3E5AH         LINE#         766
  C:3E5AH         LINE#         767
  C:3E65H         LINE#         768
  C:3E65H         LINE#         769
  C:3E65H         LINE#         770
  C:3E67H         LINE#         771
  C:3E67H         LINE#         772
  C:3E67H         LINE#         773
  C:3E75H         LINE#         774
  C:3E75H         LINE#         775
  C:3E75H         LINE#         776
  C:3E77H         LINE#         777
  C:3E77H         LINE#         778
  C:3E77H         LINE#         779
  C:3E85H         LINE#         780
  C:3E85H         LINE#         781
  C:3E85H         LINE#         782
  C:3E87H         LINE#         783
  C:3E87H         LINE#         784
  C:3E87H         LINE#         785
  C:3E95H         LINE#         786
  C:3EA2H         LINE#         787
  C:3EA2H         LINE#         788
  C:3EA2H         LINE#         789
  C:3EA2H         LINE#         790
  C:3EA2H         LINE#         791
  C:3EA2H         LINE#         795
  -------         ENDPROC       KEYBAUD_DOWN
  -------         PROC          KEYBAUD_ENTER
  C:3C1DH         LINE#         798
  C:3C1DH         LINE#         799
  C:3C1DH         LINE#         800
  C:3C2CH         LINE#         801
  C:3C2CH         LINE#         802
[...]
  C:434DH         LINE#         73
  -------         ENDPROC       _IAPREAD
  -------         PROC          _IAPPROGRAM
  X:0EFFH         SYMBOL        addr
  X:0F01H         SYMBOL        dat
  C:45F2H         LINE#         82
  C:45FDH         LINE#         83
  C:45FDH         LINE#         84
  C:4600H         LINE#         85
  C:4603H         LINE#         86
  C:460BH         LINE#         87
  C:460EH         LINE#         88
  C:4612H         LINE#         89
  C:4612H         LINE#         90
  C:4615H         LINE#         91
  -------         ENDPROC       _IAPPROGRAM
  -------         PROC          _IAPERASE
  X:0EF9H         SYMBOL        addr
  C:4618H         LINE#         102
  C:4620H         LINE#         103
  C:4620H         LINE#         104
  C:4623H         LINE#         105
  C:4626H         LINE#         106
  C:462EH         LINE#         107
  C:4631H         LINE#         108
  C:4631H         LINE#         109
  C:4634H         LINE#         110
  C:4637H         LINE#         111
  -------         ENDPROC       _IAPERASE
  -------         PROC          _IAPWRITE_BUFF
  X:0EF9H         SYMBOL        Addr
  X:0EFBH         SYMBOL        Str
  X:0EFEH         SYMBOL        Len
  C:4405H         LINE#         120
  C:440BH         LINE#         121
  C:440BH         LINE#         122
  C:4415H         LINE#         123
  C:4415H         LINE#         124
  C:442EH         LINE#         125
BL51 BANKED LINKER/LOCATER V6.22.2.0                                                  10/28/2021  15:29:45  PAGE 54


  C:4430H         LINE#         126
  -------         ENDPROC       _IAPWRITE_BUFF
  -------         PROC          _IAPREAD_BUFF
  X:0EF6H         SYMBOL        Addr
  X:0EF8H         SYMBOL        Str
  X:0EFBH         SYMBOL        Len
  C:4489H         LINE#         134
  C:448FH         LINE#         135
  C:448FH         LINE#         136
  C:4499H         LINE#         137
  C:4499H         LINE#         138
  C:44B1H         LINE#         139
  C:44B3H         LINE#         140
  -------         ENDPROC       _IAPREAD_BUFF
  -------         ENDMOD        EEPROM

  -------         MODULE        KEY
  C:0000H         SYMBOL        _ICE_DUMMY_
  D:0080H         PUBLIC        P0
  D:0090H         PUBLIC        P1
  D:00A0H         PUBLIC        P2
  D:00B0H         PUBLIC        P3
  D:00C0H         PUBLIC        P4
  D:00C8H         PUBLIC        P5
  D:00E8H         PUBLIC        P6
  D:00F8H         PUBLIC        P7
  X:0F86H         PUBLIC        KeyStateCurrrent
  D:00A8H         PUBLIC        IE
  D:00B8H         PUBLIC        IP
  D:00D8H         PUBLIC        CCON
  D:0098H         PUBLIC        SCON
  B:00A0H.2       PUBLIC        P22
  D:0088H         PUBLIC        TCON
  B:00A0H.3       PUBLIC        P23
  B:00A0H.4       PUBLIC        P24
  B:00A0H.5       PUBLIC        P25
  B:00A0H.6       PUBLIC        P26
  C:34DCH         PUBLIC        Key_Chick
  D:00D0H         PUBLIC        PSW
  -------         PROC          KEY_CHICK
  -------         DO            
  X:0F85H         SYMBOL        KeyTemp
  X:0EF8H         SYMBOL        KeyValue
  -------         ENDDO         
  C:34DCH         LINE#         13
  C:34DCH         LINE#         14
  C:34DCH         LINE#         17
  C:350AH         LINE#         19
  C:3519H         LINE#         20
  C:3519H         LINE#         21
  C:3519H         LINE#         22
  C:3519H         LINE#         23
  C:3521H         LINE#         24
  C:3521H         LINE#         25
  C:3526H         LINE#         26
  C:3526H         LINE#         28
  C:3528H         LINE#         29
BL51 BANKED LINKER/LOCATER V6.22.2.0                                                  10/28/2021  15:29:45  PAGE 55


  C:3528H         LINE#         31
  C:3528H         LINE#         32
  C:3528H         LINE#         33
  C:352FH         LINE#         35
  C:3538H         LINE#         36
  C:3538H         LINE#         37
  C:353DH         LINE#         38
  C:3541H         LINE#         39
  C:3541H         LINE#         41
  C:3543H         LINE#         42
  C:3543H         LINE#         44
  C:3543H         LINE#         45
  C:3543H         LINE#         46
  C:354BH         LINE#         47
  C:354BH         LINE#         48
  C:3550H         LINE#         49
  C:3556H         LINE#         50
  C:3556H         LINE#         52
  C:3556H         LINE#         53
  C:3556H         LINE#         55
  C:3556H         LINE#         56
  C:3556H         LINE#         57
  C:355CH         LINE#         58
  C:3560H         LINE#         59
  C:3567H         LINE#         60
  C:3567H         LINE#         61
  C:3567H         LINE#         62
  C:3567H         LINE#         64
  C:3569H         LINE#         65
  -------         ENDPROC       KEY_CHICK
  -------         ENDMOD        KEY

  -------         MODULE        LCD
  C:0000H         SYMBOL        _ICE_DUMMY_
  C:422DH         PUBLIC        _lcd_address
  D:0080H         PUBLIC        P0
  D:0090H         PUBLIC        P1
  D:00A0H         PUBLIC        P2
  D:00B0H         PUBLIC        P3
  C:3B4AH         PUBLIC        initial_lcd
  D:00C0H         PUBLIC        P4
  D:00C8H         PUBLIC        P5
  D:00E8H         PUBLIC        P6
  D:00F8H         PUBLIC        P7
  D:00A8H         PUBLIC        IE
  C:2157H         PUBLIC        _GUI_Lattice
  X:0F7DH         PUBLIC        frontCurrent
  D:00B8H         PUBLIC        IP
  D:00D8H         PUBLIC        CCON
  C:3F9EH         SYMBOL        _GetCHIndex
  C:4431H         PUBLIC        _transfer_command
  D:0098H         PUBLIC        SCON
  D:0088H         PUBLIC        TCON
  B:00B0H.2       PUBLIC        P32
  B:00B0H.3       PUBLIC        P33
  B:00B0H.4       PUBLIC        P34
  B:00B0H.5       PUBLIC        P35
BL51 BANKED LINKER/LOCATER V6.22.2.0                                                  10/28/2021  15:29:45  PAGE 56


  B:00B0H.6       PUBLIC        P36
  B:00B0H.7       PUBLIC        P37
  C:2CD6H         PUBLIC        _GUI_String
  C:3D40H         SYMBOL        _GetFrontParm
  C:445DH         PUBLIC        _transfer_data
  C:463EH         PUBLIC        clear_screen
  D:00D0H         PUBLIC        PSW
  C:3A01H         SYMBOL        Com004D
  C:3A01H         SYMBOL        L?0078
  C:3A0AH         SYMBOL        L?0079
  C:3A0DH         SYMBOL        L?0080
  C:3A15H         SYMBOL        L?0082
  C:3A15H         SYMBOL        L?0083
  C:3A18H         SYMBOL        L?0084
  C:3A19H         SYMBOL        L?0085
  C:3A22H         SYMBOL        L?0086
  C:3A3EH         SYMBOL        L?0087
  C:3A51H         SYMBOL        L?0091
  C:3A5EH         SYMBOL        L?0092
  C:3A62H         SYMBOL        L?0093
  C:3A69H         SYMBOL        L?0094
  C:3A6AH         SYMBOL        L?0095
  -------         PROC          COM004D
  -------         ENDPROC       COM004D
  -------         PROC          _TRANSFER_COMMAND
  D:0007H         SYMBOL        data1
  -------         DO            
  D:0006H         SYMBOL        i
  -------         ENDDO         
  C:4431H         LINE#         11
  C:4431H         LINE#         12
  C:4431H         LINE#         14
  C:4433H         LINE#         15
  C:4435H         LINE#         17
  C:443CH         LINE#         18
  C:443CH         LINE#         19
  C:443EH         LINE#         21
  C:4442H         LINE#         22
  C:4446H         LINE#         24
  C:4448H         LINE#         26
  C:444AH         LINE#         27
  C:4457H         LINE#         28
  C:445AH         LINE#         30
  C:445CH         LINE#         31
  -------         ENDPROC       _TRANSFER_COMMAND
  -------         PROC          _TRANSFER_DATA
  D:0007H         SYMBOL        data1
  -------         DO            
  D:0006H         SYMBOL        i
  -------         ENDDO         
  C:445DH         LINE#         40
  C:445DH         LINE#         41
  C:445DH         LINE#         43
  C:445FH         LINE#         44
  C:4461H         LINE#         46
  C:4468H         LINE#         47
  C:4468H         LINE#         48
BL51 BANKED LINKER/LOCATER V6.22.2.0                                                  10/28/2021  15:29:45  PAGE 57


  C:446AH         LINE#         50
  C:446EH         LINE#         51
  C:446EH         LINE#         52
  C:4470H         LINE#         53
  C:4472H         LINE#         55
  C:4472H         LINE#         56
  C:4474H         LINE#         57
  C:4474H         LINE#         59
  C:4476H         LINE#         61
  C:4483H         LINE#         62
  C:4486H         LINE#         64
  C:4488H         LINE#         65
  -------         ENDPROC       _TRANSFER_DATA
  -------         PROC          CLEAR_SCREEN
  -------         DO            
  D:0004H         SYMBOL        i
  D:0003H         SYMBOL        j
  -------         ENDDO         
  C:463EH         LINE#         73
  C:463EH         LINE#         74
  C:463EH         LINE#         77
  C:4646H         LINE#         78
  C:4646H         LINE#         79
  C:464DH         LINE#         81
  C:4658H         LINE#         82
  C:4658H         LINE#         83
  C:465DH         LINE#         84
  C:4660H         LINE#         85
  C:4663H         LINE#         86
  -------         ENDPROC       CLEAR_SCREEN
  -------         PROC          L?0090
  -------         ENDPROC       L?0090
  -------         PROC          _LCD_ADDRESS
  D:0006H         SYMBOL        page
  D:0004H         SYMBOL        column
  C:422DH         LINE#         95
  C:4231H         LINE#         96
  C:4231H         LINE#         98
  C:423CH         LINE#         99
  C:423CH         LINE#         100
  C:423EH         LINE#         101
  C:4240H         LINE#         103
  C:4240H         LINE#         104
  C:4246H         LINE#         105
  C:4246H         LINE#         107
  C:4250H         LINE#         109
  -------         ENDPROC       _LCD_ADDRESS
  C:3B92H         SYMBOL        L?0081
  C:3BA9H         SYMBOL        L?0089
  -------         PROC          INITIAL_LCD
  C:3B4AH         LINE#         119
  C:3B4AH         LINE#         120
  C:3B4AH         LINE#         121
  C:3B4CH         LINE#         122
  C:3B53H         LINE#         124
  C:3B55H         LINE#         126
  C:3B5CH         LINE#         128
BL51 BANKED LINKER/LOCATER V6.22.2.0                                                  10/28/2021  15:29:45  PAGE 58


  C:3B61H         LINE#         129
  C:3B68H         LINE#         131
  C:3B6AH         LINE#         132
  C:3B6DH         LINE#         133
  C:3B6FH         LINE#         134
  C:3B6FH         LINE#         136
  C:3B6FH         LINE#         138
  C:3B72H         LINE#         139
  C:3B74H         LINE#         140
  C:3B74H         LINE#         141
  C:3B74H         LINE#         143
  C:3B77H         LINE#         145
  C:3B79H         LINE#         146
  C:3B7CH         LINE#         148
  C:3B81H         LINE#         149
  C:3B88H         LINE#         151
  C:3B8DH         LINE#         153
  C:3B8FH         LINE#         155
  C:3B92H         LINE#         156
  -------         ENDPROC       INITIAL_LCD
  -------         PROC          _GETFRONTPARM
  D:0007H         SYMBOL        font
  C:3D40H         LINE#         164
  C:3D40H         LINE#         165
  C:3D40H         LINE#         166
  C:3D47H         LINE#         167
  C:3D47H         LINE#         168
  C:3D47H         LINE#         169
  C:3D47H         LINE#         170
  C:3D4DH         LINE#         171
  C:3D53H         LINE#         172
  C:3D59H         LINE#         174
  C:3D67H         LINE#         176
  C:3D6DH         LINE#         177
  C:3D6FH         LINE#         178
  C:3D6FH         LINE#         180
  C:3D6FH         LINE#         181
  C:3D6FH         LINE#         182
  C:3D75H         LINE#         183
  C:3D7BH         LINE#         184
  C:3D81H         LINE#         185
  C:3D87H         LINE#         187
  C:3D93H         LINE#         188
  C:3D95H         LINE#         189
  C:3D95H         LINE#         199
  C:3D95H         LINE#         200
  C:3D98H         LINE#         201
  C:3D98H         LINE#         203
  C:3D9AH         LINE#         204
  -------         ENDPROC       _GETFRONTPARM
  -------         PROC          _GETCHINDEX
  X:0F05H         SYMBOL        ZoneCode
  -------         DO            
  D:0004H         SYMBOL        i
  D:0006H         SYMBOL        CHCode
  -------         ENDDO         
  C:3F9EH         LINE#         212
BL51 BANKED LINKER/LOCATER V6.22.2.0                                                  10/28/2021  15:29:45  PAGE 59


  C:3FA6H         LINE#         213
  C:3FA6H         LINE#         214
  C:3FA9H         LINE#         217
  C:3FA9H         LINE#         218
  C:3FA9H         LINE#         219
  C:3FD3H         LINE#         221
  C:3FDFH         LINE#         222
  C:3FDFH         LINE#         223
  C:3FDFH         LINE#         224
  C:3FDFH         LINE#         225
  C:3FEAH         LINE#         227
  C:3FEEH         LINE#         228
  -------         ENDPROC       _GETCHINDEX
  C:2D88H         SYMBOL        L?0088
  -------         PROC          _GUI_STRING
  X:0EFCH         SYMBOL        x
  X:0EFDH         SYMBOL        y
  X:0EFEH         SYMBOL        pString
  X:0F01H         SYMBOL        font
  -------         DO            
  X:0F02H         SYMBOL        ChIndex
  X:0F04H         SYMBOL        Offset
  D:0006H         SYMBOL        ZoneCode
  -------         ENDDO         
  C:2CD6H         LINE#         237
  C:2CE7H         LINE#         238
  C:2CE7H         LINE#         245
  C:2CEDH         LINE#         247
  C:2CF2H         LINE#         250
  C:2CF2H         LINE#         251
  C:2D07H         LINE#         252
  C:2D07H         LINE#         253
  C:2D16H         LINE#         255
  C:2D2BH         LINE#         256
  C:2D2BH         LINE#         257
  C:2D30H         LINE#         258
  C:2D33H         LINE#         260
  C:2D33H         LINE#         262
  C:2D3DH         LINE#         264
  C:2D53H         LINE#         266
  C:2D5EH         LINE#         268
  C:2D73H         LINE#         269
  C:2D73H         LINE#         270
  C:2D79H         LINE#         271
  C:2D79H         LINE#         273
  C:2D79H         LINE#         274
  C:2D87H         LINE#         275
  -------         ENDPROC       _GUI_STRING
  -------         PROC          _GUI_LATTICE
  X:0F05H         SYMBOL        x
  D:0002H         SYMBOL        y
  X:0F07H         SYMBOL        Width
  X:0F08H         SYMBOL        High
  X:0F09H         SYMBOL        plattice
  -------         DO            
  X:0F0CH         SYMBOL        y_Dy
  X:0F0DH         SYMBOL        y_by
BL51 BANKED LINKER/LOCATER V6.22.2.0                                                  10/28/2021  15:29:45  PAGE 60


  X:0F0EH         SYMBOL        y1_Dy
  X:0F0FH         SYMBOL        y1_by
  X:0F10H         SYMBOL        y_Bytes
  X:0F11H         SYMBOL        i
  X:0F12H         SYMBOL        j
  X:0F13H         SYMBOL        tempH
  D:0003H         SYMBOL        tempL
  -------         ENDDO         
  C:2157H         LINE#         284
  C:2163H         LINE#         285
  C:2163H         LINE#         290
  C:217CH         LINE#         292
  C:2194H         LINE#         293
  C:219AH         LINE#         295
  C:21A5H         LINE#         296
  C:21AAH         LINE#         298
  C:21B2H         LINE#         300
  C:21C3H         LINE#         301
  C:21C3H         LINE#         302
  C:21D2H         LINE#         303
  C:21D2H         LINE#         304
  C:21E8H         LINE#         305
  C:21E8H         LINE#         306
  C:21EEH         LINE#         307
  C:21EEH         LINE#         308
  C:21F3H         LINE#         309
  C:2208H         LINE#         311
  C:220BH         LINE#         312
  C:2216H         LINE#         313
  C:2216H         LINE#         314
  C:221DH         LINE#         316
  C:2252H         LINE#         317
  C:2255H         LINE#         319
  C:2255H         LINE#         320
  C:227CH         LINE#         321
  C:229CH         LINE#         323
  C:22A9H         LINE#         324
  C:22B2H         LINE#         325
  C:22B2H         LINE#         326
  C:22BBH         LINE#         327
  C:22BBH         LINE#         329
  C:22BBH         LINE#         330
  C:22C5H         LINE#         331
  C:22F8H         LINE#         332
  C:22F8H         LINE#         333
  C:2301H         LINE#         334
  -------         ENDPROC       _GUI_LATTICE
  -------         ENDMOD        LCD

  -------         MODULE        ?C?COPY
  C:1B10H         PUBLIC        ?C?COPY
  -------         ENDMOD        ?C?COPY

  -------         MODULE        ?C?CLDPTR
  C:1B36H         PUBLIC        ?C?CLDPTR
  -------         ENDMOD        ?C?CLDPTR

BL51 BANKED LINKER/LOCATER V6.22.2.0                                                  10/28/2021  15:29:45  PAGE 61


  -------         MODULE        ?C?CLDOPTR
  C:1B4FH         PUBLIC        ?C?CLDOPTR
  -------         ENDMOD        ?C?CLDOPTR

  -------         MODULE        ?C?CILDPTR
  C:1B7CH         PUBLIC        ?C?CILDPTR
  -------         ENDMOD        ?C?CILDPTR

  -------         MODULE        ?C?CSTPTR
  C:1B9EH         PUBLIC        ?C?CSTPTR
  -------         ENDMOD        ?C?CSTPTR

  -------         MODULE        ?C?CSTOPTR
  C:1BB0H         PUBLIC        ?C?CSTOPTR
  -------         ENDMOD        ?C?CSTOPTR

  -------         MODULE        ?C?IMUL
  C:1BD2H         PUBLIC        ?C?IMUL
  -------         ENDMOD        ?C?IMUL

  -------         MODULE        ?C?UIDIV
  C:1BE4H         PUBLIC        ?C?UIDIV
  -------         ENDMOD        ?C?UIDIV

  -------         MODULE        ?C?SIDIV
  C:1C39H         PUBLIC        ?C?SIDIV
  -------         ENDMOD        ?C?SIDIV

  -------         MODULE        ?C?IILDX
  C:1C6FH         PUBLIC        ?C?IILDX
  -------         ENDMOD        ?C?IILDX

  -------         MODULE        ?C?ILDIX
  C:1C85H         PUBLIC        ?C?ILDIX
  -------         ENDMOD        ?C?ILDIX

  -------         MODULE        ?C?ILDOPTR
  C:1C9BH         PUBLIC        ?C?ILDOPTR
  -------         ENDMOD        ?C?ILDOPTR

  -------         MODULE        ?C?ULCMP
  C:1CD3H         PUBLIC        ?C?ULCMP
  -------         ENDMOD        ?C?ULCMP

  -------         MODULE        ?C?LSTKXDATA
  C:1CE4H         PUBLIC        ?C?LSTKXDATA
  -------         ENDMOD        ?C?LSTKXDATA

  -------         MODULE        ?C?PLDOPTR
  C:1D15H         PUBLIC        ?C?PLDOPTR
  -------         ENDMOD        ?C?PLDOPTR

  -------         MODULE        ?C?ICALL
  C:1D45H         PUBLIC        ?C?ICALL
  C:1D49H         PUBLIC        ?C?ICALL2
  -------         ENDMOD        ?C?ICALL

BL51 BANKED LINKER/LOCATER V6.22.2.0                                                  10/28/2021  15:29:45  PAGE 62


  -------         MODULE        STRNCMP
  X:0F19H         PUBLIC        ?_strncmp?BYTE
  C:370AH         PUBLIC        _strncmp
  -------         ENDMOD        STRNCMP

  -------         MODULE        STRLEN
  C:000EH         PUBLIC        _STRLEN
  -------         ENDMOD        STRLEN

  -------         MODULE        ?C?MEMSET
  C:1D4BH         PUBLIC        ?C?MEMSET
  -------         ENDMOD        ?C?MEMSET

  -------         MODULE        ?C?PLDIDATA
  C:1D77H         PUBLIC        ?C?PLDIDATA
  -------         ENDMOD        ?C?PLDIDATA

  -------         MODULE        ?C?PLDXDATA
  C:1D80H         PUBLIC        ?C?PLDXDATA
  -------         ENDMOD        ?C?PLDXDATA

  -------         MODULE        ?C?PLDPDATA
  C:1D89H         PUBLIC        ?C?PLDPDATA
  -------         ENDMOD        ?C?PLDPDATA

  -------         MODULE        ?C?PLDCODE
  C:1D92H         PUBLIC        ?C?PLDCODE
  -------         ENDMOD        ?C?PLDCODE

*** WARNING L7: MODULE NAME NOT UNIQUE
    MODULE:  .\Objects\STARTUP.obj (?C_STARTUP)

Program Size: data=9.0 xdata=3975 code=18564
LINK/LOCATE RUN COMPLETE.  1 WARNING(S),  0 ERROR(S)
