BL51 BANKED LINKER/LOCATER V6.22.2.0                                                    12/18/2021  09:21:04  PAGE 1


BL51 BANKED LINKER/LOCATER V6.22.2.0, INVOKED BY:
C:\KEIL_V5\C51\BIN\BL51.EXE .\Objects\main.obj, .\Objects\Control.obj, .\Objects\report.obj, .\Objects\Menu.obj, .\Objec
>> ts\pFunc.obj, .\Objects\systemTimer.obj, .\Objects\usart.obj, .\Objects\timer.obj, .\Objects\wifi.obj, .\STCLIB\Front
>> .LIB, .\STCLIB\Gpio.LIB, .\STCLIB\Iape2prom.LIB, .\STCLIB\Key.LIB, .\STCLIB\Lcd19264.LIB, .\Objects\STARTUP.obj TO .\
>> Objects\WIRELESS_PLC PRINT (.\Listings\WIRELESS_PLC.m51) RAMSIZE (256)


MEMORY MODEL: LARGE


INPUT MODULES INCLUDED:
  .\Objects\main.obj (MAIN)
  .\Objects\Control.obj (CONTROL)
  .\Objects\report.obj (REPORT)
  .\Objects\Menu.obj (MENU)
  .\Objects\pFunc.obj (PFUNC)
  .\Objects\systemTimer.obj (SYSTEMTIMER)
  .\Objects\usart.obj (USART)
  .\Objects\timer.obj (TIMER)
  .\Objects\wifi.obj (WIFI)
  .\STCLIB\Front.LIB (CHINESE_CODE)
  .\STCLIB\Front.LIB (?C_STARTUP)
  .\STCLIB\Gpio.LIB (GPIO)
  .\STCLIB\Iape2prom.LIB (EEPROM)
  .\STCLIB\Key.LIB (KEY)
  .\STCLIB\Lcd19264.LIB (LCD)
  C:\KEIL_V5\C51\LIB\C51L.LIB (?C_INIT)
  C:\KEIL_V5\C51\LIB\C51L.LIB (?C?COPY)
  C:\KEIL_V5\C51\LIB\C51L.LIB (?C?CLDPTR)
  C:\KEIL_V5\C51\LIB\C51L.LIB (?C?CLDOPTR)
  C:\KEIL_V5\C51\LIB\C51L.LIB (?C?CILDPTR)
  C:\KEIL_V5\C51\LIB\C51L.LIB (?C?CSTPTR)
  C:\KEIL_V5\C51\LIB\C51L.LIB (?C?CSTOPTR)
  C:\KEIL_V5\C51\LIB\C51L.LIB (?C?IMUL)
  C:\KEIL_V5\C51\LIB\C51L.LIB (?C?UIDIV)
  C:\KEIL_V5\C51\LIB\C51L.LIB (?C?SIDIV)
  C:\KEIL_V5\C51\LIB\C51L.LIB (?C?IILDX)
  C:\KEIL_V5\C51\LIB\C51L.LIB (?C?ILDIX)
  C:\KEIL_V5\C51\LIB\C51L.LIB (?C?ILDOPTR)
  C:\KEIL_V5\C51\LIB\C51L.LIB (?C?IILDOPTR)
  C:\KEIL_V5\C51\LIB\C51L.LIB (?C?ISTOPTR)
  C:\KEIL_V5\C51\LIB\C51L.LIB (?C?ULCMP)
  C:\KEIL_V5\C51\LIB\C51L.LIB (?C?LSTKXDATA)
  C:\KEIL_V5\C51\LIB\C51L.LIB (?C?OFFXADD)
  C:\KEIL_V5\C51\LIB\C51L.LIB (?C?PLDXDATA)
  C:\KEIL_V5\C51\LIB\C51L.LIB (?C?PLDIXDATA)
  C:\KEIL_V5\C51\LIB\C51L.LIB (?C?PSTXDATA)
  C:\KEIL_V5\C51\LIB\C51L.LIB (?C?PLDCODE)
  C:\KEIL_V5\C51\LIB\C51L.LIB (?C?PLDOPTR)
  C:\KEIL_V5\C51\LIB\C51L.LIB (?C?ICALL)
  C:\KEIL_V5\C51\LIB\C51L.LIB (STRNCMP)
  C:\KEIL_V5\C51\LIB\C51L.LIB (STRLEN)
  C:\KEIL_V5\C51\LIB\C51L.LIB (?C?MEMSET)
  C:\KEIL_V5\C51\LIB\C51L.LIB (?C?PLDIDATA)
  C:\KEIL_V5\C51\LIB\C51L.LIB (?C?PLDPDATA)


LINK MAP OF MODULE:  .\Objects\WIRELESS_PLC (MAIN)
BL51 BANKED LINKER/LOCATER V6.22.2.0                                                  12/18/2021  09:21:04  PAGE 2




            TYPE    BASE      LENGTH    RELOCATION   SEGMENT NAME
            -----------------------------------------------------

            * * * * * * *   D A T A   M E M O R Y   * * * * * * *
            REG     0000H     0008H     ABSOLUTE     "REG BANK 0"
            IDATA   0008H     0001H     UNIT         ?STACK

            * * * * * * *  X D A T A   M E M O R Y  * * * * * * *
            XDATA   0000H     0AB8H     UNIT         ?XD?REPORT
            XDATA   0AB8H     00BEH     UNIT         ?XD?MENU
            XDATA   0B76H     007DH     UNIT         ?XD?CONTROL
            XDATA   0BF3H     003BH     UNIT         _XDATA_GROUP_
            XDATA   0C2EH     002DH     UNIT         ?XD?USART
            XDATA   0C5BH     0011H     UNIT         ?XD?MAIN
            XDATA   0C6CH     0008H     UNIT         ?XD?SYSTEMTIMER
            XDATA   0C74H     0008H     UNIT         ?XD?TIMER
            XDATA   0C7CH     0008H     UNIT         ?XD?LCD
            XDATA   0C84H     0002H     UNIT         ?XD?KEY

            * * * * * * *   C O D E   M E M O R Y   * * * * * * *
            CODE    0000H     0003H     ABSOLUTE     
            CODE    0003H     0008H     UNIT         ?PR?COMMUNICAINIT?CONTROL
            CODE    000BH     0003H     ABSOLUTE     
            CODE    000EH     0015H     UNIT         ?PR?_STRLEN?STRLEN
            CODE    0023H     0003H     ABSOLUTE     
            CODE    0026H     001CH     UNIT         ?PR?_PASSWORDDELETE?CONTROL
            CODE    0042H     0001H     UNIT         ?PR?KEYMENU_MENU?MENU
            CODE    0043H     0003H     ABSOLUTE     
            CODE    0046H     0045H     UNIT         ?PR?REFRESHMENUDISP?MENU
            CODE    008BH     0003H     ABSOLUTE     
            CODE    008EH     0003H     UNIT         ?PR?_LCDSHOW?MENU
            CODE    0091H     0001H     UNIT         ?PR?KEYBAUD_MENU?MENU
                    0092H     0001H                  *** GAP ***
            CODE    0093H     0003H     ABSOLUTE     
            CODE    0096H     2012H     UNIT         ?CO?CHINESE_CODE
            CODE    20A8H     0404H     UNIT         ?C?LIB_CODE
            CODE    24ACH     0217H     UNIT         ?PR?KEYCONTROL_ENTER?MENU
            CODE    26C3H     01EAH     UNIT         ?PR?MENU
            CODE    28ADH     01ABH     UNIT         ?CO?WIFI
            CODE    2A58H     01ABH     UNIT         ?PR?_GUI_LATTICE?LCD
            CODE    2C03H     0199H     UNIT         ?PR?_GPIO_INILIZE?GPIO
            CODE    2D9CH     0191H     UNIT         ?PR?_MYITOA?PFUNC
            CODE    2F2DH     0159H     UNIT         ?C_INITSEG
            CODE    3086H     0117H     UNIT         ?PR?TIMER0_ISR?TIMER
            CODE    319DH     00ECH     UNIT         ?CO?MENU
            CODE    3289H     00EAH     UNIT         ?PR?KEYCONTROL_DOWN?MENU
            CODE    3373H     00E3H     UNIT         ?PR?REPORT
            CODE    3456H     00DFH     UNIT         ?CO?CONTROL
            CODE    3535H     00D1H     UNIT         ?PR?KEYCONTROL_UP?MENU
            CODE    3606H     00CAH     UNIT         ?PR?UART4_ISR?USART
            CODE    36D0H     00C5H     UNIT         ?PR?_GUI_STRING?LCD
            CODE    3795H     00BFH     UNIT         ?PR?USART
            CODE    3854H     00BCH     UNIT         ?PR?RS485_TO_PLC?REPORT
            CODE    3910H     00B7H     UNIT         ?PR?_TARGET_DATAHANDLE?REPORT
            CODE    39C7H     00AEH     UNIT         ?PR?_UART_BASE_MSPINIT?USART
BL51 BANKED LINKER/LOCATER V6.22.2.0                                                  12/18/2021  09:21:04  PAGE 3


            CODE    3A75H     00ABH     UNIT         ?PR?UART3_ISR?USART
            CODE    3B20H     00A8H     UNIT         ?PR?UART2_ISR?USART
            CODE    3BC8H     00A2H     UNIT         ?PR?UART1_ISR?USART
            CODE    3C6AH     0098H     UNIT         ?PR?_GETCRC16?REPORT
            CODE    3D02H     0097H     UNIT         ?PR?CONTROL
            CODE    3D99H     0090H     UNIT         ?PR?SYSTEMINIT?MAIN
            CODE    3E29H     008EH     UNIT         ?PR?KEY_CHICK?KEY
            CODE    3EB7H     008CH     UNIT         ?C_C51STARTUP
            CODE    3F43H     008BH     UNIT         ?PR?_SOURCE_DATAHANDLE?REPORT
            CODE    3FCEH     0087H     UNIT         ?PR?PASSWORDCHANGEUISHOW?CONTROL
            CODE    4055H     0087H     UNIT         ?PR?_STRNCMP?STRNCMP
            CODE    40DCH     0085H     UNIT         ?PR?INIT_ALL?MAIN
            CODE    4161H     007EH     UNIT         ?PR?_INIT_LISTQUEUE?REPORT
            CODE    41DFH     007BH     UNIT         ?PR?IAP_FLASH_IINIT?MAIN
            CODE    425AH     007BH     UNIT         ?PR?KEYMAIN_ENTER?MENU
            CODE    42D5H     0075H     UNIT         ?PR?KEYEVENT?MENU
            CODE    434AH     0074H     UNIT         ?PR?KEYBAUD_ENTER?MENU
            CODE    43BEH     0071H     UNIT         ?PR?LCD
            CODE    442FH     0070H     UNIT         ?PR?HOTSPOTSETTINGUISHOW?CONTROL
            CODE    449FH     006AH     UNIT         ?PR?INITIAL_LCD?LCD
            CODE    4509H     0069H     UNIT         ?PR?_PASSWORDINPUT?CONTROL
            CODE    4572H     0069H     UNIT         ?PR?CHECK_PASSWORDBITS?MENU
            CODE    45DBH     0060H     UNIT         ?CO?MAIN
            CODE    463BH     0060H     UNIT         ?PR?KEYBAUD_DOWN?MENU
            CODE    469BH     0060H     UNIT         ?PR?IAPCONFIGWAITTIME?EEPROM
            CODE    46FBH     005DH     UNIT         ?PR?KEYBAUD_UP?MENU
            CODE    4758H     005BH     UNIT         ?PR?_GETFRONTPARM?LCD
            CODE    47B3H     0057H     UNIT         ?PR?KEYMENU_UP?MENU
            CODE    480AH     0057H     UNIT         ?PR?KEYMENU_DOWN?MENU
            CODE    4861H     0053H     UNIT         ?PR?TIMER
            CODE    48B4H     0051H     UNIT         ?PR?_PUBLIC_DATAHANDLE?REPORT
            CODE    4905H     0051H     UNIT         ?PR?_UARTX_SENDSTR?USART
            CODE    4956H     0051H     UNIT         ?PR?_GETCHINDEX?LCD
            CODE    49A7H     004EH     UNIT         ?PR?PLCPOWERUISHOW?CONTROL
            CODE    49F5H     0047H     UNIT         ?PR?_EXE_APPOINT_CMD?WIFI
            CODE    4A3CH     0044H     UNIT         ?PR?REFRESHBAUDDISP?MENU
            CODE    4A80H     0043H     UNIT         ?PR?_TIM_BASE_MSPINIT?TIMER
            CODE    4AC3H     0042H     UNIT         ?PR?WIFI
            CODE    4B05H     003DH     UNIT         ?PR?KEYMAIN_DOWN?MENU
            CODE    4B42H     003CH     UNIT         ?PR?COMMUNICAUISHOW?CONTROL
            CODE    4B7EH     003CH     UNIT         ?PR?BAUDSETTINGUI1SHOW?CONTROL
            CODE    4BBAH     003AH     UNIT         ?PR?KEYMAIN_UP?MENU
            CODE    4BF4H     0039H     UNIT         ?PR?BAUDSETTINGUI2SHOW?CONTROL
            CODE    4C2DH     0039H     UNIT         ?PR?BAUDSETTINGUI3SHOW?CONTROL
            CODE    4C66H     0039H     UNIT         ?PR?BAUDSETTINGUI4SHOW?CONTROL
            CODE    4C9FH     0038H     UNIT         ?PR?CONTROLSAVE?CONTROL
            CODE    4CD7H     0037H     UNIT         ?PR?WIFI_INIT?WIFI
            CODE    4D0EH     0036H     UNIT         ?PR?EEPROM
            CODE    4D44H     0036H     UNIT         ?PR?_LCD_ADDRESS?LCD
            CODE    4D7AH     0034H     UNIT         ?PR?_GET_TARGET_CHANNEL?REPORT
            CODE    4DAEH     0034H     UNIT         ?PR?_GET_TARGET_UART?REPORT
            CODE    4DE2H     0031H     UNIT         ?PR?_LCDDLY?MENU
            CODE    4E13H     0031H     UNIT         ?PR?WIFI_EXIT_TRT?WIFI
            CODE    4E44H     0030H     UNIT         ?PR?CHECKIAP_FLASH?MAIN
            CODE    4E74H     002FH     UNIT         ?PR?_IAPREAD?EEPROM
            CODE    4EA3H     002DH     UNIT         ?PR?BAUDINIT?CONTROL
            CODE    4ED0H     002DH     UNIT         ?PR?RELOADSETTINGUISHOW?CONTROL
BL51 BANKED LINKER/LOCATER V6.22.2.0                                                  12/18/2021  09:21:04  PAGE 4


            CODE    4EFDH     002CH     UNIT         ?PR?_IAPWRITE_BUFF?EEPROM
            CODE    4F29H     002CH     UNIT         ?PR?_TRANSFER_COMMAND?LCD
            CODE    4F55H     002CH     UNIT         ?PR?_TRANSFER_DATA?LCD
            CODE    4F81H     002BH     UNIT         ?PR?_IAPREAD_BUFF?EEPROM
            CODE    4FACH     002AH     UNIT         ?PR?PFUNC
            CODE    4FD6H     0027H     UNIT         ?PR?PASSWORDINPUTUISHOW?CONTROL
            CODE    4FFDH     0027H     UNIT         ?PR?KEYCONTROL_CANCEL?MENU
            CODE    5024H     0027H     UNIT         ?PR?TIMER0_INIT?TIMER
            CODE    504BH     0026H     UNIT         ?PR?KEYMAIN_MENU?MENU
            CODE    5071H     0026H     UNIT         ?PR?SYSTEMTIMER?SYSTEMTIMER
            CODE    5097H     0026H     UNIT         ?PR?_IAPPROGRAM?EEPROM
            CODE    50BDH     0026H     UNIT         ?PR?_IAPERASE?EEPROM
            CODE    50E3H     0026H     UNIT         ?PR?CLEAR_SCREEN?LCD
            CODE    5109H     0025H     UNIT         ?PR?PASSWORDJUDGE?CONTROL
            CODE    512EH     0025H     UNIT         ?CO?PFUNC
            CODE    5153H     0022H     UNIT         ?PR?UART1_INIT?USART
            CODE    5175H     0022H     UNIT         ?PR?_BUSY_AWAIT?USART
            CODE    5197H     0021H     UNIT         ?PR?UART2_INIT?USART
            CODE    51B8H     001EH     UNIT         ?PR?MAIN
            CODE    51D6H     001EH     UNIT         ?PR?KEYMENU_ENTER?MENU
            CODE    51F4H     001EH     UNIT         ?PR?UART3_INIT?USART
            CODE    5212H     001EH     UNIT         ?PR?UART4_INIT?USART
            CODE    5230H     001CH     UNIT         ?PR?_DELAY_MS?SYSTEMTIMER
            CODE    524CH     001BH     UNIT         ?PR?KEYMAIN_CANCEL?MENU
            CODE    5267H     001BH     UNIT         ?PR?KEYCONTROL_MENU?MENU
            CODE    5282H     0019H     UNIT         ?PR?_LOOPINDEX?PFUNC
            CODE    529BH     0019H     UNIT         ?PR?WIFI_OPEN_AP?WIFI
            CODE    52B4H     0019H     UNIT         ?PR?WIFI_CLOSE_AP?WIFI
            CODE    52CDH     0018H     UNIT         ?PR?_INPUTOFFECT?CONTROL
            CODE    52E5H     0018H     UNIT         ?PR?SCREENSAVERUISHOW?CONTROL
            CODE    52FDH     0011H     UNIT         ?PR?KEYBAUD_CANCEL?MENU
            CODE    530EH     0010H     UNIT         ?PR?KEYMENU_CANCEL?MENU
            CODE    531EH     000EH     UNIT         ?PR?CONTROLINIT?CONTROL
            CODE    532CH     000DH     UNIT         ?PR?IAPIDLE?EEPROM
            CODE    5339H     000CH     UNIT         ?PR?UART_HANDLE?REPORT
            CODE    5345H     000CH     UNIT         ?PR?_WIFI_ENABLE?WIFI
            CODE    5351H     000BH     UNIT         ?PR?MAIN?MAIN
            CODE    535CH     0009H     UNIT         ?PR?POWERINIT?CONTROL
            CODE    5365H     0009H     UNIT         ?PR?LCDSHOWINIT?MENU
            CODE    536EH     0009H     UNIT         ?PR?BAUD_SETTING?MENU
            CODE    5377H     0009H     UNIT         ?PR?DELAY1MS?SYSTEMTIMER
            CODE    5380H     0006H     UNIT         ?PR?GPIO



OVERLAY MAP OF MODULE:   .\Objects\WIRELESS_PLC (MAIN)


SEGMENT                                    XDATA_GROUP
  +--> CALLED SEGMENT                    START    LENGTH
--------------------------------------------------------
?PR?UART1_ISR?USART                      -----    -----
  +--> ?PR?USART

*** NEW ROOT ***************************************************

?PR?UART2_ISR?USART                      -----    -----
BL51 BANKED LINKER/LOCATER V6.22.2.0                                                  12/18/2021  09:21:04  PAGE 5


  +--> ?PR?USART

*** NEW ROOT ***************************************************

?PR?UART3_ISR?USART                      -----    -----
  +--> ?PR?USART

*** NEW ROOT ***************************************************

?PR?UART4_ISR?USART                      -----    -----
  +--> ?PR?USART

*** NEW ROOT ***************************************************

?PR?TIMER0_ISR?TIMER                     -----    -----
  +--> ?PR?SYSTEMTIMER?SYSTEMTIMER
  +--> ?PR?TIMER

*** NEW ROOT ***************************************************

?C_C51STARTUP                            -----    -----
  +--> ?PR?MAIN?MAIN
  +--> ?C_INITSEG

?PR?MAIN?MAIN                            -----    -----
  +--> ?PR?SYSTEMINIT?MAIN
  +--> ?PR?KEYEVENT?MENU
  +--> ?PR?UART_HANDLE?REPORT

?PR?SYSTEMINIT?MAIN                      -----    -----
  +--> ?PR?INIT_ALL?MAIN
  +--> ?PR?INITIAL_LCD?LCD
  +--> ?PR?IAP_FLASH_IINIT?MAIN
  +--> ?PR?TIMER0_INIT?TIMER
  +--> ?PR?UART1_INIT?USART
  +--> ?PR?UART2_INIT?USART
  +--> ?PR?UART3_INIT?USART
  +--> ?PR?UART4_INIT?USART
  +--> ?PR?CONTROLINIT?CONTROL
  +--> ?PR?LCDSHOWINIT?MENU
  +--> ?PR?WIFI_INIT?WIFI
  +--> ?PR?CONTROLSAVE?CONTROL
  +--> ?PR?_INIT_LISTQUEUE?REPORT

?PR?INIT_ALL?MAIN                        0BF3H    0002H
  +--> ?PR?MAIN
  +--> ?PR?_GPIO_INILIZE?GPIO

?PR?_GPIO_INILIZE?GPIO                   -----    -----
  +--> ?PR?GPIO

?PR?INITIAL_LCD?LCD                      -----    -----
  +--> ?PR?_DELAY_MS?SYSTEMTIMER
  +--> ?PR?_TRANSFER_COMMAND?LCD
  +--> ?PR?CLEAR_SCREEN?LCD

?PR?_DELAY_MS?SYSTEMTIMER                0BFCH    0002H
BL51 BANKED LINKER/LOCATER V6.22.2.0                                                  12/18/2021  09:21:04  PAGE 6


  +--> ?PR?DELAY1MS?SYSTEMTIMER

?PR?_TRANSFER_COMMAND?LCD                -----    -----
  +--> ?PR?LCD

?PR?LCD                                  -----    -----
  +--> ?PR?_LCD_ADDRESS?LCD

?PR?CLEAR_SCREEN?LCD                     -----    -----
  +--> ?PR?LCD
  +--> ?PR?_TRANSFER_COMMAND?LCD
  +--> ?PR?_TRANSFER_DATA?LCD

?PR?_TRANSFER_DATA?LCD                   -----    -----
  +--> ?PR?LCD

?PR?IAP_FLASH_IINIT?MAIN                 -----    -----
  +--> ?PR?CHECKIAP_FLASH?MAIN
  +--> ?CO?MAIN
  +--> ?PR?MAIN
  +--> ?PR?_GUI_STRING?LCD
  +--> ?PR?_DELAY_MS?SYSTEMTIMER
  +--> ?PR?_IAPERASE?EEPROM
  +--> ?PR?_IAPWRITE_BUFF?EEPROM
  +--> ?PR?CLEAR_SCREEN?LCD

?PR?CHECKIAP_FLASH?MAIN                  -----    -----
  +--> ?PR?MAIN
  +--> ?PR?_IAPREAD_BUFF?EEPROM
  +--> ?PR?_GETCRC16?REPORT

?PR?_IAPREAD_BUFF?EEPROM                 0BF3H    0006H
  +--> ?PR?EEPROM
  +--> ?PR?_IAPREAD?EEPROM

?PR?_IAPREAD?EEPROM                      0BF9H    0001H
  +--> ?PR?IAPCONFIGWAITTIME?EEPROM
  +--> ?PR?EEPROM

?PR?IAPCONFIGWAITTIME?EEPROM             0BFFH    0004H
  +--> ?PR?EEPROM

?PR?_GETCRC16?REPORT                     0BF6H    0009H

?PR?_GUI_STRING?LCD                      0BF9H    0009H
  +--> ?PR?_GETFRONTPARM?LCD
  +--> ?PR?LCD
  +--> ?PR?_GETCHINDEX?LCD
  +--> ?PR?_GUI_LATTICE?LCD

?PR?_GETFRONTPARM?LCD                    -----    -----
  +--> ?CO?CHINESE_CODE

?PR?_GETCHINDEX?LCD                      0C02H    0002H
  +--> ?CO?CHINESE_CODE

?PR?_GUI_LATTICE?LCD                     0C02H    000FH
BL51 BANKED LINKER/LOCATER V6.22.2.0                                                  12/18/2021  09:21:04  PAGE 7


  +--> ?PR?LCD
  +--> ?PR?_LCD_ADDRESS?LCD
  +--> ?PR?_TRANSFER_DATA?LCD

?PR?_IAPERASE?EEPROM                     0BF6H    0002H
  +--> ?PR?IAPCONFIGWAITTIME?EEPROM
  +--> ?PR?EEPROM
  +--> ?PR?IAPIDLE?EEPROM
  +--> ?PR?_DELAY_MS?SYSTEMTIMER

?PR?_IAPWRITE_BUFF?EEPROM                0BF6H    0006H
  +--> ?PR?EEPROM
  +--> ?PR?_IAPPROGRAM?EEPROM

?PR?_IAPPROGRAM?EEPROM                   0BFCH    0003H
  +--> ?PR?IAPCONFIGWAITTIME?EEPROM
  +--> ?PR?EEPROM
  +--> ?PR?IAPIDLE?EEPROM

?PR?TIMER0_INIT?TIMER                    -----    -----
  +--> ?PR?_TIM_BASE_MSPINIT?TIMER

?PR?UART1_INIT?USART                     -----    -----
  +--> ?PR?USART
  +--> ?PR?_UART_BASE_MSPINIT?USART

?PR?_UART_BASE_MSPINIT?USART             -----    -----
  +--> ?PR?USART

?PR?UART2_INIT?USART                     -----    -----
  +--> ?PR?USART
  +--> ?PR?_UART_BASE_MSPINIT?USART

?PR?UART3_INIT?USART                     -----    -----
  +--> ?PR?USART
  +--> ?PR?_UART_BASE_MSPINIT?USART

?PR?UART4_INIT?USART                     -----    -----
  +--> ?PR?USART
  +--> ?PR?_UART_BASE_MSPINIT?USART

?PR?CONTROLINIT?CONTROL                  -----    -----
  +--> ?PR?BAUDINIT?CONTROL
  +--> ?PR?POWERINIT?CONTROL
  +--> ?PR?COMMUNICAINIT?CONTROL

?PR?BAUDINIT?CONTROL                     -----    -----
  +--> ?PR?CONTROL

?PR?CONTROL                              -----    -----
  +--> ?CO?CHINESE_CODE

?PR?COMMUNICAINIT?CONTROL                -----    -----
  +--> ?PR?_WIFI_ENABLE?WIFI

?PR?LCDSHOWINIT?MENU                     -----    -----
  +--> ?PR?SCREENSAVERUISHOW?CONTROL
BL51 BANKED LINKER/LOCATER V6.22.2.0                                                  12/18/2021  09:21:04  PAGE 8


  +--> ?PR?_LCDSHOW?MENU

?PR?SCREENSAVERUISHOW?CONTROL            -----    -----
  +--> ?PR?CLEAR_SCREEN?LCD
  +--> ?PR?CONTROL
  +--> ?CO?CHINESE_CODE
  +--> ?PR?_GUI_LATTICE?LCD

?PR?WIFI_INIT?WIFI                       0BF6H    0001H
  +--> ?PR?_DELAY_MS?SYSTEMTIMER
  +--> ?PR?WIFI
  +--> ?PR?_EXE_APPOINT_CMD?WIFI

?PR?WIFI                                 -----    -----
  +--> ?CO?WIFI

?PR?_EXE_APPOINT_CMD?WIFI                0BF7H    0005H
  +--> ?PR?WIFI
  +--> ?PR?_STRLEN?STRLEN
  +--> ?PR?_UARTX_SENDSTR?USART
  +--> ?PR?_DELAY_MS?SYSTEMTIMER

?PR?_UARTX_SENDSTR?USART                 0BFCH    0007H
  +--> ?PR?_BUSY_AWAIT?USART
  +--> ?PR?USART

?PR?CONTROLSAVE?CONTROL                  -----    -----
  +--> ?PR?_GETCRC16?REPORT
  +--> ?PR?_IAPERASE?EEPROM
  +--> ?PR?_IAPWRITE_BUFF?EEPROM

?PR?_INIT_LISTQUEUE?REPORT               0BF3H    0004H
  +--> ?PR?REPORT

?PR?KEYEVENT?MENU                        0BF3H    0002H
  +--> ?PR?KEY_CHICK?KEY
  +--> ?PR?_LCDDLY?MENU

?PR?KEY_CHICK?KEY                        0BF5H    0001H
  +--> ?PR?_DELAY_MS?SYSTEMTIMER

?PR?_LCDDLY?MENU                         -----    -----
  +--> ?PR?MENU
  +--> ?PR?SCREENSAVERUISHOW?CONTROL
  +--> ?PR?_LCDSHOW?MENU
  +--> ?PR?_PASSWORDDELETE?CONTROL

?PR?MENU                                 -----    -----
  +--> ?CO?CHINESE_CODE

?PR?_PASSWORDDELETE?CONTROL              0BF6H    0003H
  +--> ?PR?CONTROL

?PR?UART_HANDLE?REPORT                   -----    -----
  +--> ?PR?_PUBLIC_DATAHANDLE?REPORT

?PR?_PUBLIC_DATAHANDLE?REPORT            0BF3H    0002H
BL51 BANKED LINKER/LOCATER V6.22.2.0                                                  12/18/2021  09:21:04  PAGE 9


  +--> ?PR?_GET_TARGET_CHANNEL?REPORT
  +--> ?PR?_GET_TARGET_UART?REPORT
  +--> ?PR?_SOURCE_DATAHANDLE?REPORT
  +--> ?PR?_TARGET_DATAHANDLE?REPORT

?PR?_SOURCE_DATAHANDLE?REPORT            0BF5H    0006H
  +--> ?PR?REPORT
  +--> ?PR?_UARTX_SENDSTR?USART

?PR?_TARGET_DATAHANDLE?REPORT            0BF5H    0006H
  +--> ?PR?REPORT
  +--> ?PR?_UARTX_SENDSTR?USART

?C_INITSEG                               -----    -----
  +--> ?CO?CONTROL
  +--> ?PR?WIFI_OPEN_AP?WIFI
  +--> ?PR?WIFI_CLOSE_AP?WIFI
  +--> ?PR?_PUBLIC_DATAHANDLE?REPORT
  +--> ?CO?MENU
  +--> ?PR?PLCPOWERUISHOW?CONTROL
  +--> ?PR?COMMUNICAUISHOW?CONTROL
  +--> ?PR?PASSWORDCHANGEUISHOW?CONTROL
  +--> ?PR?BAUD_SETTING?MENU
  +--> ?PR?HOTSPOTSETTINGUISHOW?CONTROL
  +--> ?PR?RELOADSETTINGUISHOW?CONTROL
  +--> ?PR?BAUDSETTINGUI1SHOW?CONTROL
  +--> ?PR?BAUDSETTINGUI2SHOW?CONTROL
  +--> ?PR?BAUDSETTINGUI3SHOW?CONTROL
  +--> ?PR?BAUDSETTINGUI4SHOW?CONTROL
  +--> ?PR?KEYMAIN_UP?MENU
  +--> ?PR?KEYMAIN_DOWN?MENU
  +--> ?PR?KEYMAIN_ENTER?MENU
  +--> ?PR?KEYMAIN_CANCEL?MENU
  +--> ?PR?KEYMAIN_MENU?MENU
  +--> ?PR?KEYMENU_UP?MENU
  +--> ?PR?KEYMENU_DOWN?MENU
  +--> ?PR?KEYMENU_ENTER?MENU
  +--> ?PR?KEYMENU_CANCEL?MENU
  +--> ?PR?KEYMENU_MENU?MENU
  +--> ?PR?KEYCONTROL_UP?MENU
  +--> ?PR?KEYCONTROL_DOWN?MENU
  +--> ?PR?KEYCONTROL_ENTER?MENU
  +--> ?PR?KEYCONTROL_CANCEL?MENU
  +--> ?PR?KEYCONTROL_MENU?MENU
  +--> ?PR?KEYBAUD_UP?MENU
  +--> ?PR?KEYBAUD_DOWN?MENU
  +--> ?PR?KEYBAUD_ENTER?MENU
  +--> ?PR?KEYBAUD_CANCEL?MENU
  +--> ?PR?KEYBAUD_MENU?MENU

?PR?WIFI_OPEN_AP?WIFI                    -----    -----
  +--> ?PR?WIFI_EXIT_TRT?WIFI
  +--> ?PR?WIFI
  +--> ?PR?_EXE_APPOINT_CMD?WIFI
  +--> ?CO?WIFI

?PR?WIFI_EXIT_TRT?WIFI                   0BF3H    0001H
BL51 BANKED LINKER/LOCATER V6.22.2.0                                                  12/18/2021  09:21:04  PAGE 10


  +--> ?PR?WIFI
  +--> ?PR?_EXE_APPOINT_CMD?WIFI

?PR?WIFI_CLOSE_AP?WIFI                   -----    -----
  +--> ?PR?WIFI_EXIT_TRT?WIFI
  +--> ?PR?WIFI
  +--> ?PR?_EXE_APPOINT_CMD?WIFI
  +--> ?CO?WIFI

?PR?PLCPOWERUISHOW?CONTROL               -----    -----
  +--> ?PR?CLEAR_SCREEN?LCD
  +--> ?CO?CONTROL
  +--> ?PR?CONTROL
  +--> ?PR?_GUI_STRING?LCD
  +--> ?CO?CHINESE_CODE
  +--> ?PR?_GUI_LATTICE?LCD

?PR?COMMUNICAUISHOW?CONTROL              -----    -----
  +--> ?PR?CLEAR_SCREEN?LCD
  +--> ?PR?CONTROL
  +--> ?CO?CHINESE_CODE
  +--> ?PR?_GUI_LATTICE?LCD
  +--> ?CO?CONTROL
  +--> ?PR?_GUI_STRING?LCD

?PR?PASSWORDCHANGEUISHOW?CONTROL         0BF6H    0003H
  +--> ?PR?CLEAR_SCREEN?LCD
  +--> ?PR?_MYITOA?PFUNC
  +--> ?PR?CONTROL
  +--> ?PR?_GUI_STRING?LCD
  +--> ?CO?CHINESE_CODE
  +--> ?PR?_GUI_LATTICE?LCD
  +--> ?CO?CONTROL

?PR?_MYITOA?PFUNC                        0BF9H    0035H
  +--> ?CO?PFUNC
  +--> ?PR?PFUNC

?PR?BAUD_SETTING?MENU                    -----    -----
  +--> ?PR?REFRESHBAUDDISP?MENU
  +--> ?PR?_LCDSHOW?MENU

?PR?REFRESHBAUDDISP?MENU                 0BF6H    0001H
  +--> ?PR?CLEAR_SCREEN?LCD
  +--> ?PR?MENU
  +--> ?PR?_GUI_STRING?LCD
  +--> ?PR?_GUI_LATTICE?LCD

?PR?HOTSPOTSETTINGUISHOW?CONTROL         -----    -----
  +--> ?PR?CLEAR_SCREEN?LCD
  +--> ?CO?CONTROL
  +--> ?PR?_GUI_STRING?LCD
  +--> ?PR?CONTROL
  +--> ?PR?_GUI_LATTICE?LCD
  +--> ?CO?CHINESE_CODE

?PR?RELOADSETTINGUISHOW?CONTROL          -----    -----
BL51 BANKED LINKER/LOCATER V6.22.2.0                                                  12/18/2021  09:21:04  PAGE 11


  +--> ?PR?CLEAR_SCREEN?LCD
  +--> ?CO?CONTROL
  +--> ?PR?CONTROL
  +--> ?PR?_GUI_STRING?LCD

?PR?BAUDSETTINGUI1SHOW?CONTROL           -----    -----
  +--> ?PR?CLEAR_SCREEN?LCD
  +--> ?CO?CONTROL
  +--> ?PR?CONTROL
  +--> ?PR?_GUI_STRING?LCD
  +--> ?PR?_GUI_LATTICE?LCD
  +--> ?CO?CHINESE_CODE

?PR?BAUDSETTINGUI2SHOW?CONTROL           -----    -----
  +--> ?PR?CLEAR_SCREEN?LCD
  +--> ?CO?CONTROL
  +--> ?PR?CONTROL
  +--> ?PR?_GUI_STRING?LCD
  +--> ?PR?_GUI_LATTICE?LCD
  +--> ?CO?CHINESE_CODE

?PR?BAUDSETTINGUI3SHOW?CONTROL           -----    -----
  +--> ?PR?CLEAR_SCREEN?LCD
  +--> ?CO?CONTROL
  +--> ?PR?CONTROL
  +--> ?PR?_GUI_STRING?LCD
  +--> ?PR?_GUI_LATTICE?LCD
  +--> ?CO?CHINESE_CODE

?PR?BAUDSETTINGUI4SHOW?CONTROL           -----    -----
  +--> ?PR?CLEAR_SCREEN?LCD
  +--> ?CO?CONTROL
  +--> ?PR?CONTROL
  +--> ?PR?_GUI_STRING?LCD
  +--> ?PR?_GUI_LATTICE?LCD
  +--> ?CO?CHINESE_CODE

?PR?KEYMAIN_UP?MENU                      0BF3H    0003H
  +--> ?PR?MENU
  +--> ?PR?_PASSWORDINPUT?CONTROL
  +--> ?CO?MENU
  +--> ?PR?_MYITOA?PFUNC
  +--> ?PR?_GUI_STRING?LCD

?PR?_PASSWORDINPUT?CONTROL               0BF6H    0003H
  +--> ?PR?CONTROL

?PR?KEYMAIN_DOWN?MENU                    0BF3H    0003H
  +--> ?PR?MENU
  +--> ?PR?_PASSWORDINPUT?CONTROL
  +--> ?CO?MENU
  +--> ?PR?_MYITOA?PFUNC
  +--> ?PR?_GUI_STRING?LCD

?PR?KEYMAIN_ENTER?MENU                   -----    -----
  +--> ?PR?MENU
  +--> ?PR?PASSWORDJUDGE?CONTROL
BL51 BANKED LINKER/LOCATER V6.22.2.0                                                  12/18/2021  09:21:04  PAGE 12


  +--> ?CO?MENU
  +--> ?PR?_STRNCMP?STRNCMP
  +--> ?PR?REFRESHMENUDISP?MENU
  +--> ?PR?_LCDSHOW?MENU
  +--> ?PR?_PASSWORDDELETE?CONTROL
  +--> ?PR?CLEAR_SCREEN?LCD
  +--> ?PR?_GUI_STRING?LCD
  +--> ?PR?_DELAY_MS?SYSTEMTIMER
  +--> ?PR?PASSWORDINPUTUISHOW?CONTROL

?PR?PASSWORDJUDGE?CONTROL                0BF6H    0022H
  +--> ?PR?_STRNCMP?STRNCMP

?PR?_STRNCMP?STRNCMP                     0C18H    0008H

?PR?REFRESHMENUDISP?MENU                 0BF6H    0001H
  +--> ?PR?CLEAR_SCREEN?LCD
  +--> ?PR?MENU
  +--> ?PR?_GUI_STRING?LCD
  +--> ?PR?_GUI_LATTICE?LCD

?PR?PASSWORDINPUTUISHOW?CONTROL          -----    -----
  +--> ?PR?CLEAR_SCREEN?LCD
  +--> ?PR?CONTROL
  +--> ?CO?CHINESE_CODE
  +--> ?PR?_GUI_LATTICE?LCD
  +--> ?CO?CONTROL
  +--> ?PR?_GUI_STRING?LCD

?PR?KEYMAIN_CANCEL?MENU                  -----    -----
  +--> ?PR?MENU
  +--> ?PR?SCREENSAVERUISHOW?CONTROL
  +--> ?PR?_LCDSHOW?MENU
  +--> ?PR?_PASSWORDDELETE?CONTROL

?PR?KEYMAIN_MENU?MENU                    -----    -----
  +--> ?PR?PASSWORDINPUTUISHOW?CONTROL
  +--> ?PR?_LCDSHOW?MENU
  +--> ?PR?MENU
  +--> ?PR?_INPUTOFFECT?CONTROL

?PR?KEYMENU_UP?MENU                      -----    -----
  +--> ?PR?MENU
  +--> ?PR?_LOOPINDEX?PFUNC
  +--> ?PR?REFRESHMENUDISP?MENU
  +--> ?PR?_LCDSHOW?MENU

?PR?KEYMENU_DOWN?MENU                    -----    -----
  +--> ?PR?MENU
  +--> ?PR?_LOOPINDEX?PFUNC
  +--> ?PR?REFRESHMENUDISP?MENU
  +--> ?PR?_LCDSHOW?MENU

?PR?KEYMENU_ENTER?MENU                   -----    -----
  +--> ?PR?MENU
  +--> ?PR?_LCDSHOW?MENU

BL51 BANKED LINKER/LOCATER V6.22.2.0                                                  12/18/2021  09:21:04  PAGE 13


?PR?KEYMENU_CANCEL?MENU                  -----    -----
  +--> ?PR?MENU
  +--> ?PR?SCREENSAVERUISHOW?CONTROL
  +--> ?PR?_LCDSHOW?MENU
  +--> ?PR?_PASSWORDDELETE?CONTROL

?PR?KEYCONTROL_UP?MENU                   0BF3H    0003H
  +--> ?PR?MENU
  +--> ?CO?MENU
  +--> ?PR?_MYITOA?PFUNC
  +--> ?PR?COMMUNICAUISHOW?CONTROL
  +--> ?PR?_LCDSHOW?MENU
  +--> ?PR?_LOOPINDEX?PFUNC
  +--> ?PR?REFRESHBAUDDISP?MENU
  +--> ?PR?_GUI_STRING?LCD
  +--> ?PR?_PASSWORDINPUT?CONTROL

?PR?KEYCONTROL_DOWN?MENU                 0BF3H    0003H
  +--> ?PR?MENU
  +--> ?CO?MENU
  +--> ?PR?_MYITOA?PFUNC
  +--> ?PR?COMMUNICAUISHOW?CONTROL
  +--> ?PR?_LCDSHOW?MENU
  +--> ?PR?_LOOPINDEX?PFUNC
  +--> ?PR?REFRESHBAUDDISP?MENU
  +--> ?PR?_GUI_STRING?LCD
  +--> ?PR?_PASSWORDINPUT?CONTROL

?PR?KEYCONTROL_ENTER?MENU                0BF3H    0003H
  +--> ?PR?CHECK_PASSWORDBITS?MENU
  +--> ?PR?MENU
  +--> ?PR?_MYITOA?PFUNC
  +--> ?PR?_GUI_STRING?LCD
  +--> ?CO?CHINESE_CODE
  +--> ?PR?_GUI_LATTICE?LCD
  +--> ?PR?PASSWORDJUDGE?CONTROL
  +--> ?PR?CONTROLSAVE?CONTROL
  +--> ?PR?_PASSWORDDELETE?CONTROL
  +--> ?PR?REFRESHMENUDISP?MENU
  +--> ?PR?CLEAR_SCREEN?LCD
  +--> ?CO?MENU
  +--> ?PR?PASSWORDCHANGEUISHOW?CONTROL
  +--> ?PR?_LCDSHOW?MENU
  +--> ?PR?PLCPOWERUISHOW?CONTROL
  +--> ?PR?_WIFI_ENABLE?WIFI
  +--> ?PR?_IAPERASE?EEPROM
  +--> ?PR?_IAPWRITE_BUFF?EEPROM
  +--> ?PR?BAUDINIT?CONTROL
  +--> ?PR?POWERINIT?CONTROL
  +--> ?PR?COMMUNICAINIT?CONTROL
  +--> ?PR?WIFI_INIT?WIFI
  +--> ?PR?_DELAY_MS?SYSTEMTIMER

?PR?CHECK_PASSWORDBITS?MENU              -----    -----
  +--> ?PR?CLEAR_SCREEN?LCD
  +--> ?CO?MENU
  +--> ?PR?MENU
BL51 BANKED LINKER/LOCATER V6.22.2.0                                                  12/18/2021  09:21:04  PAGE 14


  +--> ?PR?_GUI_STRING?LCD
  +--> ?PR?_PASSWORDDELETE?CONTROL
  +--> ?PR?_DELAY_MS?SYSTEMTIMER
  +--> ?PR?PASSWORDCHANGEUISHOW?CONTROL
  +--> ?PR?_LCDSHOW?MENU

?PR?KEYCONTROL_CANCEL?MENU               -----    -----
  +--> ?PR?MENU
  +--> ?PR?_PASSWORDDELETE?CONTROL
  +--> ?PR?REFRESHMENUDISP?MENU
  +--> ?PR?_LCDSHOW?MENU

?PR?KEYCONTROL_MENU?MENU                 -----    -----
  +--> ?PR?MENU
  +--> ?PR?_INPUTOFFECT?CONTROL

?PR?KEYBAUD_UP?MENU                      -----    -----
  +--> ?PR?MENU
  +--> ?PR?_LOOPINDEX?PFUNC
  +--> ?PR?_GUI_STRING?LCD

?PR?KEYBAUD_DOWN?MENU                    -----    -----
  +--> ?PR?MENU
  +--> ?PR?_LOOPINDEX?PFUNC
  +--> ?PR?_GUI_STRING?LCD

?PR?KEYBAUD_ENTER?MENU                   -----    -----
  +--> ?PR?MENU
  +--> ?PR?CONTROLSAVE?CONTROL
  +--> ?PR?CLEAR_SCREEN?LCD
  +--> ?CO?MENU
  +--> ?PR?_GUI_STRING?LCD
  +--> ?PR?_DELAY_MS?SYSTEMTIMER
  +--> ?PR?KEYBAUD_CANCEL?MENU

?PR?KEYBAUD_CANCEL?MENU                  -----    -----
  +--> ?PR?REFRESHBAUDDISP?MENU
  +--> ?PR?_LCDSHOW?MENU



SYMBOL TABLE OF MODULE:  .\Objects\WIRELESS_PLC (MAIN)

  VALUE           TYPE          NAME
  ----------------------------------

  -------         MODULE        MAIN
  C:0000H         SYMBOL        _ICE_DUMMY_
  D:0080H         PUBLIC        P0
  D:0090H         PUBLIC        P1
  D:00A0H         PUBLIC        P2
  D:00B0H         PUBLIC        P3
  D:00C0H         PUBLIC        P4
  D:00C8H         PUBLIC        P5
  B:00A8H.7       PUBLIC        EA
  D:00E8H         PUBLIC        P6
  D:00F8H         PUBLIC        P7
BL51 BANKED LINKER/LOCATER V6.22.2.0                                                  12/18/2021  09:21:04  PAGE 15


  D:00BAH         PUBLIC        P_SW2
  D:00A8H         PUBLIC        IE
  C:40DCH         PUBLIC        Init_All
  X:0C5BH         PUBLIC        System_Parameter
  D:00B8H         PUBLIC        IP
  D:00D8H         PUBLIC        CCON
  C:5351H         PUBLIC        main
  D:0098H         PUBLIC        SCON
  D:0088H         PUBLIC        TCON
  B:00A0H.7       PUBLIC        P27
  C:3D99H         SYMBOL        systemInit
  C:41DFH         SYMBOL        Iap_Flash_Iinit
  C:4E44H         PUBLIC        CheckIap_Flash
  D:00D0H         PUBLIC        PSW
  C:51B8H         SYMBOL        Com0011
  C:51B8H         SYMBOL        L?0018
  C:51B9H         SYMBOL        L?0019
  C:51C1H         SYMBOL        L?0020
  C:51C3H         SYMBOL        L?0021
  C:51CCH         SYMBOL        L?0023
  -------         PROC          COM0011
  -------         ENDPROC       COM0011
  -------         PROC          MAIN
  C:5351H         LINE#         23
  C:5351H         LINE#         24
  C:5351H         LINE#         25
  C:5354H         LINE#         27
  C:5354H         LINE#         28
  C:5354H         LINE#         29
  C:5357H         LINE#         31
  C:535AH         LINE#         34
  -------         ENDPROC       MAIN
  C:3E0DH         SYMBOL        L?0016
  C:3E1BH         SYMBOL        L?0024
  -------         PROC          SYSTEMINIT
  C:3D99H         LINE#         37
  C:3D99H         LINE#         38
  C:3D99H         LINE#         39
  C:3D9CH         LINE#         43
  C:3DA0H         LINE#         44
  C:3DAAH         LINE#         47
  C:3DAEH         LINE#         48
  C:3DB8H         LINE#         51
  C:3DBCH         LINE#         52
  C:3DC6H         LINE#         55
  C:3DCAH         LINE#         56
  C:3DD4H         LINE#         60
  C:3DD7H         LINE#         62
  C:3DDAH         LINE#         64
  C:3DDDH         LINE#         65
  C:3DE4H         LINE#         69
  C:3DE7H         LINE#         71
  C:3DEAH         LINE#         73
  C:3DEDH         LINE#         75
  C:3DF0H         LINE#         77
  C:3DF2H         LINE#         79
  C:3DF5H         LINE#         81
BL51 BANKED LINKER/LOCATER V6.22.2.0                                                  12/18/2021  09:21:04  PAGE 16


  C:3DF7H         LINE#         85
  C:3DFAH         LINE#         86
  C:3E00H         LINE#         87
  C:3E00H         LINE#         89
  C:3E03H         LINE#         90
  C:3E09H         LINE#         92
  C:3E0CH         LINE#         93
  C:3E0CH         LINE#         96
  -------         ENDPROC       SYSTEMINIT
  C:4146H         SYMBOL        L?0022
  C:4154H         SYMBOL        L?0025
  -------         PROC          INIT_ALL
  -------         DO            
  X:0BF3H         SYMBOL        GPIO_InitStruct
  -------         ENDDO         
  C:40DCH         LINE#         99
  C:40DCH         LINE#         100
  C:40DCH         LINE#         105
  C:40DFH         LINE#         106
  C:40E5H         LINE#         108
  C:40ECH         LINE#         110
  C:40F2H         LINE#         112
  C:40F6H         LINE#         113
  C:40F9H         LINE#         121
  C:40FDH         LINE#         122
  C:40FFH         LINE#         123
  C:4107H         LINE#         125
  C:410DH         LINE#         126
  C:410FH         LINE#         127
  C:4114H         LINE#         131
  C:4114H         LINE#         132
  C:4114H         LINE#         133
  C:4118H         LINE#         135
  C:411BH         LINE#         136
  C:411EH         LINE#         137
  C:4126H         LINE#         141
  C:412CH         LINE#         142
  C:412FH         LINE#         143
  C:4134H         LINE#         147
  C:4134H         LINE#         148
  C:4134H         LINE#         149
  C:4139H         LINE#         152
  C:413CH         LINE#         153
  C:413EH         LINE#         154
  C:4146H         LINE#         156
  -------         ENDPROC       INIT_ALL
  -------         PROC          CHECKIAP_FLASH
  -------         DO            
  D:0006H         SYMBOL        CRC
  -------         ENDDO         
  C:4E44H         LINE#         161
  C:4E44H         LINE#         162
  C:4E44H         LINE#         163
  C:4E47H         LINE#         166
  C:4E51H         LINE#         168
  C:4E64H         LINE#         170
  C:4E70H         LINE#         171
BL51 BANKED LINKER/LOCATER V6.22.2.0                                                  12/18/2021  09:21:04  PAGE 17


  C:4E70H         LINE#         172
  C:4E72H         LINE#         173
  C:4E72H         LINE#         174
  C:4E73H         LINE#         175
  -------         ENDPROC       CHECKIAP_FLASH
  -------         PROC          IAP_FLASH_IINIT
  C:41DFH         LINE#         178
  C:41DFH         LINE#         179
  C:41DFH         LINE#         180
  C:41E6H         LINE#         181
  C:41E6H         LINE#         182
  C:41F2H         LINE#         183
  C:41F6H         LINE#         184
  C:41F8H         LINE#         186
  C:41F8H         LINE#         187
  C:4204H         LINE#         188
  C:420BH         LINE#         189
  C:4217H         LINE#         192
  C:421DH         LINE#         194
  C:4230H         LINE#         196
  C:423CH         LINE#         198
  C:4243H         LINE#         199
  C:4246H         LINE#         200
  C:4252H         LINE#         201
  C:4259H         LINE#         202
  C:4259H         LINE#         203
  -------         ENDPROC       IAP_FLASH_IINIT
  -------         ENDMOD        MAIN

  -------         MODULE        CONTROL
  C:0000H         SYMBOL        _ICE_DUMMY_
  D:0080H         PUBLIC        P0
  D:0090H         PUBLIC        P1
  X:0B76H         PUBLIC        PassWordI
  D:00A0H         PUBLIC        P2
  D:00B0H         PUBLIC        P3
  D:00C0H         PUBLIC        P4
  D:00C8H         PUBLIC        P5
  C:4B42H         PUBLIC        CommunicaUIshow
  B:00A8H.7       PUBLIC        EA
  D:00E8H         PUBLIC        P6
  D:00F8H         PUBLIC        P7
  D:00A8H         PUBLIC        IE
  C:4FD6H         PUBLIC        PassWordInputUIShow
  C:0026H         PUBLIC        _PassWordDelete
  C:4EA3H         PUBLIC        BaudInit
  C:49A7H         PUBLIC        PlcPowerUIshow
  X:0B87H         PUBLIC        G_Aplist_Size
  D:00B8H         PUBLIC        IP
  C:4ED0H         PUBLIC        ReloadSettingUIshow
  D:00D8H         PUBLIC        CCON
  C:535CH         PUBLIC        PowerInit
  X:0B88H         PUBLIC        PassWordChange1
  D:0098H         PUBLIC        SCON
  X:0B99H         PUBLIC        PassWordChange2
  D:0088H         PUBLIC        TCON
  B:0080H.7       PUBLIC        P07
BL51 BANKED LINKER/LOCATER V6.22.2.0                                                  12/18/2021  09:21:04  PAGE 18


  C:0003H         PUBLIC        CommunicaInit
  C:442FH         PUBLIC        HotspotSettingUIshow
  X:0BAAH         PUBLIC        Baudlist
  X:0BE6H         PUBLIC        G_BaudList_Size
  C:3FCEH         PUBLIC        PassWordChangeUIShow
  C:5109H         PUBLIC        PassWordjudge
  C:4509H         PUBLIC        _PassWordInput
  D:008DH         PUBLIC        TH1
  D:00D6H         PUBLIC        T2H
  D:00D4H         PUBLIC        T3H
  D:00D2H         PUBLIC        T4H
  D:008BH         PUBLIC        TL1
  D:00D7H         PUBLIC        T2L
  D:00D5H         PUBLIC        T3L
  D:00D3H         PUBLIC        T4L
  C:52E5H         PUBLIC        ScreensaverUiShow
  C:52CDH         PUBLIC        _InputOffect
  X:0BE7H         PUBLIC        Aplist
  C:4B7EH         PUBLIC        BaudSettingUI1show
  C:4BF4H         PUBLIC        BaudSettingUI2show
  C:4C9FH         PUBLIC        ControlSave
  C:4C2DH         PUBLIC        BaudSettingUI3show
  C:4C66H         PUBLIC        BaudSettingUI4show
  D:00D0H         PUBLIC        PSW
  C:531EH         PUBLIC        ControlInit
  C:3D02H         SYMBOL        Com0024
  C:3D02H         SYMBOL        L?0037
  C:3D02H         SYMBOL        L?0038
  C:3D0CH         SYMBOL        L?0039
  C:3D0EH         SYMBOL        L?0040
  C:3D15H         SYMBOL        L?0041
  C:3D15H         SYMBOL        L?0042
  C:3D26H         SYMBOL        L?0043
  C:3D2DH         SYMBOL        L?0044
  C:3D35H         SYMBOL        L?0045
  C:3D35H         SYMBOL        L?0046
  C:3D48H         SYMBOL        L?0047
  C:3D50H         SYMBOL        L?0048
  C:3D58H         SYMBOL        L?0049
  C:3D58H         SYMBOL        L?0050
  C:3D5AH         SYMBOL        L?0051
  C:3D61H         SYMBOL        L?0052
  C:3D69H         SYMBOL        L?0053
  C:3D71H         SYMBOL        L?0054
  C:3D77H         SYMBOL        L?0055
  C:3D7FH         SYMBOL        L?0056
  C:3D81H         SYMBOL        L?0057
  C:3D88H         SYMBOL        L?0058
  C:3D90H         SYMBOL        L?0059
  -------         PROC          COM0024
  -------         ENDPROC       COM0024
  -------         PROC          CONTROLINIT
  C:531EH         LINE#         43
  C:531EH         LINE#         44
  C:531EH         LINE#         46
  C:5323H         LINE#         47
  C:5326H         LINE#         48
BL51 BANKED LINKER/LOCATER V6.22.2.0                                                  12/18/2021  09:21:04  PAGE 19


  C:5329H         LINE#         49
  -------         ENDPROC       CONTROLINIT
  -------         PROC          COMMUNICAINIT
  C:0003H         LINE#         52
  C:0003H         LINE#         53
  C:0003H         LINE#         56
  -------         ENDPROC       COMMUNICAINIT
  -------         PROC          POWERINIT
  C:535CH         LINE#         59
  C:535CH         LINE#         60
  C:535CH         LINE#         61
  C:5364H         LINE#         62
  -------         ENDPROC       POWERINIT
  -------         PROC          BAUDINIT
  C:4EA3H         LINE#         64
  C:4EA3H         LINE#         65
  C:4EA3H         LINE#         67
  C:4EAEH         LINE#         68
  C:4EB9H         LINE#         69
  C:4EC4H         LINE#         70
  C:4ECFH         LINE#         71
  -------         ENDPROC       BAUDINIT
  -------         PROC          _PASSWORDINPUT
  D:0007H         SYMBOL        operation
  X:0BF6H         SYMBOL        Password
  C:4509H         LINE#         80
  C:450FH         LINE#         81
  C:450FH         LINE#         83
  C:452EH         LINE#         84
  C:452EH         LINE#         85
  C:4531H         LINE#         86
  C:4531H         LINE#         87
  C:4536H         LINE#         88
  C:4536H         LINE#         89
  C:4537H         LINE#         90
  C:4537H         LINE#         91
  C:4539H         LINE#         93
  C:4539H         LINE#         94
  C:453EH         LINE#         95
  C:453EH         LINE#         96
  C:4543H         LINE#         97
  C:4543H         LINE#         98
  C:4548H         LINE#         99
  C:4554H         LINE#         100
  C:4554H         LINE#         101
  C:4571H         LINE#         102
  -------         ENDPROC       _PASSWORDINPUT
  -------         PROC          PASSWORDJUDGE
  X:0BF6H         SYMBOL        PasswordA
  X:0C07H         SYMBOL        PasswordB
  C:5109H         LINE#         112
  C:5109H         LINE#         113
  C:5109H         LINE#         115
  C:5128H         LINE#         116
  C:512BH         LINE#         118
  C:512DH         LINE#         119
  -------         ENDPROC       PASSWORDJUDGE
BL51 BANKED LINKER/LOCATER V6.22.2.0                                                  12/18/2021  09:21:04  PAGE 20


  -------         PROC          _PASSWORDDELETE
  X:0BF6H         SYMBOL        Password
  C:0026H         LINE#         121
  C:002CH         LINE#         122
  C:002CH         LINE#         123
  C:0038H         LINE#         124
  -------         ENDPROC       _PASSWORDDELETE
  -------         PROC          _INPUTOFFECT
  D:0001H         SYMBOL        Password
  C:52CDH         LINE#         127
  C:52CDH         LINE#         128
  C:52CDH         LINE#         129
  C:52D2H         LINE#         130
  C:52DAH         LINE#         131
  C:52DAH         LINE#         132
  C:52DFH         LINE#         133
  C:52DFH         LINE#         135
  -------         ENDPROC       _INPUTOFFECT
  -------         PROC          SCREENSAVERUISHOW
  C:52E5H         LINE#         144
  C:52E5H         LINE#         145
  C:52E5H         LINE#         146
  C:52E8H         LINE#         148
  -------         ENDPROC       SCREENSAVERUISHOW
  -------         PROC          PASSWORDINPUTUISHOW
  C:4FD6H         LINE#         151
  C:4FD6H         LINE#         152
  C:4FD6H         LINE#         153
  C:4FD9H         LINE#         154
  C:4FEFH         LINE#         155
  -------         ENDPROC       PASSWORDINPUTUISHOW
  -------         PROC          PASSWORDCHANGEUISHOW
  -------         DO            
  X:0BF6H         SYMBOL        i
  X:0BF7H         SYMBOL        temp
  -------         ENDDO         
  C:3FCEH         LINE#         158
  C:3FCEH         LINE#         159
  C:3FCEH         LINE#         165
  C:3FD1H         LINE#         167
  C:3FD7H         LINE#         168
  C:3FD7H         LINE#         170
  C:3FEAH         LINE#         171
  C:3FEAH         LINE#         172
  C:401DH         LINE#         173
  C:4025H         LINE#         174
  C:4039H         LINE#         175
  C:4039H         LINE#         177
  C:4047H         LINE#         178
  -------         ENDPROC       PASSWORDCHANGEUISHOW
  -------         PROC          PLCPOWERUISHOW
  C:49A7H         LINE#         181
  C:49A7H         LINE#         182
  C:49A7H         LINE#         183
  C:49AAH         LINE#         185
  C:49BAH         LINE#         186
  C:49CAH         LINE#         188
BL51 BANKED LINKER/LOCATER V6.22.2.0                                                  12/18/2021  09:21:04  PAGE 21


  C:49D3H         LINE#         189
  C:49D3H         LINE#         190
  C:49DCH         LINE#         191
  C:49DEH         LINE#         193
  C:49DEH         LINE#         194
  C:49F4H         LINE#         195
  C:49F4H         LINE#         196
  -------         ENDPROC       PLCPOWERUISHOW
  -------         PROC          COMMUNICAUISHOW
  C:4B42H         LINE#         198
  C:4B42H         LINE#         199
  C:4B42H         LINE#         200
  C:4B45H         LINE#         201
  C:4B62H         LINE#         203
  C:4B70H         LINE#         204
  -------         ENDPROC       COMMUNICAUISHOW
  -------         PROC          BAUDSETTINGUI1SHOW
  C:4B7EH         LINE#         219
  C:4B7EH         LINE#         220
  C:4B7EH         LINE#         221
  C:4B81H         LINE#         222
  C:4B8FH         LINE#         223
  C:4B9CH         LINE#         224
  C:4BA6H         LINE#         225
  -------         ENDPROC       BAUDSETTINGUI1SHOW
  -------         PROC          BAUDSETTINGUI2SHOW
  C:4BF4H         LINE#         228
  C:4BF4H         LINE#         229
  C:4BF4H         LINE#         230
  C:4BF7H         LINE#         231
  C:4C05H         LINE#         232
  C:4C12H         LINE#         233
  C:4C1CH         LINE#         234
  -------         ENDPROC       BAUDSETTINGUI2SHOW
  -------         PROC          BAUDSETTINGUI3SHOW
  C:4C2DH         LINE#         237
  C:4C2DH         LINE#         238
  C:4C2DH         LINE#         239
  C:4C30H         LINE#         240
  C:4C3EH         LINE#         241
  C:4C4BH         LINE#         242
  C:4C55H         LINE#         243
  -------         ENDPROC       BAUDSETTINGUI3SHOW
  -------         PROC          BAUDSETTINGUI4SHOW
  C:4C66H         LINE#         246
  C:4C66H         LINE#         247
  C:4C66H         LINE#         248
  C:4C69H         LINE#         249
  C:4C77H         LINE#         250
  C:4C84H         LINE#         251
  C:4C8EH         LINE#         252
  -------         ENDPROC       BAUDSETTINGUI4SHOW
  -------         PROC          RELOADSETTINGUISHOW
  C:4ED0H         LINE#         255
  C:4ED0H         LINE#         256
  C:4ED0H         LINE#         257
  C:4ED3H         LINE#         258
BL51 BANKED LINKER/LOCATER V6.22.2.0                                                  12/18/2021  09:21:04  PAGE 22


  C:4EE1H         LINE#         259
  C:4EEFH         LINE#         260
  -------         ENDPROC       RELOADSETTINGUISHOW
  -------         PROC          HOTSPOTSETTINGUISHOW
  C:442FH         LINE#         263
  C:442FH         LINE#         264
  C:442FH         LINE#         265
  C:4432H         LINE#         266
  C:4444H         LINE#         267
  C:4464H         LINE#         268
  C:446EH         LINE#         269
  C:447FH         LINE#         271
  C:448FH         LINE#         272
  -------         ENDPROC       HOTSPOTSETTINGUISHOW
  -------         PROC          CONTROLSAVE
  C:4C9FH         LINE#         281
  C:4C9FH         LINE#         282
  C:4C9FH         LINE#         284
  C:4CBAH         LINE#         286
  C:4CBCH         LINE#         288
  C:4CC2H         LINE#         289
  C:4CD4H         LINE#         290
  C:4CD6H         LINE#         291
  -------         ENDPROC       CONTROLSAVE
  -------         ENDMOD        CONTROL

  -------         MODULE        REPORT
  C:0000H         SYMBOL        _ICE_DUMMY_
  X:0001H         PUBLIC        ComData_Array
  D:0080H         PUBLIC        P0
  D:0090H         PUBLIC        P1
  D:00A0H         PUBLIC        P2
  D:00B0H         PUBLIC        P3
  D:00C0H         PUBLIC        P4
  D:00C8H         PUBLIC        P5
  D:00E8H         PUBLIC        P6
  D:00F8H         PUBLIC        P7
  C:4D7AH         SYMBOL        _Get_Target_Channel
  D:00A8H         PUBLIC        IE
  C:48B4H         PUBLIC        _Public_DataHandle
  C:3910H         SYMBOL        _Target_DataHandle
  D:00B8H         PUBLIC        IP
  C:4161H         PUBLIC        _Init_ListQueue
  C:3F43H         SYMBOL        _Source_DataHandle
  D:00D8H         PUBLIC        CCON
  C:3854H         PUBLIC        Rs485_to_Plc
  X:0010H         PUBLIC        Uart_LinkList
  D:0098H         PUBLIC        SCON
  D:0088H         PUBLIC        TCON
  B:00A0H.7       PUBLIC        P27
  C:3C6AH         PUBLIC        _getCrc16
  C:5339H         PUBLIC        Uart_Handle
  C:4DAEH         SYMBOL        _Get_Target_Uart
  D:00D0H         PUBLIC        PSW
  C:3373H         SYMBOL        Com0032
  C:3373H         SYMBOL        L?0051
  C:3373H         SYMBOL        L?0052
BL51 BANKED LINKER/LOCATER V6.22.2.0                                                  12/18/2021  09:21:04  PAGE 23


  C:3376H         SYMBOL        L?0053
  C:3384H         SYMBOL        L?0054
  C:338DH         SYMBOL        L?0055
  C:339AH         SYMBOL        L?0056
  C:339AH         SYMBOL        L?0057
  C:339DH         SYMBOL        L?0058
  C:33A7H         SYMBOL        L?0059
  C:33AAH         SYMBOL        L?0060
  C:33B5H         SYMBOL        L?0061
  C:33B8H         SYMBOL        L?0062
  C:33BEH         SYMBOL        L?0063
  C:33C5H         SYMBOL        L?0064
  C:33C6H         SYMBOL        L?0065
  C:33CEH         SYMBOL        L?0066
  C:33DAH         SYMBOL        L?0067
  C:33E2H         SYMBOL        L?0068
  C:33E5H         SYMBOL        L?0069
  C:33EBH         SYMBOL        L?0070
  C:33F0H         SYMBOL        L?0071
  C:33F6H         SYMBOL        L?0072
  C:33F6H         SYMBOL        L?0073
  C:3400H         SYMBOL        L?0074
  C:3404H         SYMBOL        L?0075
  C:340AH         SYMBOL        L?0076
  C:340AH         SYMBOL        L?0077
  C:3411H         SYMBOL        L?0078
  C:3411H         SYMBOL        L?0079
  C:3418H         SYMBOL        L?0080
  C:3422H         SYMBOL        L?0081
  C:342DH         SYMBOL        L?0082
  C:3438H         SYMBOL        L?0083
  C:3443H         SYMBOL        L?0084
  C:344DH         SYMBOL        L?0085
  -------         PROC          COM0032
  -------         ENDPROC       COM0032
  -------         PROC          _INIT_LISTQUEUE
  X:0BF3H         SYMBOL        List
  -------         DO            
  X:0BF6H         SYMBOL        i
  -------         ENDDO         
  C:4161H         LINE#         36
  C:4167H         LINE#         37
  C:4167H         LINE#         38
  C:416CH         LINE#         40
  C:4179H         LINE#         41
  C:4179H         LINE#         43
  C:4191H         LINE#         44
  C:419DH         LINE#         45
  C:41A0H         LINE#         46
  C:41A7H         LINE#         47
  C:41B0H         LINE#         48
  C:41B7H         LINE#         50
  C:41C6H         LINE#         51
  C:41CEH         LINE#         53
  -------         ENDPROC       _INIT_LISTQUEUE
  -------         PROC          UART_HANDLE
  -------         DO            
BL51 BANKED LINKER/LOCATER V6.22.2.0                                                  12/18/2021  09:21:04  PAGE 24


  X:0000H         SYMBOL        i
  -------         ENDDO         
  C:5339H         LINE#         81
  C:5339H         LINE#         82
  C:5339H         LINE#         99
  C:533EH         LINE#         101
  -------         ENDPROC       UART_HANDLE
  -------         PROC          _GET_TARGET_CHANNEL
  D:0006H         SYMBOL        channel
  -------         DO            
  D:0001H         SYMBOL        p
  -------         ENDDO         
  C:4D7AH         LINE#         114
  C:4D7AH         LINE#         115
  C:4D7AH         LINE#         116
  C:4D80H         LINE#         117
  C:4D92H         LINE#         118
  C:4D92H         LINE#         119
  C:4D92H         LINE#         120
  C:4D98H         LINE#         121
  C:4D99H         LINE#         122
  C:4D99H         LINE#         123
  C:4D9FH         LINE#         124
  C:4DA0H         LINE#         125
  C:4DA0H         LINE#         126
  C:4DA6H         LINE#         127
  C:4DA7H         LINE#         128
  C:4DA7H         LINE#         129
  C:4DADH         LINE#         130
  C:4DADH         LINE#         131
  C:4DADH         LINE#         132
  C:4DADH         LINE#         133
  C:4DADH         LINE#         134
  C:4DADH         LINE#         135
  -------         ENDPROC       _GET_TARGET_CHANNEL
  -------         PROC          _GET_TARGET_UART
  D:0006H         SYMBOL        channel
  -------         DO            
  D:0001H         SYMBOL        p
  -------         ENDDO         
  C:4DAEH         LINE#         143
  C:4DAEH         LINE#         144
  C:4DAEH         LINE#         145
  C:4DB4H         LINE#         146
  C:4DC6H         LINE#         147
  C:4DC6H         LINE#         148
  C:4DC6H         LINE#         149
  C:4DCCH         LINE#         150
  C:4DCDH         LINE#         151
  C:4DCDH         LINE#         152
  C:4DD3H         LINE#         153
  C:4DD4H         LINE#         154
  C:4DD4H         LINE#         155
  C:4DDAH         LINE#         156
  C:4DDBH         LINE#         157
  C:4DDBH         LINE#         158
  C:4DE1H         LINE#         159
BL51 BANKED LINKER/LOCATER V6.22.2.0                                                  12/18/2021  09:21:04  PAGE 25


  C:4DE1H         LINE#         160
  C:4DE1H         LINE#         161
  C:4DE1H         LINE#         162
  C:4DE1H         LINE#         163
  C:4DE1H         LINE#         164
  -------         ENDPROC       _GET_TARGET_UART
  -------         PROC          _SOURCE_DATAHANDLE
  X:0BF5H         SYMBOL        psrc
  X:0BF8H         SYMBOL        peuart
  C:3F43H         LINE#         173
  C:3F49H         LINE#         174
  C:3F49H         LINE#         175
  C:3F59H         LINE#         176
  C:3F59H         LINE#         178
  C:3F59H         LINE#         180
  C:3F64H         LINE#         181
  C:3F64H         LINE#         188
  C:3F6AH         LINE#         189
  C:3F74H         LINE#         190
  C:3F74H         LINE#         192
  C:3F76H         LINE#         194
  C:3F7CH         LINE#         195
  C:3F7CH         LINE#         197
  C:3F94H         LINE#         199
  C:3F97H         LINE#         201
  C:3FB2H         LINE#         202
  C:3FBFH         LINE#         203
  C:3FBFH         LINE#         205
  C:3FC1H         LINE#         206
  C:3FC1H         LINE#         208
  C:3FCDH         LINE#         209
  C:3FCDH         LINE#         210
  -------         ENDPROC       _SOURCE_DATAHANDLE
  -------         PROC          _TARGET_DATAHANDLE
  X:0BF5H         SYMBOL        pdest
  X:0BF8H         SYMBOL        psuart
  C:3910H         LINE#         219
  C:3916H         LINE#         220
  C:3916H         LINE#         221
  C:392CH         LINE#         222
  C:392CH         LINE#         224
  C:392CH         LINE#         226
  C:3945H         LINE#         227
  C:3945H         LINE#         234
  C:394EH         LINE#         235
  C:395BH         LINE#         236
  C:395BH         LINE#         238
  C:395DH         LINE#         240
  C:3966H         LINE#         241
  C:3966H         LINE#         243
  C:3984H         LINE#         245
  C:398AH         LINE#         247
  C:39A8H         LINE#         248
  C:39B8H         LINE#         249
  C:39B8H         LINE#         251
  C:39BAH         LINE#         252
  C:39BAH         LINE#         254
BL51 BANKED LINKER/LOCATER V6.22.2.0                                                  12/18/2021  09:21:04  PAGE 26


  C:39C6H         LINE#         255
  C:39C6H         LINE#         256
  -------         ENDPROC       _TARGET_DATAHANDLE
  -------         PROC          _PUBLIC_DATAHANDLE
  X:0BF3H         SYMBOL        src
  X:0BF4H         SYMBOL        dest
  C:48B4H         LINE#         265
  C:48BEH         LINE#         266
  C:48BEH         LINE#         267
  C:48DEH         LINE#         268
  -------         ENDPROC       _PUBLIC_DATAHANDLE
  -------         PROC          RS485_TO_PLC
  C:3854H         LINE#         271
  C:3854H         LINE#         272
  C:3854H         LINE#         274
  C:3861H         LINE#         275
  C:3861H         LINE#         278
  C:3861H         LINE#         279
  C:386BH         LINE#         283
  C:3889H         LINE#         285
  C:3894H         LINE#         287
  C:38ABH         LINE#         291
  C:38B4H         LINE#         292
  C:38B4H         LINE#         295
  C:38BEH         LINE#         296
  C:38BEH         LINE#         298
  C:38C8H         LINE#         300
  C:38CAH         LINE#         302
  C:38E5H         LINE#         304
  C:38EDH         LINE#         306
  C:3904H         LINE#         308
  C:3906H         LINE#         310
  C:390FH         LINE#         311
  C:390FH         LINE#         312
  C:390FH         LINE#         313
  -------         ENDPROC       RS485_TO_PLC
  -------         PROC          _GETCRC16
  X:0BF6H         SYMBOL        ptr
  X:0BF9H         SYMBOL        length
  X:0BFAH         SYMBOL        init_dat
  -------         DO            
  X:0BFCH         SYMBOL        i
  D:0004H         SYMBOL        j
  X:0BFDH         SYMBOL        crc16
  -------         ENDDO         
  C:3C6AH         LINE#         324
  C:3C75H         LINE#         325
  C:3C75H         LINE#         326
  C:3C7AH         LINE#         327
  C:3C7CH         LINE#         328
  C:3C8BH         LINE#         330
  C:3C9DH         LINE#         331
  C:3C9DH         LINE#         332
  C:3CB4H         LINE#         334
  C:3CB7H         LINE#         335
  C:3CB7H         LINE#         336
  C:3CC2H         LINE#         337
BL51 BANKED LINKER/LOCATER V6.22.2.0                                                  12/18/2021  09:21:04  PAGE 27


  C:3CC2H         LINE#         338
  C:3CD9H         LINE#         339
  C:3CDBH         LINE#         341
  C:3CDBH         LINE#         342
  C:3CE6H         LINE#         343
  C:3CE6H         LINE#         344
  C:3CF1H         LINE#         345
  C:3CF9H         LINE#         346
  C:3D01H         LINE#         347
  -------         ENDPROC       _GETCRC16
  -------         ENDMOD        REPORT

  -------         MODULE        MENU
  C:0000H         SYMBOL        _ICE_DUMMY_
  C:0046H         PUBLIC        RefreshMenuDisp
  D:0080H         PUBLIC        P0
  D:0090H         PUBLIC        P1
  D:00A0H         PUBLIC        P2
  D:00B0H         PUBLIC        P3
  D:00C0H         PUBLIC        P4
  D:00C8H         PUBLIC        P5
  B:00A8H.7       PUBLIC        EA
  D:00E8H         PUBLIC        P6
  D:00F8H         PUBLIC        P7
  C:5267H         PUBLIC        KeyControl_Menu
  C:434AH         PUBLIC        KeyBaud_Enter
  C:3289H         PUBLIC        KeyControl_Down
  D:00A8H         PUBLIC        IE
  C:425AH         PUBLIC        KeyMain_Enter
  D:00B8H         PUBLIC        IP
  C:0091H         PUBLIC        KeyBaud_Menu
  C:463BH         PUBLIC        KeyBaud_Down
  C:51D6H         PUBLIC        KeyMenu_Enter
  D:00D8H         PUBLIC        CCON
  X:0AB8H         PUBLIC        Ui_Status
  C:504BH         PUBLIC        KeyMain_Menu
  C:4B05H         PUBLIC        KeyMain_Down
  C:4572H         PUBLIC        Check_PasswordBits
  C:42D5H         PUBLIC        KeyEvent
  D:0098H         PUBLIC        SCON
  D:0088H         PUBLIC        TCON
  C:3535H         PUBLIC        KeyControl_Up
  B:0080H.7       PUBLIC        P07
  C:008EH         PUBLIC        _LcdShow
  C:0042H         PUBLIC        KeyMenu_Menu
  C:4FFDH         PUBLIC        KeyControl_Cancel
  X:0ABAH         PUBLIC        Optionlist
  C:480AH         PUBLIC        KeyMenu_Down
  C:4DE2H         PUBLIC        _LcdDly
  C:536EH         PUBLIC        Baud_Setting
  C:327DH         SYMBOL        _?ix1000
  C:327FH         SYMBOL        _?ix1001
  C:3281H         SYMBOL        _?ix1002
  C:3283H         SYMBOL        _?ix1003
  C:3285H         SYMBOL        _?ix1004
  C:3287H         SYMBOL        _?ix1005
  D:008DH         PUBLIC        TH1
BL51 BANKED LINKER/LOCATER V6.22.2.0                                                  12/18/2021  09:21:04  PAGE 28


  D:00D6H         PUBLIC        T2H
  C:46FBH         PUBLIC        KeyBaud_Up
  C:5365H         PUBLIC        LcdShowInit
  D:00D4H         PUBLIC        T3H
  X:0AE4H         PUBLIC        M_Show
  D:00D2H         PUBLIC        T4H
  D:008BH         PUBLIC        TL1
  D:00D7H         PUBLIC        T2L
  C:52FDH         PUBLIC        KeyBaud_Cancel
  D:00D5H         PUBLIC        T3L
  D:00D3H         PUBLIC        T4L
  X:0AF6H         PUBLIC        keyStateEvent
  C:4BBAH         PUBLIC        KeyMain_Up
  C:524CH         PUBLIC        KeyMain_Cancel
  C:4A3CH         PUBLIC        RefreshBaudDisp
  C:47B3H         PUBLIC        KeyMenu_Up
  C:530EH         PUBLIC        KeyMenu_Cancel
  X:0B5AH         PUBLIC        Optionlist1
  C:24ACH         PUBLIC        KeyControl_Enter
  D:00D0H         PUBLIC        PSW
  C:26C3H         SYMBOL        Com00B6
  C:26C3H         SYMBOL        L?0183
  C:26D9H         SYMBOL        L?0184
  C:26DFH         SYMBOL        L?0185
  C:26E9H         SYMBOL        L?0186
  C:26ECH         SYMBOL        L?0187
  C:26F3H         SYMBOL        L?0188
  C:26F4H         SYMBOL        L?0189
  C:26FBH         SYMBOL        L?0190
  C:2703H         SYMBOL        L?0191
  C:270AH         SYMBOL        L?0193
  C:270DH         SYMBOL        L?0194
  C:2717H         SYMBOL        L?0195
  C:271FH         SYMBOL        L?0196
  C:2726H         SYMBOL        L?0197
  C:2726H         SYMBOL        L?0198
  C:272AH         SYMBOL        L?0199
  C:2730H         SYMBOL        L?0200
  C:273CH         SYMBOL        L?0201
  C:2745H         SYMBOL        L?0202
  C:2751H         SYMBOL        L?0203
  C:275AH         SYMBOL        L?0204
  C:2762H         SYMBOL        L?0205
  C:2765H         SYMBOL        L?0206
  C:276BH         SYMBOL        L?0207
  C:277DH         SYMBOL        L?0208
  C:2786H         SYMBOL        L?0209
  C:2793H         SYMBOL        L?0210
  C:2799H         SYMBOL        L?0211
  C:2799H         SYMBOL        L?0212
  C:27A0H         SYMBOL        L?0213
  C:27B6H         SYMBOL        L?0214
  C:27CCH         SYMBOL        L?0215
  C:27E1H         SYMBOL        L?0216
  C:27F1H         SYMBOL        L?0217
  C:27F1H         SYMBOL        L?0218
  C:27F9H         SYMBOL        L?0219
BL51 BANKED LINKER/LOCATER V6.22.2.0                                                  12/18/2021  09:21:04  PAGE 29


  C:2809H         SYMBOL        L?0220
  C:280CH         SYMBOL        L?0221
  C:2813H         SYMBOL        L?0222
  C:2813H         SYMBOL        L?0223
  C:281AH         SYMBOL        L?0224
  C:2827H         SYMBOL        L?0225
  C:2827H         SYMBOL        L?0226
  C:282EH         SYMBOL        L?0227
  C:283BH         SYMBOL        L?0229
  C:2846H         SYMBOL        L?0230
  C:2851H         SYMBOL        L?0231
  C:285CH         SYMBOL        L?0235
  C:2866H         SYMBOL        L?0236
  C:2870H         SYMBOL        L?0237
  C:2870H         SYMBOL        L?0238
  C:2877H         SYMBOL        L?0239
  C:2877H         SYMBOL        L?0240
  C:287EH         SYMBOL        L?0241
  C:2888H         SYMBOL        L?0242
  C:2892H         SYMBOL        L?0243
  C:289CH         SYMBOL        L?0244
  C:28A6H         SYMBOL        L?0245
  C:28A6H         SYMBOL        L?0246
  -------         PROC          COM00B6
  -------         ENDPROC       COM00B6
  -------         PROC          KEYEVENT
  -------         DO            
  X:0BF3H         SYMBOL        i
  X:0BF4H         SYMBOL        KeyState
  -------         ENDDO         
  C:42D5H         LINE#         68
  C:42D5H         LINE#         69
  C:42D5H         LINE#         71
  C:42DDH         LINE#         73
  C:42E0H         LINE#         75
  C:42E8H         LINE#         76
  C:42E8H         LINE#         78
  C:42E8H         LINE#         80
  C:42FBH         LINE#         81
  C:42FBH         LINE#         82
  C:4312H         LINE#         83
  C:4312H         LINE#         84
  C:432DH         LINE#         85
  C:432DH         LINE#         86
  C:4341H         LINE#         87
  C:4341H         LINE#         88
  C:4341H         LINE#         89
  C:4341H         LINE#         90
  C:4349H         LINE#         91
  -------         ENDPROC       KEYEVENT
  -------         PROC          LCDSHOWINIT
  C:5365H         LINE#         93
  C:5365H         LINE#         94
  C:5365H         LINE#         95
  -------         ENDPROC       LCDSHOWINIT
  -------         PROC          _LCDSHOW
  D:0001H         SYMBOL        InterfaceShow
BL51 BANKED LINKER/LOCATER V6.22.2.0                                                  12/18/2021  09:21:04  PAGE 30


  C:008EH         LINE#         99
  C:008EH         LINE#         100
  C:008EH         LINE#         101
  -------         ENDPROC       _LCDSHOW
  -------         PROC          KEYMAIN_ENTER
  C:425AH         LINE#         110
  C:425AH         LINE#         111
  C:425AH         LINE#         115
  C:425FH         LINE#         116
  C:425FH         LINE#         118
  C:429CH         LINE#         119
  C:429CH         LINE#         120
  C:42A5H         LINE#         121
  C:42AAH         LINE#         123
  C:42ABH         LINE#         125
  C:42ABH         LINE#         126
  C:42B1H         LINE#         127
  C:42B4H         LINE#         128
  C:42C4H         LINE#         129
  C:42CBH         LINE#         132
  C:42D4H         LINE#         133
  C:42D4H         LINE#         134
  C:42D4H         LINE#         141
  -------         ENDPROC       KEYMAIN_ENTER
  -------         PROC          KEYMAIN_UP
  -------         DO            
  X:0BF3H         SYMBOL        Value
  X:0BF4H         SYMBOL        temp
  -------         ENDDO         
  C:4BBAH         LINE#         143
  C:4BBAH         LINE#         144
  C:4BBAH         LINE#         145
  C:4BBFH         LINE#         146
  C:4BBFH         LINE#         147
  C:4BCCH         LINE#         148
  C:4BDBH         LINE#         149
  C:4BF3H         LINE#         150
  C:4BF3H         LINE#         155
  -------         ENDPROC       KEYMAIN_UP
  -------         PROC          KEYMAIN_MENU
  C:504BH         LINE#         157
  C:504BH         LINE#         158
  C:504BH         LINE#         159
  C:5057H         LINE#         160
  C:5057H         LINE#         161
  C:5057H         LINE#         162
  C:5057H         LINE#         164
  C:505DH         LINE#         165
  C:5066H         LINE#         167
  C:5069H         LINE#         168
  C:5069H         LINE#         169
  C:506AH         LINE#         170
  C:506AH         LINE#         171
  C:506AH         LINE#         172
  C:5070H         LINE#         173
  C:5070H         LINE#         174
  C:5070H         LINE#         175
BL51 BANKED LINKER/LOCATER V6.22.2.0                                                  12/18/2021  09:21:04  PAGE 31


  C:5070H         LINE#         176
  C:5070H         LINE#         177
  C:5070H         LINE#         182
  -------         ENDPROC       KEYMAIN_MENU
  -------         PROC          KEYMAIN_CANCEL
  C:524CH         LINE#         184
  C:524CH         LINE#         185
  C:524CH         LINE#         187
  C:5251H         LINE#         188
  C:5251H         LINE#         189
  C:525AH         LINE#         190
  C:5260H         LINE#         191
  C:5266H         LINE#         192
  C:5266H         LINE#         197
  -------         ENDPROC       KEYMAIN_CANCEL
  -------         PROC          KEYMAIN_DOWN
  -------         DO            
  X:0BF3H         SYMBOL        Value
  X:0BF4H         SYMBOL        temp
  -------         ENDDO         
  C:4B05H         LINE#         199
  C:4B05H         LINE#         200
  C:4B05H         LINE#         201
  C:4B0AH         LINE#         202
  C:4B0AH         LINE#         203
  C:4B17H         LINE#         204
  C:4B26H         LINE#         205
  C:4B41H         LINE#         206
  C:4B41H         LINE#         211
  -------         ENDPROC       KEYMAIN_DOWN
  -------         PROC          KEYMENU_ENTER
  C:51D6H         LINE#         213
  C:51D6H         LINE#         214
  C:51D6H         LINE#         215
  C:51E4H         LINE#         216
  C:51E4H         LINE#         218
  C:51E4H         LINE#         220
  C:51EAH         LINE#         221
  C:51EDH         LINE#         222
  C:51F3H         LINE#         226
  -------         ENDPROC       KEYMENU_ENTER
  -------         PROC          KEYMENU_UP
  C:47B3H         LINE#         229
  C:47B3H         LINE#         230
  C:47B3H         LINE#         232
  C:47BDH         LINE#         233
  C:47BEH         LINE#         235
  C:47CBH         LINE#         237
  C:47CFH         LINE#         238
  C:47CFH         LINE#         239
  C:47D3H         LINE#         240
  C:47D3H         LINE#         242
  C:47DCH         LINE#         243
  C:47DCH         LINE#         244
  C:47DCH         LINE#         245
  C:47DFH         LINE#         246
  C:47E4H         LINE#         247
BL51 BANKED LINKER/LOCATER V6.22.2.0                                                  12/18/2021  09:21:04  PAGE 32


  C:47E6H         LINE#         248
  C:47EFH         LINE#         249
  C:47EFH         LINE#         250
  C:47EFH         LINE#         251
  C:47EFH         LINE#         252
  C:47F2H         LINE#         253
  C:47F4H         LINE#         255
  C:47F4H         LINE#         256
  C:47F4H         LINE#         257
  C:47F4H         LINE#         258
  C:47FBH         LINE#         259
  C:47FBH         LINE#         261
  C:4804H         LINE#         262
  -------         ENDPROC       KEYMENU_UP
  -------         PROC          KEYMENU_MENU
  C:0042H         LINE#         269
  C:0042H         LINE#         270
  C:0042H         LINE#         274
  -------         ENDPROC       KEYMENU_MENU
  -------         PROC          KEYMENU_CANCEL
  C:530EH         LINE#         276
  C:530EH         LINE#         277
  C:530EH         LINE#         279
  C:530EH         LINE#         280
  C:530EH         LINE#         281
  C:5318H         LINE#         282
  -------         ENDPROC       KEYMENU_CANCEL
  -------         PROC          KEYMENU_DOWN
  C:480AH         LINE#         289
  C:480AH         LINE#         290
  C:480AH         LINE#         291
  C:4816H         LINE#         292
  C:4819H         LINE#         294
  C:4826H         LINE#         296
  C:4828H         LINE#         297
  C:4828H         LINE#         298
  C:482AH         LINE#         299
  C:482AH         LINE#         301
  C:4833H         LINE#         302
  C:4833H         LINE#         303
  C:4833H         LINE#         304
  C:4836H         LINE#         305
  C:483BH         LINE#         306
  C:483DH         LINE#         307
  C:4846H         LINE#         308
  C:4846H         LINE#         309
  C:4846H         LINE#         310
  C:4846H         LINE#         311
  C:4849H         LINE#         312
  C:484BH         LINE#         314
  C:484BH         LINE#         315
  C:484BH         LINE#         316
  C:484BH         LINE#         317
  C:4852H         LINE#         318
  C:4852H         LINE#         320
  C:485BH         LINE#         321
  -------         ENDPROC       KEYMENU_DOWN
BL51 BANKED LINKER/LOCATER V6.22.2.0                                                  12/18/2021  09:21:04  PAGE 33


  C:45D0H         SYMBOL        L?0232
  -------         PROC          CHECK_PASSWORDBITS
  C:4572H         LINE#         334
  C:4572H         LINE#         335
  C:4572H         LINE#         337
  C:4578H         LINE#         338
  C:4578H         LINE#         339
  C:457BH         LINE#         340
  C:458AH         LINE#         341
  C:458AH         LINE#         342
  C:458BH         LINE#         343
  C:459CH         LINE#         345
  C:459FH         LINE#         346
  C:45A1H         LINE#         348
  C:45A1H         LINE#         349
  C:45A3H         LINE#         350
  C:45B4H         LINE#         352
  C:45BAH         LINE#         353
  C:45BAH         LINE#         354
  C:45C1H         LINE#         356
  C:45CAH         LINE#         358
  C:45CDH         LINE#         359
  C:45CDH         LINE#         360
  C:45CFH         LINE#         361
  -------         ENDPROC       CHECK_PASSWORDBITS
  C:2679H         SYMBOL        L?0181
  C:2699H         SYMBOL        L?0192
  C:26B6H         SYMBOL        L?0228
  -------         PROC          KEYCONTROL_ENTER
  -------         DO            
  X:0BF3H         SYMBOL        i
  X:0BF4H         SYMBOL        temp
  -------         ENDDO         
  C:24ACH         LINE#         363
  C:24ACH         LINE#         364
  C:24ACH         LINE#         365
  C:24D7H         LINE#         366
  C:24D7H         LINE#         367
  C:24D7H         LINE#         368
  C:24D7H         LINE#         369
  C:24E0H         LINE#         372
  C:24E6H         LINE#         373
  C:24E6H         LINE#         377
  C:24F8H         LINE#         378
  C:24F8H         LINE#         379
  C:251AH         LINE#         380
  C:2522H         LINE#         382
  C:2536H         LINE#         384
  C:253CH         LINE#         385
  C:253FH         LINE#         387
  C:253FH         LINE#         388
  C:2558H         LINE#         389
  C:2558H         LINE#         390
  C:2563H         LINE#         391
  C:2566H         LINE#         392
  C:256CH         LINE#         393
  C:2572H         LINE#         395
BL51 BANKED LINKER/LOCATER V6.22.2.0                                                  12/18/2021  09:21:04  PAGE 34


  C:2577H         LINE#         397
  C:2577H         LINE#         398
  C:2577H         LINE#         399
  C:257AH         LINE#         400
  C:2580H         LINE#         401
  C:2582H         LINE#         403
  C:2582H         LINE#         405
  C:2585H         LINE#         406
  C:2592H         LINE#         407
  C:2595H         LINE#         408
  C:259EH         LINE#         409
  C:259EH         LINE#         411
  C:25A3H         LINE#         412
  C:25A3H         LINE#         414
  C:25A8H         LINE#         415
  C:25A9H         LINE#         416
  C:25A9H         LINE#         418
  C:25A9H         LINE#         419
  C:25A9H         LINE#         420
  C:25B0H         LINE#         421
  C:25B4H         LINE#         422
  C:25B7H         LINE#         423
  C:25BDH         LINE#         424
  C:25C0H         LINE#         425
  C:25C0H         LINE#         427
  C:25C0H         LINE#         428
  C:25C0H         LINE#         429
  C:25C6H         LINE#         430
  C:25C6H         LINE#         431
  C:25CAH         LINE#         432
  C:25CCH         LINE#         434
  C:25CCH         LINE#         435
  C:25D1H         LINE#         436
  C:25D4H         LINE#         437
  C:25DFH         LINE#         438
  C:25E2H         LINE#         441
  C:25E2H         LINE#         442
  C:25E2H         LINE#         444
  C:25E2H         LINE#         445
  C:25E2H         LINE#         446
  C:25E5H         LINE#         449
  C:25E5H         LINE#         450
  C:25ECH         LINE#         451
  C:25EFH         LINE#         452
  C:25EFH         LINE#         454
  C:25EFH         LINE#         455
  C:25EFH         LINE#         456
  C:25FDH         LINE#         457
  C:25FDH         LINE#         459
  C:25FDH         LINE#         461
  C:2603H         LINE#         463
  C:2606H         LINE#         465
  C:2609H         LINE#         468
  C:2609H         LINE#         469
  C:260CH         LINE#         471
  C:260CH         LINE#         472
  C:260CH         LINE#         473
BL51 BANKED LINKER/LOCATER V6.22.2.0                                                  12/18/2021  09:21:04  PAGE 35


  C:261FH         LINE#         474
  C:261FH         LINE#         476
  C:262CH         LINE#         477
  C:262CH         LINE#         478
  C:262CH         LINE#         479
  C:262CH         LINE#         480
  C:262CH         LINE#         481
  C:262FH         LINE#         483
  C:262FH         LINE#         484
  C:2636H         LINE#         485
  C:2638H         LINE#         487
  C:2638H         LINE#         488
  C:2638H         LINE#         489
  C:263AH         LINE#         490
  C:2640H         LINE#         492
  C:264BH         LINE#         494
  C:265DH         LINE#         495
  C:265FH         LINE#         497
  C:2662H         LINE#         498
  C:2665H         LINE#         499
  C:2668H         LINE#         500
  C:266BH         LINE#         502
  C:266BH         LINE#         503
  C:266BH         LINE#         504
  C:266EH         LINE#         506
  C:266EH         LINE#         507
  C:2678H         LINE#         508
  C:2678H         LINE#         509
  C:2678H         LINE#         511
  C:2678H         LINE#         512
  C:2678H         LINE#         513
  C:2678H         LINE#         518
  -------         ENDPROC       KEYCONTROL_ENTER
  -------         PROC          KEYCONTROL_MENU
  C:5267H         LINE#         520
  C:5267H         LINE#         521
  C:5267H         LINE#         522
  C:526FH         LINE#         523
  C:526FH         LINE#         524
  C:526FH         LINE#         525
  C:526FH         LINE#         526
  C:5274H         LINE#         527
  C:5274H         LINE#         529
  C:5278H         LINE#         530
  C:527AH         LINE#         532
  C:527AH         LINE#         534
  C:5281H         LINE#         535
  C:5281H         LINE#         537
  C:5281H         LINE#         538
  C:5281H         LINE#         540
  C:5281H         LINE#         541
  C:5281H         LINE#         542
  C:5281H         LINE#         547
  -------         ENDPROC       KEYCONTROL_MENU
  -------         PROC          KEYCONTROL_CANCEL
  C:4FFDH         LINE#         549
  C:4FFDH         LINE#         550
BL51 BANKED LINKER/LOCATER V6.22.2.0                                                  12/18/2021  09:21:04  PAGE 36


  C:4FFDH         LINE#         551
  C:5005H         LINE#         552
  C:5005H         LINE#         553
  C:5005H         LINE#         554
  C:5005H         LINE#         555
  C:500BH         LINE#         556
  C:5011H         LINE#         557
  C:5016H         LINE#         558
  C:501AH         LINE#         559
  C:501AH         LINE#         560
  C:501AH         LINE#         562
  C:501AH         LINE#         563
  C:501AH         LINE#         565
  C:501AH         LINE#         566
  C:501AH         LINE#         568
  C:501AH         LINE#         569
  C:501AH         LINE#         571
  C:501AH         LINE#         572
  C:501AH         LINE#         574
  C:501AH         LINE#         575
  C:501AH         LINE#         576
  C:501AH         LINE#         577
  C:501AH         LINE#         579
  C:501AH         LINE#         580
  C:501AH         LINE#         581
  C:501AH         LINE#         584
  C:501AH         LINE#         585
  -------         ENDPROC       KEYCONTROL_CANCEL
  C:35FBH         SYMBOL        L?0233
  -------         PROC          KEYCONTROL_UP
  -------         DO            
  X:0BF3H         SYMBOL        Value
  X:0BF4H         SYMBOL        temp
  X:0BF3H         SYMBOL        Value
[...]
  C:50C8H         LINE#         105
  C:50CBH         LINE#         106
  C:50D3H         LINE#         107
  C:50D6H         LINE#         108
  C:50D6H         LINE#         109
  C:50D9H         LINE#         110
  C:50DCH         LINE#         111
  -------         ENDPROC       _IAPERASE
  -------         PROC          _IAPWRITE_BUFF
  X:0BF6H         SYMBOL        Addr
  X:0BF8H         SYMBOL        Str
  X:0BFBH         SYMBOL        Len
  C:4EFDH         LINE#         120
  C:4F03H         LINE#         121
  C:4F03H         LINE#         122
  C:4F0DH         LINE#         123
  C:4F0DH         LINE#         124
  C:4F26H         LINE#         125
  C:4F28H         LINE#         126
  -------         ENDPROC       _IAPWRITE_BUFF
  -------         PROC          _IAPREAD_BUFF
  X:0BF3H         SYMBOL        Addr
  X:0BF5H         SYMBOL        Str
  X:0BF8H         SYMBOL        Len
  C:4F81H         LINE#         134
  C:4F87H         LINE#         135
  C:4F87H         LINE#         136
  C:4F91H         LINE#         137
  C:4F91H         LINE#         138
  C:4FA9H         LINE#         139
  C:4FABH         LINE#         140
  -------         ENDPROC       _IAPREAD_BUFF
  -------         ENDMOD        EEPROM

  -------         MODULE        KEY
  C:0000H         SYMBOL        _ICE_DUMMY_
BL51 BANKED LINKER/LOCATER V6.22.2.0                                                  12/18/2021  09:21:04  PAGE 59


  D:0080H         PUBLIC        P0
  D:0090H         PUBLIC        P1
  D:00A0H         PUBLIC        P2
  D:00B0H         PUBLIC        P3
  D:00C0H         PUBLIC        P4
  D:00C8H         PUBLIC        P5
  D:00E8H         PUBLIC        P6
  D:00F8H         PUBLIC        P7
  X:0C85H         PUBLIC        KeyStateCurrrent
  D:00A8H         PUBLIC        IE
  D:00B8H         PUBLIC        IP
  D:00D8H         PUBLIC        CCON
  D:0098H         PUBLIC        SCON
  B:00A0H.2       PUBLIC        P22
  D:0088H         PUBLIC        TCON
  B:00A0H.3       PUBLIC        P23
  B:00A0H.4       PUBLIC        P24
  B:00A0H.5       PUBLIC        P25
  B:00A0H.6       PUBLIC        P26
  C:3E29H         PUBLIC        Key_Chick
  D:00D0H         PUBLIC        PSW
  -------         PROC          KEY_CHICK
  -------         DO            
  X:0C84H         SYMBOL        KeyTemp
  X:0BF5H         SYMBOL        KeyValue
  -------         ENDDO         
  C:3E29H         LINE#         13
  C:3E29H         LINE#         14
  C:3E29H         LINE#         17
  C:3E57H         LINE#         19
  C:3E66H         LINE#         20
  C:3E66H         LINE#         21
  C:3E66H         LINE#         22
  C:3E66H         LINE#         23
  C:3E6EH         LINE#         24
  C:3E6EH         LINE#         25
  C:3E73H         LINE#         26
  C:3E73H         LINE#         28
  C:3E75H         LINE#         29
  C:3E75H         LINE#         31
  C:3E75H         LINE#         32
  C:3E75H         LINE#         33
  C:3E7CH         LINE#         35
  C:3E85H         LINE#         36
  C:3E85H         LINE#         37
  C:3E8AH         LINE#         38
  C:3E8EH         LINE#         39
  C:3E8EH         LINE#         41
  C:3E90H         LINE#         42
  C:3E90H         LINE#         44
  C:3E90H         LINE#         45
  C:3E90H         LINE#         46
  C:3E98H         LINE#         47
  C:3E98H         LINE#         48
  C:3E9DH         LINE#         49
  C:3EA3H         LINE#         50
  C:3EA3H         LINE#         52
BL51 BANKED LINKER/LOCATER V6.22.2.0                                                  12/18/2021  09:21:04  PAGE 60


  C:3EA3H         LINE#         53
  C:3EA3H         LINE#         55
  C:3EA3H         LINE#         56
  C:3EA3H         LINE#         57
  C:3EA9H         LINE#         58
  C:3EADH         LINE#         59
  C:3EB4H         LINE#         60
  C:3EB4H         LINE#         61
  C:3EB4H         LINE#         62
  C:3EB4H         LINE#         64
  C:3EB6H         LINE#         65
  -------         ENDPROC       KEY_CHICK
  -------         ENDMOD        KEY

  -------         MODULE        LCD
  C:0000H         SYMBOL        _ICE_DUMMY_
  C:4D50H         PUBLIC        _lcd_address
  D:0080H         PUBLIC        P0
  D:0090H         PUBLIC        P1
  D:00A0H         PUBLIC        P2
  D:00B0H         PUBLIC        P3
  C:449FH         PUBLIC        initial_lcd
  D:00C0H         PUBLIC        P4
  D:00C8H         PUBLIC        P5
  D:00E8H         PUBLIC        P6
  D:00F8H         PUBLIC        P7
  D:00A8H         PUBLIC        IE
  C:2A58H         PUBLIC        _GUI_Lattice
  X:0C7CH         PUBLIC        frontCurrent
  D:00B8H         PUBLIC        IP
  D:00D8H         PUBLIC        CCON
  C:4956H         SYMBOL        _GetCHIndex
  C:4F29H         PUBLIC        _transfer_command
  D:0098H         PUBLIC        SCON
  D:0088H         PUBLIC        TCON
  B:00B0H.2       PUBLIC        P32
  B:00B0H.3       PUBLIC        P33
  B:00B0H.4       PUBLIC        P34
  B:00B0H.5       PUBLIC        P35
  B:00B0H.6       PUBLIC        P36
  B:00B0H.7       PUBLIC        P37
  C:36D0H         PUBLIC        _GUI_String
  C:4758H         SYMBOL        _GetFrontParm
  C:4F55H         PUBLIC        _transfer_data
  C:50E3H         PUBLIC        clear_screen
  D:00D0H         PUBLIC        PSW
  C:43BEH         SYMBOL        Com004D
  C:43BEH         SYMBOL        L?0078
  C:43C7H         SYMBOL        L?0079
  C:43CAH         SYMBOL        L?0080
  C:43D2H         SYMBOL        L?0082
  C:43D2H         SYMBOL        L?0083
  C:43D5H         SYMBOL        L?0084
  C:43D6H         SYMBOL        L?0085
  C:43DFH         SYMBOL        L?0086
  C:43FBH         SYMBOL        L?0087
  C:440EH         SYMBOL        L?0091
BL51 BANKED LINKER/LOCATER V6.22.2.0                                                  12/18/2021  09:21:04  PAGE 61


  C:441BH         SYMBOL        L?0092
  C:441FH         SYMBOL        L?0093
  C:4426H         SYMBOL        L?0094
  C:4427H         SYMBOL        L?0095
  -------         PROC          COM004D
  -------         ENDPROC       COM004D
  -------         PROC          _TRANSFER_COMMAND
  D:0007H         SYMBOL        data1
  -------         DO            
  D:0006H         SYMBOL        i
  -------         ENDDO         
  C:4F29H         LINE#         11
  C:4F29H         LINE#         12
  C:4F29H         LINE#         14
  C:4F2BH         LINE#         15
  C:4F2DH         LINE#         17
  C:4F34H         LINE#         18
  C:4F34H         LINE#         19
  C:4F36H         LINE#         21
  C:4F3AH         LINE#         22
  C:4F3EH         LINE#         24
  C:4F40H         LINE#         26
  C:4F42H         LINE#         27
  C:4F4FH         LINE#         28
  C:4F52H         LINE#         30
  C:4F54H         LINE#         31
  -------         ENDPROC       _TRANSFER_COMMAND
  -------         PROC          _TRANSFER_DATA
  D:0007H         SYMBOL        data1
  -------         DO            
  D:0006H         SYMBOL        i
  -------         ENDDO         
  C:4F55H         LINE#         40
  C:4F55H         LINE#         41
  C:4F55H         LINE#         43
  C:4F57H         LINE#         44
  C:4F59H         LINE#         46
  C:4F60H         LINE#         47
  C:4F60H         LINE#         48
  C:4F62H         LINE#         50
  C:4F66H         LINE#         51
  C:4F66H         LINE#         52
  C:4F68H         LINE#         53
  C:4F6AH         LINE#         55
  C:4F6AH         LINE#         56
  C:4F6CH         LINE#         57
  C:4F6CH         LINE#         59
  C:4F6EH         LINE#         61
  C:4F7BH         LINE#         62
  C:4F7EH         LINE#         64
  C:4F80H         LINE#         65
  -------         ENDPROC       _TRANSFER_DATA
  -------         PROC          CLEAR_SCREEN
  -------         DO            
  D:0004H         SYMBOL        i
  D:0003H         SYMBOL        j
  -------         ENDDO         
BL51 BANKED LINKER/LOCATER V6.22.2.0                                                  12/18/2021  09:21:04  PAGE 62


  C:50E3H         LINE#         73
  C:50E3H         LINE#         74
  C:50E3H         LINE#         77
  C:50EBH         LINE#         78
  C:50EBH         LINE#         79
  C:50F2H         LINE#         81
  C:50FDH         LINE#         82
  C:50FDH         LINE#         83
  C:5102H         LINE#         84
  C:5105H         LINE#         85
  C:5108H         LINE#         86
  -------         ENDPROC       CLEAR_SCREEN
  -------         PROC          L?0090
  -------         ENDPROC       L?0090
  -------         PROC          _LCD_ADDRESS
  D:0006H         SYMBOL        page
  D:0004H         SYMBOL        column
  C:4D50H         LINE#         95
  C:4D54H         LINE#         96
  C:4D54H         LINE#         98
  C:4D5FH         LINE#         99
  C:4D5FH         LINE#         100
  C:4D61H         LINE#         101
  C:4D63H         LINE#         103
  C:4D63H         LINE#         104
  C:4D69H         LINE#         105
  C:4D69H         LINE#         107
  C:4D73H         LINE#         109
  -------         ENDPROC       _LCD_ADDRESS
  C:44E7H         SYMBOL        L?0081
  C:44FEH         SYMBOL        L?0089
  -------         PROC          INITIAL_LCD
  C:449FH         LINE#         119
  C:449FH         LINE#         120
  C:449FH         LINE#         121
  C:44A1H         LINE#         122
  C:44A8H         LINE#         124
  C:44AAH         LINE#         126
  C:44B1H         LINE#         128
  C:44B6H         LINE#         129
  C:44BDH         LINE#         131
  C:44BFH         LINE#         132
  C:44C2H         LINE#         133
  C:44C4H         LINE#         134
  C:44C4H         LINE#         136
  C:44C4H         LINE#         138
  C:44C7H         LINE#         139
  C:44C9H         LINE#         140
  C:44C9H         LINE#         141
  C:44C9H         LINE#         143
  C:44CCH         LINE#         145
  C:44CEH         LINE#         146
  C:44D1H         LINE#         148
  C:44D6H         LINE#         149
  C:44DDH         LINE#         151
  C:44E2H         LINE#         153
  C:44E4H         LINE#         155
BL51 BANKED LINKER/LOCATER V6.22.2.0                                                  12/18/2021  09:21:04  PAGE 63


  C:44E7H         LINE#         156
  -------         ENDPROC       INITIAL_LCD
  -------         PROC          _GETFRONTPARM
  D:0007H         SYMBOL        font
  C:4758H         LINE#         164
  C:4758H         LINE#         165
  C:4758H         LINE#         166
  C:475FH         LINE#         167
  C:475FH         LINE#         168
  C:475FH         LINE#         169
  C:475FH         LINE#         170
  C:4765H         LINE#         171
  C:476BH         LINE#         172
  C:4771H         LINE#         174
  C:477FH         LINE#         176
  C:4785H         LINE#         177
  C:4787H         LINE#         178
  C:4787H         LINE#         180
  C:4787H         LINE#         181
  C:4787H         LINE#         182
  C:478DH         LINE#         183
  C:4793H         LINE#         184
  C:4799H         LINE#         185
  C:479FH         LINE#         187
  C:47ABH         LINE#         188
  C:47ADH         LINE#         189
  C:47ADH         LINE#         199
  C:47ADH         LINE#         200
  C:47B0H         LINE#         201
  C:47B0H         LINE#         203
  C:47B2H         LINE#         204
  -------         ENDPROC       _GETFRONTPARM
  -------         PROC          _GETCHINDEX
  X:0C02H         SYMBOL        ZoneCode
  -------         DO            
  D:0004H         SYMBOL        i
  D:0006H         SYMBOL        CHCode
  -------         ENDDO         
  C:4956H         LINE#         212
  C:495EH         LINE#         213
  C:495EH         LINE#         214
  C:4961H         LINE#         217
  C:4961H         LINE#         218
  C:4961H         LINE#         219
  C:498BH         LINE#         221
  C:4997H         LINE#         222
  C:4997H         LINE#         223
  C:4997H         LINE#         224
  C:4997H         LINE#         225
  C:49A2H         LINE#         227
  C:49A6H         LINE#         228
  -------         ENDPROC       _GETCHINDEX
  C:3782H         SYMBOL        L?0088
  -------         PROC          _GUI_STRING
  X:0BF9H         SYMBOL        x
  X:0BFAH         SYMBOL        y
  X:0BFBH         SYMBOL        pString
BL51 BANKED LINKER/LOCATER V6.22.2.0                                                  12/18/2021  09:21:04  PAGE 64


  X:0BFEH         SYMBOL        font
  -------         DO            
  X:0BFFH         SYMBOL        ChIndex
  X:0C01H         SYMBOL        Offset
  D:0006H         SYMBOL        ZoneCode
  -------         ENDDO         
  C:36D0H         LINE#         237
  C:36E1H         LINE#         238
  C:36E1H         LINE#         245
  C:36E7H         LINE#         247
  C:36ECH         LINE#         250
  C:36ECH         LINE#         251
  C:3701H         LINE#         252
  C:3701H         LINE#         253
  C:3710H         LINE#         255
  C:3725H         LINE#         256
  C:3725H         LINE#         257
  C:372AH         LINE#         258
  C:372DH         LINE#         260
  C:372DH         LINE#         262
  C:3737H         LINE#         264
  C:374DH         LINE#         266
  C:3758H         LINE#         268
  C:376DH         LINE#         269
  C:376DH         LINE#         270
  C:3773H         LINE#         271
  C:3773H         LINE#         273
  C:3773H         LINE#         274
  C:3781H         LINE#         275
  -------         ENDPROC       _GUI_STRING
  -------         PROC          _GUI_LATTICE
  X:0C02H         SYMBOL        x
  D:0002H         SYMBOL        y
  X:0C04H         SYMBOL        Width
  X:0C05H         SYMBOL        High
  X:0C06H         SYMBOL        plattice
  -------         DO            
  X:0C09H         SYMBOL        y_Dy
  X:0C0AH         SYMBOL        y_by
  X:0C0BH         SYMBOL        y1_Dy
  X:0C0CH         SYMBOL        y1_by
  X:0C0DH         SYMBOL        y_Bytes
  X:0C0EH         SYMBOL        i
  X:0C0FH         SYMBOL        j
  X:0C10H         SYMBOL        tempH
  D:0003H         SYMBOL        tempL
  -------         ENDDO         
  C:2A58H         LINE#         284
  C:2A64H         LINE#         285
  C:2A64H         LINE#         290
  C:2A7DH         LINE#         292
  C:2A95H         LINE#         293
  C:2A9BH         LINE#         295
  C:2AA6H         LINE#         296
  C:2AABH         LINE#         298
  C:2AB3H         LINE#         300
  C:2AC4H         LINE#         301
BL51 BANKED LINKER/LOCATER V6.22.2.0                                                  12/18/2021  09:21:04  PAGE 65


  C:2AC4H         LINE#         302
  C:2AD3H         LINE#         303
  C:2AD3H         LINE#         304
  C:2AE9H         LINE#         305
  C:2AE9H         LINE#         306
  C:2AEFH         LINE#         307
  C:2AEFH         LINE#         308
  C:2AF4H         LINE#         309
  C:2B09H         LINE#         311
  C:2B0CH         LINE#         312
  C:2B17H         LINE#         313
  C:2B17H         LINE#         314
  C:2B1EH         LINE#         316
  C:2B53H         LINE#         317
  C:2B56H         LINE#         319
  C:2B56H         LINE#         320
  C:2B7DH         LINE#         321
  C:2B9DH         LINE#         323
  C:2BAAH         LINE#         324
  C:2BB3H         LINE#         325
  C:2BB3H         LINE#         326
  C:2BBCH         LINE#         327
  C:2BBCH         LINE#         329
  C:2BBCH         LINE#         330
  C:2BC6H         LINE#         331
  C:2BF9H         LINE#         332
  C:2BF9H         LINE#         333
  C:2C02H         LINE#         334
  -------         ENDPROC       _GUI_LATTICE
  -------         ENDMOD        LCD

  -------         MODULE        ?C?COPY
  C:2178H         PUBLIC        ?C?COPY
  -------         ENDMOD        ?C?COPY

  -------         MODULE        ?C?CLDPTR
  C:219EH         PUBLIC        ?C?CLDPTR
  -------         ENDMOD        ?C?CLDPTR

  -------         MODULE        ?C?CLDOPTR
  C:21B7H         PUBLIC        ?C?CLDOPTR
  -------         ENDMOD        ?C?CLDOPTR

  -------         MODULE        ?C?CILDPTR
  C:21E4H         PUBLIC        ?C?CILDPTR
  -------         ENDMOD        ?C?CILDPTR

  -------         MODULE        ?C?CSTPTR
  C:2206H         PUBLIC        ?C?CSTPTR
  -------         ENDMOD        ?C?CSTPTR

  -------         MODULE        ?C?CSTOPTR
  C:2218H         PUBLIC        ?C?CSTOPTR
  -------         ENDMOD        ?C?CSTOPTR

  -------         MODULE        ?C?IMUL
  C:223AH         PUBLIC        ?C?IMUL
BL51 BANKED LINKER/LOCATER V6.22.2.0                                                  12/18/2021  09:21:04  PAGE 66


  -------         ENDMOD        ?C?IMUL

  -------         MODULE        ?C?UIDIV
  C:224CH         PUBLIC        ?C?UIDIV
  -------         ENDMOD        ?C?UIDIV

  -------         MODULE        ?C?SIDIV
  C:22A1H         PUBLIC        ?C?SIDIV
  -------         ENDMOD        ?C?SIDIV

  -------         MODULE        ?C?IILDX
  C:22D7H         PUBLIC        ?C?IILDX
  -------         ENDMOD        ?C?IILDX

  -------         MODULE        ?C?ILDIX
  C:22EDH         PUBLIC        ?C?ILDIX
  -------         ENDMOD        ?C?ILDIX

  -------         MODULE        ?C?ILDOPTR
  C:2303H         PUBLIC        ?C?ILDOPTR
  -------         ENDMOD        ?C?ILDOPTR

  -------         MODULE        ?C?IILDOPTR
  C:233BH         PUBLIC        ?C?IILDOPTR
  -------         ENDMOD        ?C?IILDOPTR

  -------         MODULE        ?C?ISTOPTR
  C:2388H         PUBLIC        ?C?ISTOPTR
  -------         ENDMOD        ?C?ISTOPTR

  -------         MODULE        ?C?ULCMP
  C:23B5H         PUBLIC        ?C?ULCMP
  -------         ENDMOD        ?C?ULCMP

  -------         MODULE        ?C?LSTKXDATA
  C:23C6H         PUBLIC        ?C?LSTKXDATA
  -------         ENDMOD        ?C?LSTKXDATA

  -------         MODULE        ?C?OFFXADD
  C:23F7H         PUBLIC        ?C?OFFXADD
  -------         ENDMOD        ?C?OFFXADD

  -------         MODULE        ?C?PLDXDATA
  C:2403H         PUBLIC        ?C?PLDXDATA
  -------         ENDMOD        ?C?PLDXDATA

  -------         MODULE        ?C?PLDIXDATA
  C:240CH         PUBLIC        ?C?PLDIXDATA
  -------         ENDMOD        ?C?PLDIXDATA

  -------         MODULE        ?C?PSTXDATA
  C:2423H         PUBLIC        ?C?PSTXDATA
  -------         ENDMOD        ?C?PSTXDATA

  -------         MODULE        ?C?PLDCODE
  C:242CH         PUBLIC        ?C?PLDCODE
  -------         ENDMOD        ?C?PLDCODE
BL51 BANKED LINKER/LOCATER V6.22.2.0                                                  12/18/2021  09:21:04  PAGE 67



  -------         MODULE        ?C?PLDOPTR
  C:2438H         PUBLIC        ?C?PLDOPTR
  -------         ENDMOD        ?C?PLDOPTR

  -------         MODULE        ?C?ICALL
  C:2468H         PUBLIC        ?C?ICALL
  C:246CH         PUBLIC        ?C?ICALL2
  -------         ENDMOD        ?C?ICALL

  -------         MODULE        STRNCMP
  X:0C18H         PUBLIC        ?_strncmp?BYTE
  C:4055H         PUBLIC        _strncmp
  -------         ENDMOD        STRNCMP

  -------         MODULE        STRLEN
  C:000EH         PUBLIC        _STRLEN
  -------         ENDMOD        STRLEN

  -------         MODULE        ?C?MEMSET
  C:246EH         PUBLIC        ?C?MEMSET
  -------         ENDMOD        ?C?MEMSET

  -------         MODULE        ?C?PLDIDATA
  C:249AH         PUBLIC        ?C?PLDIDATA
  -------         ENDMOD        ?C?PLDIDATA

  -------         MODULE        ?C?PLDPDATA
  C:24A3H         PUBLIC        ?C?PLDPDATA
  -------         ENDMOD        ?C?PLDPDATA

*** WARNING L7: MODULE NAME NOT UNIQUE
    MODULE:  .\Objects\STARTUP.obj (?C_STARTUP)

*** WARNING L16: UNCALLED SEGMENT, IGNORED FOR OVERLAY PROCESS
    SEGMENT: ?PR?RS485_TO_PLC?REPORT

Program Size: data=9.0 xdata=3206 code=21381
LINK/LOCATE RUN COMPLETE.  2 WARNING(S),  0 ERROR(S)
