BL51 BANKED LINKER/LOCATER V6.22.2.0                                                    12/21/2021  17:57:20  PAGE 1


BL51 BANKED LINKER/LOCATER V6.22.2.0, INVOKED BY:
C:\KEIL_V5\C51\BIN\BL51.EXE .\Objects\main.obj, .\Objects\Control.obj, .\Objects\report.obj, .\Objects\Menu.obj, .\Objec
>> ts\pFunc.obj, .\Objects\usart.obj, .\Objects\timer.obj, .\Objects\wifi.obj, .\STCLIB\Front.LIB, .\STCLIB\Gpio.LIB, .\
>> STCLIB\Iape2prom.LIB, .\STCLIB\Key.LIB, .\STCLIB\Lcd19264.LIB, .\Objects\STARTUP.obj TO .\Objects\WIRELESS_PLC PRINT 
>> (.\Listings\WIRELESS_PLC.m51) RAMSIZE (256)


MEMORY MODEL: LARGE


INPUT MODULES INCLUDED:
  .\Objects\main.obj (MAIN)
  .\Objects\Control.obj (CONTROL)
  .\Objects\report.obj (REPORT)
  .\Objects\Menu.obj (MENU)
  .\Objects\pFunc.obj (PFUNC)
  .\Objects\usart.obj (USART)
  .\Objects\timer.obj (TIMER)
  .\Objects\wifi.obj (WIFI)
  .\STCLIB\Front.LIB (CHINESE_CODE)
  .\STCLIB\Front.LIB (?C_STARTUP)
  .\STCLIB\Gpio.LIB (GPIO)
  .\STCLIB\Iape2prom.LIB (EEPROM)
  .\STCLIB\Key.LIB (KEY)
  .\STCLIB\Lcd19264.LIB (LCD)
  C:\KEIL_V5\C51\LIB\C51L.LIB (?C_INIT)
  C:\KEIL_V5\C51\LIB\C51L.LIB (?C?COPY)
  C:\KEIL_V5\C51\LIB\C51L.LIB (?C?CLDPTR)
  C:\KEIL_V5\C51\LIB\C51L.LIB (?C?CLDOPTR)
  C:\KEIL_V5\C51\LIB\C51L.LIB (?C?CILDPTR)
  C:\KEIL_V5\C51\LIB\C51L.LIB (?C?CSTPTR)
  C:\KEIL_V5\C51\LIB\C51L.LIB (?C?CSTOPTR)
  C:\KEIL_V5\C51\LIB\C51L.LIB (?C?IMUL)
  C:\KEIL_V5\C51\LIB\C51L.LIB (?C?UIDIV)
  C:\KEIL_V5\C51\LIB\C51L.LIB (?C?SIDIV)
  C:\KEIL_V5\C51\LIB\C51L.LIB (?C?IILDX)
  C:\KEIL_V5\C51\LIB\C51L.LIB (?C?ILDIX)
  C:\KEIL_V5\C51\LIB\C51L.LIB (?C?ILDOPTR)
  C:\KEIL_V5\C51\LIB\C51L.LIB (?C?IILDOPTR)
  C:\KEIL_V5\C51\LIB\C51L.LIB (?C?ISTOPTR)
  C:\KEIL_V5\C51\LIB\C51L.LIB (?C?ULCMP)
  C:\KEIL_V5\C51\LIB\C51L.LIB (?C?LSTKXDATA)
  C:\KEIL_V5\C51\LIB\C51L.LIB (?C?OFFXADD)
  C:\KEIL_V5\C51\LIB\C51L.LIB (?C?PLDXDATA)
  C:\KEIL_V5\C51\LIB\C51L.LIB (?C?PLDIXDATA)
  C:\KEIL_V5\C51\LIB\C51L.LIB (?C?PSTXDATA)
  C:\KEIL_V5\C51\LIB\C51L.LIB (?C?PLDCODE)
  C:\KEIL_V5\C51\LIB\C51L.LIB (?C?PLDOPTR)
  C:\KEIL_V5\C51\LIB\C51L.LIB (?C?CCASE)
  C:\KEIL_V5\C51\LIB\C51L.LIB (?C?ICALL)
  C:\KEIL_V5\C51\LIB\C51L.LIB (STRNCMP)
  C:\KEIL_V5\C51\LIB\C51L.LIB (STRLEN)
  C:\KEIL_V5\C51\LIB\C51L.LIB (?C?MEMSET)
  C:\KEIL_V5\C51\LIB\C51L.LIB (?C?PLDIDATA)
  C:\KEIL_V5\C51\LIB\C51L.LIB (?C?PLDPDATA)


LINK MAP OF MODULE:  .\Objects\WIRELESS_PLC (MAIN)
BL51 BANKED LINKER/LOCATER V6.22.2.0                                                  12/21/2021  17:57:20  PAGE 2




            TYPE    BASE      LENGTH    RELOCATION   SEGMENT NAME
            -----------------------------------------------------

            * * * * * * *   D A T A   M E M O R Y   * * * * * * *
            REG     0000H     0008H     ABSOLUTE     "REG BANK 0"
            REG     0008H     0008H     ABSOLUTE     "REG BANK 1"
            REG     0010H     0008H     ABSOLUTE     "REG BANK 2"
            IDATA   0018H     0001H     UNIT         ?STACK

            * * * * * * *  X D A T A   M E M O R Y  * * * * * * *
            XDATA   0000H     1B0AH     UNIT         ?XD?REPORT
            XDATA   1B0AH     00C5H     UNIT         ?XD?MENU
            XDATA   1BCFH     009AH     UNIT         ?XD?CONTROL
            XDATA   1C69H     003BH     UNIT         _XDATA_GROUP_
            XDATA   1CA4H     002DH     UNIT         ?XD?USART
            XDATA   1CD1H     0013H     UNIT         ?XD?MAIN
            XDATA   1CE4H     0010H     UNIT         ?XD?TIMER
            XDATA   1CF4H     0008H     UNIT         ?XD?LCD
            XDATA   1CFCH     0002H     UNIT         ?XD?KEY

            * * * * * * *   C O D E   M E M O R Y   * * * * * * *
            CODE    0000H     0003H     ABSOLUTE     
            CODE    0003H     0008H     UNIT         ?PR?COMMUNICAINIT?CONTROL
            CODE    000BH     0003H     ABSOLUTE     
            CODE    000EH     0015H     UNIT         ?PR?_STRLEN?STRLEN
            CODE    0023H     0003H     ABSOLUTE     
            CODE    0026H     001CH     UNIT         ?PR?_PASSWORDDELETE?CONTROL
            CODE    0042H     0001H     UNIT         ?PR?KEYMENU_MENU?MENU
            CODE    0043H     0003H     ABSOLUTE     
            CODE    0046H     0045H     UNIT         ?PR?REFRESHMENUDISP?MENU
            CODE    008BH     0003H     ABSOLUTE     
            CODE    008EH     0003H     UNIT         ?PR?_LCDSHOW?MENU
            CODE    0091H     0001H     UNIT         ?PR?KEYBAUD_MENU?MENU
                    0092H     0001H                  *** GAP ***
            CODE    0093H     0003H     ABSOLUTE     
            CODE    0096H     207AH     UNIT         ?CO?CHINESE_CODE
            CODE    2110H     1C83H     UNIT         ?C_INITSEG
            CODE    3D93H     042AH     UNIT         ?C?LIB_CODE
            CODE    41BDH     024CH     UNIT         ?PR?KEYCONTROL_ENTER?MENU
            CODE    4409H     0208H     UNIT         ?PR?MENU
            CODE    4611H     0207H     UNIT         ?PR?_PUBLIC_DATAHANDLE?REPORT
            CODE    4818H     01ABH     UNIT         ?CO?WIFI
            CODE    49C3H     01ABH     UNIT         ?PR?_GUI_LATTICE?LCD
            CODE    4B6EH     0199H     UNIT         ?PR?_GPIO_INILIZE?GPIO
            CODE    4D07H     0191H     UNIT         ?PR?_MYITOA?PFUNC
            CODE    4E98H     0118H     UNIT         ?PR?TIMER0_ISR?TIMER
            CODE    4FB0H     010CH     UNIT         ?CO?CONTROL
            CODE    50BCH     0103H     UNIT         ?PR?KEYCONTROL_DOWN?MENU
            CODE    51BFH     00F7H     UNIT         ?CO?MENU
            CODE    52B6H     00EAH     UNIT         ?PR?KEYCONTROL_UP?MENU
            CODE    53A0H     00C5H     UNIT         ?PR?_GUI_STRING?LCD
            CODE    5465H     00BBH     UNIT         ?PR?USART
            CODE    5520H     00AEH     UNIT         ?PR?_UART_BASE_MSPINIT?USART
            CODE    55CEH     00AAH     UNIT         ?PR?CONTROL
            CODE    5678H     009FH     UNIT         ?PR?UART4_ISR?USART
BL51 BANKED LINKER/LOCATER V6.22.2.0                                                  12/21/2021  17:57:20  PAGE 3


            CODE    5717H     0098H     UNIT         ?PR?_GETCRC16?REPORT
            CODE    57AFH     0097H     UNIT         ?PR?UART2_ISR?USART
            CODE    5846H     0095H     UNIT         ?PR?UART3_ISR?USART
            CODE    58DBH     0090H     UNIT         ?PR?SYSTEMINIT?MAIN
            CODE    596BH     0090H     UNIT         ?PR?UART1_ISR?USART
            CODE    59FBH     008EH     UNIT         ?PR?KEY_CHICK?KEY
            CODE    5A89H     008CH     UNIT         ?C_C51STARTUP
            CODE    5B15H     0087H     UNIT         ?PR?PASSWORDCHANGEUISHOW?CONTROL
            CODE    5B9CH     0087H     UNIT         ?PR?_STRNCMP?STRNCMP
            CODE    5C23H     0085H     UNIT         ?PR?INIT_ALL?MAIN
            CODE    5CA8H     0085H     UNIT         ?PR?REPORT
            CODE    5D2DH     007CH     UNIT         ?PR?UART_HANDLE?REPORT
            CODE    5DA9H     007BH     UNIT         ?PR?IAP_FLASH_IINIT?MAIN
            CODE    5E24H     007BH     UNIT         ?PR?KEYMAIN_ENTER?MENU
            CODE    5E9FH     0076H     UNIT         ?PR?_INIT_LISTQUEUE?REPORT
            CODE    5F15H     0075H     UNIT         ?PR?KEYEVENT?MENU
            CODE    5F8AH     0071H     UNIT         ?PR?LCD
            CODE    5FFBH     006AH     UNIT         ?PR?INITIAL_LCD?LCD
            CODE    6065H     0069H     UNIT         ?PR?_PASSWORDINPUT?CONTROL
            CODE    60CEH     0069H     UNIT         ?PR?CHECK_PASSWORDBITS?MENU
            CODE    6137H     0068H     UNIT         ?PR?WORKMODEUISHOW?CONTROL
            CODE    619FH     0064H     UNIT         ?PR?KEYBAUD_ENTER?MENU
            CODE    6203H     0062H     UNIT         ?CO?MAIN
            CODE    6265H     0060H     UNIT         ?PR?KEYBAUD_UP?MENU
            CODE    62C5H     0060H     UNIT         ?PR?KEYBAUD_DOWN?MENU
            CODE    6325H     0060H     UNIT         ?PR?IAPCONFIGWAITTIME?EEPROM
            CODE    6385H     005FH     UNIT         ?PR?HOTSPOTSETTINGUISHOW?CONTROL
            CODE    63E4H     005BH     UNIT         ?PR?_GETFRONTPARM?LCD
            CODE    643FH     0057H     UNIT         ?PR?KEYMENU_UP?MENU
            CODE    6496H     0057H     UNIT         ?PR?KEYMENU_DOWN?MENU
            CODE    64EDH     0051H     UNIT         ?PR?_UARTX_SENDSTR?USART
            CODE    653EH     0051H     UNIT         ?PR?_GETCHINDEX?LCD
            CODE    658FH     0050H     UNIT         ?PR?TIMER
            CODE    65DFH     004EH     UNIT         ?PR?PLCPOWERUISHOW?CONTROL
            CODE    662DH     0047H     UNIT         ?PR?_EXE_APPOINT_CMD?WIFI
            CODE    6674H     0044H     UNIT         ?PR?REFRESHBAUDDISP?MENU
            CODE    66B8H     0043H     UNIT         ?PR?_TIM_BASE_MSPINIT?TIMER
            CODE    66FBH     0042H     UNIT         ?PR?WIFI
            CODE    673DH     003DH     UNIT         ?PR?KEYMAIN_DOWN?MENU
            CODE    677AH     003CH     UNIT         ?PR?COMMUNICAUISHOW?CONTROL
            CODE    67B6H     003CH     UNIT         ?PR?BAUDSETTINGUI1SHOW?CONTROL
            CODE    67F2H     003AH     UNIT         ?PR?KEYMAIN_UP?MENU
            CODE    682CH     0038H     UNIT         ?PR?CONTROLSAVE?CONTROL
            CODE    6864H     0037H     UNIT         ?PR?WIFI_INIT?WIFI
            CODE    689BH     0036H     UNIT         ?PR?EEPROM
            CODE    68D1H     0036H     UNIT         ?PR?_LCD_ADDRESS?LCD
            CODE    6907H     0035H     UNIT         ?PR?BAUDSETTINGUI2SHOW?CONTROL
            CODE    693CH     0035H     UNIT         ?PR?BAUDSETTINGUI3SHOW?CONTROL
            CODE    6971H     0035H     UNIT         ?PR?BAUDSETTINGUI4SHOW?CONTROL
            CODE    69A6H     0034H     UNIT         ?PR?_GET_TARGET_CHANNEL?REPORT
            CODE    69DAH     0034H     UNIT         ?PR?_GET_TARGET_UART?REPORT
            CODE    6A0EH     0031H     UNIT         ?PR?_LCDDLY?MENU
            CODE    6A3FH     0031H     UNIT         ?PR?WIFI_EXIT_TRT?WIFI
            CODE    6A70H     0030H     UNIT         ?PR?CHECKIAP_FLASH?MAIN
            CODE    6AA0H     002FH     UNIT         ?PR?_IAPREAD?EEPROM
            CODE    6ACFH     002DH     UNIT         ?PR?BAUDINIT?CONTROL
            CODE    6AFCH     002CH     UNIT         ?PR?_IAPWRITE_BUFF?EEPROM
BL51 BANKED LINKER/LOCATER V6.22.2.0                                                  12/21/2021  17:57:20  PAGE 4


            CODE    6B28H     002CH     UNIT         ?PR?_TRANSFER_COMMAND?LCD
            CODE    6B54H     002CH     UNIT         ?PR?_TRANSFER_DATA?LCD
            CODE    6B80H     002BH     UNIT         ?PR?_IAPREAD_BUFF?EEPROM
            CODE    6BABH     002AH     UNIT         ?PR?PASSWORDINPUTUISHOW?CONTROL
            CODE    6BD5H     002AH     UNIT         ?PR?PFUNC
            CODE    6BFFH     0029H     UNIT         ?PR?RELOADSETTINGUISHOW?CONTROL
            CODE    6C28H     0027H     UNIT         ?PR?KEYCONTROL_CANCEL?MENU
            CODE    6C4FH     0027H     UNIT         ?PR?TIMER0_INIT?TIMER
            CODE    6C76H     0026H     UNIT         ?PR?KEYMAIN_MENU?MENU
            CODE    6C9CH     0026H     UNIT         ?PR?_IAPPROGRAM?EEPROM
            CODE    6CC2H     0026H     UNIT         ?PR?_IAPERASE?EEPROM
            CODE    6CE8H     0026H     UNIT         ?PR?CLEAR_SCREEN?LCD
            CODE    6D0EH     0025H     UNIT         ?PR?PASSWORDJUDGE?CONTROL
            CODE    6D33H     0025H     UNIT         ?CO?PFUNC
            CODE    6D58H     0022H     UNIT         ?PR?UART1_INIT?USART
            CODE    6D7AH     0022H     UNIT         ?PR?_BUSY_AWAIT?USART
            CODE    6D9CH     001FH     UNIT         ?PR?UART2_INIT?USART
            CODE    6DBBH     001EH     UNIT         ?PR?MAIN
            CODE    6DD9H     001EH     UNIT         ?CO?REPORT
            CODE    6DF7H     001EH     UNIT         ?PR?KEYMENU_ENTER?MENU
            CODE    6E15H     001EH     UNIT         ?PR?UART3_INIT?USART
            CODE    6E33H     001EH     UNIT         ?PR?UART4_INIT?USART
            CODE    6E51H     001CH     UNIT         ?PR?_DELAY_MS?TIMER
            CODE    6E6DH     001BH     UNIT         ?PR?KEYMAIN_CANCEL?MENU
            CODE    6E88H     001BH     UNIT         ?PR?KEYCONTROL_MENU?MENU
            CODE    6EA3H     0019H     UNIT         ?PR?_LOOPINDEX?PFUNC
            CODE    6EBCH     0019H     UNIT         ?PR?WIFI_OPEN_AP?WIFI
            CODE    6ED5H     0019H     UNIT         ?PR?WIFI_CLOSE_AP?WIFI
            CODE    6EEEH     0018H     UNIT         ?PR?_INPUTOFFECT?CONTROL
            CODE    6F06H     0018H     UNIT         ?PR?SCREENSAVERUISHOW?CONTROL
            CODE    6F1EH     0011H     UNIT         ?PR?KEYBAUD_CANCEL?MENU
            CODE    6F2FH     0010H     UNIT         ?PR?KEYMENU_CANCEL?MENU
            CODE    6F3FH     000EH     UNIT         ?PR?CONTROLINIT?CONTROL
            CODE    6F4DH     000DH     UNIT         ?PR?IAPIDLE?EEPROM
            CODE    6F5AH     000CH     UNIT         ?PR?_PUTCHAR?USART
            CODE    6F66H     000CH     UNIT         ?PR?_WIFI_ENABLE?WIFI
            CODE    6F72H     000BH     UNIT         ?PR?MAIN?MAIN
            CODE    6F7DH     000AH     UNIT         ?PR?MODE_MASTER?CONTROL
            CODE    6F87H     0009H     UNIT         ?PR?POWERINIT?CONTROL
            CODE    6F90H     0009H     UNIT         ?PR?LCDSHOWINIT?MENU
            CODE    6F99H     0009H     UNIT         ?PR?BAUD_SETTING?MENU
            CODE    6FA2H     0009H     UNIT         ?PR?DELAY1MS?TIMER
            CODE    6FABH     0007H     UNIT         ?PR?MODE_SLAVE?CONTROL
            CODE    6FB2H     0006H     UNIT         ?PR?GPIO



OVERLAY MAP OF MODULE:   .\Objects\WIRELESS_PLC (MAIN)


SEGMENT                                    XDATA_GROUP
  +--> CALLED SEGMENT                    START    LENGTH
--------------------------------------------------------
?PR?UART1_ISR?USART                      -----    -----
  +--> ?PR?USART

*** NEW ROOT ***************************************************
BL51 BANKED LINKER/LOCATER V6.22.2.0                                                  12/21/2021  17:57:20  PAGE 5



?PR?UART2_ISR?USART                      -----    -----
  +--> ?PR?USART

*** NEW ROOT ***************************************************

?PR?UART3_ISR?USART                      -----    -----
  +--> ?PR?USART

*** NEW ROOT ***************************************************

?PR?UART4_ISR?USART                      -----    -----
  +--> ?PR?USART

*** NEW ROOT ***************************************************

?PR?TIMER0_ISR?TIMER                     -----    -----
  +--> ?PR?TIMER

*** NEW ROOT ***************************************************

?C_C51STARTUP                            -----    -----
  +--> ?PR?MAIN?MAIN
  +--> ?C_INITSEG

?PR?MAIN?MAIN                            -----    -----
  +--> ?PR?SYSTEMINIT?MAIN
  +--> ?PR?KEYEVENT?MENU
  +--> ?PR?UART_HANDLE?REPORT

?PR?SYSTEMINIT?MAIN                      -----    -----
  +--> ?PR?INIT_ALL?MAIN
  +--> ?PR?INITIAL_LCD?LCD
  +--> ?PR?IAP_FLASH_IINIT?MAIN
  +--> ?PR?TIMER0_INIT?TIMER
  +--> ?PR?UART1_INIT?USART
  +--> ?PR?UART2_INIT?USART
  +--> ?PR?UART3_INIT?USART
  +--> ?PR?UART4_INIT?USART
  +--> ?PR?CONTROLINIT?CONTROL
  +--> ?PR?LCDSHOWINIT?MENU
  +--> ?PR?WIFI_INIT?WIFI
  +--> ?PR?CONTROLSAVE?CONTROL
  +--> ?PR?_INIT_LISTQUEUE?REPORT

?PR?INIT_ALL?MAIN                        1C69H    0002H
  +--> ?PR?MAIN
  +--> ?PR?_GPIO_INILIZE?GPIO

?PR?_GPIO_INILIZE?GPIO                   -----    -----
  +--> ?PR?GPIO

?PR?INITIAL_LCD?LCD                      -----    -----
  +--> ?PR?_DELAY_MS?TIMER
  +--> ?PR?_TRANSFER_COMMAND?LCD
  +--> ?PR?CLEAR_SCREEN?LCD

BL51 BANKED LINKER/LOCATER V6.22.2.0                                                  12/21/2021  17:57:20  PAGE 6


?PR?_DELAY_MS?TIMER                      1C72H    0002H
  +--> ?PR?DELAY1MS?TIMER

?PR?_TRANSFER_COMMAND?LCD                -----    -----
  +--> ?PR?LCD

?PR?LCD                                  -----    -----
  +--> ?PR?_LCD_ADDRESS?LCD

?PR?CLEAR_SCREEN?LCD                     -----    -----
  +--> ?PR?LCD
  +--> ?PR?_TRANSFER_COMMAND?LCD
  +--> ?PR?_TRANSFER_DATA?LCD

?PR?_TRANSFER_DATA?LCD                   -----    -----
  +--> ?PR?LCD

?PR?IAP_FLASH_IINIT?MAIN                 -----    -----
  +--> ?PR?CHECKIAP_FLASH?MAIN
  +--> ?CO?MAIN
  +--> ?PR?MAIN
  +--> ?PR?_GUI_STRING?LCD
  +--> ?PR?_DELAY_MS?TIMER
  +--> ?PR?_IAPERASE?EEPROM
  +--> ?PR?_IAPWRITE_BUFF?EEPROM
  +--> ?PR?CLEAR_SCREEN?LCD

?PR?CHECKIAP_FLASH?MAIN                  -----    -----
  +--> ?PR?MAIN
  +--> ?PR?_IAPREAD_BUFF?EEPROM
  +--> ?PR?_GETCRC16?REPORT

?PR?_IAPREAD_BUFF?EEPROM                 1C69H    0006H
  +--> ?PR?EEPROM
  +--> ?PR?_IAPREAD?EEPROM

?PR?_IAPREAD?EEPROM                      1C6FH    0001H
  +--> ?PR?IAPCONFIGWAITTIME?EEPROM
  +--> ?PR?EEPROM

?PR?IAPCONFIGWAITTIME?EEPROM             1C75H    0004H
  +--> ?PR?EEPROM

?PR?_GETCRC16?REPORT                     1C6CH    0009H

?PR?_GUI_STRING?LCD                      1C6FH    0009H
  +--> ?PR?_GETFRONTPARM?LCD
  +--> ?PR?LCD
  +--> ?PR?_GETCHINDEX?LCD
  +--> ?PR?_GUI_LATTICE?LCD

?PR?_GETFRONTPARM?LCD                    -----    -----
  +--> ?CO?CHINESE_CODE

?PR?_GETCHINDEX?LCD                      1C78H    0002H
  +--> ?CO?CHINESE_CODE

BL51 BANKED LINKER/LOCATER V6.22.2.0                                                  12/21/2021  17:57:20  PAGE 7


?PR?_GUI_LATTICE?LCD                     1C78H    000FH
  +--> ?PR?LCD
  +--> ?PR?_LCD_ADDRESS?LCD
  +--> ?PR?_TRANSFER_DATA?LCD

?PR?_IAPERASE?EEPROM                     1C6CH    0002H
  +--> ?PR?IAPCONFIGWAITTIME?EEPROM
  +--> ?PR?EEPROM
  +--> ?PR?IAPIDLE?EEPROM
  +--> ?PR?_DELAY_MS?TIMER

?PR?_IAPWRITE_BUFF?EEPROM                1C6CH    0006H
  +--> ?PR?EEPROM
  +--> ?PR?_IAPPROGRAM?EEPROM

?PR?_IAPPROGRAM?EEPROM                   1C72H    0003H
  +--> ?PR?IAPCONFIGWAITTIME?EEPROM
  +--> ?PR?EEPROM
  +--> ?PR?IAPIDLE?EEPROM

?PR?TIMER0_INIT?TIMER                    -----    -----
  +--> ?PR?_TIM_BASE_MSPINIT?TIMER

?PR?UART1_INIT?USART                     -----    -----
  +--> ?PR?USART
  +--> ?PR?_UART_BASE_MSPINIT?USART

?PR?_UART_BASE_MSPINIT?USART             -----    -----
  +--> ?PR?USART

?PR?UART2_INIT?USART                     -----    -----
  +--> ?PR?USART
  +--> ?PR?_UART_BASE_MSPINIT?USART

?PR?UART3_INIT?USART                     -----    -----
  +--> ?PR?USART
  +--> ?PR?_UART_BASE_MSPINIT?USART

?PR?UART4_INIT?USART                     -----    -----
  +--> ?PR?USART
  +--> ?PR?_UART_BASE_MSPINIT?USART

?PR?CONTROLINIT?CONTROL                  -----    -----
  +--> ?PR?BAUDINIT?CONTROL
  +--> ?PR?POWERINIT?CONTROL
  +--> ?PR?COMMUNICAINIT?CONTROL

?PR?BAUDINIT?CONTROL                     -----    -----
  +--> ?PR?CONTROL

?PR?CONTROL                              -----    -----
  +--> ?CO?CHINESE_CODE

?PR?COMMUNICAINIT?CONTROL                -----    -----
  +--> ?PR?_WIFI_ENABLE?WIFI

?PR?LCDSHOWINIT?MENU                     -----    -----
BL51 BANKED LINKER/LOCATER V6.22.2.0                                                  12/21/2021  17:57:20  PAGE 8


  +--> ?PR?SCREENSAVERUISHOW?CONTROL
  +--> ?PR?_LCDSHOW?MENU

?PR?SCREENSAVERUISHOW?CONTROL            -----    -----
  +--> ?PR?CLEAR_SCREEN?LCD
  +--> ?PR?CONTROL
  +--> ?CO?CHINESE_CODE
  +--> ?PR?_GUI_LATTICE?LCD

?PR?WIFI_INIT?WIFI                       1C6CH    0001H
  +--> ?PR?_DELAY_MS?TIMER
  +--> ?PR?WIFI
  +--> ?PR?_EXE_APPOINT_CMD?WIFI

?PR?WIFI                                 -----    -----
  +--> ?CO?WIFI

?PR?_EXE_APPOINT_CMD?WIFI                1C6DH    0005H
  +--> ?PR?WIFI
  +--> ?PR?_STRLEN?STRLEN
  +--> ?PR?_UARTX_SENDSTR?USART
  +--> ?PR?_DELAY_MS?TIMER

?PR?_UARTX_SENDSTR?USART                 1C77H    0007H
  +--> ?PR?_BUSY_AWAIT?USART
  +--> ?PR?USART

?PR?CONTROLSAVE?CONTROL                  -----    -----
  +--> ?PR?_GETCRC16?REPORT
  +--> ?PR?_IAPERASE?EEPROM
  +--> ?PR?_IAPWRITE_BUFF?EEPROM

?PR?_INIT_LISTQUEUE?REPORT               1C69H    0004H
  +--> ?PR?REPORT

?PR?KEYEVENT?MENU                        1C69H    0002H
  +--> ?PR?KEY_CHICK?KEY
  +--> ?PR?_LCDDLY?MENU

?PR?KEY_CHICK?KEY                        1C6BH    0001H
  +--> ?PR?_DELAY_MS?TIMER

?PR?_LCDDLY?MENU                         -----    -----
  +--> ?PR?MENU
  +--> ?PR?SCREENSAVERUISHOW?CONTROL
  +--> ?PR?_LCDSHOW?MENU
  +--> ?PR?_PASSWORDDELETE?CONTROL

?PR?MENU                                 -----    -----
  +--> ?CO?CHINESE_CODE

?PR?_PASSWORDDELETE?CONTROL              1C6CH    0003H
  +--> ?PR?CONTROL

?PR?UART_HANDLE?REPORT                   -----    -----
  +--> ?CO?REPORT
  +--> ?PR?REPORT
BL51 BANKED LINKER/LOCATER V6.22.2.0                                                  12/21/2021  17:57:20  PAGE 9



?CO?REPORT                               -----    -----
  +--> ?PR?_PUBLIC_DATAHANDLE?REPORT

?PR?_PUBLIC_DATAHANDLE?REPORT            1C69H    000EH
  +--> ?PR?_GET_TARGET_CHANNEL?REPORT
  +--> ?PR?_GET_TARGET_UART?REPORT
  +--> ?PR?REPORT
  +--> ?PR?_UARTX_SENDSTR?USART

?C_INITSEG                               -----    -----
  +--> ?CO?CONTROL
  +--> ?PR?WIFI_OPEN_AP?WIFI
  +--> ?PR?WIFI_CLOSE_AP?WIFI
  +--> ?PR?MODE_MASTER?CONTROL
  +--> ?PR?MODE_SLAVE?CONTROL
  +--> ?CO?MENU
  +--> ?PR?PLCPOWERUISHOW?CONTROL
  +--> ?PR?COMMUNICAUISHOW?CONTROL
  +--> ?PR?WORKMODEUISHOW?CONTROL
  +--> ?PR?PASSWORDCHANGEUISHOW?CONTROL
  +--> ?PR?BAUD_SETTING?MENU
  +--> ?PR?HOTSPOTSETTINGUISHOW?CONTROL
  +--> ?PR?RELOADSETTINGUISHOW?CONTROL
  +--> ?PR?BAUDSETTINGUI1SHOW?CONTROL
  +--> ?PR?BAUDSETTINGUI2SHOW?CONTROL
  +--> ?PR?BAUDSETTINGUI3SHOW?CONTROL
  +--> ?PR?BAUDSETTINGUI4SHOW?CONTROL
  +--> ?PR?KEYMAIN_UP?MENU
  +--> ?PR?KEYMAIN_DOWN?MENU
  +--> ?PR?KEYMAIN_ENTER?MENU
  +--> ?PR?KEYMAIN_CANCEL?MENU
  +--> ?PR?KEYMAIN_MENU?MENU
  +--> ?PR?KEYMENU_UP?MENU
  +--> ?PR?KEYMENU_DOWN?MENU
  +--> ?PR?KEYMENU_ENTER?MENU
  +--> ?PR?KEYMENU_CANCEL?MENU
  +--> ?PR?KEYMENU_MENU?MENU
  +--> ?PR?KEYCONTROL_UP?MENU
  +--> ?PR?KEYCONTROL_DOWN?MENU
  +--> ?PR?KEYCONTROL_ENTER?MENU
  +--> ?PR?KEYCONTROL_CANCEL?MENU
  +--> ?PR?KEYCONTROL_MENU?MENU
  +--> ?PR?KEYBAUD_UP?MENU
  +--> ?PR?KEYBAUD_DOWN?MENU
  +--> ?PR?KEYBAUD_ENTER?MENU
  +--> ?PR?KEYBAUD_CANCEL?MENU
  +--> ?PR?KEYBAUD_MENU?MENU

?PR?WIFI_OPEN_AP?WIFI                    -----    -----
  +--> ?PR?WIFI_EXIT_TRT?WIFI
  +--> ?PR?WIFI
  +--> ?PR?_EXE_APPOINT_CMD?WIFI
  +--> ?CO?WIFI

?PR?WIFI_EXIT_TRT?WIFI                   1C69H    0001H
  +--> ?PR?WIFI
BL51 BANKED LINKER/LOCATER V6.22.2.0                                                  12/21/2021  17:57:20  PAGE 10


  +--> ?PR?_EXE_APPOINT_CMD?WIFI

?PR?WIFI_CLOSE_AP?WIFI                   -----    -----
  +--> ?PR?WIFI_EXIT_TRT?WIFI
  +--> ?PR?WIFI
  +--> ?PR?_EXE_APPOINT_CMD?WIFI
  +--> ?CO?WIFI

?PR?PLCPOWERUISHOW?CONTROL               -----    -----
  +--> ?PR?CLEAR_SCREEN?LCD
  +--> ?CO?CONTROL
  +--> ?PR?CONTROL
  +--> ?PR?_GUI_STRING?LCD
  +--> ?CO?CHINESE_CODE
  +--> ?PR?_GUI_LATTICE?LCD

?PR?COMMUNICAUISHOW?CONTROL              -----    -----
  +--> ?PR?CLEAR_SCREEN?LCD
  +--> ?PR?CONTROL
  +--> ?CO?CHINESE_CODE
  +--> ?PR?_GUI_LATTICE?LCD
  +--> ?CO?CONTROL
  +--> ?PR?_GUI_STRING?LCD

?PR?WORKMODEUISHOW?CONTROL               -----    -----
  +--> ?PR?CLEAR_SCREEN?LCD
  +--> ?CO?CONTROL
  +--> ?PR?CONTROL
  +--> ?PR?_GUI_STRING?LCD
  +--> ?PR?_GUI_LATTICE?LCD

?PR?PASSWORDCHANGEUISHOW?CONTROL         1C6CH    0003H
  +--> ?PR?CLEAR_SCREEN?LCD
  +--> ?PR?_MYITOA?PFUNC
  +--> ?PR?CONTROL
  +--> ?PR?_GUI_STRING?LCD
  +--> ?CO?CHINESE_CODE
  +--> ?PR?_GUI_LATTICE?LCD
  +--> ?CO?CONTROL

?PR?_MYITOA?PFUNC                        1C6FH    0035H
  +--> ?CO?PFUNC
  +--> ?PR?PFUNC

?PR?BAUD_SETTING?MENU                    -----    -----
  +--> ?PR?REFRESHBAUDDISP?MENU
  +--> ?PR?_LCDSHOW?MENU

?PR?REFRESHBAUDDISP?MENU                 1C6CH    0001H
  +--> ?PR?CLEAR_SCREEN?LCD
  +--> ?PR?MENU
  +--> ?PR?_GUI_STRING?LCD
  +--> ?PR?_GUI_LATTICE?LCD

?PR?HOTSPOTSETTINGUISHOW?CONTROL         -----    -----
  +--> ?PR?CLEAR_SCREEN?LCD
  +--> ?CO?CONTROL
BL51 BANKED LINKER/LOCATER V6.22.2.0                                                  12/21/2021  17:57:20  PAGE 11


  +--> ?PR?CONTROL
  +--> ?PR?_GUI_STRING?LCD
  +--> ?PR?_GUI_LATTICE?LCD

?PR?RELOADSETTINGUISHOW?CONTROL          -----    -----
  +--> ?PR?CLEAR_SCREEN?LCD
  +--> ?CO?CONTROL
  +--> ?PR?CONTROL
  +--> ?PR?_GUI_STRING?LCD

?PR?BAUDSETTINGUI1SHOW?CONTROL           -----    -----
  +--> ?PR?CLEAR_SCREEN?LCD
  +--> ?CO?CONTROL
  +--> ?PR?CONTROL
  +--> ?PR?_GUI_STRING?LCD
  +--> ?PR?_GUI_LATTICE?LCD
  +--> ?CO?CHINESE_CODE

?PR?BAUDSETTINGUI2SHOW?CONTROL           -----    -----
  +--> ?PR?CLEAR_SCREEN?LCD
  +--> ?CO?CONTROL
  +--> ?PR?CONTROL
  +--> ?PR?_GUI_STRING?LCD
  +--> ?PR?_GUI_LATTICE?LCD

?PR?BAUDSETTINGUI3SHOW?CONTROL           -----    -----
  +--> ?PR?CLEAR_SCREEN?LCD
  +--> ?CO?CONTROL
  +--> ?PR?CONTROL
  +--> ?PR?_GUI_STRING?LCD
  +--> ?PR?_GUI_LATTICE?LCD

?PR?BAUDSETTINGUI4SHOW?CONTROL           -----    -----
  +--> ?PR?CLEAR_SCREEN?LCD
  +--> ?CO?CONTROL
  +--> ?PR?CONTROL
  +--> ?PR?_GUI_STRING?LCD
  +--> ?PR?_GUI_LATTICE?LCD

?PR?KEYMAIN_UP?MENU                      1C69H    0003H
  +--> ?PR?MENU
  +--> ?PR?_PASSWORDINPUT?CONTROL
  +--> ?CO?MENU
  +--> ?PR?_MYITOA?PFUNC
  +--> ?PR?_GUI_STRING?LCD

?PR?_PASSWORDINPUT?CONTROL               1C6CH    0003H
  +--> ?PR?CONTROL

?PR?KEYMAIN_DOWN?MENU                    1C69H    0003H
  +--> ?PR?MENU
  +--> ?PR?_PASSWORDINPUT?CONTROL
  +--> ?CO?MENU
  +--> ?PR?_MYITOA?PFUNC
  +--> ?PR?_GUI_STRING?LCD

?PR?KEYMAIN_ENTER?MENU                   -----    -----
BL51 BANKED LINKER/LOCATER V6.22.2.0                                                  12/21/2021  17:57:20  PAGE 12


  +--> ?PR?MENU
  +--> ?PR?PASSWORDJUDGE?CONTROL
  +--> ?CO?MENU
  +--> ?PR?_STRNCMP?STRNCMP
  +--> ?PR?REFRESHMENUDISP?MENU
  +--> ?PR?_LCDSHOW?MENU
  +--> ?PR?_PASSWORDDELETE?CONTROL
  +--> ?PR?CLEAR_SCREEN?LCD
  +--> ?PR?_GUI_STRING?LCD
  +--> ?PR?_DELAY_MS?TIMER
  +--> ?PR?PASSWORDINPUTUISHOW?CONTROL

?PR?PASSWORDJUDGE?CONTROL                1C6CH    0026H
  +--> ?PR?_STRNCMP?STRNCMP

?PR?_STRNCMP?STRNCMP                     1C92H    0008H

?PR?REFRESHMENUDISP?MENU                 1C6CH    0001H
  +--> ?PR?CLEAR_SCREEN?LCD
  +--> ?PR?MENU
  +--> ?PR?_GUI_STRING?LCD
  +--> ?PR?_GUI_LATTICE?LCD

?PR?PASSWORDINPUTUISHOW?CONTROL          -----    -----
  +--> ?PR?CLEAR_SCREEN?LCD
  +--> ?CO?CHINESE_CODE
  +--> ?PR?_GUI_LATTICE?LCD
  +--> ?CO?CONTROL
  +--> ?PR?CONTROL
  +--> ?PR?_GUI_STRING?LCD

?PR?KEYMAIN_CANCEL?MENU                  -----    -----
  +--> ?PR?MENU
  +--> ?PR?SCREENSAVERUISHOW?CONTROL
  +--> ?PR?_LCDSHOW?MENU
  +--> ?PR?_PASSWORDDELETE?CONTROL

?PR?KEYMAIN_MENU?MENU                    -----    -----
  +--> ?PR?PASSWORDINPUTUISHOW?CONTROL
  +--> ?PR?_LCDSHOW?MENU
  +--> ?PR?MENU
  +--> ?PR?_INPUTOFFECT?CONTROL

?PR?KEYMENU_UP?MENU                      -----    -----
  +--> ?PR?MENU
  +--> ?PR?_LOOPINDEX?PFUNC
  +--> ?PR?REFRESHMENUDISP?MENU
  +--> ?PR?_LCDSHOW?MENU

?PR?KEYMENU_DOWN?MENU                    -----    -----
  +--> ?PR?MENU
  +--> ?PR?_LOOPINDEX?PFUNC
  +--> ?PR?REFRESHMENUDISP?MENU
  +--> ?PR?_LCDSHOW?MENU

?PR?KEYMENU_ENTER?MENU                   -----    -----
  +--> ?PR?MENU
BL51 BANKED LINKER/LOCATER V6.22.2.0                                                  12/21/2021  17:57:20  PAGE 13


  +--> ?PR?_LCDSHOW?MENU

?PR?KEYMENU_CANCEL?MENU                  -----    -----
  +--> ?PR?MENU
  +--> ?PR?SCREENSAVERUISHOW?CONTROL
  +--> ?PR?_LCDSHOW?MENU
  +--> ?PR?_PASSWORDDELETE?CONTROL

?PR?KEYCONTROL_UP?MENU                   1C69H    0003H
  +--> ?PR?MENU
  +--> ?CO?MENU
  +--> ?PR?_MYITOA?PFUNC
  +--> ?PR?COMMUNICAUISHOW?CONTROL
  +--> ?PR?_LCDSHOW?MENU
  +--> ?PR?_LOOPINDEX?PFUNC
  +--> ?PR?REFRESHBAUDDISP?MENU
  +--> ?PR?_GUI_STRING?LCD
  +--> ?PR?_PASSWORDINPUT?CONTROL

?PR?KEYCONTROL_DOWN?MENU                 1C69H    0003H
  +--> ?PR?MENU
  +--> ?CO?MENU
  +--> ?PR?_MYITOA?PFUNC
  +--> ?PR?COMMUNICAUISHOW?CONTROL
  +--> ?PR?_LCDSHOW?MENU
  +--> ?PR?_LOOPINDEX?PFUNC
  +--> ?PR?REFRESHBAUDDISP?MENU
  +--> ?PR?_GUI_STRING?LCD
  +--> ?PR?_PASSWORDINPUT?CONTROL

?PR?KEYCONTROL_ENTER?MENU                1C69H    0003H
  +--> ?PR?CHECK_PASSWORDBITS?MENU
  +--> ?PR?MENU
  +--> ?PR?_MYITOA?PFUNC
  +--> ?PR?_GUI_STRING?LCD
  +--> ?CO?CHINESE_CODE
  +--> ?PR?_GUI_LATTICE?LCD
  +--> ?PR?PASSWORDJUDGE?CONTROL
  +--> ?PR?CONTROLSAVE?CONTROL
  +--> ?PR?_PASSWORDDELETE?CONTROL
  +--> ?PR?REFRESHMENUDISP?MENU
  +--> ?PR?CLEAR_SCREEN?LCD
  +--> ?CO?MENU
  +--> ?PR?PASSWORDCHANGEUISHOW?CONTROL
  +--> ?PR?_LCDSHOW?MENU
  +--> ?PR?PLCPOWERUISHOW?CONTROL
  +--> ?PR?_WIFI_ENABLE?WIFI
  +--> ?PR?_DELAY_MS?TIMER
  +--> ?PR?_IAPERASE?EEPROM
  +--> ?PR?_IAPWRITE_BUFF?EEPROM
  +--> ?PR?BAUDINIT?CONTROL
  +--> ?PR?POWERINIT?CONTROL
  +--> ?PR?COMMUNICAINIT?CONTROL
  +--> ?PR?WIFI_INIT?WIFI

?PR?CHECK_PASSWORDBITS?MENU              -----    -----
  +--> ?PR?CLEAR_SCREEN?LCD
BL51 BANKED LINKER/LOCATER V6.22.2.0                                                  12/21/2021  17:57:20  PAGE 14


  +--> ?CO?MENU
  +--> ?PR?MENU
  +--> ?PR?_GUI_STRING?LCD
  +--> ?PR?_PASSWORDDELETE?CONTROL
  +--> ?PR?_DELAY_MS?TIMER
  +--> ?PR?PASSWORDCHANGEUISHOW?CONTROL
  +--> ?PR?_LCDSHOW?MENU

?PR?KEYCONTROL_CANCEL?MENU               -----    -----
  +--> ?PR?MENU
  +--> ?PR?_PASSWORDDELETE?CONTROL
  +--> ?PR?REFRESHMENUDISP?MENU
  +--> ?PR?_LCDSHOW?MENU

?PR?KEYCONTROL_MENU?MENU                 -----    -----
  +--> ?PR?MENU
  +--> ?PR?_INPUTOFFECT?CONTROL

?PR?KEYBAUD_UP?MENU                      -----    -----
  +--> ?PR?MENU
  +--> ?PR?_LOOPINDEX?PFUNC
  +--> ?PR?_GUI_STRING?LCD

?PR?KEYBAUD_DOWN?MENU                    -----    -----
  +--> ?PR?MENU
  +--> ?PR?_LOOPINDEX?PFUNC
  +--> ?PR?_GUI_STRING?LCD

?PR?KEYBAUD_ENTER?MENU                   -----    -----
  +--> ?PR?MENU
  +--> ?PR?CONTROLSAVE?CONTROL
  +--> ?PR?CLEAR_SCREEN?LCD
  +--> ?CO?MENU
  +--> ?PR?_GUI_STRING?LCD
  +--> ?PR?_DELAY_MS?TIMER
  +--> ?PR?KEYBAUD_CANCEL?MENU

?PR?KEYBAUD_CANCEL?MENU                  -----    -----
  +--> ?PR?REFRESHBAUDDISP?MENU
  +--> ?PR?_LCDSHOW?MENU



SYMBOL TABLE OF MODULE:  .\Objects\WIRELESS_PLC (MAIN)

  VALUE           TYPE          NAME
  ----------------------------------

  -------         MODULE        MAIN
  C:0000H         SYMBOL        _ICE_DUMMY_
  D:0080H         PUBLIC        P0
  D:0090H         PUBLIC        P1
  D:00A0H         PUBLIC        P2
  D:00B0H         PUBLIC        P3
  D:00C0H         PUBLIC        P4
  D:00C8H         PUBLIC        P5
  B:00A8H.7       PUBLIC        EA
BL51 BANKED LINKER/LOCATER V6.22.2.0                                                  12/21/2021  17:57:20  PAGE 15


  D:00E8H         PUBLIC        P6
  D:00F8H         PUBLIC        P7
  D:00BAH         PUBLIC        P_SW2
  D:00A8H         PUBLIC        IE
  C:5C23H         PUBLIC        Init_All
  X:1CD1H         PUBLIC        System_Parameter
  D:00B8H         PUBLIC        IP
  D:00D8H         PUBLIC        CCON
  C:6F72H         PUBLIC        main
  D:0098H         PUBLIC        SCON
  D:0088H         PUBLIC        TCON
  B:00A0H.7       PUBLIC        P27
  C:58DBH         SYMBOL        systemInit
  C:5DA9H         SYMBOL        Iap_Flash_Iinit
  C:6A70H         PUBLIC        CheckIap_Flash
  D:00D0H         PUBLIC        PSW
  C:6DBBH         SYMBOL        Com0011
  C:6DBBH         SYMBOL        L?0018
  C:6DBCH         SYMBOL        L?0019
  C:6DC4H         SYMBOL        L?0020
  C:6DC6H         SYMBOL        L?0021
  C:6DCFH         SYMBOL        L?0023
  -------         PROC          COM0011
  -------         ENDPROC       COM0011
  -------         PROC          MAIN
  C:6F72H         LINE#         26
  C:6F72H         LINE#         27
  C:6F72H         LINE#         29
  C:6F75H         LINE#         31
  C:6F75H         LINE#         32
  C:6F75H         LINE#         33
  C:6F78H         LINE#         35
  C:6F7BH         LINE#         38
  -------         ENDPROC       MAIN
  C:594FH         SYMBOL        L?0016
  C:595DH         SYMBOL        L?0024
  -------         PROC          SYSTEMINIT
  C:58DBH         LINE#         41
  C:58DBH         LINE#         42
  C:58DBH         LINE#         43
  C:58DEH         LINE#         47
  C:58E2H         LINE#         48
  C:58ECH         LINE#         51
  C:58F0H         LINE#         52
  C:58FAH         LINE#         55
  C:58FEH         LINE#         56
  C:5908H         LINE#         59
  C:590CH         LINE#         60
  C:5916H         LINE#         64
  C:5919H         LINE#         66
  C:591CH         LINE#         68
  C:591FH         LINE#         69
  C:5926H         LINE#         73
  C:5929H         LINE#         75
  C:592CH         LINE#         77
  C:592FH         LINE#         79
  C:5932H         LINE#         81
BL51 BANKED LINKER/LOCATER V6.22.2.0                                                  12/21/2021  17:57:20  PAGE 16


  C:5934H         LINE#         83
  C:5937H         LINE#         85
  C:5939H         LINE#         89
  C:593CH         LINE#         90
  C:5942H         LINE#         91
  C:5942H         LINE#         93
  C:5945H         LINE#         94
  C:594BH         LINE#         96
  C:594EH         LINE#         97
  C:594EH         LINE#         100
  -------         ENDPROC       SYSTEMINIT
  C:5C8DH         SYMBOL        L?0022
  C:5C9BH         SYMBOL        L?0025
  -------         PROC          INIT_ALL
  -------         DO            
  X:1C69H         SYMBOL        GPIO_InitStruct
  -------         ENDDO         
  C:5C23H         LINE#         103
  C:5C23H         LINE#         104
  C:5C23H         LINE#         109
  C:5C26H         LINE#         110
  C:5C2CH         LINE#         112
  C:5C33H         LINE#         114
  C:5C39H         LINE#         116
  C:5C3DH         LINE#         117
  C:5C40H         LINE#         125
  C:5C44H         LINE#         126
  C:5C46H         LINE#         127
  C:5C4EH         LINE#         129
  C:5C54H         LINE#         130
  C:5C56H         LINE#         131
  C:5C5BH         LINE#         135
  C:5C5BH         LINE#         136
  C:5C5BH         LINE#         137
  C:5C5FH         LINE#         139
  C:5C62H         LINE#         140
  C:5C65H         LINE#         141
  C:5C6DH         LINE#         145
  C:5C73H         LINE#         146
  C:5C76H         LINE#         147
  C:5C7BH         LINE#         151
  C:5C7BH         LINE#         152
  C:5C7BH         LINE#         153
  C:5C80H         LINE#         156
  C:5C83H         LINE#         157
  C:5C85H         LINE#         158
  C:5C8DH         LINE#         160
  -------         ENDPROC       INIT_ALL
  -------         PROC          CHECKIAP_FLASH
  -------         DO            
  D:0006H         SYMBOL        CRC
  -------         ENDDO         
  C:6A70H         LINE#         165
  C:6A70H         LINE#         166
  C:6A70H         LINE#         167
  C:6A73H         LINE#         170
  C:6A7DH         LINE#         172
BL51 BANKED LINKER/LOCATER V6.22.2.0                                                  12/21/2021  17:57:20  PAGE 17


  C:6A90H         LINE#         174
  C:6A9CH         LINE#         175
  C:6A9CH         LINE#         176
  C:6A9EH         LINE#         177
  C:6A9EH         LINE#         178
  C:6A9FH         LINE#         179
  -------         ENDPROC       CHECKIAP_FLASH
  -------         PROC          IAP_FLASH_IINIT
  C:5DA9H         LINE#         182
  C:5DA9H         LINE#         183
  C:5DA9H         LINE#         184
  C:5DB0H         LINE#         185
  C:5DB0H         LINE#         186
  C:5DBCH         LINE#         187
  C:5DC0H         LINE#         188
  C:5DC2H         LINE#         190
  C:5DC2H         LINE#         191
  C:5DCEH         LINE#         192
  C:5DD5H         LINE#         193
  C:5DE1H         LINE#         196
  C:5DE7H         LINE#         198
  C:5DFAH         LINE#         200
  C:5E06H         LINE#         202
  C:5E0DH         LINE#         203
  C:5E10H         LINE#         204
  C:5E1CH         LINE#         205
  C:5E23H         LINE#         206
  C:5E23H         LINE#         207
  -------         ENDPROC       IAP_FLASH_IINIT
  -------         ENDMOD        MAIN

  -------         MODULE        CONTROL
  C:0000H         SYMBOL        _ICE_DUMMY_
  D:0080H         PUBLIC        P0
  X:1BCFH         PUBLIC        G_Objlist_Size
  D:0090H         PUBLIC        P1
  X:1BD0H         PUBLIC        PassWordI
  D:00A0H         PUBLIC        P2
  D:00B0H         PUBLIC        P3
  D:00C0H         PUBLIC        P4
  D:00C8H         PUBLIC        P5
  C:677AH         PUBLIC        CommunicaUIshow
  B:00A8H.7       PUBLIC        EA
  D:00E8H         PUBLIC        P6
  D:00F8H         PUBLIC        P7
  D:00A8H         PUBLIC        IE
  C:6BABH         PUBLIC        PassWordInputUIShow
  C:0026H         PUBLIC        _PassWordDelete
  C:6137H         PUBLIC        WorkModeUIshow
  C:6ACFH         PUBLIC        BaudInit
  C:65DFH         PUBLIC        PlcPowerUIshow
  X:1BE3H         PUBLIC        G_Aplist_Size
  D:00B8H         PUBLIC        IP
  C:6BFFH         PUBLIC        ReloadSettingUIshow
  D:00D8H         PUBLIC        CCON
  C:6F87H         PUBLIC        PowerInit
  X:1BE4H         PUBLIC        PassWordChange1
BL51 BANKED LINKER/LOCATER V6.22.2.0                                                  12/21/2021  17:57:20  PAGE 18


  D:0098H         PUBLIC        SCON
  X:1BF7H         PUBLIC        PassWordChange2
  D:0088H         PUBLIC        TCON
  B:0080H.7       PUBLIC        P07
  C:0003H         PUBLIC        CommunicaInit
  C:6385H         PUBLIC        HotspotSettingUIshow
  X:1C0AH         PUBLIC        Baudlist
  X:1C46H         PUBLIC        G_BaudList_Size
  X:1C47H         PUBLIC        Modelist
  C:5B15H         PUBLIC        PassWordChangeUIShow
  C:6D0EH         PUBLIC        PassWordjudge
  C:6065H         PUBLIC        _PassWordInput
  D:008DH         PUBLIC        TH1
  D:00D6H         PUBLIC        T2H
  D:00D4H         PUBLIC        T3H
  D:00D2H         PUBLIC        T4H
  D:008BH         PUBLIC        TL1
  D:00D7H         PUBLIC        T2L
  D:00D5H         PUBLIC        T3L
  D:00D3H         PUBLIC        T4L
  C:6F7DH         PUBLIC        Mode_Master
  X:1C53H         PUBLIC        Objlist
  C:6FABH         PUBLIC        Mode_Slave
  X:1C5CH         PUBLIC        G_Modelist_Size
  C:6F06H         PUBLIC        ScreensaverUiShow
  C:6EEEH         PUBLIC        _InputOffect
  X:1C5DH         PUBLIC        Aplist
  C:67B6H         PUBLIC        BaudSettingUI1show
  C:6907H         PUBLIC        BaudSettingUI2show
  C:682CH         PUBLIC        ControlSave
  C:693CH         PUBLIC        BaudSettingUI3show
  C:6971H         PUBLIC        BaudSettingUI4show
  D:00D0H         PUBLIC        PSW
  C:6F3FH         PUBLIC        ControlInit
  C:55CEH         SYMBOL        Com0027
  C:55CEH         SYMBOL        L?0040
  C:55CEH         SYMBOL        L?0041
  C:55D8H         SYMBOL        L?0042
  C:55DAH         SYMBOL        L?0043
  C:55E1H         SYMBOL        L?0044
  C:55E1H         SYMBOL        L?0045
  C:55EDH         SYMBOL        L?0046
  C:55F2H         SYMBOL        L?0047
  C:55F9H         SYMBOL        L?0048
  C:5601H         SYMBOL        L?0049
  C:5601H         SYMBOL        L?0050
  C:5614H         SYMBOL        L?0051
  C:561CH         SYMBOL        L?0052
  C:5624H         SYMBOL        L?0053
  C:5624H         SYMBOL        L?0054
  C:5631H         SYMBOL        L?0055
  C:5639H         SYMBOL        L?0056
  C:5641H         SYMBOL        L?0057
  C:5646H         SYMBOL        L?0058
  C:564EH         SYMBOL        L?0059
  C:5654H         SYMBOL        L?0060
  C:565CH         SYMBOL        L?0061
BL51 BANKED LINKER/LOCATER V6.22.2.0                                                  12/21/2021  17:57:20  PAGE 19


  C:565EH         SYMBOL        L?0062
  C:5665H         SYMBOL        L?0063
  C:566EH         SYMBOL        L?0064
  -------         PROC          COM0027
  -------         ENDPROC       COM0027
  -------         PROC          CONTROLINIT
  C:6F3FH         LINE#         59
  C:6F3FH         LINE#         60
  C:6F3FH         LINE#         62
  C:6F44H         LINE#         63
  C:6F47H         LINE#         64
  C:6F4AH         LINE#         65
  -------         ENDPROC       CONTROLINIT
  -------         PROC          COMMUNICAINIT
  C:0003H         LINE#         68
  C:0003H         LINE#         69
  C:0003H         LINE#         72
  -------         ENDPROC       COMMUNICAINIT
  -------         PROC          POWERINIT
  C:6F87H         LINE#         75
  C:6F87H         LINE#         76
  C:6F87H         LINE#         77
  C:6F8FH         LINE#         78
  -------         ENDPROC       POWERINIT
  -------         PROC          BAUDINIT
  C:6ACFH         LINE#         80
  C:6ACFH         LINE#         81
  C:6ACFH         LINE#         83
  C:6ADAH         LINE#         84
  C:6AE5H         LINE#         85
  C:6AF0H         LINE#         86
  C:6AFBH         LINE#         87
  -------         ENDPROC       BAUDINIT
  -------         PROC          _PASSWORDINPUT
  D:0007H         SYMBOL        operation
  X:1C6CH         SYMBOL        Password
  C:6065H         LINE#         96
  C:606BH         LINE#         97
  C:606BH         LINE#         99
  C:608AH         LINE#         100
  C:608AH         LINE#         101
  C:608DH         LINE#         102
  C:608DH         LINE#         103
  C:6092H         LINE#         104
  C:6092H         LINE#         105
  C:6093H         LINE#         106
  C:6093H         LINE#         107
  C:6095H         LINE#         109
  C:6095H         LINE#         110
  C:609AH         LINE#         111
  C:609AH         LINE#         112
  C:609FH         LINE#         113
  C:609FH         LINE#         114
  C:60A4H         LINE#         115
  C:60B0H         LINE#         116
  C:60B0H         LINE#         117
  C:60CDH         LINE#         118
BL51 BANKED LINKER/LOCATER V6.22.2.0                                                  12/21/2021  17:57:20  PAGE 20


  -------         ENDPROC       _PASSWORDINPUT
  -------         PROC          PASSWORDJUDGE
  X:1C6CH         SYMBOL        PasswordA
  X:1C7FH         SYMBOL        PasswordB
  C:6D0EH         LINE#         128
  C:6D0EH         LINE#         129
  C:6D0EH         LINE#         131
  C:6D2DH         LINE#         132
  C:6D30H         LINE#         134
  C:6D32H         LINE#         135
  -------         ENDPROC       PASSWORDJUDGE
  -------         PROC          _PASSWORDDELETE
  X:1C6CH         SYMBOL        Password
  C:0026H         LINE#         137
  C:002CH         LINE#         138
  C:002CH         LINE#         139
  C:0038H         LINE#         140
  -------         ENDPROC       _PASSWORDDELETE
  -------         PROC          _INPUTOFFECT
  D:0001H         SYMBOL        Password
  C:6EEEH         LINE#         143
  C:6EEEH         LINE#         144
  C:6EEEH         LINE#         145
  C:6EF3H         LINE#         146
  C:6EFBH         LINE#         147
  C:6EFBH         LINE#         148
  C:6F00H         LINE#         149
  C:6F00H         LINE#         151
  -------         ENDPROC       _INPUTOFFECT
  -------         PROC          SCREENSAVERUISHOW
  C:6F06H         LINE#         160
  C:6F06H         LINE#         161
  C:6F06H         LINE#         162
  C:6F09H         LINE#         164
  -------         ENDPROC       SCREENSAVERUISHOW
  -------         PROC          PASSWORDINPUTUISHOW
  C:6BABH         LINE#         167
  C:6BABH         LINE#         168
  C:6BABH         LINE#         169
  C:6BAEH         LINE#         170
  C:6BC7H         LINE#         171
  -------         ENDPROC       PASSWORDINPUTUISHOW
  -------         PROC          PASSWORDCHANGEUISHOW
  -------         DO            
  X:1C6CH         SYMBOL        i
  X:1C6DH         SYMBOL        temp
  -------         ENDDO         
  C:5B15H         LINE#         174
  C:5B15H         LINE#         175
  C:5B15H         LINE#         181
  C:5B18H         LINE#         183
  C:5B1EH         LINE#         184
  C:5B1EH         LINE#         186
  C:5B31H         LINE#         187
  C:5B31H         LINE#         188
  C:5B64H         LINE#         189
  C:5B6CH         LINE#         190
BL51 BANKED LINKER/LOCATER V6.22.2.0                                                  12/21/2021  17:57:20  PAGE 21


  C:5B80H         LINE#         191
  C:5B80H         LINE#         193
  C:5B8EH         LINE#         194
  -------         ENDPROC       PASSWORDCHANGEUISHOW
  -------         PROC          PLCPOWERUISHOW
  C:65DFH         LINE#         197
  C:65DFH         LINE#         198
  C:65DFH         LINE#         199
  C:65E2H         LINE#         201
  C:65F2H         LINE#         202
  C:6602H         LINE#         204
  C:660BH         LINE#         205
  C:660BH         LINE#         206
  C:6614H         LINE#         207
  C:6616H         LINE#         209
  C:6616H         LINE#         210
  C:662CH         LINE#         211
  C:662CH         LINE#         212
  -------         ENDPROC       PLCPOWERUISHOW
  -------         PROC          COMMUNICAUISHOW
  C:677AH         LINE#         214
  C:677AH         LINE#         215
  C:677AH         LINE#         216
  C:677DH         LINE#         217
  C:679AH         LINE#         219
  C:67A8H         LINE#         220
  -------         ENDPROC       COMMUNICAUISHOW
  -------         PROC          BAUDSETTINGUI1SHOW
  C:67B6H         LINE#         235
  C:67B6H         LINE#         236
  C:67B6H         LINE#         237
  C:67B9H         LINE#         238
  C:67C7H         LINE#         239
  C:67D4H         LINE#         240
  C:67DEH         LINE#         241
  -------         ENDPROC       BAUDSETTINGUI1SHOW
  -------         PROC          BAUDSETTINGUI2SHOW
  C:6907H         LINE#         244
  C:6907H         LINE#         245
  C:6907H         LINE#         246
  C:690AH         LINE#         247
  C:6918H         LINE#         248
  C:6925H         LINE#         249
  C:692FH         LINE#         250
  -------         ENDPROC       BAUDSETTINGUI2SHOW
  -------         PROC          BAUDSETTINGUI3SHOW
  C:693CH         LINE#         253
  C:693CH         LINE#         254
  C:693CH         LINE#         255
  C:693FH         LINE#         256
  C:694DH         LINE#         257
  C:695AH         LINE#         258
  C:6964H         LINE#         259
  -------         ENDPROC       BAUDSETTINGUI3SHOW
  -------         PROC          BAUDSETTINGUI4SHOW
  C:6971H         LINE#         262
  C:6971H         LINE#         263
BL51 BANKED LINKER/LOCATER V6.22.2.0                                                  12/21/2021  17:57:20  PAGE 22


  C:6971H         LINE#         264
  C:6974H         LINE#         265
  C:6982H         LINE#         266
  C:698FH         LINE#         267
  C:6999H         LINE#         268
  -------         ENDPROC       BAUDSETTINGUI4SHOW
  -------         PROC          RELOADSETTINGUISHOW
  C:6BFFH         LINE#         271
  C:6BFFH         LINE#         272
  C:6BFFH         LINE#         273
  C:6C02H         LINE#         274
  C:6C10H         LINE#         275
  C:6C1CH         LINE#         276
  -------         ENDPROC       RELOADSETTINGUISHOW
  -------         PROC          HOTSPOTSETTINGUISHOW
  C:6385H         LINE#         279
  C:6385H         LINE#         280
  C:6385H         LINE#         281
  C:6388H         LINE#         282
  C:6396H         LINE#         283
  C:63ADH         LINE#         284
  C:63B7H         LINE#         285
  C:63C4H         LINE#         287
  C:63D4H         LINE#         288
  -------         ENDPROC       HOTSPOTSETTINGUISHOW
  -------         PROC          WORKMODEUISHOW
  C:6137H         LINE#         291
  C:6137H         LINE#         292
  C:6137H         LINE#         293
  C:613AH         LINE#         294
  C:6148H         LINE#         295
  C:615FH         LINE#         296
  C:6169H         LINE#         297
  C:6176H         LINE#         299
  C:6186H         LINE#         300
  -------         ENDPROC       WORKMODEUISHOW
  -------         PROC          MODE_SLAVE
  C:6FABH         LINE#         303
  C:6FABH         LINE#         304
  C:6FABH         LINE#         305
  C:6FB1H         LINE#         306
  -------         ENDPROC       MODE_SLAVE
  -------         PROC          MODE_MASTER
  C:6F7DH         LINE#         308
  C:6F7DH         LINE#         309
  C:6F7DH         LINE#         310
  C:6F82H         LINE#         312
  C:6F86H         LINE#         313
  -------         ENDPROC       MODE_MASTER
  -------         PROC          CONTROLSAVE
  C:682CH         LINE#         321
  C:682CH         LINE#         322
  C:682CH         LINE#         324
  C:6847H         LINE#         326
  C:6849H         LINE#         328
  C:684FH         LINE#         329
  C:6861H         LINE#         330
BL51 BANKED LINKER/LOCATER V6.22.2.0                                                  12/21/2021  17:57:20  PAGE 23


  C:6863H         LINE#         331
  -------         ENDPROC       CONTROLSAVE
  -------         ENDMOD        CONTROL

  -------         MODULE        REPORT
  C:0000H         SYMBOL        _ICE_DUMMY_
  C:6DD9H         PUBLIC        ComData_Array
  D:0080H         PUBLIC        P0
  D:0090H         PUBLIC        P1
  D:00A0H         PUBLIC        P2
  D:00B0H         PUBLIC        P3
  D:00C0H         PUBLIC        P4
  D:00C8H         PUBLIC        P5
  D:00E8H         PUBLIC        P6
  D:00F8H         PUBLIC        P7
  C:69A6H         SYMBOL        _Get_Target_Channel
  D:00A8H         PUBLIC        IE
  C:4611H         PUBLIC        _Public_DataHandle
  D:00B8H         PUBLIC        IP
  C:5E9FH         PUBLIC        _Init_ListQueue
  D:00D8H         PUBLIC        CCON
  X:0002H         PUBLIC        Uart_LinkList
  D:0098H         PUBLIC        SCON
  D:0088H         PUBLIC        TCON
  B:00A0H.7       PUBLIC        P27
  C:5717H         PUBLIC        _getCrc16
  C:5D2DH         PUBLIC        Uart_Handle
  C:69DAH         SYMBOL        _Get_Target_Uart
  D:00D0H         PUBLIC        PSW
  C:5CA8H         SYMBOL        Com003E
  C:5CA8H         SYMBOL        L?0063
  C:5CA8H         SYMBOL        L?0064
  C:5CABH         SYMBOL        L?0065
  C:5CB4H         SYMBOL        L?0066
  C:5CBFH         SYMBOL        L?0067
  C:5CC8H         SYMBOL        L?0068
  C:5CCBH         SYMBOL        L?0069
  C:5CD3H         SYMBOL        L?0070
  C:5CD3H         SYMBOL        L?0071
  C:5CD6H         SYMBOL        L?0072
  C:5CDDH         SYMBOL        L?0073
  C:5CDFH         SYMBOL        L?0074
  C:5CE7H         SYMBOL        L?0075
  C:5CEDH         SYMBOL        L?0076
  C:5CF5H         SYMBOL        L?0077
  C:5CF9H         SYMBOL        L?0078
  C:5D00H         SYMBOL        L?0079
  C:5D00H         SYMBOL        L?0080
  C:5D07H         SYMBOL        L?0081
  C:5D14H         SYMBOL        L?0082
  C:5D14H         SYMBOL        L?0083
  C:5D1BH         SYMBOL        L?0084
  C:5D1BH         SYMBOL        L?0085
  C:5D23H         SYMBOL        L?0086
  -------         PROC          COM003E
  -------         ENDPROC       COM003E
  -------         PROC          _INIT_LISTQUEUE
BL51 BANKED LINKER/LOCATER V6.22.2.0                                                  12/21/2021  17:57:20  PAGE 24


  X:1C69H         SYMBOL        List
  -------         DO            
  X:1C6CH         SYMBOL        j
  -------         ENDDO         
  C:5E9FH         LINE#         31
  C:5EA5H         LINE#         32
  C:5EA5H         LINE#         33
  C:5EAAH         LINE#         35
  C:5EB7H         LINE#         36
  C:5EB7H         LINE#         38
  C:5EC8H         LINE#         39
  C:5ED3H         LINE#         40
  C:5ED6H         LINE#         41
  C:5EDDH         LINE#         42
  C:5EE6H         LINE#         43
  C:5EEDH         LINE#         44
  C:5EFCH         LINE#         45
  C:5F04H         LINE#         48
  -------         ENDPROC       _INIT_LISTQUEUE
  -------         PROC          UART_HANDLE
  -------         DO            
  X:0000H         SYMBOL        i
  -------         ENDDO         
  C:5D2DH         LINE#         57
  C:5D2DH         LINE#         58
  C:5D2DH         LINE#         64
  C:5D35H         LINE#         65
  C:5D35H         LINE#         66
  C:5D46H         LINE#         67
  C:5D46H         LINE#         68
  C:5D7AH         LINE#         69
  C:5D82H         LINE#         70
  C:5D82H         LINE#         72
  C:5D82H         LINE#         73
  C:5D90H         LINE#         74
  C:5D90H         LINE#         75
  C:5D90H         LINE#         76
  C:5D90H         LINE#         77
  C:5D93H         LINE#         78
  C:5D95H         LINE#         79
  C:5D95H         LINE#         80
  C:5D95H         LINE#         81
  C:5D98H         LINE#         82
  C:5D9AH         LINE#         83
  C:5D9AH         LINE#         84
  C:5D9AH         LINE#         85
  C:5DA8H         LINE#         86
  C:5DA8H         LINE#         87
  C:5DA8H         LINE#         88
  C:5DA8H         LINE#         89
  C:5DA8H         LINE#         104
  -------         ENDPROC       UART_HANDLE
  -------         PROC          _GET_TARGET_CHANNEL
  D:0006H         SYMBOL        channel
  -------         DO            
  D:0001H         SYMBOL        p
  -------         ENDDO         
BL51 BANKED LINKER/LOCATER V6.22.2.0                                                  12/21/2021  17:57:20  PAGE 25


  C:69A6H         LINE#         114
  C:69A6H         LINE#         115
  C:69A6H         LINE#         116
  C:69ACH         LINE#         117
  C:69BEH         LINE#         118
  C:69BEH         LINE#         119
  C:69BEH         LINE#         120
  C:69C4H         LINE#         121
  C:69C5H         LINE#         122
  C:69C5H         LINE#         123
  C:69CBH         LINE#         124
  C:69CCH         LINE#         125
  C:69CCH         LINE#         126
  C:69D2H         LINE#         127
  C:69D3H         LINE#         128
  C:69D3H         LINE#         129
  C:69D9H         LINE#         130
  C:69D9H         LINE#         131
  C:69D9H         LINE#         132
  C:69D9H         LINE#         133
  C:69D9H         LINE#         134
  C:69D9H         LINE#         135
  -------         ENDPROC       _GET_TARGET_CHANNEL
  -------         PROC          _GET_TARGET_UART
  D:0006H         SYMBOL        channel
  -------         DO            
  D:0001H         SYMBOL        p
  -------         ENDDO         
  C:69DAH         LINE#         143
  C:69DAH         LINE#         144
  C:69DAH         LINE#         145
  C:69E0H         LINE#         146
  C:69F2H         LINE#         147
  C:69F2H         LINE#         148
  C:69F2H         LINE#         149
  C:69F8H         LINE#         150
  C:69F9H         LINE#         151
  C:69F9H         LINE#         152
  C:69FFH         LINE#         153
  C:6A00H         LINE#         154
  C:6A00H         LINE#         155
  C:6A06H         LINE#         156
  C:6A07H         LINE#         157
  C:6A07H         LINE#         158
  C:6A0DH         LINE#         159
  C:6A0DH         LINE#         160
  C:6A0DH         LINE#         161
  C:6A0DH         LINE#         162
  C:6A0DH         LINE#         163
  C:6A0DH         LINE#         164
  -------         ENDPROC       _GET_TARGET_UART
  -------         PROC          _PUBLIC_DATAHANDLE
  X:1C69H         SYMBOL        src
  X:1C6AH         SYMBOL        dest
  -------         DO            
  X:1C6BH         SYMBOL        psrc
  X:1C6EH         SYMBOL        pdest
BL51 BANKED LINKER/LOCATER V6.22.2.0                                                  12/21/2021  17:57:20  PAGE 26


  X:1C71H         SYMBOL        psuart
  X:1C74H         SYMBOL        peuart
  X:0001H         SYMBOL        i
  -------         ENDDO         
  C:4611H         LINE#         174
  C:461BH         LINE#         175
  C:461BH         LINE#         176
  C:4626H         LINE#         177
  C:4634H         LINE#         178
  C:4642H         LINE#         179
  C:4650H         LINE#         182
  C:467CH         LINE#         183
  C:467CH         LINE#         185
  C:467CH         LINE#         192
  C:4682H         LINE#         193
  C:4682H         LINE#         194
  C:4692H         LINE#         195
  C:4692H         LINE#         197
  C:46DBH         LINE#         198
  C:46DBH         LINE#         200
  C:46ECH         LINE#         201
  C:46ECH         LINE#         207
  C:46F2H         LINE#         208
  C:46FAH         LINE#         209
  C:46FAH         LINE#         211
  C:46FCH         LINE#         213
  C:470AH         LINE#         214
  C:470AH         LINE#         216
  C:4731H         LINE#         218
  C:4734H         LINE#         220
  C:474AH         LINE#         221
  C:4752H         LINE#         222
  C:4752H         LINE#         224
  C:4754H         LINE#         225
  C:4754H         LINE#         227
  C:476EH         LINE#         228
  C:476EH         LINE#         229
  C:476EH         LINE#         231
  C:4783H         LINE#         232
  C:4783H         LINE#         233
  C:47AFH         LINE#         234
  C:47AFH         LINE#         235
  C:47AFH         LINE#         236
  C:47AFH         LINE#         238
  C:47B7H         LINE#         239
  C:47B7H         LINE#         245
  C:47BAH         LINE#         246
  C:47C2H         LINE#         247
  C:47C2H         LINE#         249
  C:47C4H         LINE#         251
  C:47CDH         LINE#         252
  C:47CDH         LINE#         254
  C:47EFH         LINE#         256
  C:47F5H         LINE#         258
  C:4804H         LINE#         259
  C:480CH         LINE#         260
  C:480CH         LINE#         262
BL51 BANKED LINKER/LOCATER V6.22.2.0                                                  12/21/2021  17:57:20  PAGE 27


  C:480EH         LINE#         263
  C:480EH         LINE#         264
  C:480EH         LINE#         265
  C:4817H         LINE#         266
  -------         ENDPROC       _PUBLIC_DATAHANDLE
  -------         PROC          _GETCRC16
  X:1C6CH         SYMBOL        ptr
  X:1C6FH         SYMBOL        length
  X:1C70H         SYMBOL        init_dat
  -------         DO            
  X:1C72H         SYMBOL        i
  D:0004H         SYMBOL        j
  X:1C73H         SYMBOL        crc16
  -------         ENDDO         
  C:5717H         LINE#         278
  C:5722H         LINE#         279
  C:5722H         LINE#         280
  C:5727H         LINE#         281
  C:5729H         LINE#         282
  C:5738H         LINE#         284
  C:574AH         LINE#         285
  C:574AH         LINE#         286
  C:5761H         LINE#         288
  C:5764H         LINE#         289
  C:5764H         LINE#         290
  C:576FH         LINE#         291
  C:576FH         LINE#         292
  C:5786H         LINE#         293
  C:5788H         LINE#         295
  C:5788H         LINE#         296
  C:5793H         LINE#         297
  C:5793H         LINE#         298
  C:579EH         LINE#         299
  C:57A6H         LINE#         300
  C:57AEH         LINE#         301
  -------         ENDPROC       _GETCRC16
  -------         ENDMOD        REPORT

  -------         MODULE        MENU
  C:0000H         SYMBOL        _ICE_DUMMY_
  C:0046H         PUBLIC        RefreshMenuDisp
  D:0080H         PUBLIC        P0
  D:0090H         PUBLIC        P1
  D:00A0H         PUBLIC        P2
  D:00B0H         PUBLIC        P3
  D:00C0H         PUBLIC        P4
  D:00C8H         PUBLIC        P5
  B:00A8H.7       PUBLIC        EA
  D:00E8H         PUBLIC        P6
  D:00F8H         PUBLIC        P7
  C:6E88H         PUBLIC        KeyControl_Menu
  C:619FH         PUBLIC        KeyBaud_Enter
  C:50BCH         PUBLIC        KeyControl_Down
  D:00A8H         PUBLIC        IE
  C:5E24H         PUBLIC        KeyMain_Enter
  D:00B8H         PUBLIC        IP
  C:0091H         PUBLIC        KeyBaud_Menu
BL51 BANKED LINKER/LOCATER V6.22.2.0                                                  12/21/2021  17:57:20  PAGE 28


  C:62C5H         PUBLIC        KeyBaud_Down
  C:6DF7H         PUBLIC        KeyMenu_Enter
  D:00D8H         PUBLIC        CCON
  X:1B0AH         PUBLIC        Ui_Status
  C:6C76H         PUBLIC        KeyMain_Menu
  C:673DH         PUBLIC        KeyMain_Down
  C:60CEH         PUBLIC        Check_PasswordBits
  C:5F15H         PUBLIC        KeyEvent
  D:0098H         PUBLIC        SCON
  D:0088H         PUBLIC        TCON
  C:52B6H         PUBLIC        KeyControl_Up
  B:0080H.7       PUBLIC        P07
  C:008EH         PUBLIC        _LcdShow
  C:0042H         PUBLIC        KeyMenu_Menu
  C:6C28H         PUBLIC        KeyControl_Cancel
  X:1B0CH         PUBLIC        Optionlist
  C:6496H         PUBLIC        KeyMenu_Down
  C:6A0EH         PUBLIC        _LcdDly
  C:6F99H         PUBLIC        Baud_Setting
  C:52AAH         SYMBOL        _?ix1000
  C:52ACH         SYMBOL        _?ix1001
  C:52AEH         SYMBOL        _?ix1002
  C:52B0H         SYMBOL        _?ix1003
  C:52B2H         SYMBOL        _?ix1004
  C:52B4H         SYMBOL        _?ix1005
  D:008DH         PUBLIC        TH1
  D:00D6H         PUBLIC        T2H
  C:6265H         PUBLIC        KeyBaud_Up
  C:6F90H         PUBLIC        LcdShowInit
  D:00D4H         PUBLIC        T3H
  X:1B3DH         PUBLIC        M_Show
  D:00D2H         PUBLIC        T4H
  D:008BH         PUBLIC        TL1
  D:00D7H         PUBLIC        T2L
  C:6F1EH         PUBLIC        KeyBaud_Cancel
  D:00D5H         PUBLIC        T3L
  D:00D3H         PUBLIC        T4L
  X:1B4FH         PUBLIC        keyStateEvent
  C:67F2H         PUBLIC        KeyMain_Up
  C:6E6DH         PUBLIC        KeyMain_Cancel
  C:6674H         PUBLIC        RefreshBaudDisp
  C:643FH         PUBLIC        KeyMenu_Up
  C:6F2FH         PUBLIC        KeyMenu_Cancel
  X:1BB3H         PUBLIC        Optionlist1
  C:41BDH         PUBLIC        KeyControl_Enter
  D:00D0H         PUBLIC        PSW
  C:4409H         SYMBOL        Com00BE
  C:4409H         SYMBOL        L?0191
  C:441FH         SYMBOL        L?0192
  C:4425H         SYMBOL        L?0193
  C:442FH         SYMBOL        L?0195
  C:4432H         SYMBOL        L?0196
  C:4439H         SYMBOL        L?0197
  C:443AH         SYMBOL        L?0198
  C:4441H         SYMBOL        L?0199
  C:4449H         SYMBOL        L?0200
  C:444CH         SYMBOL        L?0201
BL51 BANKED LINKER/LOCATER V6.22.2.0                                                  12/21/2021  17:57:20  PAGE 29


  C:4452H         SYMBOL        L?0202
  C:445AH         SYMBOL        L?0203
  C:4461H         SYMBOL        L?0204
  C:4464H         SYMBOL        L?0205
  C:446EH         SYMBOL        L?0206
  C:4476H         SYMBOL        L?0207
  C:447DH         SYMBOL        L?0208
  C:4489H         SYMBOL        L?0209
  C:4492H         SYMBOL        L?0210
  C:449EH         SYMBOL        L?0211
  C:44A7H         SYMBOL        L?0212
  C:44A7H         SYMBOL        L?0213
  C:44B6H         SYMBOL        L?0214
  C:44C8H         SYMBOL        L?0215
  C:44D1H         SYMBOL        L?0217
  C:44DEH         SYMBOL        L?0218
  C:44E4H         SYMBOL        L?0219
  C:44E4H         SYMBOL        L?0220
  C:44EBH         SYMBOL        L?0221
  C:4501H         SYMBOL        L?0222
  C:4517H         SYMBOL        L?0223
  C:4517H         SYMBOL        L?0224
  C:4521H         SYMBOL        L?0225
  C:4536H         SYMBOL        L?0226
  C:4536H         SYMBOL        L?0227
  C:453EH         SYMBOL        L?0228
  C:454EH         SYMBOL        L?0229
  C:455EH         SYMBOL        L?0230
  C:4561H         SYMBOL        L?0231
  C:4568H         SYMBOL        L?0232
  C:4568H         SYMBOL        L?0233
  C:456FH         SYMBOL        L?0234
  C:457CH         SYMBOL        L?0235
  C:457CH         SYMBOL        L?0236
  C:4583H         SYMBOL        L?0237
  C:4590H         SYMBOL        L?0238
  C:459DH         SYMBOL        L?0239
  C:45A8H         SYMBOL        L?0240
  C:45B4H         SYMBOL        L?0241
  C:45BFH         SYMBOL        L?0242
  C:45CAH         SYMBOL        L?0246
  C:45D4H         SYMBOL        L?0247
  C:45DEH         SYMBOL        L?0248
  C:45DEH         SYMBOL        L?0249
  C:45E5H         SYMBOL        L?0250
  C:45E5H         SYMBOL        L?0251
  C:45ECH         SYMBOL        L?0252
  C:45F6H         SYMBOL        L?0253
  C:4600H         SYMBOL        L?0254
  C:460AH         SYMBOL        L?0255
  C:460AH         SYMBOL        L?0256
  -------         PROC          COM00BE
  -------         ENDPROC       COM00BE
  -------         PROC          KEYEVENT
  -------         DO            
  X:1C69H         SYMBOL        i
  X:1C6AH         SYMBOL        KeyState
BL51 BANKED LINKER/LOCATER V6.22.2.0                                                  12/21/2021  17:57:20  PAGE 30


  -------         ENDDO         
  C:5F15H         LINE#         69
  C:5F15H         LINE#         70
  C:5F15H         LINE#         72
  C:5F1DH         LINE#         74
  C:5F20H         LINE#         76
  C:5F28H         LINE#         77
  C:5F28H         LINE#         79
  C:5F28H         LINE#         81
  C:5F3BH         LINE#         82
  C:5F3BH         LINE#         83
  C:5F52H         LINE#         84
  C:5F52H         LINE#         85
  C:5F6DH         LINE#         86
  C:5F6DH         LINE#         87
  C:5F81H         LINE#         88
  C:5F81H         LINE#         89
  C:5F81H         LINE#         90
  C:5F81H         LINE#         91
  C:5F89H         LINE#         92
  -------         ENDPROC       KEYEVENT
  -------         PROC          LCDSHOWINIT
  C:6F90H         LINE#         94
  C:6F90H         LINE#         95
  C:6F90H         LINE#         96
  -------         ENDPROC       LCDSHOWINIT
  -------         PROC          _LCDSHOW
  D:0001H         SYMBOL        InterfaceShow
  C:008EH         LINE#         100
  C:008EH         LINE#         101
  C:008EH         LINE#         102
  -------         ENDPROC       _LCDSHOW
  -------         PROC          KEYMAIN_ENTER
  C:5E24H         LINE#         111
  C:5E24H         LINE#         112
  C:5E24H         LINE#         116
  C:5E29H         LINE#         117
  C:5E29H         LINE#         119
  C:5E66H         LINE#         120
  C:5E66H         LINE#         121
  C:5E6FH         LINE#         122
  C:5E74H         LINE#         124
  C:5E75H         LINE#         126
  C:5E75H         LINE#         127
  C:5E7BH         LINE#         128
  C:5E7EH         LINE#         129
  C:5E8EH         LINE#         130
  C:5E95H         LINE#         133
  C:5E9EH         LINE#         134
  C:5E9EH         LINE#         135
  C:5E9EH         LINE#         142
  -------         ENDPROC       KEYMAIN_ENTER
  -------         PROC          KEYMAIN_UP
  -------         DO            
  X:1C69H         SYMBOL        Value
  X:1C6AH         SYMBOL        temp
  -------         ENDDO         
BL51 BANKED LINKER/LOCATER V6.22.2.0                                                  12/21/2021  17:57:20  PAGE 31


  C:67F2H         LINE#         144
  C:67F2H         LINE#         145
  C:67F2H         LINE#         146
  C:67F7H         LINE#         147
  C:67F7H         LINE#         148
  C:6804H         LINE#         149
  C:6813H         LINE#         150
  C:682BH         LINE#         151
  C:682BH         LINE#         156
  -------         ENDPROC       KEYMAIN_UP
  -------         PROC          KEYMAIN_MENU
  C:6C76H         LINE#         158
  C:6C76H         LINE#         159
  C:6C76H         LINE#         160
  C:6C82H         LINE#         161
  C:6C82H         LINE#         162
  C:6C82H         LINE#         163
  C:6C82H         LINE#         165
  C:6C88H         LINE#         166
  C:6C91H         LINE#         168
  C:6C94H         LINE#         169
  C:6C94H         LINE#         170
  C:6C95H         LINE#         171
  C:6C95H         LINE#         172
  C:6C95H         LINE#         173
  C:6C9BH         LINE#         174
  C:6C9BH         LINE#         175
  C:6C9BH         LINE#         176
  C:6C9BH         LINE#         177
  C:6C9BH         LINE#         178
  C:6C9BH         LINE#         183
  -------         ENDPROC       KEYMAIN_MENU
  -------         PROC          KEYMAIN_CANCEL
  C:6E6DH         LINE#         185
  C:6E6DH         LINE#         186
  C:6E6DH         LINE#         188
  C:6E72H         LINE#         189
  C:6E72H         LINE#         190
  C:6E7BH         LINE#         191
  C:6E81H         LINE#         192
  C:6E87H         LINE#         193
  C:6E87H         LINE#         198
  -------         ENDPROC       KEYMAIN_CANCEL
  -------         PROC          KEYMAIN_DOWN
  -------         DO            
  X:1C69H         SYMBOL        Value
  X:1C6AH         SYMBOL        temp
  -------         ENDDO         
  C:673DH         LINE#         200
  C:673DH         LINE#         201
  C:673DH         LINE#         202
  C:6742H         LINE#         203
  C:6742H         LINE#         204
  C:674FH         LINE#         205
  C:675EH         LINE#         206
  C:6779H         LINE#         207
  C:6779H         LINE#         212
BL51 BANKED LINKER/LOCATER V6.22.2.0                                                  12/21/2021  17:57:20  PAGE 32


  -------         ENDPROC       KEYMAIN_DOWN
  -------         PROC          KEYMENU_ENTER
  C:6DF7H         LINE#         214
  C:6DF7H         LINE#         215
  C:6DF7H         LINE#         216
  C:6E05H         LINE#         217
  C:6E05H         LINE#         219
  C:6E05H         LINE#         221
  C:6E0BH         LINE#         222
  C:6E0EH         LINE#         223
  C:6E14H         LINE#         227
  -------         ENDPROC       KEYMENU_ENTER
  -------         PROC          KEYMENU_UP
  C:643FH         LINE#         230
  C:643FH         LINE#         231
  C:643FH         LINE#         233
  C:6449H         LINE#         234
  C:644AH         LINE#         236
  C:6457H         LINE#         238
  C:645BH         LINE#         239
  C:645BH         LINE#         240
  C:645FH         LINE#         241
  C:645FH         LINE#         243
  C:6468H         LINE#         244
  C:6468H         LINE#         245
  C:6468H         LINE#         246
  C:646BH         LINE#         247
  C:6470H         LINE#         248
  C:6472H         LINE#         249
  C:647BH         LINE#         250
  C:647BH         LINE#         251
  C:647BH         LINE#         252
  C:647BH         LINE#         253
  C:647EH         LINE#         254
  C:6480H         LINE#         256
  C:6480H         LINE#         257
  C:6480H         LINE#         258
  C:6480H         LINE#         259
  C:6487H         LINE#         260
  C:6487H         LINE#         262
  C:6490H         LINE#         263
  -------         ENDPROC       KEYMENU_UP
  -------         PROC          KEYMENU_MENU
  C:0042H         LINE#         270
  C:0042H         LINE#         271
  C:0042H         LINE#         275
  -------         ENDPROC       KEYMENU_MENU
  -------         PROC          KEYMENU_CANCEL
  C:6F2FH         LINE#         277
  C:6F2FH         LINE#         278
  C:6F2FH         LINE#         280
  C:6F2FH         LINE#         281
  C:6F2FH         LINE#         282
  C:6F39H         LINE#         283
  -------         ENDPROC       KEYMENU_CANCEL
  -------         PROC          KEYMENU_DOWN
  C:6496H         LINE#         290
BL51 BANKED LINKER/LOCATER V6.22.2.0                                                  12/21/2021  17:57:20  PAGE 33


  C:6496H         LINE#         291
  C:6496H         LINE#         292
  C:64A2H         LINE#         293
  C:64A5H         LINE#         295
  C:64B2H         LINE#         297
  C:64B4H         LINE#         298
  C:64B4H         LINE#         299
  C:64B6H         LINE#         300
  C:64B6H         LINE#         302
  C:64BFH         LINE#         303
  C:64BFH         LINE#         304
  C:64BFH         LINE#         305
  C:64C2H         LINE#         306
  C:64C7H         LINE#         307
  C:64C9H         LINE#         308
  C:64D2H         LINE#         309
  C:64D2H         LINE#         310
  C:64D2H         LINE#         311
  C:64D2H         LINE#         312
  C:64D5H         LINE#         313
  C:64D7H         LINE#         315
  C:64D7H         LINE#         316
  C:64D7H         LINE#         317
  C:64D7H         LINE#         318
  C:64DEH         LINE#         319
  C:64DEH         LINE#         321
  C:64E7H         LINE#         322
  -------         ENDPROC       KEYMENU_DOWN
  C:612CH         SYMBOL        L?0243
  -------         PROC          CHECK_PASSWORDBITS
  C:60CEH         LINE#         335
  C:60CEH         LINE#         336
  C:60CEH         LINE#         338
  C:60D4H         LINE#         339
  C:60D4H         LINE#         340
  C:60D7H         LINE#         341
  C:60E6H         LINE#         342
  C:60E6H         LINE#         343
  C:60E7H         LINE#         344
  C:60F8H         LINE#         346
  C:60FBH         LINE#         347
  C:60FDH         LINE#         349
  C:60FDH         LINE#         350
  C:60FFH         LINE#         351
  C:6110H         LINE#         353
  C:6116H         LINE#         354
  C:6116H         LINE#         355
  C:611DH         LINE#         357
  C:6126H         LINE#         359
  C:6129H         LINE#         360
  C:6129H         LINE#         361
  C:612BH         LINE#         362
  -------         ENDPROC       CHECK_PASSWORDBITS
  C:43B6H         SYMBOL        L?0189
  C:43D6H         SYMBOL        L?0194
  C:43F3H         SYMBOL        L?0216
  -------         PROC          KEYCONTROL_ENTER
BL51 BANKED LINKER/LOCATER V6.22.2.0                                                  12/21/2021  17:57:20  PAGE 34


  -------         DO            
  X:1C69H         SYMBOL        i
  X:1C6AH         SYMBOL        temp
  -------         ENDDO         
  C:41BDH         LINE#         364
  C:41BDH         LINE#         365
  C:41BDH         LINE#         366
  C:41DDH         LINE#         367
  C:41DDH         LINE#         368
  C:41DDH         LINE#         369
  C:41DDH         LINE#         370
  C:41E6H         LINE#         373
  C:41ECH         LINE#         374
  C:41ECH         LINE#         378
  C:41FEH         LINE#         379
  C:41FEH         LINE#         380
  C:4220H         LINE#         381
  C:4228H         LINE#         383
  C:423CH         LINE#         385
  C:4242H         LINE#         386
  C:4245H         LINE#         388
  C:4245H         LINE#         389
  C:425EH         LINE#         390
  C:425EH         LINE#         391
  C:4269H         LINE#         392
  C:426CH         LINE#         393
  C:4272H         LINE#         394
  C:4278H         LINE#         396
  C:427DH         LINE#         398
  C:427DH         LINE#         399
  C:427DH         LINE#         400
  C:4280H         LINE#         401
  C:4286H         LINE#         402
  C:4288H         LINE#         404
  C:4288H         LINE#         406
  C:428BH         LINE#         407
  C:428FH         LINE#         408
  C:4292H         LINE#         409
  C:429BH         LINE#         410
  C:429BH         LINE#         412
  C:42A0H         LINE#         413
  C:42A0H         LINE#         415
  C:42A5H         LINE#         416
  C:42A6H         LINE#         417
  C:42A6H         LINE#         419
  C:42A6H         LINE#         420
  C:42A6H         LINE#         421
  C:42ADH         LINE#         422
  C:42B1H         LINE#         423
  C:42B4H         LINE#         424
  C:42BAH         LINE#         425
  C:42BDH         LINE#         426
  C:42BDH         LINE#         428
  C:42BDH         LINE#         429
  C:42BDH         LINE#         430
  C:42C3H         LINE#         431
  C:42C3H         LINE#         432
BL51 BANKED LINKER/LOCATER V6.22.2.0                                                  12/21/2021  17:57:20  PAGE 35


  C:42C7H         LINE#         433
  C:42C9H         LINE#         435
  C:42C9H         LINE#         436
  C:42CEH         LINE#         437
  C:42D1H         LINE#         438
  C:42E1H         LINE#         439
  C:42E8H         LINE#         442
  C:42E8H         LINE#         443
  C:42E8H         LINE#         445
  C:42E8H         LINE#         446
  C:42E8H         LINE#         447
  C:42EBH         LINE#         450
  C:42EBH         LINE#         451
  C:42F2H         LINE#         452
  C:42F5H         LINE#         453
  C:42F5H         LINE#         455
  C:42F5H         LINE#         456
  C:42F5H         LINE#         457
  C:4306H         LINE#         458
  C:4306H         LINE#         460
  C:4306H         LINE#         462
  C:430CH         LINE#         464
  C:430FH         LINE#         466
  C:4312H         LINE#         469
  C:4312H         LINE#         470
  C:4315H         LINE#         472
  C:4315H         LINE#         473
  C:4315H         LINE#         474
  C:4325H         LINE#         475
  C:4325H         LINE#         477
  C:4332H         LINE#         478
  C:4332H         LINE#         479
  C:4332H         LINE#         480
  C:4332H         LINE#         481
  C:4332H         LINE#         482
  C:4335H         LINE#         484
  C:4335H         LINE#         485
  C:433CH         LINE#         486
  C:433FH         LINE#         488
  C:433FH         LINE#         489
  C:433FH         LINE#         491
  C:4352H         LINE#         492
  C:4352H         LINE#         494
  C:435FH         LINE#         495
  C:435FH         LINE#         496
  C:4362H         LINE#         497
  C:4362H         LINE#         498
  C:4362H         LINE#         499
  C:4365H         LINE#         501
  C:4365H         LINE#         502
  C:436CH         LINE#         503
  C:436EH         LINE#         505
  C:436EH         LINE#         506
  C:436EH         LINE#         507
  C:4370H         LINE#         508
  C:4376H         LINE#         510
  C:4381H         LINE#         512
BL51 BANKED LINKER/LOCATER V6.22.2.0                                                  12/21/2021  17:57:20  PAGE 36


  C:4393H         LINE#         513
  C:4395H         LINE#         515
  C:4398H         LINE#         516
  C:439BH         LINE#         517
  C:439EH         LINE#         518
  C:43A1H         LINE#         520
  C:43A4H         LINE#         521
  C:43A8H         LINE#         522
  C:43ABH         LINE#         524
  C:43ABH         LINE#         525
  C:43B5H         LINE#         526
  C:43B5H         LINE#         527
  C:43B5H         LINE#         529
  C:43B5H         LINE#         530
  C:43B5H         LINE#         531
  C:43B5H         LINE#         536
  -------         ENDPROC       KEYCONTROL_ENTER
  -------         PROC          KEYCONTROL_MENU
  C:6E88H         LINE#         538
  C:6E88H         LINE#         539
  C:6E88H         LINE#         540
  C:6E90H         LINE#         541
  C:6E90H         LINE#         542
  C:6E90H         LINE#         543
  C:6E90H         LINE#         544
  C:6E95H         LINE#         545
  C:6E95H         LINE#         547
  C:6E99H         LINE#         548
  C:6E9BH         LINE#         550
  C:6E9BH         LINE#         552
  C:6EA2H         LINE#         553
  C:6EA2H         LINE#         555
  C:6EA2H         LINE#         556
  C:6EA2H         LINE#         558
  C:6EA2H         LINE#         559
  C:6EA2H         LINE#         560
  C:6EA2H         LINE#         565
  -------         ENDPROC       KEYCONTROL_MENU
  -------         PROC          KEYCONTROL_CANCEL
[...]
  C:6CDBH         LINE#         108
  C:6CDBH         LINE#         109
  C:6CDEH         LINE#         110
  C:6CE1H         LINE#         111
  -------         ENDPROC       _IAPERASE
  -------         PROC          _IAPWRITE_BUFF
  X:1C6CH         SYMBOL        Addr
  X:1C6EH         SYMBOL        Str
  X:1C71H         SYMBOL        Len
  C:6AFCH         LINE#         120
  C:6B02H         LINE#         121
  C:6B02H         LINE#         122
  C:6B0CH         LINE#         123
  C:6B0CH         LINE#         124
  C:6B25H         LINE#         125
  C:6B27H         LINE#         126
  -------         ENDPROC       _IAPWRITE_BUFF
  -------         PROC          _IAPREAD_BUFF
  X:1C69H         SYMBOL        Addr
  X:1C6BH         SYMBOL        Str
  X:1C6EH         SYMBOL        Len
  C:6B80H         LINE#         134
  C:6B86H         LINE#         135
  C:6B86H         LINE#         136
  C:6B90H         LINE#         137
  C:6B90H         LINE#         138
  C:6BA8H         LINE#         139
  C:6BAAH         LINE#         140
  -------         ENDPROC       _IAPREAD_BUFF
  -------         ENDMOD        EEPROM

  -------         MODULE        KEY
  C:0000H         SYMBOL        _ICE_DUMMY_
BL51 BANKED LINKER/LOCATER V6.22.2.0                                                  12/21/2021  17:57:20  PAGE 60


  D:0080H         PUBLIC        P0
  D:0090H         PUBLIC        P1
  D:00A0H         PUBLIC        P2
  D:00B0H         PUBLIC        P3
  D:00C0H         PUBLIC        P4
  D:00C8H         PUBLIC        P5
  D:00E8H         PUBLIC        P6
  D:00F8H         PUBLIC        P7
  X:1CFDH         PUBLIC        KeyStateCurrrent
  D:00A8H         PUBLIC        IE
  D:00B8H         PUBLIC        IP
  D:00D8H         PUBLIC        CCON
  D:0098H         PUBLIC        SCON
  B:00A0H.2       PUBLIC        P22
  D:0088H         PUBLIC        TCON
  B:00A0H.3       PUBLIC        P23
  B:00A0H.4       PUBLIC        P24
  B:00A0H.5       PUBLIC        P25
  B:00A0H.6       PUBLIC        P26
  C:59FBH         PUBLIC        Key_Chick
  D:00D0H         PUBLIC        PSW
  -------         PROC          KEY_CHICK
  -------         DO            
  X:1CFCH         SYMBOL        KeyTemp
  X:1C6BH         SYMBOL        KeyValue
  -------         ENDDO         
  C:59FBH         LINE#         13
  C:59FBH         LINE#         14
  C:59FBH         LINE#         17
  C:5A29H         LINE#         19
  C:5A38H         LINE#         20
  C:5A38H         LINE#         21
  C:5A38H         LINE#         22
  C:5A38H         LINE#         23
  C:5A40H         LINE#         24
  C:5A40H         LINE#         25
  C:5A45H         LINE#         26
  C:5A45H         LINE#         28
  C:5A47H         LINE#         29
  C:5A47H         LINE#         31
  C:5A47H         LINE#         32
  C:5A47H         LINE#         33
  C:5A4EH         LINE#         35
  C:5A57H         LINE#         36
  C:5A57H         LINE#         37
  C:5A5CH         LINE#         38
  C:5A60H         LINE#         39
  C:5A60H         LINE#         41
  C:5A62H         LINE#         42
  C:5A62H         LINE#         44
  C:5A62H         LINE#         45
  C:5A62H         LINE#         46
  C:5A6AH         LINE#         47
  C:5A6AH         LINE#         48
  C:5A6FH         LINE#         49
  C:5A75H         LINE#         50
  C:5A75H         LINE#         52
BL51 BANKED LINKER/LOCATER V6.22.2.0                                                  12/21/2021  17:57:20  PAGE 61


  C:5A75H         LINE#         53
  C:5A75H         LINE#         55
  C:5A75H         LINE#         56
  C:5A75H         LINE#         57
  C:5A7BH         LINE#         58
  C:5A7FH         LINE#         59
  C:5A86H         LINE#         60
  C:5A86H         LINE#         61
  C:5A86H         LINE#         62
  C:5A86H         LINE#         64
  C:5A88H         LINE#         65
  -------         ENDPROC       KEY_CHICK
  -------         ENDMOD        KEY

  -------         MODULE        LCD
  C:0000H         SYMBOL        _ICE_DUMMY_
  C:68DDH         PUBLIC        _lcd_address
  D:0080H         PUBLIC        P0
  D:0090H         PUBLIC        P1
  D:00A0H         PUBLIC        P2
  D:00B0H         PUBLIC        P3
  C:5FFBH         PUBLIC        initial_lcd
  D:00C0H         PUBLIC        P4
  D:00C8H         PUBLIC        P5
  D:00E8H         PUBLIC        P6
  D:00F8H         PUBLIC        P7
  D:00A8H         PUBLIC        IE
  C:49C3H         PUBLIC        _GUI_Lattice
  X:1CF4H         PUBLIC        frontCurrent
  D:00B8H         PUBLIC        IP
  D:00D8H         PUBLIC        CCON
  C:653EH         SYMBOL        _GetCHIndex
  C:6B28H         PUBLIC        _transfer_command
  D:0098H         PUBLIC        SCON
  D:0088H         PUBLIC        TCON
  B:00B0H.2       PUBLIC        P32
  B:00B0H.3       PUBLIC        P33
  B:00B0H.4       PUBLIC        P34
  B:00B0H.5       PUBLIC        P35
  B:00B0H.6       PUBLIC        P36
  B:00B0H.7       PUBLIC        P37
  C:53A0H         PUBLIC        _GUI_String
  C:63E4H         SYMBOL        _GetFrontParm
  C:6B54H         PUBLIC        _transfer_data
  C:6CE8H         PUBLIC        clear_screen
  D:00D0H         PUBLIC        PSW
  C:5F8AH         SYMBOL        Com004D
  C:5F8AH         SYMBOL        L?0078
  C:5F93H         SYMBOL        L?0079
  C:5F96H         SYMBOL        L?0080
  C:5F9EH         SYMBOL        L?0082
  C:5F9EH         SYMBOL        L?0083
  C:5FA1H         SYMBOL        L?0084
  C:5FA2H         SYMBOL        L?0085
  C:5FABH         SYMBOL        L?0086
  C:5FC7H         SYMBOL        L?0087
  C:5FDAH         SYMBOL        L?0091
BL51 BANKED LINKER/LOCATER V6.22.2.0                                                  12/21/2021  17:57:20  PAGE 62


  C:5FE7H         SYMBOL        L?0092
  C:5FEBH         SYMBOL        L?0093
  C:5FF2H         SYMBOL        L?0094
  C:5FF3H         SYMBOL        L?0095
  -------         PROC          COM004D
  -------         ENDPROC       COM004D
  -------         PROC          _TRANSFER_COMMAND
  D:0007H         SYMBOL        data1
  -------         DO            
  D:0006H         SYMBOL        i
  -------         ENDDO         
  C:6B28H         LINE#         11
  C:6B28H         LINE#         12
  C:6B28H         LINE#         14
  C:6B2AH         LINE#         15
  C:6B2CH         LINE#         17
  C:6B33H         LINE#         18
  C:6B33H         LINE#         19
  C:6B35H         LINE#         21
  C:6B39H         LINE#         22
  C:6B3DH         LINE#         24
  C:6B3FH         LINE#         26
  C:6B41H         LINE#         27
  C:6B4EH         LINE#         28
  C:6B51H         LINE#         30
  C:6B53H         LINE#         31
  -------         ENDPROC       _TRANSFER_COMMAND
  -------         PROC          _TRANSFER_DATA
  D:0007H         SYMBOL        data1
  -------         DO            
  D:0006H         SYMBOL        i
  -------         ENDDO         
  C:6B54H         LINE#         40
  C:6B54H         LINE#         41
  C:6B54H         LINE#         43
  C:6B56H         LINE#         44
  C:6B58H         LINE#         46
  C:6B5FH         LINE#         47
  C:6B5FH         LINE#         48
  C:6B61H         LINE#         50
  C:6B65H         LINE#         51
  C:6B65H         LINE#         52
  C:6B67H         LINE#         53
  C:6B69H         LINE#         55
  C:6B69H         LINE#         56
  C:6B6BH         LINE#         57
  C:6B6BH         LINE#         59
  C:6B6DH         LINE#         61
  C:6B7AH         LINE#         62
  C:6B7DH         LINE#         64
  C:6B7FH         LINE#         65
  -------         ENDPROC       _TRANSFER_DATA
  -------         PROC          CLEAR_SCREEN
  -------         DO            
  D:0004H         SYMBOL        i
  D:0003H         SYMBOL        j
  -------         ENDDO         
BL51 BANKED LINKER/LOCATER V6.22.2.0                                                  12/21/2021  17:57:20  PAGE 63


  C:6CE8H         LINE#         73
  C:6CE8H         LINE#         74
  C:6CE8H         LINE#         77
  C:6CF0H         LINE#         78
  C:6CF0H         LINE#         79
  C:6CF7H         LINE#         81
  C:6D02H         LINE#         82
  C:6D02H         LINE#         83
  C:6D07H         LINE#         84
  C:6D0AH         LINE#         85
  C:6D0DH         LINE#         86
  -------         ENDPROC       CLEAR_SCREEN
  -------         PROC          L?0090
  -------         ENDPROC       L?0090
  -------         PROC          _LCD_ADDRESS
  D:0006H         SYMBOL        page
  D:0004H         SYMBOL        column
  C:68DDH         LINE#         95
  C:68E1H         LINE#         96
  C:68E1H         LINE#         98
  C:68ECH         LINE#         99
  C:68ECH         LINE#         100
  C:68EEH         LINE#         101
  C:68F0H         LINE#         103
  C:68F0H         LINE#         104
  C:68F6H         LINE#         105
  C:68F6H         LINE#         107
  C:6900H         LINE#         109
  -------         ENDPROC       _LCD_ADDRESS
  C:6043H         SYMBOL        L?0081
  C:605AH         SYMBOL        L?0089
  -------         PROC          INITIAL_LCD
  C:5FFBH         LINE#         119
  C:5FFBH         LINE#         120
  C:5FFBH         LINE#         121
  C:5FFDH         LINE#         122
  C:6004H         LINE#         124
  C:6006H         LINE#         126
  C:600DH         LINE#         128
  C:6012H         LINE#         129
  C:6019H         LINE#         131
  C:601BH         LINE#         132
  C:601EH         LINE#         133
  C:6020H         LINE#         134
  C:6020H         LINE#         136
  C:6020H         LINE#         138
  C:6023H         LINE#         139
  C:6025H         LINE#         140
  C:6025H         LINE#         141
  C:6025H         LINE#         143
  C:6028H         LINE#         145
  C:602AH         LINE#         146
  C:602DH         LINE#         148
  C:6032H         LINE#         149
  C:6039H         LINE#         151
  C:603EH         LINE#         153
  C:6040H         LINE#         155
BL51 BANKED LINKER/LOCATER V6.22.2.0                                                  12/21/2021  17:57:20  PAGE 64


  C:6043H         LINE#         156
  -------         ENDPROC       INITIAL_LCD
  -------         PROC          _GETFRONTPARM
  D:0007H         SYMBOL        font
  C:63E4H         LINE#         164
  C:63E4H         LINE#         165
  C:63E4H         LINE#         166
  C:63EBH         LINE#         167
  C:63EBH         LINE#         168
  C:63EBH         LINE#         169
  C:63EBH         LINE#         170
  C:63F1H         LINE#         171
  C:63F7H         LINE#         172
  C:63FDH         LINE#         174
  C:640BH         LINE#         176
  C:6411H         LINE#         177
  C:6413H         LINE#         178
  C:6413H         LINE#         180
  C:6413H         LINE#         181
  C:6413H         LINE#         182
  C:6419H         LINE#         183
  C:641FH         LINE#         184
  C:6425H         LINE#         185
  C:642BH         LINE#         187
  C:6437H         LINE#         188
  C:6439H         LINE#         189
  C:6439H         LINE#         199
  C:6439H         LINE#         200
  C:643CH         LINE#         201
  C:643CH         LINE#         203
  C:643EH         LINE#         204
  -------         ENDPROC       _GETFRONTPARM
  -------         PROC          _GETCHINDEX
  X:1C78H         SYMBOL        ZoneCode
  -------         DO            
  D:0004H         SYMBOL        i
  D:0006H         SYMBOL        CHCode
  -------         ENDDO         
  C:653EH         LINE#         212
  C:6546H         LINE#         213
  C:6546H         LINE#         214
  C:6549H         LINE#         217
  C:6549H         LINE#         218
  C:6549H         LINE#         219
  C:6573H         LINE#         221
  C:657FH         LINE#         222
  C:657FH         LINE#         223
  C:657FH         LINE#         224
  C:657FH         LINE#         225
  C:658AH         LINE#         227
  C:658EH         LINE#         228
  -------         ENDPROC       _GETCHINDEX
  C:5452H         SYMBOL        L?0088
  -------         PROC          _GUI_STRING
  X:1C6FH         SYMBOL        x
  X:1C70H         SYMBOL        y
  X:1C71H         SYMBOL        pString
BL51 BANKED LINKER/LOCATER V6.22.2.0                                                  12/21/2021  17:57:20  PAGE 65


  X:1C74H         SYMBOL        font
  -------         DO            
  X:1C75H         SYMBOL        ChIndex
  X:1C77H         SYMBOL        Offset
  D:0006H         SYMBOL        ZoneCode
  -------         ENDDO         
  C:53A0H         LINE#         237
  C:53B1H         LINE#         238
  C:53B1H         LINE#         245
  C:53B7H         LINE#         247
  C:53BCH         LINE#         250
  C:53BCH         LINE#         251
  C:53D1H         LINE#         252
  C:53D1H         LINE#         253
  C:53E0H         LINE#         255
  C:53F5H         LINE#         256
  C:53F5H         LINE#         257
  C:53FAH         LINE#         258
  C:53FDH         LINE#         260
  C:53FDH         LINE#         262
  C:5407H         LINE#         264
  C:541DH         LINE#         266
  C:5428H         LINE#         268
  C:543DH         LINE#         269
  C:543DH         LINE#         270
  C:5443H         LINE#         271
  C:5443H         LINE#         273
  C:5443H         LINE#         274
  C:5451H         LINE#         275
  -------         ENDPROC       _GUI_STRING
  -------         PROC          _GUI_LATTICE
  X:1C78H         SYMBOL        x
  D:0002H         SYMBOL        y
  X:1C7AH         SYMBOL        Width
  X:1C7BH         SYMBOL        High
  X:1C7CH         SYMBOL        plattice
  -------         DO            
  X:1C7FH         SYMBOL        y_Dy
  X:1C80H         SYMBOL        y_by
  X:1C81H         SYMBOL        y1_Dy
  X:1C82H         SYMBOL        y1_by
  X:1C83H         SYMBOL        y_Bytes
  X:1C84H         SYMBOL        i
  X:1C85H         SYMBOL        j
  X:1C86H         SYMBOL        tempH
  D:0003H         SYMBOL        tempL
  -------         ENDDO         
  C:49C3H         LINE#         284
  C:49CFH         LINE#         285
  C:49CFH         LINE#         290
  C:49E8H         LINE#         292
  C:4A00H         LINE#         293
  C:4A06H         LINE#         295
  C:4A11H         LINE#         296
  C:4A16H         LINE#         298
  C:4A1EH         LINE#         300
  C:4A2FH         LINE#         301
BL51 BANKED LINKER/LOCATER V6.22.2.0                                                  12/21/2021  17:57:20  PAGE 66


  C:4A2FH         LINE#         302
  C:4A3EH         LINE#         303
  C:4A3EH         LINE#         304
  C:4A54H         LINE#         305
  C:4A54H         LINE#         306
  C:4A5AH         LINE#         307
  C:4A5AH         LINE#         308
  C:4A5FH         LINE#         309
  C:4A74H         LINE#         311
  C:4A77H         LINE#         312
  C:4A82H         LINE#         313
  C:4A82H         LINE#         314
  C:4A89H         LINE#         316
  C:4ABEH         LINE#         317
  C:4AC1H         LINE#         319
  C:4AC1H         LINE#         320
  C:4AE8H         LINE#         321
  C:4B08H         LINE#         323
  C:4B15H         LINE#         324
  C:4B1EH         LINE#         325
  C:4B1EH         LINE#         326
  C:4B27H         LINE#         327
  C:4B27H         LINE#         329
  C:4B27H         LINE#         330
  C:4B31H         LINE#         331
  C:4B64H         LINE#         332
  C:4B64H         LINE#         333
  C:4B6DH         LINE#         334
  -------         ENDPROC       _GUI_LATTICE
  -------         ENDMOD        LCD

  -------         MODULE        ?C?COPY
  C:3E63H         PUBLIC        ?C?COPY
  -------         ENDMOD        ?C?COPY

  -------         MODULE        ?C?CLDPTR
  C:3E89H         PUBLIC        ?C?CLDPTR
  -------         ENDMOD        ?C?CLDPTR

  -------         MODULE        ?C?CLDOPTR
  C:3EA2H         PUBLIC        ?C?CLDOPTR
  -------         ENDMOD        ?C?CLDOPTR

  -------         MODULE        ?C?CILDPTR
  C:3ECFH         PUBLIC        ?C?CILDPTR
  -------         ENDMOD        ?C?CILDPTR

  -------         MODULE        ?C?CSTPTR
  C:3EF1H         PUBLIC        ?C?CSTPTR
  -------         ENDMOD        ?C?CSTPTR

  -------         MODULE        ?C?CSTOPTR
  C:3F03H         PUBLIC        ?C?CSTOPTR
  -------         ENDMOD        ?C?CSTOPTR

  -------         MODULE        ?C?IMUL
  C:3F25H         PUBLIC        ?C?IMUL
BL51 BANKED LINKER/LOCATER V6.22.2.0                                                  12/21/2021  17:57:20  PAGE 67


  -------         ENDMOD        ?C?IMUL

  -------         MODULE        ?C?UIDIV
  C:3F37H         PUBLIC        ?C?UIDIV
  -------         ENDMOD        ?C?UIDIV

  -------         MODULE        ?C?SIDIV
  C:3F8CH         PUBLIC        ?C?SIDIV
  -------         ENDMOD        ?C?SIDIV

  -------         MODULE        ?C?IILDX
  C:3FC2H         PUBLIC        ?C?IILDX
  -------         ENDMOD        ?C?IILDX

  -------         MODULE        ?C?ILDIX
  C:3FD8H         PUBLIC        ?C?ILDIX
  -------         ENDMOD        ?C?ILDIX

  -------         MODULE        ?C?ILDOPTR
  C:3FEEH         PUBLIC        ?C?ILDOPTR
  -------         ENDMOD        ?C?ILDOPTR

  -------         MODULE        ?C?IILDOPTR
  C:4026H         PUBLIC        ?C?IILDOPTR
  -------         ENDMOD        ?C?IILDOPTR

  -------         MODULE        ?C?ISTOPTR
  C:4073H         PUBLIC        ?C?ISTOPTR
  -------         ENDMOD        ?C?ISTOPTR

  -------         MODULE        ?C?ULCMP
  C:40A0H         PUBLIC        ?C?ULCMP
  -------         ENDMOD        ?C?ULCMP

  -------         MODULE        ?C?LSTKXDATA
  C:40B1H         PUBLIC        ?C?LSTKXDATA
  -------         ENDMOD        ?C?LSTKXDATA

  -------         MODULE        ?C?OFFXADD
  C:40E2H         PUBLIC        ?C?OFFXADD
  -------         ENDMOD        ?C?OFFXADD

  -------         MODULE        ?C?PLDXDATA
  C:40EEH         PUBLIC        ?C?PLDXDATA
  -------         ENDMOD        ?C?PLDXDATA

  -------         MODULE        ?C?PLDIXDATA
  C:40F7H         PUBLIC        ?C?PLDIXDATA
  -------         ENDMOD        ?C?PLDIXDATA

  -------         MODULE        ?C?PSTXDATA
  C:410EH         PUBLIC        ?C?PSTXDATA
  -------         ENDMOD        ?C?PSTXDATA

  -------         MODULE        ?C?PLDCODE
  C:4117H         PUBLIC        ?C?PLDCODE
  -------         ENDMOD        ?C?PLDCODE
BL51 BANKED LINKER/LOCATER V6.22.2.0                                                  12/21/2021  17:57:20  PAGE 68



  -------         MODULE        ?C?PLDOPTR
  C:4123H         PUBLIC        ?C?PLDOPTR
  -------         ENDMOD        ?C?PLDOPTR

  -------         MODULE        ?C?CCASE
  C:4153H         PUBLIC        ?C?CCASE
  -------         ENDMOD        ?C?CCASE

  -------         MODULE        ?C?ICALL
  C:4179H         PUBLIC        ?C?ICALL
  C:417DH         PUBLIC        ?C?ICALL2
  -------         ENDMOD        ?C?ICALL

  -------         MODULE        STRNCMP
  X:1C92H         PUBLIC        ?_strncmp?BYTE
  C:5B9CH         PUBLIC        _strncmp
  -------         ENDMOD        STRNCMP

  -------         MODULE        STRLEN
  C:000EH         PUBLIC        _STRLEN
  -------         ENDMOD        STRLEN

  -------         MODULE        ?C?MEMSET
  C:417FH         PUBLIC        ?C?MEMSET
  -------         ENDMOD        ?C?MEMSET

  -------         MODULE        ?C?PLDIDATA
  C:41ABH         PUBLIC        ?C?PLDIDATA
  -------         ENDMOD        ?C?PLDIDATA

  -------         MODULE        ?C?PLDPDATA
  C:41B4H         PUBLIC        ?C?PLDPDATA
  -------         ENDMOD        ?C?PLDPDATA

*** WARNING L7: MODULE NAME NOT UNIQUE
    MODULE:  .\Objects\STARTUP.obj (?C_STARTUP)

*** WARNING L16: UNCALLED SEGMENT, IGNORED FOR OVERLAY PROCESS
    SEGMENT: ?PR?_PUTCHAR?USART

Program Size: data=25.0 xdata=7422 code=28599
LINK/LOCATE RUN COMPLETE.  2 WARNING(S),  0 ERROR(S)
