BL51 BANKED LINKER/LOCATER V6.22.2.0                                                    12/27/2021  17:10:03  PAGE 1


BL51 BANKED LINKER/LOCATER V6.22.2.0, INVOKED BY:
C:\KEIL_V5\C51\BIN\BL51.EXE .\Objects\main.obj, .\Objects\Control.obj, .\Objects\report.obj, .\Objects\Menu.obj, .\Objec
>> ts\pFunc.obj, .\Objects\usart.obj, .\Objects\timer.obj, .\Objects\wifi.obj, .\STCLIB\Front.LIB, .\STCLIB\Gpio.LIB, .\
>> STCLIB\Iape2prom.LIB, .\STCLIB\Key.LIB, .\STCLIB\Lcd19264.LIB, .\Objects\STARTUP.obj TO .\Objects\WIRELESS_PLC PRINT 
>> (.\Listings\WIRELESS_PLC.m51) RAMSIZE (256)


MEMORY MODEL: LARGE


INPUT MODULES INCLUDED:
  .\Objects\main.obj (MAIN)
  .\Objects\Control.obj (CONTROL)
  .\Objects\report.obj (REPORT)
  .\Objects\Menu.obj (MENU)
  .\Objects\pFunc.obj (PFUNC)
  .\Objects\usart.obj (USART)
  .\Objects\timer.obj (TIMER)
  .\Objects\wifi.obj (WIFI)
  .\STCLIB\Front.LIB (CHINESE_CODE)
  .\STCLIB\Front.LIB (?C_STARTUP)
  .\STCLIB\Gpio.LIB (GPIO)
  .\STCLIB\Iape2prom.LIB (EEPROM)
  .\STCLIB\Key.LIB (KEY)
  .\STCLIB\Lcd19264.LIB (LCD)
  C:\KEIL_V5\C51\LIB\C51L.LIB (?C_INIT)
  C:\KEIL_V5\C51\LIB\C51L.LIB (?C?COPY)
  C:\KEIL_V5\C51\LIB\C51L.LIB (?C?CLDPTR)
  C:\KEIL_V5\C51\LIB\C51L.LIB (?C?CLDOPTR)
  C:\KEIL_V5\C51\LIB\C51L.LIB (?C?CILDPTR)
  C:\KEIL_V5\C51\LIB\C51L.LIB (?C?CSTPTR)
  C:\KEIL_V5\C51\LIB\C51L.LIB (?C?CSTOPTR)
  C:\KEIL_V5\C51\LIB\C51L.LIB (?C?IMUL)
  C:\KEIL_V5\C51\LIB\C51L.LIB (?C?UIDIV)
  C:\KEIL_V5\C51\LIB\C51L.LIB (?C?SIDIV)
  C:\KEIL_V5\C51\LIB\C51L.LIB (?C?IILDX)
  C:\KEIL_V5\C51\LIB\C51L.LIB (?C?ILDIX)
  C:\KEIL_V5\C51\LIB\C51L.LIB (?C?ILDOPTR)
  C:\KEIL_V5\C51\LIB\C51L.LIB (?C?IILDOPTR)
  C:\KEIL_V5\C51\LIB\C51L.LIB (?C?ISTOPTR)
  C:\KEIL_V5\C51\LIB\C51L.LIB (?C?ULCMP)
  C:\KEIL_V5\C51\LIB\C51L.LIB (?C?LSTKXDATA)
  C:\KEIL_V5\C51\LIB\C51L.LIB (?C?OFFXADD)
  C:\KEIL_V5\C51\LIB\C51L.LIB (?C?PLDXDATA)
  C:\KEIL_V5\C51\LIB\C51L.LIB (?C?PLDIXDATA)
  C:\KEIL_V5\C51\LIB\C51L.LIB (?C?PSTXDATA)
  C:\KEIL_V5\C51\LIB\C51L.LIB (?C?PLDCODE)
  C:\KEIL_V5\C51\LIB\C51L.LIB (?C?PLDOPTR)
  C:\KEIL_V5\C51\LIB\C51L.LIB (?C?CCASE)
  C:\KEIL_V5\C51\LIB\C51L.LIB (?C?ICALL)
  C:\KEIL_V5\C51\LIB\C51L.LIB (STRNCMP)
  C:\KEIL_V5\C51\LIB\C51L.LIB (STRLEN)
  C:\KEIL_V5\C51\LIB\C51L.LIB (?C?MEMSET)
  C:\KEIL_V5\C51\LIB\C51L.LIB (?C?PLDIDATA)
  C:\KEIL_V5\C51\LIB\C51L.LIB (?C?PLDPDATA)


LINK MAP OF MODULE:  .\Objects\WIRELESS_PLC (MAIN)
BL51 BANKED LINKER/LOCATER V6.22.2.0                                                  12/27/2021  17:10:03  PAGE 2




            TYPE    BASE      LENGTH    RELOCATION   SEGMENT NAME
            -----------------------------------------------------

            * * * * * * *   D A T A   M E M O R Y   * * * * * * *
            REG     0000H     0008H     ABSOLUTE     "REG BANK 0"
            REG     0008H     0008H     ABSOLUTE     "REG BANK 1"
            REG     0010H     0008H     ABSOLUTE     "REG BANK 2"
            IDATA   0018H     0001H     UNIT         ?STACK

            * * * * * * *  X D A T A   M E M O R Y  * * * * * * *
            XDATA   0000H     1B0AH     UNIT         ?XD?REPORT
            XDATA   1B0AH     00CCH     UNIT         ?XD?MENU
            XDATA   1BD6H     00AAH     UNIT         ?XD?CONTROL
            XDATA   1C80H     003BH     UNIT         _XDATA_GROUP_
            XDATA   1CBBH     002DH     UNIT         ?XD?USART
            XDATA   1CE8H     0014H     UNIT         ?XD?MAIN
            XDATA   1CFCH     0010H     UNIT         ?XD?TIMER
            XDATA   1D0CH     0008H     UNIT         ?XD?LCD
            XDATA   1D14H     0002H     UNIT         ?XD?KEY

            * * * * * * *   C O D E   M E M O R Y   * * * * * * *
            CODE    0000H     0003H     ABSOLUTE     
            CODE    0003H     0008H     UNIT         ?PR?COMMUNICAINIT?CONTROL
            CODE    000BH     0003H     ABSOLUTE     
            CODE    000EH     0015H     UNIT         ?PR?_STRLEN?STRLEN
            CODE    0023H     0003H     ABSOLUTE     
            CODE    0026H     001CH     UNIT         ?PR?_PASSWORDDELETE?CONTROL
            CODE    0042H     0001H     UNIT         ?PR?KEYMENU_MENU?MENU
            CODE    0043H     0003H     ABSOLUTE     
            CODE    0046H     0045H     UNIT         ?PR?PACTUISHOW?CONTROL
            CODE    008BH     0003H     ABSOLUTE     
            CODE    008EH     0003H     UNIT         ?PR?_LCDSHOW?MENU
            CODE    0091H     0001H     UNIT         ?PR?KEYBAUD_MENU?MENU
                    0092H     0001H                  *** GAP ***
            CODE    0093H     0003H     ABSOLUTE     
            CODE    0096H     20AEH     UNIT         ?CO?CHINESE_CODE
            CODE    2144H     1C9EH     UNIT         ?C_INITSEG
            CODE    3DE2H     042AH     UNIT         ?C?LIB_CODE
            CODE    420CH     0298H     UNIT         ?PR?KEYCONTROL_ENTER?MENU
            CODE    44A4H     0207H     UNIT         ?PR?MENU
            CODE    46ABH     01DCH     UNIT         ?PR?_PUBLIC_DATAHANDLE?REPORT
            CODE    4887H     01ABH     UNIT         ?CO?WIFI
            CODE    4A32H     01ABH     UNIT         ?PR?_GUI_LATTICE?LCD
            CODE    4BDDH     0199H     UNIT         ?PR?_GPIO_INILIZE?GPIO
            CODE    4D76H     0191H     UNIT         ?PR?_MYITOA?PFUNC
            CODE    4F07H     012FH     UNIT         ?PR?KEYCONTROL_DOWN?MENU
            CODE    5036H     012AH     UNIT         ?CO?CONTROL
            CODE    5160H     0127H     UNIT         ?PR?TIMER0_ISR?TIMER
            CODE    5287H     0116H     UNIT         ?PR?KEYCONTROL_UP?MENU
            CODE    539DH     0101H     UNIT         ?CO?MENU
            CODE    549EH     00D3H     UNIT         ?PR?USART
            CODE    5571H     00C5H     UNIT         ?PR?_GUI_STRING?LCD
            CODE    5636H     00AEH     UNIT         ?PR?_UART_BASE_MSPINIT?USART
            CODE    56E4H     00A8H     UNIT         ?PR?CONTROL
            CODE    578CH     0098H     UNIT         ?PR?_GETCRC16?REPORT
BL51 BANKED LINKER/LOCATER V6.22.2.0                                                  12/27/2021  17:10:03  PAGE 3


            CODE    5824H     0096H     UNIT         ?PR?UART2_ISR?USART
            CODE    58BAH     0096H     UNIT         ?PR?UART3_ISR?USART
            CODE    5950H     0090H     UNIT         ?PR?SYSTEMINIT?MAIN
            CODE    59E0H     0090H     UNIT         ?PR?UART1_ISR?USART
            CODE    5A70H     008EH     UNIT         ?PR?KEY_CHICK?KEY
            CODE    5AFEH     008CH     UNIT         ?PR?REPORT
            CODE    5B8AH     008CH     UNIT         ?PR?UART4_ISR?USART
            CODE    5C16H     008CH     UNIT         ?C_C51STARTUP
            CODE    5CA2H     0087H     UNIT         ?PR?PASSWORDCHANGEUISHOW?CONTROL
            CODE    5D29H     0087H     UNIT         ?PR?_STRNCMP?STRNCMP
            CODE    5DB0H     007CH     UNIT         ?PR?UART_HANDLE?REPORT
            CODE    5E2CH     007BH     UNIT         ?PR?IAP_FLASH_IINIT?MAIN
            CODE    5EA7H     007BH     UNIT         ?PR?KEYMAIN_ENTER?MENU
            CODE    5F22H     0077H     UNIT         ?PR?_INIT_LISTQUEUE?REPORT
            CODE    5F99H     0075H     UNIT         ?PR?KEYEVENT?MENU
            CODE    600EH     0071H     UNIT         ?PR?LCD
            CODE    607FH     006CH     UNIT         ?PR?_UARTX_SENDSTR?USART
            CODE    60EBH     006AH     UNIT         ?PR?INITIAL_LCD?LCD
            CODE    6155H     0069H     UNIT         ?PR?INIT_ALL?MAIN
            CODE    61BEH     0069H     UNIT         ?PR?_PASSWORDINPUT?CONTROL
            CODE    6227H     0069H     UNIT         ?PR?CHECK_PASSWORDBITS?MENU
            CODE    6290H     0068H     UNIT         ?PR?WORKMODEUISHOW?CONTROL
            CODE    62F8H     0064H     UNIT         ?PR?KEYBAUD_ENTER?MENU
            CODE    635CH     0063H     UNIT         ?CO?MAIN
            CODE    63BFH     0060H     UNIT         ?PR?KEYBAUD_UP?MENU
            CODE    641FH     0060H     UNIT         ?PR?KEYBAUD_DOWN?MENU
            CODE    647FH     0060H     UNIT         ?PR?IAPCONFIGWAITTIME?EEPROM
            CODE    64DFH     005FH     UNIT         ?PR?HOTSPOTSETTINGUISHOW?CONTROL
            CODE    653EH     005BH     UNIT         ?PR?_GETFRONTPARM?LCD
            CODE    6599H     0057H     UNIT         ?PR?KEYMENU_UP?MENU
            CODE    65F0H     0057H     UNIT         ?PR?KEYMENU_DOWN?MENU
            CODE    6647H     0056H     UNIT         ?PR?TIMER
            CODE    669DH     0051H     UNIT         ?PR?_GETCHINDEX?LCD
            CODE    66EEH     004EH     UNIT         ?PR?PLCPOWERUISHOW?CONTROL
            CODE    673CH     0047H     UNIT         ?PR?_EXE_APPOINT_CMD?WIFI
            CODE    6783H     0045H     UNIT         ?PR?REFRESHMENUDISP?MENU
            CODE    67C8H     0044H     UNIT         ?PR?REFRESHBAUDDISP?MENU
            CODE    680CH     0043H     UNIT         ?PR?_TIM_BASE_MSPINIT?TIMER
            CODE    684FH     0042H     UNIT         ?PR?KEYCONTROL_CANCEL?MENU
            CODE    6891H     0042H     UNIT         ?PR?WIFI
            CODE    68D3H     003DH     UNIT         ?PR?KEYMAIN_DOWN?MENU
            CODE    6910H     003CH     UNIT         ?PR?COMMUNICAUISHOW?CONTROL
            CODE    694CH     003CH     UNIT         ?PR?BAUDSETTINGUI1SHOW?CONTROL
            CODE    6988H     003AH     UNIT         ?PR?KEYMAIN_UP?MENU
            CODE    69C2H     0038H     UNIT         ?PR?CONTROLSAVE?CONTROL
            CODE    69FAH     0037H     UNIT         ?PR?WIFI_INIT?WIFI
            CODE    6A31H     0036H     UNIT         ?PR?EEPROM
            CODE    6A67H     0036H     UNIT         ?PR?_LCD_ADDRESS?LCD
            CODE    6A9DH     0035H     UNIT         ?PR?BAUDSETTINGUI2SHOW?CONTROL
            CODE    6AD2H     0035H     UNIT         ?PR?BAUDSETTINGUI3SHOW?CONTROL
            CODE    6B07H     0035H     UNIT         ?PR?BAUDSETTINGUI4SHOW?CONTROL
            CODE    6B3CH     0034H     UNIT         ?PR?_GET_TARGET_CHANNEL?REPORT
            CODE    6B70H     0034H     UNIT         ?PR?_GET_TARGET_UART?REPORT
            CODE    6BA4H     0031H     UNIT         ?PR?_LCDDLY?MENU
            CODE    6BD5H     0031H     UNIT         ?PR?WIFI_EXIT_TRT?WIFI
            CODE    6C06H     0030H     UNIT         ?PR?CHECKIAP_FLASH?MAIN
            CODE    6C36H     002FH     UNIT         ?PR?_IAPREAD?EEPROM
BL51 BANKED LINKER/LOCATER V6.22.2.0                                                  12/27/2021  17:10:03  PAGE 4


            CODE    6C65H     002DH     UNIT         ?PR?BAUDINIT?CONTROL
            CODE    6C92H     002DH     UNIT         ?PR?RELOADSETTINGUISHOW?CONTROL
            CODE    6CBFH     002CH     UNIT         ?PR?_IAPWRITE_BUFF?EEPROM
            CODE    6CEBH     002CH     UNIT         ?PR?_TRANSFER_COMMAND?LCD
            CODE    6D17H     002CH     UNIT         ?PR?_TRANSFER_DATA?LCD
            CODE    6D43H     002BH     UNIT         ?PR?_IAPREAD_BUFF?EEPROM
            CODE    6D6EH     002AH     UNIT         ?PR?PASSWORDINPUTUISHOW?CONTROL
            CODE    6D98H     002AH     UNIT         ?PR?PFUNC
            CODE    6DC2H     0028H     UNIT         ?PR?TIMER0_INIT?TIMER
            CODE    6DEAH     0026H     UNIT         ?PR?KEYMAIN_MENU?MENU
            CODE    6E10H     0026H     UNIT         ?PR?_IAPPROGRAM?EEPROM
            CODE    6E36H     0026H     UNIT         ?PR?_IAPERASE?EEPROM
            CODE    6E5CH     0026H     UNIT         ?PR?CLEAR_SCREEN?LCD
            CODE    6E82H     0025H     UNIT         ?PR?PASSWORDJUDGE?CONTROL
            CODE    6EA7H     0025H     UNIT         ?CO?PFUNC
            CODE    6ECCH     0022H     UNIT         ?PR?UART1_INIT?USART
            CODE    6EEEH     0022H     UNIT         ?PR?_BUSY_AWAIT?USART
            CODE    6F10H     001FH     UNIT         ?PR?CONTROLINIT?CONTROL
            CODE    6F2FH     001FH     UNIT         ?PR?UART2_INIT?USART
            CODE    6F4EH     001EH     UNIT         ?PR?MAIN
            CODE    6F6CH     001EH     UNIT         ?CO?REPORT
            CODE    6F8AH     001EH     UNIT         ?PR?KEYMENU_ENTER?MENU
            CODE    6FA8H     001EH     UNIT         ?PR?UART3_INIT?USART
            CODE    6FC6H     001EH     UNIT         ?PR?UART4_INIT?USART
            CODE    6FE4H     001CH     UNIT         ?PR?_DELAY_MS?TIMER
            CODE    7000H     001BH     UNIT         ?PR?KEYMAIN_CANCEL?MENU
            CODE    701BH     001BH     UNIT         ?PR?KEYCONTROL_MENU?MENU
            CODE    7036H     0019H     UNIT         ?PR?_LOOPINDEX?PFUNC
            CODE    704FH     0019H     UNIT         ?PR?WIFI_OPEN_AP?WIFI
            CODE    7068H     0019H     UNIT         ?PR?WIFI_CLOSE_AP?WIFI
            CODE    7081H     0018H     UNIT         ?PR?_INPUTOFFECT?CONTROL
            CODE    7099H     0018H     UNIT         ?PR?SCREENSAVERUISHOW?CONTROL
            CODE    70B1H     0011H     UNIT         ?PR?KEYBAUD_CANCEL?MENU
            CODE    70C2H     0010H     UNIT         ?PR?KEYMENU_CANCEL?MENU
            CODE    70D2H     000FH     UNIT         ?PR?MODE_MASTER?CONTROL
            CODE    70E1H     000DH     UNIT         ?PR?IAPIDLE?EEPROM
            CODE    70EEH     000CH     UNIT         ?PR?_WIFI_ENABLE?WIFI
            CODE    70FAH     000BH     UNIT         ?PR?MAIN?MAIN
            CODE    7105H     0009H     UNIT         ?PR?POWERINIT?CONTROL
            CODE    710EH     0009H     UNIT         ?PR?MODE_SLAVE?CONTROL
            CODE    7117H     0009H     UNIT         ?PR?LCDSHOWINIT?MENU
            CODE    7120H     0009H     UNIT         ?PR?BAUD_SETTING?MENU
            CODE    7129H     0009H     UNIT         ?PR?DELAY1MS?TIMER
            CODE    7132H     0007H     UNIT         ?PR?SET_OTHERPACT?CONTROL
            CODE    7139H     0007H     UNIT         ?PR?SET_PPIPACT?CONTROL
            CODE    7140H     0006H     UNIT         ?PR?GPIO



OVERLAY MAP OF MODULE:   .\Objects\WIRELESS_PLC (MAIN)


SEGMENT                                    XDATA_GROUP
  +--> CALLED SEGMENT                    START    LENGTH
--------------------------------------------------------
?PR?UART1_ISR?USART                      -----    -----
  +--> ?PR?USART
BL51 BANKED LINKER/LOCATER V6.22.2.0                                                  12/27/2021  17:10:03  PAGE 5



*** NEW ROOT ***************************************************

?PR?UART2_ISR?USART                      -----    -----
  +--> ?PR?USART

*** NEW ROOT ***************************************************

?PR?UART3_ISR?USART                      -----    -----
  +--> ?PR?USART

*** NEW ROOT ***************************************************

?PR?UART4_ISR?USART                      -----    -----
  +--> ?PR?USART

*** NEW ROOT ***************************************************

?PR?TIMER0_ISR?TIMER                     -----    -----
  +--> ?PR?TIMER

*** NEW ROOT ***************************************************

?C_C51STARTUP                            -----    -----
  +--> ?PR?MAIN?MAIN
  +--> ?C_INITSEG

?PR?MAIN?MAIN                            -----    -----
  +--> ?PR?SYSTEMINIT?MAIN
  +--> ?PR?KEYEVENT?MENU
  +--> ?PR?UART_HANDLE?REPORT

?PR?SYSTEMINIT?MAIN                      -----    -----
  +--> ?PR?INIT_ALL?MAIN
  +--> ?PR?INITIAL_LCD?LCD
  +--> ?PR?IAP_FLASH_IINIT?MAIN
  +--> ?PR?TIMER0_INIT?TIMER
  +--> ?PR?UART1_INIT?USART
  +--> ?PR?UART2_INIT?USART
  +--> ?PR?UART3_INIT?USART
  +--> ?PR?UART4_INIT?USART
  +--> ?PR?CONTROLINIT?CONTROL
  +--> ?PR?LCDSHOWINIT?MENU
  +--> ?PR?WIFI_INIT?WIFI
  +--> ?PR?CONTROLSAVE?CONTROL
  +--> ?PR?_INIT_LISTQUEUE?REPORT

?PR?INIT_ALL?MAIN                        1C80H    0002H
  +--> ?PR?MAIN
  +--> ?PR?_GPIO_INILIZE?GPIO

?PR?_GPIO_INILIZE?GPIO                   -----    -----
  +--> ?PR?GPIO

?PR?INITIAL_LCD?LCD                      -----    -----
  +--> ?PR?_DELAY_MS?TIMER
  +--> ?PR?_TRANSFER_COMMAND?LCD
BL51 BANKED LINKER/LOCATER V6.22.2.0                                                  12/27/2021  17:10:03  PAGE 6


  +--> ?PR?CLEAR_SCREEN?LCD

?PR?_DELAY_MS?TIMER                      1C89H    0002H
  +--> ?PR?DELAY1MS?TIMER

?PR?_TRANSFER_COMMAND?LCD                -----    -----
  +--> ?PR?LCD

?PR?LCD                                  -----    -----
  +--> ?PR?_LCD_ADDRESS?LCD

?PR?CLEAR_SCREEN?LCD                     -----    -----
  +--> ?PR?LCD
  +--> ?PR?_TRANSFER_COMMAND?LCD
  +--> ?PR?_TRANSFER_DATA?LCD

?PR?_TRANSFER_DATA?LCD                   -----    -----
  +--> ?PR?LCD

?PR?IAP_FLASH_IINIT?MAIN                 -----    -----
  +--> ?PR?CHECKIAP_FLASH?MAIN
  +--> ?CO?MAIN
  +--> ?PR?MAIN
  +--> ?PR?_GUI_STRING?LCD
  +--> ?PR?_DELAY_MS?TIMER
  +--> ?PR?_IAPERASE?EEPROM
  +--> ?PR?_IAPWRITE_BUFF?EEPROM
  +--> ?PR?CLEAR_SCREEN?LCD

?PR?CHECKIAP_FLASH?MAIN                  -----    -----
  +--> ?PR?MAIN
  +--> ?PR?_IAPREAD_BUFF?EEPROM
  +--> ?PR?_GETCRC16?REPORT

?PR?_IAPREAD_BUFF?EEPROM                 1C80H    0006H
  +--> ?PR?EEPROM
  +--> ?PR?_IAPREAD?EEPROM

?PR?_IAPREAD?EEPROM                      1C86H    0001H
  +--> ?PR?IAPCONFIGWAITTIME?EEPROM
  +--> ?PR?EEPROM

?PR?IAPCONFIGWAITTIME?EEPROM             1C8CH    0004H
  +--> ?PR?EEPROM

?PR?_GETCRC16?REPORT                     1C83H    0009H

?PR?_GUI_STRING?LCD                      1C86H    0009H
  +--> ?PR?_GETFRONTPARM?LCD
  +--> ?PR?LCD
  +--> ?PR?_GETCHINDEX?LCD
  +--> ?PR?_GUI_LATTICE?LCD

?PR?_GETFRONTPARM?LCD                    -----    -----
  +--> ?CO?CHINESE_CODE

?PR?_GETCHINDEX?LCD                      1C8FH    0002H
BL51 BANKED LINKER/LOCATER V6.22.2.0                                                  12/27/2021  17:10:03  PAGE 7


  +--> ?CO?CHINESE_CODE

?PR?_GUI_LATTICE?LCD                     1C8FH    000FH
  +--> ?PR?LCD
  +--> ?PR?_LCD_ADDRESS?LCD
  +--> ?PR?_TRANSFER_DATA?LCD

?PR?_IAPERASE?EEPROM                     1C83H    0002H
  +--> ?PR?IAPCONFIGWAITTIME?EEPROM
  +--> ?PR?EEPROM
  +--> ?PR?IAPIDLE?EEPROM
  +--> ?PR?_DELAY_MS?TIMER

?PR?_IAPWRITE_BUFF?EEPROM                1C83H    0006H
  +--> ?PR?EEPROM
  +--> ?PR?_IAPPROGRAM?EEPROM

?PR?_IAPPROGRAM?EEPROM                   1C89H    0003H
  +--> ?PR?IAPCONFIGWAITTIME?EEPROM
  +--> ?PR?EEPROM
  +--> ?PR?IAPIDLE?EEPROM

?PR?TIMER0_INIT?TIMER                    -----    -----
  +--> ?PR?_TIM_BASE_MSPINIT?TIMER

?PR?UART1_INIT?USART                     -----    -----
  +--> ?PR?USART
  +--> ?PR?_UART_BASE_MSPINIT?USART

?PR?_UART_BASE_MSPINIT?USART             -----    -----
  +--> ?PR?USART

?PR?UART2_INIT?USART                     -----    -----
  +--> ?PR?USART
  +--> ?PR?_UART_BASE_MSPINIT?USART

?PR?UART3_INIT?USART                     -----    -----
  +--> ?PR?USART
  +--> ?PR?_UART_BASE_MSPINIT?USART

?PR?UART4_INIT?USART                     -----    -----
  +--> ?PR?USART
  +--> ?PR?_UART_BASE_MSPINIT?USART

?PR?CONTROLINIT?CONTROL                  -----    -----
  +--> ?PR?BAUDINIT?CONTROL
  +--> ?PR?POWERINIT?CONTROL
  +--> ?PR?COMMUNICAINIT?CONTROL

?PR?BAUDINIT?CONTROL                     -----    -----
  +--> ?PR?CONTROL

?PR?CONTROL                              -----    -----
  +--> ?CO?CHINESE_CODE

?PR?COMMUNICAINIT?CONTROL                -----    -----
  +--> ?PR?_WIFI_ENABLE?WIFI
BL51 BANKED LINKER/LOCATER V6.22.2.0                                                  12/27/2021  17:10:03  PAGE 8



?PR?LCDSHOWINIT?MENU                     -----    -----
  +--> ?PR?SCREENSAVERUISHOW?CONTROL
  +--> ?PR?_LCDSHOW?MENU

?PR?SCREENSAVERUISHOW?CONTROL            -----    -----
  +--> ?PR?CLEAR_SCREEN?LCD
  +--> ?PR?CONTROL
  +--> ?CO?CHINESE_CODE
  +--> ?PR?_GUI_LATTICE?LCD

?PR?WIFI_INIT?WIFI                       1C83H    0001H
  +--> ?PR?_DELAY_MS?TIMER
  +--> ?PR?WIFI
  +--> ?PR?_EXE_APPOINT_CMD?WIFI

?PR?WIFI                                 -----    -----
  +--> ?CO?WIFI

?PR?_EXE_APPOINT_CMD?WIFI                1C84H    0005H
  +--> ?PR?WIFI
  +--> ?PR?_STRLEN?STRLEN
  +--> ?PR?_UARTX_SENDSTR?USART
  +--> ?PR?_DELAY_MS?TIMER

?PR?_UARTX_SENDSTR?USART                 1C8EH    0008H
  +--> ?PR?_BUSY_AWAIT?USART
  +--> ?PR?USART

?PR?CONTROLSAVE?CONTROL                  -----    -----
  +--> ?PR?_GETCRC16?REPORT
  +--> ?PR?_IAPERASE?EEPROM
  +--> ?PR?_IAPWRITE_BUFF?EEPROM

?PR?_INIT_LISTQUEUE?REPORT               1C80H    0004H
  +--> ?PR?REPORT

?PR?KEYEVENT?MENU                        1C80H    0002H
  +--> ?PR?KEY_CHICK?KEY
  +--> ?PR?_LCDDLY?MENU

?PR?KEY_CHICK?KEY                        1C82H    0001H
  +--> ?PR?_DELAY_MS?TIMER

?PR?_LCDDLY?MENU                         -----    -----
  +--> ?PR?MENU
  +--> ?PR?SCREENSAVERUISHOW?CONTROL
  +--> ?PR?_LCDSHOW?MENU
  +--> ?PR?_PASSWORDDELETE?CONTROL

?PR?MENU                                 -----    -----
  +--> ?CO?CHINESE_CODE

?PR?_PASSWORDDELETE?CONTROL              1C83H    0003H
  +--> ?PR?CONTROL

?PR?UART_HANDLE?REPORT                   -----    -----
BL51 BANKED LINKER/LOCATER V6.22.2.0                                                  12/27/2021  17:10:03  PAGE 9


  +--> ?CO?REPORT
  +--> ?PR?REPORT

?CO?REPORT                               -----    -----
  +--> ?PR?_PUBLIC_DATAHANDLE?REPORT

?PR?_PUBLIC_DATAHANDLE?REPORT            1C80H    000EH
  +--> ?PR?_GET_TARGET_CHANNEL?REPORT
  +--> ?PR?_GET_TARGET_UART?REPORT
  +--> ?PR?REPORT
  +--> ?PR?_UARTX_SENDSTR?USART

?C_INITSEG                               -----    -----
  +--> ?CO?CONTROL
  +--> ?PR?WIFI_OPEN_AP?WIFI
  +--> ?PR?WIFI_CLOSE_AP?WIFI
  +--> ?PR?MODE_MASTER?CONTROL
  +--> ?PR?MODE_SLAVE?CONTROL
  +--> ?PR?SET_OTHERPACT?CONTROL
  +--> ?PR?SET_PPIPACT?CONTROL
  +--> ?CO?MENU
  +--> ?PR?PLCPOWERUISHOW?CONTROL
  +--> ?PR?COMMUNICAUISHOW?CONTROL
  +--> ?PR?WORKMODEUISHOW?CONTROL
  +--> ?PR?PACTUISHOW?CONTROL
  +--> ?PR?PASSWORDCHANGEUISHOW?CONTROL
  +--> ?PR?BAUD_SETTING?MENU
  +--> ?PR?HOTSPOTSETTINGUISHOW?CONTROL
  +--> ?PR?RELOADSETTINGUISHOW?CONTROL
  +--> ?PR?BAUDSETTINGUI1SHOW?CONTROL
  +--> ?PR?BAUDSETTINGUI2SHOW?CONTROL
  +--> ?PR?BAUDSETTINGUI3SHOW?CONTROL
  +--> ?PR?BAUDSETTINGUI4SHOW?CONTROL
  +--> ?PR?KEYMAIN_UP?MENU
  +--> ?PR?KEYMAIN_DOWN?MENU
  +--> ?PR?KEYMAIN_ENTER?MENU
  +--> ?PR?KEYMAIN_CANCEL?MENU
  +--> ?PR?KEYMAIN_MENU?MENU
  +--> ?PR?KEYMENU_UP?MENU
  +--> ?PR?KEYMENU_DOWN?MENU
  +--> ?PR?KEYMENU_ENTER?MENU
  +--> ?PR?KEYMENU_CANCEL?MENU
  +--> ?PR?KEYMENU_MENU?MENU
  +--> ?PR?KEYCONTROL_UP?MENU
  +--> ?PR?KEYCONTROL_DOWN?MENU
  +--> ?PR?KEYCONTROL_ENTER?MENU
  +--> ?PR?KEYCONTROL_CANCEL?MENU
  +--> ?PR?KEYCONTROL_MENU?MENU
  +--> ?PR?KEYBAUD_UP?MENU
  +--> ?PR?KEYBAUD_DOWN?MENU
  +--> ?PR?KEYBAUD_ENTER?MENU
  +--> ?PR?KEYBAUD_CANCEL?MENU
  +--> ?PR?KEYBAUD_MENU?MENU

?PR?WIFI_OPEN_AP?WIFI                    -----    -----
  +--> ?PR?WIFI_EXIT_TRT?WIFI
  +--> ?PR?WIFI
BL51 BANKED LINKER/LOCATER V6.22.2.0                                                  12/27/2021  17:10:03  PAGE 10


  +--> ?PR?_EXE_APPOINT_CMD?WIFI
  +--> ?CO?WIFI

?PR?WIFI_EXIT_TRT?WIFI                   1C80H    0001H
  +--> ?PR?WIFI
  +--> ?PR?_EXE_APPOINT_CMD?WIFI

?PR?WIFI_CLOSE_AP?WIFI                   -----    -----
  +--> ?PR?WIFI_EXIT_TRT?WIFI
  +--> ?PR?WIFI
  +--> ?PR?_EXE_APPOINT_CMD?WIFI
  +--> ?CO?WIFI

?PR?PLCPOWERUISHOW?CONTROL               -----    -----
  +--> ?PR?CLEAR_SCREEN?LCD
  +--> ?CO?CONTROL
  +--> ?PR?CONTROL
  +--> ?PR?_GUI_STRING?LCD
  +--> ?CO?CHINESE_CODE
  +--> ?PR?_GUI_LATTICE?LCD

?PR?COMMUNICAUISHOW?CONTROL              -----    -----
  +--> ?PR?CLEAR_SCREEN?LCD
  +--> ?PR?CONTROL
  +--> ?CO?CHINESE_CODE
  +--> ?PR?_GUI_LATTICE?LCD
  +--> ?CO?CONTROL
  +--> ?PR?_GUI_STRING?LCD

?PR?WORKMODEUISHOW?CONTROL               -----    -----
  +--> ?PR?CLEAR_SCREEN?LCD
  +--> ?CO?CONTROL
  +--> ?PR?CONTROL
  +--> ?PR?_GUI_STRING?LCD
  +--> ?PR?_GUI_LATTICE?LCD

?PR?PACTUISHOW?CONTROL                   -----    -----
  +--> ?PR?CLEAR_SCREEN?LCD
  +--> ?CO?CONTROL
  +--> ?PR?_GUI_STRING?LCD
  +--> ?PR?CONTROL
  +--> ?PR?_GUI_LATTICE?LCD

?PR?PASSWORDCHANGEUISHOW?CONTROL         1C83H    0003H
  +--> ?PR?CLEAR_SCREEN?LCD
  +--> ?PR?_MYITOA?PFUNC
  +--> ?PR?CONTROL
  +--> ?PR?_GUI_STRING?LCD
  +--> ?CO?CHINESE_CODE
  +--> ?PR?_GUI_LATTICE?LCD
  +--> ?CO?CONTROL

?PR?_MYITOA?PFUNC                        1C86H    0035H
  +--> ?CO?PFUNC
  +--> ?PR?PFUNC

?PR?BAUD_SETTING?MENU                    -----    -----
BL51 BANKED LINKER/LOCATER V6.22.2.0                                                  12/27/2021  17:10:03  PAGE 11


  +--> ?PR?REFRESHBAUDDISP?MENU
  +--> ?PR?_LCDSHOW?MENU

?PR?REFRESHBAUDDISP?MENU                 1C83H    0001H
  +--> ?PR?CLEAR_SCREEN?LCD
  +--> ?PR?MENU
  +--> ?PR?_GUI_STRING?LCD
  +--> ?PR?_GUI_LATTICE?LCD

?PR?HOTSPOTSETTINGUISHOW?CONTROL         -----    -----
  +--> ?PR?CLEAR_SCREEN?LCD
  +--> ?CO?CONTROL
  +--> ?PR?CONTROL
  +--> ?PR?_GUI_STRING?LCD
  +--> ?PR?_GUI_LATTICE?LCD

?PR?RELOADSETTINGUISHOW?CONTROL          -----    -----
  +--> ?PR?CLEAR_SCREEN?LCD
  +--> ?CO?CONTROL
  +--> ?PR?CONTROL
  +--> ?PR?_GUI_STRING?LCD

?PR?BAUDSETTINGUI1SHOW?CONTROL           -----    -----
  +--> ?PR?CLEAR_SCREEN?LCD
  +--> ?CO?CONTROL
  +--> ?PR?CONTROL
  +--> ?PR?_GUI_STRING?LCD
  +--> ?PR?_GUI_LATTICE?LCD
  +--> ?CO?CHINESE_CODE

?PR?BAUDSETTINGUI2SHOW?CONTROL           -----    -----
  +--> ?PR?CLEAR_SCREEN?LCD
  +--> ?CO?CONTROL
  +--> ?PR?CONTROL
  +--> ?PR?_GUI_STRING?LCD
  +--> ?PR?_GUI_LATTICE?LCD

?PR?BAUDSETTINGUI3SHOW?CONTROL           -----    -----
  +--> ?PR?CLEAR_SCREEN?LCD
  +--> ?CO?CONTROL
  +--> ?PR?CONTROL
  +--> ?PR?_GUI_STRING?LCD
  +--> ?PR?_GUI_LATTICE?LCD

?PR?BAUDSETTINGUI4SHOW?CONTROL           -----    -----
  +--> ?PR?CLEAR_SCREEN?LCD
  +--> ?CO?CONTROL
  +--> ?PR?CONTROL
  +--> ?PR?_GUI_STRING?LCD
  +--> ?PR?_GUI_LATTICE?LCD

?PR?KEYMAIN_UP?MENU                      1C80H    0003H
  +--> ?PR?MENU
  +--> ?PR?_PASSWORDINPUT?CONTROL
  +--> ?CO?MENU
  +--> ?PR?_MYITOA?PFUNC
  +--> ?PR?_GUI_STRING?LCD
BL51 BANKED LINKER/LOCATER V6.22.2.0                                                  12/27/2021  17:10:03  PAGE 12



?PR?_PASSWORDINPUT?CONTROL               1C83H    0003H
  +--> ?PR?CONTROL

?PR?KEYMAIN_DOWN?MENU                    1C80H    0003H
  +--> ?PR?MENU
  +--> ?PR?_PASSWORDINPUT?CONTROL
  +--> ?CO?MENU
  +--> ?PR?_MYITOA?PFUNC
  +--> ?PR?_GUI_STRING?LCD

?PR?KEYMAIN_ENTER?MENU                   -----    -----
  +--> ?PR?MENU
  +--> ?PR?PASSWORDJUDGE?CONTROL
  +--> ?CO?MENU
  +--> ?PR?_STRNCMP?STRNCMP
  +--> ?PR?REFRESHMENUDISP?MENU
  +--> ?PR?_LCDSHOW?MENU
  +--> ?PR?_PASSWORDDELETE?CONTROL
  +--> ?PR?CLEAR_SCREEN?LCD
  +--> ?PR?_GUI_STRING?LCD
  +--> ?PR?_DELAY_MS?TIMER
  +--> ?PR?PASSWORDINPUTUISHOW?CONTROL

?PR?PASSWORDJUDGE?CONTROL                1C83H    0028H
  +--> ?PR?_STRNCMP?STRNCMP

?PR?_STRNCMP?STRNCMP                     1CABH    0008H

?PR?REFRESHMENUDISP?MENU                 1C83H    0001H
  +--> ?PR?CLEAR_SCREEN?LCD
  +--> ?PR?MENU
  +--> ?PR?_GUI_STRING?LCD
  +--> ?PR?_GUI_LATTICE?LCD

?PR?PASSWORDINPUTUISHOW?CONTROL          -----    -----
  +--> ?PR?CLEAR_SCREEN?LCD
  +--> ?CO?CHINESE_CODE
  +--> ?PR?_GUI_LATTICE?LCD
  +--> ?CO?CONTROL
  +--> ?PR?CONTROL
  +--> ?PR?_GUI_STRING?LCD

?PR?KEYMAIN_CANCEL?MENU                  -----    -----
  +--> ?PR?MENU
  +--> ?PR?SCREENSAVERUISHOW?CONTROL
  +--> ?PR?_LCDSHOW?MENU
  +--> ?PR?_PASSWORDDELETE?CONTROL

?PR?KEYMAIN_MENU?MENU                    -----    -----
  +--> ?PR?PASSWORDINPUTUISHOW?CONTROL
  +--> ?PR?_LCDSHOW?MENU
  +--> ?PR?MENU
  +--> ?PR?_INPUTOFFECT?CONTROL

?PR?KEYMENU_UP?MENU                      -----    -----
  +--> ?PR?MENU
BL51 BANKED LINKER/LOCATER V6.22.2.0                                                  12/27/2021  17:10:03  PAGE 13


  +--> ?PR?_LOOPINDEX?PFUNC
  +--> ?PR?REFRESHMENUDISP?MENU
  +--> ?PR?_LCDSHOW?MENU

?PR?KEYMENU_DOWN?MENU                    -----    -----
  +--> ?PR?MENU
  +--> ?PR?_LOOPINDEX?PFUNC
  +--> ?PR?REFRESHMENUDISP?MENU
  +--> ?PR?_LCDSHOW?MENU

?PR?KEYMENU_ENTER?MENU                   -----    -----
  +--> ?PR?MENU
  +--> ?PR?_LCDSHOW?MENU

?PR?KEYMENU_CANCEL?MENU                  -----    -----
  +--> ?PR?MENU
  +--> ?PR?SCREENSAVERUISHOW?CONTROL
  +--> ?PR?_LCDSHOW?MENU
  +--> ?PR?_PASSWORDDELETE?CONTROL

?PR?KEYCONTROL_UP?MENU                   1C80H    0003H
  +--> ?PR?MENU
  +--> ?CO?MENU
  +--> ?PR?_MYITOA?PFUNC
  +--> ?PR?COMMUNICAUISHOW?CONTROL
  +--> ?PR?_LCDSHOW?MENU
  +--> ?PR?_LOOPINDEX?PFUNC
  +--> ?PR?REFRESHBAUDDISP?MENU
  +--> ?PR?_GUI_STRING?LCD
  +--> ?PR?_PASSWORDINPUT?CONTROL

?PR?KEYCONTROL_DOWN?MENU                 1C80H    0003H
  +--> ?PR?MENU
  +--> ?CO?MENU
  +--> ?PR?_MYITOA?PFUNC
  +--> ?PR?COMMUNICAUISHOW?CONTROL
  +--> ?PR?_LCDSHOW?MENU
  +--> ?PR?_LOOPINDEX?PFUNC
  +--> ?PR?REFRESHBAUDDISP?MENU
  +--> ?PR?_GUI_STRING?LCD
  +--> ?PR?_PASSWORDINPUT?CONTROL

?PR?KEYCONTROL_ENTER?MENU                1C80H    0003H
  +--> ?PR?CHECK_PASSWORDBITS?MENU
  +--> ?PR?MENU
  +--> ?PR?_MYITOA?PFUNC
  +--> ?PR?_GUI_STRING?LCD
  +--> ?CO?CHINESE_CODE
  +--> ?PR?_GUI_LATTICE?LCD
  +--> ?PR?PASSWORDJUDGE?CONTROL
  +--> ?PR?CONTROLSAVE?CONTROL
  +--> ?PR?_PASSWORDDELETE?CONTROL
  +--> ?PR?REFRESHMENUDISP?MENU
  +--> ?PR?CLEAR_SCREEN?LCD
  +--> ?CO?MENU
  +--> ?PR?PASSWORDCHANGEUISHOW?CONTROL
  +--> ?PR?_LCDSHOW?MENU
BL51 BANKED LINKER/LOCATER V6.22.2.0                                                  12/27/2021  17:10:03  PAGE 14


  +--> ?PR?PLCPOWERUISHOW?CONTROL
  +--> ?PR?_WIFI_ENABLE?WIFI
  +--> ?PR?_IAPERASE?EEPROM
  +--> ?PR?_IAPWRITE_BUFF?EEPROM
  +--> ?PR?BAUDINIT?CONTROL
  +--> ?PR?POWERINIT?CONTROL
  +--> ?PR?COMMUNICAINIT?CONTROL
  +--> ?PR?WIFI_INIT?WIFI
  +--> ?PR?_DELAY_MS?TIMER

?PR?CHECK_PASSWORDBITS?MENU              -----    -----
  +--> ?PR?CLEAR_SCREEN?LCD
  +--> ?CO?MENU
  +--> ?PR?MENU
  +--> ?PR?_GUI_STRING?LCD
  +--> ?PR?_PASSWORDDELETE?CONTROL
  +--> ?PR?_DELAY_MS?TIMER
  +--> ?PR?PASSWORDCHANGEUISHOW?CONTROL
  +--> ?PR?_LCDSHOW?MENU

?PR?KEYCONTROL_CANCEL?MENU               -----    -----
  +--> ?PR?MENU
  +--> ?PR?_PASSWORDDELETE?CONTROL
  +--> ?PR?REFRESHMENUDISP?MENU
  +--> ?PR?_LCDSHOW?MENU

?PR?KEYCONTROL_MENU?MENU                 -----    -----
  +--> ?PR?MENU
  +--> ?PR?_INPUTOFFECT?CONTROL

?PR?KEYBAUD_UP?MENU                      -----    -----
  +--> ?PR?MENU
  +--> ?PR?_LOOPINDEX?PFUNC
  +--> ?PR?_GUI_STRING?LCD

?PR?KEYBAUD_DOWN?MENU                    -----    -----
  +--> ?PR?MENU
  +--> ?PR?_LOOPINDEX?PFUNC
  +--> ?PR?_GUI_STRING?LCD

?PR?KEYBAUD_ENTER?MENU                   -----    -----
  +--> ?PR?MENU
  +--> ?PR?CONTROLSAVE?CONTROL
  +--> ?PR?CLEAR_SCREEN?LCD
  +--> ?CO?MENU
  +--> ?PR?_GUI_STRING?LCD
  +--> ?PR?_DELAY_MS?TIMER
  +--> ?PR?KEYBAUD_CANCEL?MENU

?PR?KEYBAUD_CANCEL?MENU                  -----    -----
  +--> ?PR?REFRESHBAUDDISP?MENU
  +--> ?PR?_LCDSHOW?MENU



SYMBOL TABLE OF MODULE:  .\Objects\WIRELESS_PLC (MAIN)

BL51 BANKED LINKER/LOCATER V6.22.2.0                                                  12/27/2021  17:10:03  PAGE 15


  VALUE           TYPE          NAME
  ----------------------------------

  -------         MODULE        MAIN
  C:0000H         SYMBOL        _ICE_DUMMY_
  D:0080H         PUBLIC        P0
  D:0090H         PUBLIC        P1
  D:00A0H         PUBLIC        P2
  D:00B0H         PUBLIC        P3
  D:00C0H         PUBLIC        P4
  D:00C8H         PUBLIC        P5
  B:00A8H.7       PUBLIC        EA
  D:00E8H         PUBLIC        P6
  D:00F8H         PUBLIC        P7
  D:00A8H         PUBLIC        IE
  C:6155H         PUBLIC        Init_All
  X:1CE8H         PUBLIC        System_Parameter
  D:00B8H         PUBLIC        IP
  D:00D8H         PUBLIC        CCON
  C:70FAH         PUBLIC        main
  D:0098H         PUBLIC        SCON
  D:0088H         PUBLIC        TCON
  B:00A0H.7       PUBLIC        P27
  C:5950H         SYMBOL        systemInit
  C:5E2CH         SYMBOL        Iap_Flash_Iinit
  C:6C06H         PUBLIC        CheckIap_Flash
  D:00D0H         PUBLIC        PSW
  C:6F4EH         SYMBOL        Com000F
  C:6F4EH         SYMBOL        L?0016
  C:6F4FH         SYMBOL        L?0017
  C:6F57H         SYMBOL        L?0018
  C:6F59H         SYMBOL        L?0019
  C:6F62H         SYMBOL        L?0021
  -------         PROC          COM000F
  -------         ENDPROC       COM000F
  -------         PROC          MAIN
  C:70FAH         LINE#         26
  C:70FAH         LINE#         27
  C:70FAH         LINE#         29
  C:70FDH         LINE#         31
  C:70FDH         LINE#         32
  C:70FDH         LINE#         33
  C:7100H         LINE#         35
  C:7103H         LINE#         38
  -------         ENDPROC       MAIN
  C:59C4H         SYMBOL        L?0014
  C:59D2H         SYMBOL        L?0022
  -------         PROC          SYSTEMINIT
  C:5950H         LINE#         41
  C:5950H         LINE#         42
  C:5950H         LINE#         43
  C:5953H         LINE#         47
  C:5957H         LINE#         48
  C:5961H         LINE#         51
  C:5965H         LINE#         52
  C:596FH         LINE#         55
  C:5973H         LINE#         56
BL51 BANKED LINKER/LOCATER V6.22.2.0                                                  12/27/2021  17:10:03  PAGE 16


  C:597DH         LINE#         59
  C:5981H         LINE#         60
  C:598BH         LINE#         64
  C:598EH         LINE#         66
  C:5991H         LINE#         68
  C:5994H         LINE#         69
  C:599BH         LINE#         73
  C:599EH         LINE#         75
  C:59A1H         LINE#         77
  C:59A4H         LINE#         79
  C:59A7H         LINE#         81
  C:59A9H         LINE#         83
  C:59ACH         LINE#         85
  C:59AEH         LINE#         89
  C:59B1H         LINE#         90
  C:59B7H         LINE#         91
  C:59B7H         LINE#         93
  C:59BAH         LINE#         94
  C:59C0H         LINE#         96
  C:59C3H         LINE#         97
  C:59C3H         LINE#         100
  -------         ENDPROC       SYSTEMINIT
  C:61A3H         SYMBOL        L?0020
  C:61B1H         SYMBOL        L?0023
  -------         PROC          INIT_ALL
  -------         DO            
  X:1C80H         SYMBOL        GPIO_InitStruct
  -------         ENDDO         
  C:6155H         LINE#         103
  C:6155H         LINE#         104
  C:6155H         LINE#         125
  C:615AH         LINE#         126
  C:615CH         LINE#         127
  C:6164H         LINE#         129
  C:616AH         LINE#         130
  C:616CH         LINE#         131
  C:6171H         LINE#         135
  C:6171H         LINE#         136
  C:6171H         LINE#         137
  C:6175H         LINE#         139
  C:6178H         LINE#         140
  C:617BH         LINE#         141
  C:6183H         LINE#         145
  C:6189H         LINE#         146
  C:618CH         LINE#         147
  C:6191H         LINE#         151
  C:6191H         LINE#         152
  C:6191H         LINE#         153
  C:6196H         LINE#         156
  C:6199H         LINE#         157
  C:619BH         LINE#         158
  C:61A3H         LINE#         160
  -------         ENDPROC       INIT_ALL
  -------         PROC          CHECKIAP_FLASH
  -------         DO            
  D:0006H         SYMBOL        CRC
  -------         ENDDO         
BL51 BANKED LINKER/LOCATER V6.22.2.0                                                  12/27/2021  17:10:03  PAGE 17


  C:6C06H         LINE#         165
  C:6C06H         LINE#         166
  C:6C06H         LINE#         167
  C:6C09H         LINE#         170
  C:6C13H         LINE#         172
  C:6C26H         LINE#         174
  C:6C32H         LINE#         175
  C:6C32H         LINE#         176
  C:6C34H         LINE#         177
  C:6C34H         LINE#         178
  C:6C35H         LINE#         179
  -------         ENDPROC       CHECKIAP_FLASH
  -------         PROC          IAP_FLASH_IINIT
  C:5E2CH         LINE#         182
  C:5E2CH         LINE#         183
  C:5E2CH         LINE#         184
  C:5E33H         LINE#         185
  C:5E33H         LINE#         186
  C:5E3FH         LINE#         187
  C:5E43H         LINE#         188
  C:5E45H         LINE#         190
  C:5E45H         LINE#         191
  C:5E51H         LINE#         192
  C:5E58H         LINE#         193
  C:5E64H         LINE#         196
  C:5E6AH         LINE#         198
  C:5E7DH         LINE#         200
  C:5E89H         LINE#         202
  C:5E90H         LINE#         203
  C:5E93H         LINE#         204
  C:5E9FH         LINE#         205
  C:5EA6H         LINE#         206
  C:5EA6H         LINE#         207
  -------         ENDPROC       IAP_FLASH_IINIT
  -------         ENDMOD        MAIN

  -------         MODULE        CONTROL
  C:0000H         SYMBOL        _ICE_DUMMY_
  D:0080H         PUBLIC        P0
  X:1BD6H         PUBLIC        G_Objlist_Size
  D:0090H         PUBLIC        P1
  X:1BD7H         PUBLIC        PassWordI
  D:00A0H         PUBLIC        P2
  D:00B0H         PUBLIC        P3
  D:00C0H         PUBLIC        P4
  D:00C8H         PUBLIC        P5
  C:6910H         PUBLIC        CommunicaUIshow
  B:00A8H.7       PUBLIC        EA
  D:00E8H         PUBLIC        P6
  D:00F8H         PUBLIC        P7
  D:00A8H         PUBLIC        IE
  C:6D6EH         PUBLIC        PassWordInputUIShow
  C:0026H         PUBLIC        _PassWordDelete
  C:6290H         PUBLIC        WorkModeUIshow
  C:6C65H         PUBLIC        BaudInit
  C:66EEH         PUBLIC        PlcPowerUIshow
  X:1BEBH         PUBLIC        G_Aplist_Size
BL51 BANKED LINKER/LOCATER V6.22.2.0                                                  12/27/2021  17:10:03  PAGE 18


  D:00B8H         PUBLIC        IP
  C:7132H         PUBLIC        Set_OtherPact
  C:6C92H         PUBLIC        ReloadSettingUIshow
  D:00D8H         PUBLIC        CCON
  C:7105H         PUBLIC        PowerInit
  X:1BECH         PUBLIC        PassWordChange1
  D:0098H         PUBLIC        SCON
  X:1C00H         PUBLIC        PassWordChange2
  D:0088H         PUBLIC        TCON
  B:0080H.7       PUBLIC        P07
  C:0003H         PUBLIC        CommunicaInit
  C:64DFH         PUBLIC        HotspotSettingUIshow
  X:1C14H         PUBLIC        Baudlist
  X:1C50H         PUBLIC        G_BaudList_Size
  C:7139H         PUBLIC        Set_PpiPact
  X:1C51H         PUBLIC        Modelist
  C:5CA2H         PUBLIC        PassWordChangeUIShow
  X:1C5DH         PUBLIC        Pactlist
  C:6E82H         PUBLIC        PassWordjudge
  C:61BEH         PUBLIC        _PassWordInput
  D:008DH         PUBLIC        TH1
  D:00D6H         PUBLIC        T2H
  D:00D4H         PUBLIC        T3H
  D:00D2H         PUBLIC        T4H
  D:008BH         PUBLIC        TL1
  D:00D7H         PUBLIC        T2L
  D:00D5H         PUBLIC        T3L
  D:00D3H         PUBLIC        T4L
  C:70D2H         PUBLIC        Mode_Master
  X:1C69H         PUBLIC        Objlist
  C:710EH         PUBLIC        Mode_Slave
  B:0098H.4       PUBLIC        REN
  D:009AH         PUBLIC        S2CON
  D:00ACH         PUBLIC        S3CON
  D:0084H         PUBLIC        S4CON
  X:1C72H         PUBLIC        G_Modelist_Size
  C:7099H         PUBLIC        ScreensaverUiShow
  C:0046H         PUBLIC        PactUIshow
  X:1C73H         PUBLIC        G_Pactlist_Size
  C:7081H         PUBLIC        _InputOffect
  X:1C74H         PUBLIC        Aplist
  C:694CH         PUBLIC        BaudSettingUI1show
  C:6A9DH         PUBLIC        BaudSettingUI2show
  C:69C2H         PUBLIC        ControlSave
  C:6AD2H         PUBLIC        BaudSettingUI3show
  C:6B07H         PUBLIC        BaudSettingUI4show
  D:00D0H         PUBLIC        PSW
  C:6F10H         PUBLIC        ControlInit
  C:56E4H         SYMBOL        Com002A
  C:56E4H         SYMBOL        L?0043
  C:56E4H         SYMBOL        L?0044
  C:56EEH         SYMBOL        L?0045
  C:56F0H         SYMBOL        L?0046
  C:56F7H         SYMBOL        L?0047
  C:56F7H         SYMBOL        L?0048
  C:5703H         SYMBOL        L?0049
  C:5708H         SYMBOL        L?0050
BL51 BANKED LINKER/LOCATER V6.22.2.0                                                  12/27/2021  17:10:03  PAGE 19


  C:570FH         SYMBOL        L?0051
  C:5717H         SYMBOL        L?0052
  C:571FH         SYMBOL        L?0053
  C:571FH         SYMBOL        L?0054
  C:5732H         SYMBOL        L?0055
  C:5732H         SYMBOL        L?0056
  C:573FH         SYMBOL        L?0057
  C:5747H         SYMBOL        L?0058
  C:574FH         SYMBOL        L?0059
  C:5757H         SYMBOL        L?0060
  C:575CH         SYMBOL        L?0061
  C:5764H         SYMBOL        L?0062
  C:576AH         SYMBOL        L?0063
  C:5772H         SYMBOL        L?0064
  C:5774H         SYMBOL        L?0065
  C:577BH         SYMBOL        L?0066
  C:5783H         SYMBOL        L?0067
  -------         PROC          COM002A
  -------         ENDPROC       COM002A
  -------         PROC          CONTROLINIT
  C:6F10H         LINE#         67
  C:6F10H         LINE#         68
  C:6F10H         LINE#         70
  C:6F15H         LINE#         71
  C:6F18H         LINE#         72
  C:6F1BH         LINE#         73
  C:6F1EH         LINE#         75
  C:6F26H         LINE#         76
  C:6F2EH         LINE#         77
  -------         ENDPROC       CONTROLINIT
  -------         PROC          COMMUNICAINIT
  C:0003H         LINE#         79
  C:0003H         LINE#         80
  C:0003H         LINE#         83
  -------         ENDPROC       COMMUNICAINIT
  -------         PROC          POWERINIT
  C:7105H         LINE#         86
  C:7105H         LINE#         87
  C:7105H         LINE#         88
  C:710DH         LINE#         89
  -------         ENDPROC       POWERINIT
  -------         PROC          BAUDINIT
  C:6C65H         LINE#         91
  C:6C65H         LINE#         92
  C:6C65H         LINE#         94
  C:6C70H         LINE#         95
  C:6C7BH         LINE#         96
  C:6C86H         LINE#         97
  C:6C91H         LINE#         98
  -------         ENDPROC       BAUDINIT
  -------         PROC          _PASSWORDINPUT
  D:0007H         SYMBOL        operation
  X:1C83H         SYMBOL        Password
  C:61BEH         LINE#         107
  C:61C4H         LINE#         108
  C:61C4H         LINE#         110
  C:61E3H         LINE#         111
BL51 BANKED LINKER/LOCATER V6.22.2.0                                                  12/27/2021  17:10:03  PAGE 20


  C:61E3H         LINE#         112
  C:61E6H         LINE#         113
  C:61E6H         LINE#         114
  C:61EBH         LINE#         115
  C:61EBH         LINE#         116
  C:61ECH         LINE#         117
  C:61ECH         LINE#         118
  C:61EEH         LINE#         120
  C:61EEH         LINE#         121
  C:61F3H         LINE#         122
  C:61F3H         LINE#         123
  C:61F8H         LINE#         124
  C:61F8H         LINE#         125
  C:61FDH         LINE#         126
  C:6209H         LINE#         127
  C:6209H         LINE#         128
  C:6226H         LINE#         129
  -------         ENDPROC       _PASSWORDINPUT
  -------         PROC          PASSWORDJUDGE
  X:1C83H         SYMBOL        PasswordA
  X:1C97H         SYMBOL        PasswordB
  C:6E82H         LINE#         139
  C:6E82H         LINE#         140
  C:6E82H         LINE#         142
  C:6EA1H         LINE#         143
  C:6EA4H         LINE#         145
  C:6EA6H         LINE#         146
  -------         ENDPROC       PASSWORDJUDGE
  -------         PROC          _PASSWORDDELETE
  X:1C83H         SYMBOL        Password
  C:0026H         LINE#         148
  C:002CH         LINE#         149
  C:002CH         LINE#         150
  C:0038H         LINE#         151
  -------         ENDPROC       _PASSWORDDELETE
  -------         PROC          _INPUTOFFECT
  D:0001H         SYMBOL        Password
  C:7081H         LINE#         154
  C:7081H         LINE#         155
  C:7081H         LINE#         156
  C:7086H         LINE#         157
  C:708EH         LINE#         158
  C:708EH         LINE#         159
  C:7093H         LINE#         160
  C:7093H         LINE#         162
  -------         ENDPROC       _INPUTOFFECT
  -------         PROC          SCREENSAVERUISHOW
  C:7099H         LINE#         171
  C:7099H         LINE#         172
  C:7099H         LINE#         173
  C:709CH         LINE#         175
  -------         ENDPROC       SCREENSAVERUISHOW
  -------         PROC          PASSWORDINPUTUISHOW
  C:6D6EH         LINE#         178
  C:6D6EH         LINE#         179
  C:6D6EH         LINE#         180
  C:6D71H         LINE#         181
BL51 BANKED LINKER/LOCATER V6.22.2.0                                                  12/27/2021  17:10:03  PAGE 21


  C:6D8AH         LINE#         182
  -------         ENDPROC       PASSWORDINPUTUISHOW
  -------         PROC          PASSWORDCHANGEUISHOW
  -------         DO            
  X:1C83H         SYMBOL        i
  X:1C84H         SYMBOL        temp
  -------         ENDDO         
  C:5CA2H         LINE#         185
  C:5CA2H         LINE#         186
  C:5CA2H         LINE#         192
  C:5CA5H         LINE#         194
  C:5CABH         LINE#         195
  C:5CABH         LINE#         197
  C:5CBEH         LINE#         198
  C:5CBEH         LINE#         199
  C:5CF1H         LINE#         200
  C:5CF9H         LINE#         201
  C:5D0DH         LINE#         202
  C:5D0DH         LINE#         204
  C:5D1BH         LINE#         205
  -------         ENDPROC       PASSWORDCHANGEUISHOW
  -------         PROC          PLCPOWERUISHOW
  C:66EEH         LINE#         208
  C:66EEH         LINE#         209
  C:66EEH         LINE#         210
  C:66F1H         LINE#         212
  C:6701H         LINE#         213
  C:6711H         LINE#         215
  C:671AH         LINE#         216
  C:671AH         LINE#         217
  C:6723H         LINE#         218
  C:6725H         LINE#         220
  C:6725H         LINE#         221
  C:673BH         LINE#         222
  C:673BH         LINE#         223
  -------         ENDPROC       PLCPOWERUISHOW
  -------         PROC          COMMUNICAUISHOW
  C:6910H         LINE#         225
  C:6910H         LINE#         226
  C:6910H         LINE#         227
  C:6913H         LINE#         228
  C:6930H         LINE#         230
  C:693EH         LINE#         231
  -------         ENDPROC       COMMUNICAUISHOW
  -------         PROC          BAUDSETTINGUI1SHOW
  C:694CH         LINE#         246
  C:694CH         LINE#         247
  C:694CH         LINE#         248
  C:694FH         LINE#         249
  C:695DH         LINE#         250
  C:696AH         LINE#         251
  C:6974H         LINE#         252
  -------         ENDPROC       BAUDSETTINGUI1SHOW
  -------         PROC          BAUDSETTINGUI2SHOW
  C:6A9DH         LINE#         255
  C:6A9DH         LINE#         256
  C:6A9DH         LINE#         257
BL51 BANKED LINKER/LOCATER V6.22.2.0                                                  12/27/2021  17:10:03  PAGE 22


  C:6AA0H         LINE#         258
  C:6AAEH         LINE#         259
  C:6ABBH         LINE#         260
  C:6AC5H         LINE#         261
  -------         ENDPROC       BAUDSETTINGUI2SHOW
  -------         PROC          BAUDSETTINGUI3SHOW
  C:6AD2H         LINE#         264
  C:6AD2H         LINE#         265
  C:6AD2H         LINE#         266
  C:6AD5H         LINE#         267
  C:6AE3H         LINE#         268
  C:6AF0H         LINE#         269
  C:6AFAH         LINE#         270
  -------         ENDPROC       BAUDSETTINGUI3SHOW
  -------         PROC          BAUDSETTINGUI4SHOW
  C:6B07H         LINE#         273
  C:6B07H         LINE#         274
  C:6B07H         LINE#         275
  C:6B0AH         LINE#         276
  C:6B18H         LINE#         277
  C:6B25H         LINE#         278
  C:6B2FH         LINE#         279
  -------         ENDPROC       BAUDSETTINGUI4SHOW
  -------         PROC          RELOADSETTINGUISHOW
  C:6C92H         LINE#         282
  C:6C92H         LINE#         283
  C:6C92H         LINE#         284
  C:6C95H         LINE#         285
  C:6CA3H         LINE#         286
  C:6CB1H         LINE#         287
  -------         ENDPROC       RELOADSETTINGUISHOW
  -------         PROC          HOTSPOTSETTINGUISHOW
  C:64DFH         LINE#         290
  C:64DFH         LINE#         291
  C:64DFH         LINE#         292
  C:64E2H         LINE#         293
  C:64F0H         LINE#         294
  C:6507H         LINE#         295
  C:6511H         LINE#         296
  C:651EH         LINE#         298
  C:652EH         LINE#         299
  -------         ENDPROC       HOTSPOTSETTINGUISHOW
  -------         PROC          WORKMODEUISHOW
  C:6290H         LINE#         302
  C:6290H         LINE#         303
  C:6290H         LINE#         304
  C:6293H         LINE#         305
  C:62A1H         LINE#         306
  C:62B8H         LINE#         307
  C:62C2H         LINE#         308
  C:62CFH         LINE#         310
  C:62DFH         LINE#         311
  -------         ENDPROC       WORKMODEUISHOW
  -------         PROC          PACTUISHOW
  C:0046H         LINE#         314
  C:0046H         LINE#         315
  C:0046H         LINE#         316
BL51 BANKED LINKER/LOCATER V6.22.2.0                                                  12/27/2021  17:10:03  PAGE 23


  C:0049H         LINE#         317
  C:005BH         LINE#         318
  C:0074H         LINE#         319
  C:007EH         LINE#         320
  -------         ENDPROC       PACTUISHOW
  -------         PROC          MODE_SLAVE
  C:710EH         LINE#         323
  C:710EH         LINE#         324
  C:710EH         LINE#         327
  C:7110H         LINE#         328
  C:7113H         LINE#         329
  C:7116H         LINE#         330
  -------         ENDPROC       MODE_SLAVE
  -------         PROC          MODE_MASTER
  C:70D2H         LINE#         332
  C:70D2H         LINE#         333
  C:70D2H         LINE#         336
  C:70D8H         LINE#         338
  C:70DAH         LINE#         339
  C:70DDH         LINE#         340
  C:70E0H         LINE#         341
  -------         ENDPROC       MODE_MASTER
  -------         PROC          SET_OTHERPACT
  C:7132H         LINE#         343
  C:7132H         LINE#         344
  C:7132H         LINE#         345
  C:7135H         LINE#         346
  C:7138H         LINE#         347
  -------         ENDPROC       SET_OTHERPACT
  -------         PROC          SET_PPIPACT
  C:7139H         LINE#         349
  C:7139H         LINE#         350
  C:7139H         LINE#         351
  C:713CH         LINE#         352
  C:713FH         LINE#         353
  -------         ENDPROC       SET_PPIPACT
  -------         PROC          CONTROLSAVE
  C:69C2H         LINE#         361
  C:69C2H         LINE#         362
  C:69C2H         LINE#         364
  C:69DDH         LINE#         366
  C:69DFH         LINE#         368
  C:69E5H         LINE#         369
  C:69F7H         LINE#         370
  C:69F9H         LINE#         371
  -------         ENDPROC       CONTROLSAVE
  -------         ENDMOD        CONTROL

  -------         MODULE        REPORT
  C:0000H         SYMBOL        _ICE_DUMMY_
  C:6F6CH         PUBLIC        ComData_Array
  D:0080H         PUBLIC        P0
  D:0090H         PUBLIC        P1
  D:00A0H         PUBLIC        P2
  D:00B0H         PUBLIC        P3
  D:00C0H         PUBLIC        P4
  D:00C8H         PUBLIC        P5
BL51 BANKED LINKER/LOCATER V6.22.2.0                                                  12/27/2021  17:10:03  PAGE 24


  D:00E8H         PUBLIC        P6
  D:00F8H         PUBLIC        P7
  C:6B3CH         SYMBOL        _Get_Target_Channel
  D:00A8H         PUBLIC        IE
  C:46ABH         PUBLIC        _Public_DataHandle
  D:00B8H         PUBLIC        IP
  C:5F22H         PUBLIC        _Init_ListQueue
  D:00D8H         PUBLIC        CCON
  X:0002H         PUBLIC        Uart_LinkList
  D:0098H         PUBLIC        SCON
  D:0088H         PUBLIC        TCON
  B:00A0H.7       PUBLIC        P27
  C:578CH         PUBLIC        _getCrc16
  C:5DB0H         PUBLIC        Uart_Handle
  C:6B70H         SYMBOL        _Get_Target_Uart
  D:00D0H         PUBLIC        PSW
  C:5AFEH         SYMBOL        Com003E
  C:5AFEH         SYMBOL        L?0063
  C:5AFEH         SYMBOL        L?0064
  C:5B01H         SYMBOL        L?0065
  C:5B0AH         SYMBOL        L?0066
  C:5B15H         SYMBOL        L?0067
  C:5B1EH         SYMBOL        L?0068
  C:5B29H         SYMBOL        L?0069
  C:5B29H         SYMBOL        L?0070
  C:5B31H         SYMBOL        L?0071
  C:5B31H         SYMBOL        L?0072
  C:5B34H         SYMBOL        L?0073
  C:5B3BH         SYMBOL        L?0074
  C:5B41H         SYMBOL        L?0075
  C:5B49H         SYMBOL        L?0076
  C:5B4CH         SYMBOL        L?0077
  C:5B53H         SYMBOL        L?0078
  C:5B53H         SYMBOL        L?0079
  C:5B5AH         SYMBOL        L?0080
  C:5B5AH         SYMBOL        L?0081
  C:5B61H         SYMBOL        L?0082
  C:5B6BH         SYMBOL        L?0083
  C:5B76H         SYMBOL        L?0084
  C:5B80H         SYMBOL        L?0085
  -------         PROC          COM003E
  -------         ENDPROC       COM003E
  -------         PROC          _INIT_LISTQUEUE
  X:1C80H         SYMBOL        List
  -------         DO            
  X:1C83H         SYMBOL        j
  -------         ENDDO         
  C:5F22H         LINE#         31
  C:5F28H         LINE#         32
  C:5F28H         LINE#         33
  C:5F2DH         LINE#         35
  C:5F3AH         LINE#         36
  C:5F3AH         LINE#         38
  C:5F4CH         LINE#         39
  C:5F57H         LINE#         40
  C:5F5AH         LINE#         41
  C:5F61H         LINE#         42
BL51 BANKED LINKER/LOCATER V6.22.2.0                                                  12/27/2021  17:10:03  PAGE 25


  C:5F6AH         LINE#         43
  C:5F71H         LINE#         44
  C:5F80H         LINE#         45
  C:5F88H         LINE#         48
  -------         ENDPROC       _INIT_LISTQUEUE
  -------         PROC          UART_HANDLE
  -------         DO            
  X:0000H         SYMBOL        i
  -------         ENDDO         
  C:5DB0H         LINE#         57
  C:5DB0H         LINE#         58
  C:5DB0H         LINE#         64
  C:5DB8H         LINE#         65
  C:5DB8H         LINE#         66
  C:5DC9H         LINE#         67
  C:5DC9H         LINE#         68
  C:5DFDH         LINE#         69
  C:5E05H         LINE#         70
  C:5E05H         LINE#         72
  C:5E05H         LINE#         73
  C:5E13H         LINE#         74
  C:5E13H         LINE#         75
  C:5E13H         LINE#         76
  C:5E13H         LINE#         77
  C:5E16H         LINE#         78
  C:5E18H         LINE#         79
  C:5E18H         LINE#         80
  C:5E18H         LINE#         81
  C:5E1BH         LINE#         82
  C:5E1DH         LINE#         83
  C:5E1DH         LINE#         84
  C:5E1DH         LINE#         85
  C:5E2BH         LINE#         86
  C:5E2BH         LINE#         87
  C:5E2BH         LINE#         88
  C:5E2BH         LINE#         89
  C:5E2BH         LINE#         104
  -------         ENDPROC       UART_HANDLE
  -------         PROC          _GET_TARGET_CHANNEL
  D:0006H         SYMBOL        channel
  -------         DO            
  D:0001H         SYMBOL        p
  -------         ENDDO         
  C:6B3CH         LINE#         114
  C:6B3CH         LINE#         115
  C:6B3CH         LINE#         116
  C:6B42H         LINE#         117
  C:6B54H         LINE#         118
  C:6B54H         LINE#         119
  C:6B54H         LINE#         120
  C:6B5AH         LINE#         121
  C:6B5BH         LINE#         122
  C:6B5BH         LINE#         123
  C:6B61H         LINE#         124
  C:6B62H         LINE#         125
  C:6B62H         LINE#         126
  C:6B68H         LINE#         127
BL51 BANKED LINKER/LOCATER V6.22.2.0                                                  12/27/2021  17:10:03  PAGE 26


  C:6B69H         LINE#         128
  C:6B69H         LINE#         129
  C:6B6FH         LINE#         130
  C:6B6FH         LINE#         131
  C:6B6FH         LINE#         132
  C:6B6FH         LINE#         133
  C:6B6FH         LINE#         134
  C:6B6FH         LINE#         135
  -------         ENDPROC       _GET_TARGET_CHANNEL
  -------         PROC          _GET_TARGET_UART
  D:0006H         SYMBOL        channel
  -------         DO            
  D:0001H         SYMBOL        p
  -------         ENDDO         
  C:6B70H         LINE#         143
  C:6B70H         LINE#         144
  C:6B70H         LINE#         145
  C:6B76H         LINE#         146
  C:6B88H         LINE#         147
  C:6B88H         LINE#         148
  C:6B88H         LINE#         149
  C:6B8EH         LINE#         150
  C:6B8FH         LINE#         151
  C:6B8FH         LINE#         152
  C:6B95H         LINE#         153
  C:6B96H         LINE#         154
  C:6B96H         LINE#         155
  C:6B9CH         LINE#         156
  C:6B9DH         LINE#         157
  C:6B9DH         LINE#         158
  C:6BA3H         LINE#         159
  C:6BA3H         LINE#         160
  C:6BA3H         LINE#         161
  C:6BA3H         LINE#         162
  C:6BA3H         LINE#         163
  C:6BA3H         LINE#         164
  -------         ENDPROC       _GET_TARGET_UART
  -------         PROC          _PUBLIC_DATAHANDLE
  X:1C80H         SYMBOL        src
  X:1C81H         SYMBOL        dest
  -------         DO            
  X:1C82H         SYMBOL        psrc
  X:1C85H         SYMBOL        pdest
  X:1C88H         SYMBOL        psuart
  X:1C8BH         SYMBOL        peuart
  X:0001H         SYMBOL        i
  -------         ENDDO         
  C:46ABH         LINE#         174
  C:46B5H         LINE#         175
  C:46B5H         LINE#         176
  C:46C0H         LINE#         177
  C:46CEH         LINE#         178
  C:46DCH         LINE#         179
  C:46EAH         LINE#         182
  C:4716H         LINE#         183
  C:4716H         LINE#         185
  C:4716H         LINE#         192
BL51 BANKED LINKER/LOCATER V6.22.2.0                                                  12/27/2021  17:10:03  PAGE 27


  C:471CH         LINE#         193
  C:471CH         LINE#         194
  C:472CH         LINE#         195
  C:472CH         LINE#         197
  C:475DH         LINE#         198
  C:475DH         LINE#         200
  C:4769H         LINE#         201
  C:4769H         LINE#         207
  C:476FH         LINE#         208
  C:4777H         LINE#         209
  C:4777H         LINE#         211
  C:4779H         LINE#         213
  C:4787H         LINE#         214
  C:4787H         LINE#         216
  C:47A2H         LINE#         218
  C:47A5H         LINE#         220
  C:47BBH         LINE#         221
  C:47C3H         LINE#         222
  C:47C3H         LINE#         224
  C:47C5H         LINE#         225
  C:47C5H         LINE#         227
  C:47E1H         LINE#         228
  C:47E1H         LINE#         229
  C:47E1H         LINE#         231
  C:47F6H         LINE#         232
  C:47F6H         LINE#         233
  C:4816H         LINE#         234
  C:4816H         LINE#         235
  C:4816H         LINE#         236
  C:4816H         LINE#         238
  C:481EH         LINE#         239
  C:481EH         LINE#         245
  C:4821H         LINE#         246
  C:4829H         LINE#         247
  C:4829H         LINE#         249
  C:482BH         LINE#         251
  C:4834H         LINE#         252
  C:4834H         LINE#         254
  C:485EH         LINE#         256
  C:4864H         LINE#         258
  C:4873H         LINE#         259
  C:487BH         LINE#         260
  C:487BH         LINE#         262
  C:487DH         LINE#         263
  C:487DH         LINE#         264
  C:487DH         LINE#         265
  C:4886H         LINE#         266
  -------         ENDPROC       _PUBLIC_DATAHANDLE
  -------         PROC          _GETCRC16
  X:1C83H         SYMBOL        ptr
  X:1C86H         SYMBOL        length
  X:1C87H         SYMBOL        init_dat
  -------         DO            
  X:1C89H         SYMBOL        i
  D:0004H         SYMBOL        j
  X:1C8AH         SYMBOL        crc16
  -------         ENDDO         
BL51 BANKED LINKER/LOCATER V6.22.2.0                                                  12/27/2021  17:10:03  PAGE 28


  C:578CH         LINE#         278
  C:5797H         LINE#         279
  C:5797H         LINE#         280
  C:579CH         LINE#         281
  C:579EH         LINE#         282
  C:57ADH         LINE#         284
  C:57BFH         LINE#         285
  C:57BFH         LINE#         286
  C:57D6H         LINE#         288
  C:57D9H         LINE#         289
  C:57D9H         LINE#         290
  C:57E4H         LINE#         291
  C:57E4H         LINE#         292
  C:57FBH         LINE#         293
  C:57FDH         LINE#         295
  C:57FDH         LINE#         296
  C:5808H         LINE#         297
  C:5808H         LINE#         298
  C:5813H         LINE#         299
  C:581BH         LINE#         300
  C:5823H         LINE#         301
  -------         ENDPROC       _GETCRC16
  -------         ENDMOD        REPORT

  -------         MODULE        MENU
  C:0000H         SYMBOL        _ICE_DUMMY_
  C:6783H         PUBLIC        RefreshMenuDisp
  D:0080H         PUBLIC        P0
  D:0090H         PUBLIC        P1
  D:00A0H         PUBLIC        P2
  D:00B0H         PUBLIC        P3
  D:00C0H         PUBLIC        P4
  D:00C8H         PUBLIC        P5
  B:00A8H.7       PUBLIC        EA
  D:00E8H         PUBLIC        P6
  D:00F8H         PUBLIC        P7
  C:701BH         PUBLIC        KeyControl_Menu
  C:62F8H         PUBLIC        KeyBaud_Enter
  C:4F07H         PUBLIC        KeyControl_Down
  D:00A8H         PUBLIC        IE
  C:5EA7H         PUBLIC        KeyMain_Enter
  D:00B8H         PUBLIC        IP
  C:0091H         PUBLIC        KeyBaud_Menu
  C:641FH         PUBLIC        KeyBaud_Down
  C:6F8AH         PUBLIC        KeyMenu_Enter
  D:00D8H         PUBLIC        CCON
  X:1B0AH         PUBLIC        Ui_Status
  C:6DEAH         PUBLIC        KeyMain_Menu
  C:68D3H         PUBLIC        KeyMain_Down
  C:6227H         PUBLIC        Check_PasswordBits
  C:5F99H         PUBLIC        KeyEvent
  D:0098H         PUBLIC        SCON
  D:0088H         PUBLIC        TCON
  C:5287H         PUBLIC        KeyControl_Up
  B:0080H.7       PUBLIC        P07
  C:008EH         PUBLIC        _LcdShow
  C:0042H         PUBLIC        KeyMenu_Menu
BL51 BANKED LINKER/LOCATER V6.22.2.0                                                  12/27/2021  17:10:03  PAGE 29


  C:684FH         PUBLIC        KeyControl_Cancel
  X:1B0CH         PUBLIC        Optionlist
  C:65F0H         PUBLIC        KeyMenu_Down
  C:6BA4H         PUBLIC        _LcdDly
  C:7120H         PUBLIC        Baud_Setting
  C:5492H         SYMBOL        _?ix1000
  C:5494H         SYMBOL        _?ix1001
  C:5496H         SYMBOL        _?ix1002
  C:5498H         SYMBOL        _?ix1003
  C:549AH         SYMBOL        _?ix1004
  C:549CH         SYMBOL        _?ix1005
  D:008DH         PUBLIC        TH1
  D:00D6H         PUBLIC        T2H
  C:63BFH         PUBLIC        KeyBaud_Up
  C:7117H         PUBLIC        LcdShowInit
  D:00D4H         PUBLIC        T3H
  X:1B44H         PUBLIC        M_Show
  D:00D2H         PUBLIC        T4H
  D:008BH         PUBLIC        TL1
  D:00D7H         PUBLIC        T2L
  C:70B1H         PUBLIC        KeyBaud_Cancel
  D:00D5H         PUBLIC        T3L
  D:00D3H         PUBLIC        T4L
  X:1B56H         PUBLIC        keyStateEvent
  C:6988H         PUBLIC        KeyMain_Up
  C:7000H         PUBLIC        KeyMain_Cancel
  C:67C8H         PUBLIC        RefreshBaudDisp
  C:6599H         PUBLIC        KeyMenu_Up
  C:70C2H         PUBLIC        KeyMenu_Cancel
  X:1BBAH         PUBLIC        Optionlist1
  C:420CH         PUBLIC        KeyControl_Enter
  D:00D0H         PUBLIC        PSW
  C:44A4H         SYMBOL        Com00C9
  C:44A4H         SYMBOL        L?0202
  C:44BAH         SYMBOL        L?0203
  C:44C0H         SYMBOL        L?0204
  C:44CAH         SYMBOL        L?0205
  C:44CDH         SYMBOL        L?0206
  C:44D4H         SYMBOL        L?0207
  C:44D5H         SYMBOL        L?0208
  C:44DCH         SYMBOL        L?0209
  C:44E4H         SYMBOL        L?0210
  C:44E7H         SYMBOL        L?0211
  C:44EDH         SYMBOL        L?0212
  C:44F5H         SYMBOL        L?0213
  C:44FCH         SYMBOL        L?0215
  C:44FFH         SYMBOL        L?0216
  C:4509H         SYMBOL        L?0217
  C:4511H         SYMBOL        L?0218
  C:4518H         SYMBOL        L?0219
  C:4524H         SYMBOL        L?0220
  C:452DH         SYMBOL        L?0221
  C:4539H         SYMBOL        L?0222
  C:4542H         SYMBOL        L?0223
  C:4542H         SYMBOL        L?0224
  C:4551H         SYMBOL        L?0225
  C:4563H         SYMBOL        L?0226
BL51 BANKED LINKER/LOCATER V6.22.2.0                                                  12/27/2021  17:10:03  PAGE 30


  C:456CH         SYMBOL        L?0227
  C:4579H         SYMBOL        L?0228
  C:457FH         SYMBOL        L?0229
  C:457FH         SYMBOL        L?0230
  C:4586H         SYMBOL        L?0231
  C:4586H         SYMBOL        L?0232
  C:458EH         SYMBOL        L?0233
  C:45A4H         SYMBOL        L?0234
  C:45BAH         SYMBOL        L?0235
  C:45BAH         SYMBOL        L?0236
  C:45C4H         SYMBOL        L?0237
  C:45D9H         SYMBOL        L?0240
  C:45E9H         SYMBOL        L?0241
  C:45F9H         SYMBOL        L?0242
  C:45FCH         SYMBOL        L?0243
  C:4603H         SYMBOL        L?0244
  C:4603H         SYMBOL        L?0245
  C:460AH         SYMBOL        L?0246
  C:4617H         SYMBOL        L?0247
  C:4617H         SYMBOL        L?0248
  C:461EH         SYMBOL        L?0249
  C:462BH         SYMBOL        L?0251
  C:4636H         SYMBOL        L?0252
  C:4642H         SYMBOL        L?0253
  C:464EH         SYMBOL        L?0254
  C:4659H         SYMBOL        L?0255
  C:4664H         SYMBOL        L?0259
  C:466EH         SYMBOL        L?0260
  C:4678H         SYMBOL        L?0261
  C:4678H         SYMBOL        L?0262
  C:467FH         SYMBOL        L?0263
  C:467FH         SYMBOL        L?0264
  C:4686H         SYMBOL        L?0265
  C:4690H         SYMBOL        L?0266
  C:469AH         SYMBOL        L?0267
  C:46A4H         SYMBOL        L?0268
  C:46A4H         SYMBOL        L?0269
  -------         PROC          COM00C9
  -------         ENDPROC       COM00C9
  -------         PROC          KEYEVENT
  -------         DO            
  X:1C80H         SYMBOL        i
  X:1C81H         SYMBOL        KeyState
  -------         ENDDO         
  C:5F99H         LINE#         70
  C:5F99H         LINE#         71
  C:5F99H         LINE#         73
  C:5FA1H         LINE#         75
  C:5FA4H         LINE#         77
  C:5FACH         LINE#         78
  C:5FACH         LINE#         80
  C:5FACH         LINE#         82
  C:5FBFH         LINE#         83
  C:5FBFH         LINE#         84
  C:5FD6H         LINE#         85
  C:5FD6H         LINE#         86
  C:5FF1H         LINE#         87
BL51 BANKED LINKER/LOCATER V6.22.2.0                                                  12/27/2021  17:10:03  PAGE 31


  C:5FF1H         LINE#         88
  C:6005H         LINE#         89
  C:6005H         LINE#         90
  C:6005H         LINE#         91
  C:6005H         LINE#         92
  C:600DH         LINE#         93
  -------         ENDPROC       KEYEVENT
  -------         PROC          LCDSHOWINIT
  C:7117H         LINE#         95
  C:7117H         LINE#         96
  C:7117H         LINE#         97
  -------         ENDPROC       LCDSHOWINIT
  -------         PROC          _LCDSHOW
  D:0001H         SYMBOL        InterfaceShow
  C:008EH         LINE#         101
  C:008EH         LINE#         102
  C:008EH         LINE#         103
  -------         ENDPROC       _LCDSHOW
  -------         PROC          KEYMAIN_ENTER
  C:5EA7H         LINE#         112
  C:5EA7H         LINE#         113
  C:5EA7H         LINE#         117
  C:5EACH         LINE#         118
  C:5EACH         LINE#         120
  C:5EE9H         LINE#         121
  C:5EE9H         LINE#         122
  C:5EF2H         LINE#         123
  C:5EF7H         LINE#         125
  C:5EF8H         LINE#         127
  C:5EF8H         LINE#         128
  C:5EFEH         LINE#         129
  C:5F01H         LINE#         130
  C:5F11H         LINE#         131
  C:5F18H         LINE#         134
  C:5F21H         LINE#         135
  C:5F21H         LINE#         136
  C:5F21H         LINE#         143
  -------         ENDPROC       KEYMAIN_ENTER
  -------         PROC          KEYMAIN_UP
  -------         DO            
  X:1C80H         SYMBOL        Value
  X:1C81H         SYMBOL        temp
  -------         ENDDO         
  C:6988H         LINE#         145
  C:6988H         LINE#         146
  C:6988H         LINE#         147
  C:698DH         LINE#         148
  C:698DH         LINE#         149
  C:699AH         LINE#         150
  C:69A9H         LINE#         151
  C:69C1H         LINE#         152
  C:69C1H         LINE#         157
  -------         ENDPROC       KEYMAIN_UP
  -------         PROC          KEYMAIN_MENU
  C:6DEAH         LINE#         159
  C:6DEAH         LINE#         160
  C:6DEAH         LINE#         161
BL51 BANKED LINKER/LOCATER V6.22.2.0                                                  12/27/2021  17:10:03  PAGE 32


  C:6DF6H         LINE#         162
  C:6DF6H         LINE#         163
  C:6DF6H         LINE#         164
  C:6DF6H         LINE#         166
  C:6DFCH         LINE#         167
  C:6E05H         LINE#         169
  C:6E08H         LINE#         170
  C:6E08H         LINE#         171
  C:6E09H         LINE#         172
  C:6E09H         LINE#         173
  C:6E09H         LINE#         174
  C:6E0FH         LINE#         175
  C:6E0FH         LINE#         176
  C:6E0FH         LINE#         177
  C:6E0FH         LINE#         178
  C:6E0FH         LINE#         179
  C:6E0FH         LINE#         184
  -------         ENDPROC       KEYMAIN_MENU
  -------         PROC          KEYMAIN_CANCEL
  C:7000H         LINE#         186
  C:7000H         LINE#         187
  C:7000H         LINE#         189
  C:7005H         LINE#         190
  C:7005H         LINE#         191
  C:700EH         LINE#         192
  C:7014H         LINE#         193
  C:701AH         LINE#         194
  C:701AH         LINE#         199
  -------         ENDPROC       KEYMAIN_CANCEL
  -------         PROC          KEYMAIN_DOWN
  -------         DO            
  X:1C80H         SYMBOL        Value
  X:1C81H         SYMBOL        temp
  -------         ENDDO         
  C:68D3H         LINE#         201
  C:68D3H         LINE#         202
  C:68D3H         LINE#         203
  C:68D8H         LINE#         204
  C:68D8H         LINE#         205
  C:68E5H         LINE#         206
  C:68F4H         LINE#         207
  C:690FH         LINE#         208
  C:690FH         LINE#         213
  -------         ENDPROC       KEYMAIN_DOWN
  -------         PROC          KEYMENU_ENTER
  C:6F8AH         LINE#         215
  C:6F8AH         LINE#         216
  C:6F8AH         LINE#         217
  C:6F98H         LINE#         218
  C:6F98H         LINE#         220
  C:6F98H         LINE#         222
  C:6F9EH         LINE#         223
  C:6FA1H         LINE#         224
  C:6FA7H         LINE#         228
  -------         ENDPROC       KEYMENU_ENTER
  -------         PROC          KEYMENU_UP
  C:6599H         LINE#         231
BL51 BANKED LINKER/LOCATER V6.22.2.0                                                  12/27/2021  17:10:03  PAGE 33


  C:6599H         LINE#         232
  C:6599H         LINE#         234
  C:65A3H         LINE#         235
  C:65A4H         LINE#         237
  C:65B1H         LINE#         239
  C:65B5H         LINE#         240
  C:65B5H         LINE#         241
  C:65B9H         LINE#         242
  C:65B9H         LINE#         244
  C:65C2H         LINE#         245
  C:65C2H         LINE#         246
  C:65C2H         LINE#         247
  C:65C5H         LINE#         248
  C:65CAH         LINE#         249
  C:65CCH         LINE#         250
  C:65D5H         LINE#         251
  C:65D5H         LINE#         252
  C:65D5H         LINE#         253
  C:65D5H         LINE#         254
  C:65D8H         LINE#         255
  C:65DAH         LINE#         257
  C:65DAH         LINE#         258
  C:65DAH         LINE#         259
  C:65DAH         LINE#         260
  C:65E1H         LINE#         261
  C:65E1H         LINE#         263
  C:65EAH         LINE#         264
  -------         ENDPROC       KEYMENU_UP
  -------         PROC          KEYMENU_MENU
  C:0042H         LINE#         271
  C:0042H         LINE#         272
  C:0042H         LINE#         276
  -------         ENDPROC       KEYMENU_MENU
  -------         PROC          KEYMENU_CANCEL
  C:70C2H         LINE#         278
  C:70C2H         LINE#         279
  C:70C2H         LINE#         281
  C:70C2H         LINE#         282
  C:70C2H         LINE#         283
  C:70CCH         LINE#         284
  -------         ENDPROC       KEYMENU_CANCEL
  -------         PROC          KEYMENU_DOWN
  C:65F0H         LINE#         291
  C:65F0H         LINE#         292
  C:65F0H         LINE#         293
  C:65FCH         LINE#         294
  C:65FFH         LINE#         296
  C:660CH         LINE#         298
  C:660EH         LINE#         299
  C:660EH         LINE#         300
  C:6610H         LINE#         301
  C:6610H         LINE#         303
  C:6619H         LINE#         304
  C:6619H         LINE#         305
  C:6619H         LINE#         306
  C:661CH         LINE#         307
  C:6621H         LINE#         308
BL51 BANKED LINKER/LOCATER V6.22.2.0                                                  12/27/2021  17:10:03  PAGE 34


  C:6623H         LINE#         309
  C:662CH         LINE#         310
  C:662CH         LINE#         311
  C:662CH         LINE#         312
  C:662CH         LINE#         313
  C:662FH         LINE#         314
  C:6631H         LINE#         316
  C:6631H         LINE#         317
  C:6631H         LINE#         318
  C:6631H         LINE#         319
  C:6638H         LINE#         320
  C:6638H         LINE#         322
  C:6641H         LINE#         323
  -------         ENDPROC       KEYMENU_DOWN
  C:6285H         SYMBOL        L?0256
  -------         PROC          CHECK_PASSWORDBITS
  C:6227H         LINE#         336
  C:6227H         LINE#         337
  C:6227H         LINE#         339
  C:622DH         LINE#         340
  C:622DH         LINE#         341
  C:6230H         LINE#         342
  C:623FH         LINE#         343
  C:623FH         LINE#         344
  C:6240H         LINE#         345
  C:6251H         LINE#         347
  C:6254H         LINE#         348
  C:6256H         LINE#         350
  C:6256H         LINE#         351
  C:6258H         LINE#         352
  C:6269H         LINE#         354
  C:626FH         LINE#         355
  C:626FH         LINE#         356
  C:6276H         LINE#         358
  C:627FH         LINE#         360
  C:6282H         LINE#         361
  C:6282H         LINE#         362
  C:6284H         LINE#         363
  -------         ENDPROC       CHECK_PASSWORDBITS
  C:4439H         SYMBOL        L?0199
  C:445AH         SYMBOL        L?0200
  C:447AH         SYMBOL        L?0214
  C:4497H         SYMBOL        L?0250
  -------         PROC          KEYCONTROL_ENTER
  -------         DO            
  X:1C80H         SYMBOL        i
  X:1C81H         SYMBOL        temp
  -------         ENDDO         
  C:420CH         LINE#         365
  C:420CH         LINE#         366
  C:420CH         LINE#         367
  C:422FH         LINE#         368
  C:422FH         LINE#         369
  C:422FH         LINE#         370
  C:422FH         LINE#         371
  C:4238H         LINE#         374
  C:423EH         LINE#         375
BL51 BANKED LINKER/LOCATER V6.22.2.0                                                  12/27/2021  17:10:03  PAGE 35


  C:423EH         LINE#         379
  C:4250H         LINE#         380
  C:4250H         LINE#         381
  C:4272H         LINE#         382
  C:427AH         LINE#         384
  C:428EH         LINE#         386
  C:4294H         LINE#         387
  C:4297H         LINE#         389
  C:4297H         LINE#         390
  C:42B0H         LINE#         391
  C:42B0H         LINE#         392
  C:42BBH         LINE#         393
  C:42BEH         LINE#         394
  C:42C4H         LINE#         395
  C:42CAH         LINE#         397
  C:42CFH         LINE#         399
  C:42CFH         LINE#         400
  C:42CFH         LINE#         401
  C:42D2H         LINE#         402
  C:42D8H         LINE#         403
  C:42DAH         LINE#         405
  C:42DAH         LINE#         407
  C:42DDH         LINE#         408
  C:42EAH         LINE#         409
  C:42EDH         LINE#         410
  C:42F6H         LINE#         411
  C:42F6H         LINE#         413
  C:42FBH         LINE#         414
  C:42FBH         LINE#         416
  C:4300H         LINE#         417
  C:4301H         LINE#         418
  C:4301H         LINE#         420
  C:4301H         LINE#         421
  C:4301H         LINE#         422
  C:4308H         LINE#         423
  C:430CH         LINE#         424
  C:430FH         LINE#         425
  C:4315H         LINE#         426
  C:4318H         LINE#         427
  C:4318H         LINE#         429
  C:4318H         LINE#         430
  C:4318H         LINE#         431
  C:431EH         LINE#         432
  C:431EH         LINE#         433
  C:4322H         LINE#         434
  C:4324H         LINE#         436
  C:4324H         LINE#         437
  C:4329H         LINE#         438
  C:432CH         LINE#         439
  C:4337H         LINE#         440
  C:433AH         LINE#         443
  C:433AH         LINE#         444
  C:433AH         LINE#         446
  C:433AH         LINE#         447
  C:433AH         LINE#         448
  C:433DH         LINE#         451
  C:433DH         LINE#         452
BL51 BANKED LINKER/LOCATER V6.22.2.0                                                  12/27/2021  17:10:03  PAGE 36


  C:4344H         LINE#         453
  C:4347H         LINE#         454
  C:4347H         LINE#         456
  C:4347H         LINE#         457
  C:4347H         LINE#         458
  C:4358H         LINE#         459
  C:4358H         LINE#         461
  C:4358H         LINE#         463
  C:435EH         LINE#         465
  C:4361H         LINE#         467
  C:4364H         LINE#         470
  C:4364H         LINE#         471
  C:4367H         LINE#         473
  C:4367H         LINE#         474
  C:4367H         LINE#         475
  C:4377H         LINE#         476
  C:4377H         LINE#         478
  C:4384H         LINE#         479
  C:4384H         LINE#         480
  C:4384H         LINE#         481
  C:4384H         LINE#         482
  C:4384H         LINE#         483
  C:4387H         LINE#         485
  C:4387H         LINE#         486
  C:438EH         LINE#         487
  C:4391H         LINE#         489
  C:4391H         LINE#         490
  C:4391H         LINE#         492
  C:43A4H         LINE#         493
  C:43A4H         LINE#         495
  C:43B1H         LINE#         496
  C:43B1H         LINE#         497
  C:43B8H         LINE#         498
  C:43B8H         LINE#         499
  C:43B8H         LINE#         500
  C:43B8H         LINE#         501
  C:43BBH         LINE#         503
  C:43BBH         LINE#         504
[...]
  C:6E4FH         LINE#         109
  C:6E52H         LINE#         110
  C:6E55H         LINE#         111
  -------         ENDPROC       _IAPERASE
  -------         PROC          _IAPWRITE_BUFF
  X:1C83H         SYMBOL        Addr
  X:1C85H         SYMBOL        Str
  X:1C88H         SYMBOL        Len
BL51 BANKED LINKER/LOCATER V6.22.2.0                                                  12/27/2021  17:10:03  PAGE 61


  C:6CBFH         LINE#         120
  C:6CC5H         LINE#         121
  C:6CC5H         LINE#         122
  C:6CCFH         LINE#         123
  C:6CCFH         LINE#         124
  C:6CE8H         LINE#         125
  C:6CEAH         LINE#         126
  -------         ENDPROC       _IAPWRITE_BUFF
  -------         PROC          _IAPREAD_BUFF
  X:1C80H         SYMBOL        Addr
  X:1C82H         SYMBOL        Str
  X:1C85H         SYMBOL        Len
  C:6D43H         LINE#         134
  C:6D49H         LINE#         135
  C:6D49H         LINE#         136
  C:6D53H         LINE#         137
  C:6D53H         LINE#         138
  C:6D6BH         LINE#         139
  C:6D6DH         LINE#         140
  -------         ENDPROC       _IAPREAD_BUFF
  -------         ENDMOD        EEPROM

  -------         MODULE        KEY
  C:0000H         SYMBOL        _ICE_DUMMY_
  D:0080H         PUBLIC        P0
  D:0090H         PUBLIC        P1
  D:00A0H         PUBLIC        P2
  D:00B0H         PUBLIC        P3
  D:00C0H         PUBLIC        P4
  D:00C8H         PUBLIC        P5
  D:00E8H         PUBLIC        P6
  D:00F8H         PUBLIC        P7
  X:1D15H         PUBLIC        KeyStateCurrrent
  D:00A8H         PUBLIC        IE
  D:00B8H         PUBLIC        IP
  D:00D8H         PUBLIC        CCON
  D:0098H         PUBLIC        SCON
  B:00A0H.2       PUBLIC        P22
  D:0088H         PUBLIC        TCON
  B:00A0H.3       PUBLIC        P23
  B:00A0H.4       PUBLIC        P24
  B:00A0H.5       PUBLIC        P25
  B:00A0H.6       PUBLIC        P26
  C:5A70H         PUBLIC        Key_Chick
  D:00D0H         PUBLIC        PSW
  -------         PROC          KEY_CHICK
  -------         DO            
  X:1D14H         SYMBOL        KeyTemp
  X:1C82H         SYMBOL        KeyValue
  -------         ENDDO         
  C:5A70H         LINE#         13
  C:5A70H         LINE#         14
  C:5A70H         LINE#         17
  C:5A9EH         LINE#         19
  C:5AADH         LINE#         20
  C:5AADH         LINE#         21
  C:5AADH         LINE#         22
BL51 BANKED LINKER/LOCATER V6.22.2.0                                                  12/27/2021  17:10:03  PAGE 62


  C:5AADH         LINE#         23
  C:5AB5H         LINE#         24
  C:5AB5H         LINE#         25
  C:5ABAH         LINE#         26
  C:5ABAH         LINE#         28
  C:5ABCH         LINE#         29
  C:5ABCH         LINE#         31
  C:5ABCH         LINE#         32
  C:5ABCH         LINE#         33
  C:5AC3H         LINE#         35
  C:5ACCH         LINE#         36
  C:5ACCH         LINE#         37
  C:5AD1H         LINE#         38
  C:5AD5H         LINE#         39
  C:5AD5H         LINE#         41
  C:5AD7H         LINE#         42
  C:5AD7H         LINE#         44
  C:5AD7H         LINE#         45
  C:5AD7H         LINE#         46
  C:5ADFH         LINE#         47
  C:5ADFH         LINE#         48
  C:5AE4H         LINE#         49
  C:5AEAH         LINE#         50
  C:5AEAH         LINE#         52
  C:5AEAH         LINE#         53
  C:5AEAH         LINE#         55
  C:5AEAH         LINE#         56
  C:5AEAH         LINE#         57
  C:5AF0H         LINE#         58
  C:5AF4H         LINE#         59
  C:5AFBH         LINE#         60
  C:5AFBH         LINE#         61
  C:5AFBH         LINE#         62
  C:5AFBH         LINE#         64
  C:5AFDH         LINE#         65
  -------         ENDPROC       KEY_CHICK
  -------         ENDMOD        KEY

  -------         MODULE        LCD
  C:0000H         SYMBOL        _ICE_DUMMY_
  C:6A73H         PUBLIC        _lcd_address
  D:0080H         PUBLIC        P0
  D:0090H         PUBLIC        P1
  D:00A0H         PUBLIC        P2
  D:00B0H         PUBLIC        P3
  C:60EBH         PUBLIC        initial_lcd
  D:00C0H         PUBLIC        P4
  D:00C8H         PUBLIC        P5
  D:00E8H         PUBLIC        P6
  D:00F8H         PUBLIC        P7
  D:00A8H         PUBLIC        IE
  C:4A32H         PUBLIC        _GUI_Lattice
  X:1D0CH         PUBLIC        frontCurrent
  D:00B8H         PUBLIC        IP
  D:00D8H         PUBLIC        CCON
  C:669DH         SYMBOL        _GetCHIndex
  C:6CEBH         PUBLIC        _transfer_command
BL51 BANKED LINKER/LOCATER V6.22.2.0                                                  12/27/2021  17:10:03  PAGE 63


  D:0098H         PUBLIC        SCON
  D:0088H         PUBLIC        TCON
  B:00B0H.2       PUBLIC        P32
  B:00B0H.3       PUBLIC        P33
  B:00B0H.4       PUBLIC        P34
  B:00B0H.5       PUBLIC        P35
  B:00B0H.6       PUBLIC        P36
  B:00B0H.7       PUBLIC        P37
  C:5571H         PUBLIC        _GUI_String
  C:653EH         SYMBOL        _GetFrontParm
  C:6D17H         PUBLIC        _transfer_data
  C:6E5CH         PUBLIC        clear_screen
  D:00D0H         PUBLIC        PSW
  C:600EH         SYMBOL        Com004D
  C:600EH         SYMBOL        L?0078
  C:6017H         SYMBOL        L?0079
  C:601AH         SYMBOL        L?0080
  C:6022H         SYMBOL        L?0082
  C:6022H         SYMBOL        L?0083
  C:6025H         SYMBOL        L?0084
  C:6026H         SYMBOL        L?0085
  C:602FH         SYMBOL        L?0086
  C:604BH         SYMBOL        L?0087
  C:605EH         SYMBOL        L?0091
  C:606BH         SYMBOL        L?0092
  C:606FH         SYMBOL        L?0093
  C:6076H         SYMBOL        L?0094
  C:6077H         SYMBOL        L?0095
  -------         PROC          COM004D
  -------         ENDPROC       COM004D
  -------         PROC          _TRANSFER_COMMAND
  D:0007H         SYMBOL        data1
  -------         DO            
  D:0006H         SYMBOL        i
  -------         ENDDO         
  C:6CEBH         LINE#         11
  C:6CEBH         LINE#         12
  C:6CEBH         LINE#         14
  C:6CEDH         LINE#         15
  C:6CEFH         LINE#         17
  C:6CF6H         LINE#         18
  C:6CF6H         LINE#         19
  C:6CF8H         LINE#         21
  C:6CFCH         LINE#         22
  C:6D00H         LINE#         24
  C:6D02H         LINE#         26
  C:6D04H         LINE#         27
  C:6D11H         LINE#         28
  C:6D14H         LINE#         30
  C:6D16H         LINE#         31
  -------         ENDPROC       _TRANSFER_COMMAND
  -------         PROC          _TRANSFER_DATA
  D:0007H         SYMBOL        data1
  -------         DO            
  D:0006H         SYMBOL        i
  -------         ENDDO         
  C:6D17H         LINE#         40
BL51 BANKED LINKER/LOCATER V6.22.2.0                                                  12/27/2021  17:10:03  PAGE 64


  C:6D17H         LINE#         41
  C:6D17H         LINE#         43
  C:6D19H         LINE#         44
  C:6D1BH         LINE#         46
  C:6D22H         LINE#         47
  C:6D22H         LINE#         48
  C:6D24H         LINE#         50
  C:6D28H         LINE#         51
  C:6D28H         LINE#         52
  C:6D2AH         LINE#         53
  C:6D2CH         LINE#         55
  C:6D2CH         LINE#         56
  C:6D2EH         LINE#         57
  C:6D2EH         LINE#         59
  C:6D30H         LINE#         61
  C:6D3DH         LINE#         62
  C:6D40H         LINE#         64
  C:6D42H         LINE#         65
  -------         ENDPROC       _TRANSFER_DATA
  -------         PROC          CLEAR_SCREEN
  -------         DO            
  D:0004H         SYMBOL        i
  D:0003H         SYMBOL        j
  -------         ENDDO         
  C:6E5CH         LINE#         73
  C:6E5CH         LINE#         74
  C:6E5CH         LINE#         77
  C:6E64H         LINE#         78
  C:6E64H         LINE#         79
  C:6E6BH         LINE#         81
  C:6E76H         LINE#         82
  C:6E76H         LINE#         83
  C:6E7BH         LINE#         84
  C:6E7EH         LINE#         85
  C:6E81H         LINE#         86
  -------         ENDPROC       CLEAR_SCREEN
  -------         PROC          L?0090
  -------         ENDPROC       L?0090
  -------         PROC          _LCD_ADDRESS
  D:0006H         SYMBOL        page
  D:0004H         SYMBOL        column
  C:6A73H         LINE#         95
  C:6A77H         LINE#         96
  C:6A77H         LINE#         98
  C:6A82H         LINE#         99
  C:6A82H         LINE#         100
  C:6A84H         LINE#         101
  C:6A86H         LINE#         103
  C:6A86H         LINE#         104
  C:6A8CH         LINE#         105
  C:6A8CH         LINE#         107
  C:6A96H         LINE#         109
  -------         ENDPROC       _LCD_ADDRESS
  C:6133H         SYMBOL        L?0081
  C:614AH         SYMBOL        L?0089
  -------         PROC          INITIAL_LCD
  C:60EBH         LINE#         119
BL51 BANKED LINKER/LOCATER V6.22.2.0                                                  12/27/2021  17:10:03  PAGE 65


  C:60EBH         LINE#         120
  C:60EBH         LINE#         121
  C:60EDH         LINE#         122
  C:60F4H         LINE#         124
  C:60F6H         LINE#         126
  C:60FDH         LINE#         128
  C:6102H         LINE#         129
  C:6109H         LINE#         131
  C:610BH         LINE#         132
  C:610EH         LINE#         133
  C:6110H         LINE#         134
  C:6110H         LINE#         136
  C:6110H         LINE#         138
  C:6113H         LINE#         139
  C:6115H         LINE#         140
  C:6115H         LINE#         141
  C:6115H         LINE#         143
  C:6118H         LINE#         145
  C:611AH         LINE#         146
  C:611DH         LINE#         148
  C:6122H         LINE#         149
  C:6129H         LINE#         151
  C:612EH         LINE#         153
  C:6130H         LINE#         155
  C:6133H         LINE#         156
  -------         ENDPROC       INITIAL_LCD
  -------         PROC          _GETFRONTPARM
  D:0007H         SYMBOL        font
  C:653EH         LINE#         164
  C:653EH         LINE#         165
  C:653EH         LINE#         166
  C:6545H         LINE#         167
  C:6545H         LINE#         168
  C:6545H         LINE#         169
  C:6545H         LINE#         170
  C:654BH         LINE#         171
  C:6551H         LINE#         172
  C:6557H         LINE#         174
  C:6565H         LINE#         176
  C:656BH         LINE#         177
  C:656DH         LINE#         178
  C:656DH         LINE#         180
  C:656DH         LINE#         181
  C:656DH         LINE#         182
  C:6573H         LINE#         183
  C:6579H         LINE#         184
  C:657FH         LINE#         185
  C:6585H         LINE#         187
  C:6591H         LINE#         188
  C:6593H         LINE#         189
  C:6593H         LINE#         199
  C:6593H         LINE#         200
  C:6596H         LINE#         201
  C:6596H         LINE#         203
  C:6598H         LINE#         204
  -------         ENDPROC       _GETFRONTPARM
  -------         PROC          _GETCHINDEX
BL51 BANKED LINKER/LOCATER V6.22.2.0                                                  12/27/2021  17:10:03  PAGE 66


  X:1C8FH         SYMBOL        ZoneCode
  -------         DO            
  D:0004H         SYMBOL        i
  D:0006H         SYMBOL        CHCode
  -------         ENDDO         
  C:669DH         LINE#         212
  C:66A5H         LINE#         213
  C:66A5H         LINE#         214
  C:66A8H         LINE#         217
  C:66A8H         LINE#         218
  C:66A8H         LINE#         219
  C:66D2H         LINE#         221
  C:66DEH         LINE#         222
  C:66DEH         LINE#         223
  C:66DEH         LINE#         224
  C:66DEH         LINE#         225
  C:66E9H         LINE#         227
  C:66EDH         LINE#         228
  -------         ENDPROC       _GETCHINDEX
  C:5623H         SYMBOL        L?0088
  -------         PROC          _GUI_STRING
  X:1C86H         SYMBOL        x
  X:1C87H         SYMBOL        y
  X:1C88H         SYMBOL        pString
  X:1C8BH         SYMBOL        font
  -------         DO            
  X:1C8CH         SYMBOL        ChIndex
  X:1C8EH         SYMBOL        Offset
  D:0006H         SYMBOL        ZoneCode
  -------         ENDDO         
  C:5571H         LINE#         237
  C:5582H         LINE#         238
  C:5582H         LINE#         245
  C:5588H         LINE#         247
  C:558DH         LINE#         250
  C:558DH         LINE#         251
  C:55A2H         LINE#         252
  C:55A2H         LINE#         253
  C:55B1H         LINE#         255
  C:55C6H         LINE#         256
  C:55C6H         LINE#         257
  C:55CBH         LINE#         258
  C:55CEH         LINE#         260
  C:55CEH         LINE#         262
  C:55D8H         LINE#         264
  C:55EEH         LINE#         266
  C:55F9H         LINE#         268
  C:560EH         LINE#         269
  C:560EH         LINE#         270
  C:5614H         LINE#         271
  C:5614H         LINE#         273
  C:5614H         LINE#         274
  C:5622H         LINE#         275
  -------         ENDPROC       _GUI_STRING
  -------         PROC          _GUI_LATTICE
  X:1C8FH         SYMBOL        x
  D:0002H         SYMBOL        y
BL51 BANKED LINKER/LOCATER V6.22.2.0                                                  12/27/2021  17:10:03  PAGE 67


  X:1C91H         SYMBOL        Width
  X:1C92H         SYMBOL        High
  X:1C93H         SYMBOL        plattice
  -------         DO            
  X:1C96H         SYMBOL        y_Dy
  X:1C97H         SYMBOL        y_by
  X:1C98H         SYMBOL        y1_Dy
  X:1C99H         SYMBOL        y1_by
  X:1C9AH         SYMBOL        y_Bytes
  X:1C9BH         SYMBOL        i
  X:1C9CH         SYMBOL        j
  X:1C9DH         SYMBOL        tempH
  D:0003H         SYMBOL        tempL
  -------         ENDDO         
  C:4A32H         LINE#         284
  C:4A3EH         LINE#         285
  C:4A3EH         LINE#         290
  C:4A57H         LINE#         292
  C:4A6FH         LINE#         293
  C:4A75H         LINE#         295
  C:4A80H         LINE#         296
  C:4A85H         LINE#         298
  C:4A8DH         LINE#         300
  C:4A9EH         LINE#         301
  C:4A9EH         LINE#         302
  C:4AADH         LINE#         303
  C:4AADH         LINE#         304
  C:4AC3H         LINE#         305
  C:4AC3H         LINE#         306
  C:4AC9H         LINE#         307
  C:4AC9H         LINE#         308
  C:4ACEH         LINE#         309
  C:4AE3H         LINE#         311
  C:4AE6H         LINE#         312
  C:4AF1H         LINE#         313
  C:4AF1H         LINE#         314
  C:4AF8H         LINE#         316
  C:4B2DH         LINE#         317
  C:4B30H         LINE#         319
  C:4B30H         LINE#         320
  C:4B57H         LINE#         321
  C:4B77H         LINE#         323
  C:4B84H         LINE#         324
  C:4B8DH         LINE#         325
  C:4B8DH         LINE#         326
  C:4B96H         LINE#         327
  C:4B96H         LINE#         329
  C:4B96H         LINE#         330
  C:4BA0H         LINE#         331
  C:4BD3H         LINE#         332
  C:4BD3H         LINE#         333
  C:4BDCH         LINE#         334
  -------         ENDPROC       _GUI_LATTICE
  -------         ENDMOD        LCD

  -------         MODULE        ?C?COPY
  C:3EB2H         PUBLIC        ?C?COPY
BL51 BANKED LINKER/LOCATER V6.22.2.0                                                  12/27/2021  17:10:03  PAGE 68


  -------         ENDMOD        ?C?COPY

  -------         MODULE        ?C?CLDPTR
  C:3ED8H         PUBLIC        ?C?CLDPTR
  -------         ENDMOD        ?C?CLDPTR

  -------         MODULE        ?C?CLDOPTR
  C:3EF1H         PUBLIC        ?C?CLDOPTR
  -------         ENDMOD        ?C?CLDOPTR

  -------         MODULE        ?C?CILDPTR
  C:3F1EH         PUBLIC        ?C?CILDPTR
  -------         ENDMOD        ?C?CILDPTR

  -------         MODULE        ?C?CSTPTR
  C:3F40H         PUBLIC        ?C?CSTPTR
  -------         ENDMOD        ?C?CSTPTR

  -------         MODULE        ?C?CSTOPTR
  C:3F52H         PUBLIC        ?C?CSTOPTR
  -------         ENDMOD        ?C?CSTOPTR

  -------         MODULE        ?C?IMUL
  C:3F74H         PUBLIC        ?C?IMUL
  -------         ENDMOD        ?C?IMUL

  -------         MODULE        ?C?UIDIV
  C:3F86H         PUBLIC        ?C?UIDIV
  -------         ENDMOD        ?C?UIDIV

  -------         MODULE        ?C?SIDIV
  C:3FDBH         PUBLIC        ?C?SIDIV
  -------         ENDMOD        ?C?SIDIV

  -------         MODULE        ?C?IILDX
  C:4011H         PUBLIC        ?C?IILDX
  -------         ENDMOD        ?C?IILDX

  -------         MODULE        ?C?ILDIX
  C:4027H         PUBLIC        ?C?ILDIX
  -------         ENDMOD        ?C?ILDIX

  -------         MODULE        ?C?ILDOPTR
  C:403DH         PUBLIC        ?C?ILDOPTR
  -------         ENDMOD        ?C?ILDOPTR

  -------         MODULE        ?C?IILDOPTR
  C:4075H         PUBLIC        ?C?IILDOPTR
  -------         ENDMOD        ?C?IILDOPTR

  -------         MODULE        ?C?ISTOPTR
  C:40C2H         PUBLIC        ?C?ISTOPTR
  -------         ENDMOD        ?C?ISTOPTR

  -------         MODULE        ?C?ULCMP
  C:40EFH         PUBLIC        ?C?ULCMP
  -------         ENDMOD        ?C?ULCMP
BL51 BANKED LINKER/LOCATER V6.22.2.0                                                  12/27/2021  17:10:03  PAGE 69



  -------         MODULE        ?C?LSTKXDATA
  C:4100H         PUBLIC        ?C?LSTKXDATA
  -------         ENDMOD        ?C?LSTKXDATA

  -------         MODULE        ?C?OFFXADD
  C:4131H         PUBLIC        ?C?OFFXADD
  -------         ENDMOD        ?C?OFFXADD

  -------         MODULE        ?C?PLDXDATA
  C:413DH         PUBLIC        ?C?PLDXDATA
  -------         ENDMOD        ?C?PLDXDATA

  -------         MODULE        ?C?PLDIXDATA
  C:4146H         PUBLIC        ?C?PLDIXDATA
  -------         ENDMOD        ?C?PLDIXDATA

  -------         MODULE        ?C?PSTXDATA
  C:415DH         PUBLIC        ?C?PSTXDATA
  -------         ENDMOD        ?C?PSTXDATA

  -------         MODULE        ?C?PLDCODE
  C:4166H         PUBLIC        ?C?PLDCODE
  -------         ENDMOD        ?C?PLDCODE

  -------         MODULE        ?C?PLDOPTR
  C:4172H         PUBLIC        ?C?PLDOPTR
  -------         ENDMOD        ?C?PLDOPTR

  -------         MODULE        ?C?CCASE
  C:41A2H         PUBLIC        ?C?CCASE
  -------         ENDMOD        ?C?CCASE

  -------         MODULE        ?C?ICALL
  C:41C8H         PUBLIC        ?C?ICALL
  C:41CCH         PUBLIC        ?C?ICALL2
  -------         ENDMOD        ?C?ICALL

  -------         MODULE        STRNCMP
  X:1CABH         PUBLIC        ?_strncmp?BYTE
  C:5D29H         PUBLIC        _strncmp
  -------         ENDMOD        STRNCMP

  -------         MODULE        STRLEN
  C:000EH         PUBLIC        _STRLEN
  -------         ENDMOD        STRLEN

  -------         MODULE        ?C?MEMSET
  C:41CEH         PUBLIC        ?C?MEMSET
  -------         ENDMOD        ?C?MEMSET

  -------         MODULE        ?C?PLDIDATA
  C:41FAH         PUBLIC        ?C?PLDIDATA
  -------         ENDMOD        ?C?PLDIDATA

  -------         MODULE        ?C?PLDPDATA
  C:4203H         PUBLIC        ?C?PLDPDATA
BL51 BANKED LINKER/LOCATER V6.22.2.0                                                  12/27/2021  17:10:03  PAGE 70


  -------         ENDMOD        ?C?PLDPDATA

*** WARNING L7: MODULE NAME NOT UNIQUE
    MODULE:  .\Objects\STARTUP.obj (?C_STARTUP)

Program Size: data=25.0 xdata=7446 code=28997
LINK/LOCATE RUN COMPLETE.  1 WARNING(S),  0 ERROR(S)
