BL51 BANKED LINKER/LOCATER V6.22.2.0                                                    10/27/2021  11:44:19  PAGE 1


BL51 BANKED LINKER/LOCATER V6.22.2.0, INVOKED BY:
C:\KEIL_V5\C51\BIN\BL51.EXE .\Objects\main.obj, .\Objects\Control.obj, .\Objects\report.obj, .\Objects\Menu.obj, .\Objec
>> ts\pFunc.obj, .\Objects\systemTimer.obj, .\Objects\usart.obj, .\Objects\timer.obj, .\Objects\wifi.obj, .\STCLIB\Front
>> .LIB, .\STCLIB\Gpio.LIB, .\STCLIB\Iape2prom.LIB, .\STCLIB\Key.LIB, .\STCLIB\Lcd19264.LIB, .\Objects\STARTUP.obj TO .\
>> Objects\WIRELESS_PLC PRINT (.\Listings\WIRELESS_PLC.m51) RAMSIZE (256)


MEMORY MODEL: LARGE


INPUT MODULES INCLUDED:
  .\Objects\main.obj (MAIN)
  .\Objects\Control.obj (CONTROL)
  .\Objects\report.obj (REPORT)
  .\Objects\Menu.obj (MENU)
  .\Objects\pFunc.obj (PFUNC)
  .\Objects\systemTimer.obj (SYSTEMTIMER)
  .\Objects\usart.obj (USART)
  .\Objects\timer.obj (TIMER)
  .\Objects\wifi.obj (WIFI)
  .\STCLIB\Front.LIB (CHINESE_CODE)
  .\STCLIB\Front.LIB (?C_STARTUP)
  .\STCLIB\Gpio.LIB (GPIO)
  .\STCLIB\Iape2prom.LIB (EEPROM)
  .\STCLIB\Key.LIB (KEY)
  .\STCLIB\Lcd19264.LIB (LCD)
  C:\KEIL_V5\C51\LIB\C51L.LIB (?C_INIT)
  C:\KEIL_V5\C51\LIB\C51L.LIB (?C?COPY)
  C:\KEIL_V5\C51\LIB\C51L.LIB (?C?CLDPTR)
  C:\KEIL_V5\C51\LIB\C51L.LIB (?C?CLDOPTR)
  C:\KEIL_V5\C51\LIB\C51L.LIB (?C?CILDPTR)
  C:\KEIL_V5\C51\LIB\C51L.LIB (?C?CSTPTR)
  C:\KEIL_V5\C51\LIB\C51L.LIB (?C?CSTOPTR)
  C:\KEIL_V5\C51\LIB\C51L.LIB (?C?IMUL)
  C:\KEIL_V5\C51\LIB\C51L.LIB (?C?UIDIV)
  C:\KEIL_V5\C51\LIB\C51L.LIB (?C?SIDIV)
  C:\KEIL_V5\C51\LIB\C51L.LIB (?C?IILDX)
  C:\KEIL_V5\C51\LIB\C51L.LIB (?C?ILDIX)
  C:\KEIL_V5\C51\LIB\C51L.LIB (?C?ILDOPTR)
  C:\KEIL_V5\C51\LIB\C51L.LIB (?C?ULCMP)
  C:\KEIL_V5\C51\LIB\C51L.LIB (?C?LSTKXDATA)
  C:\KEIL_V5\C51\LIB\C51L.LIB (?C?PLDOPTR)
  C:\KEIL_V5\C51\LIB\C51L.LIB (?C?ICALL)
  C:\KEIL_V5\C51\LIB\C51L.LIB (STRNCMP)
  C:\KEIL_V5\C51\LIB\C51L.LIB (STRLEN)
  C:\KEIL_V5\C51\LIB\C51L.LIB (?C?MEMSET)
  C:\KEIL_V5\C51\LIB\C51L.LIB (?C?PLDIDATA)
  C:\KEIL_V5\C51\LIB\C51L.LIB (?C?PLDXDATA)
  C:\KEIL_V5\C51\LIB\C51L.LIB (?C?PLDPDATA)
  C:\KEIL_V5\C51\LIB\C51L.LIB (?C?PLDCODE)


LINK MAP OF MODULE:  .\Objects\WIRELESS_PLC (MAIN)


            TYPE    BASE      LENGTH    RELOCATION   SEGMENT NAME
            -----------------------------------------------------

BL51 BANKED LINKER/LOCATER V6.22.2.0                                                  10/27/2021  11:44:19  PAGE 2


            * * * * * * *   D A T A   M E M O R Y   * * * * * * *
            REG     0000H     0008H     ABSOLUTE     "REG BANK 0"
            IDATA   0008H     0001H     UNIT         ?STACK

            * * * * * * *  X D A T A   M E M O R Y  * * * * * * *
            XDATA   0000H     0DD2H     UNIT         ?XD?REPORT
            XDATA   0DD2H     00B6H     UNIT         ?XD?MENU
            XDATA   0E88H     0069H     UNIT         ?XD?CONTROL
            XDATA   0EF1H     0038H     UNIT         _XDATA_GROUP_
            XDATA   0F29H     002CH     UNIT         ?XD?USART
            XDATA   0F55H     000EH     UNIT         ?XD?MAIN
            XDATA   0F63H     0008H     UNIT         ?XD?SYSTEMTIMER
            XDATA   0F6BH     0008H     UNIT         ?XD?TIMER
            XDATA   0F73H     0008H     UNIT         ?XD?LCD
            XDATA   0F7BH     0002H     UNIT         ?XD?KEY

            * * * * * * *   C O D E   M E M O R Y   * * * * * * *
            CODE    0000H     0003H     ABSOLUTE     
            CODE    0003H     0008H     UNIT         ?PR?COMMUNICAINIT?CONTROL
            CODE    000BH     0003H     ABSOLUTE     
            CODE    000EH     0015H     UNIT         ?PR?KEYMAIN_CANCEL?MENU
            CODE    0023H     0003H     ABSOLUTE     
            CODE    0026H     001CH     UNIT         ?PR?_DELAY_MS?SYSTEMTIMER
            CODE    0042H     0001H     UNIT         ?PR?KEYMENU_MENU?MENU
            CODE    0043H     0003H     ABSOLUTE     
            CODE    0046H     0043H     UNIT         ?PR?_TIM_BASE_MSPINIT?TIMER
            CODE    0089H     0001H     UNIT         ?PR?KEYBAUD_MENU?MENU
                    008AH     0001H                  *** GAP ***
            CODE    008BH     0003H     ABSOLUTE     
            CODE    008EH     0003H     UNIT         ?PR?_LCDSHOW?MENU
                    0091H     0002H                  *** GAP ***
            CODE    0093H     0003H     ABSOLUTE     
            CODE    0096H     190EH     UNIT         ?CO?CHINESE_CODE
            CODE    19A4H     035EH     UNIT         ?C?LIB_CODE
            CODE    1D02H     01C2H     UNIT         ?PR?KEYCONTROL_ENTER?MENU
            CODE    1EC4H     01B1H     UNIT         ?PR?MENU
            CODE    2075H     01ABH     UNIT         ?PR?_GUI_LATTICE?LCD
            CODE    2220H     01A0H     UNIT         ?CO?WIFI
            CODE    23C0H     019EH     UNIT         ?PR?_MYITOA?PFUNC
            CODE    255EH     0199H     UNIT         ?PR?_GPIO_INILIZE?GPIO
            CODE    26F7H     013BH     UNIT         ?PR?TIMER0_ISR?TIMER
            CODE    2832H     0132H     UNIT         ?C_INITSEG
            CODE    2964H     00D5H     UNIT         ?PR?REPORT
            CODE    2A39H     00C6H     UNIT         ?PR?KEYCONTROL_DOWN?MENU
            CODE    2AFFH     00C5H     UNIT         ?PR?_GUI_STRING?LCD
            CODE    2BC4H     00B9H     UNIT         ?CO?CONTROL
            CODE    2C7DH     00B7H     UNIT         ?PR?CONTROL
            CODE    2D34H     00AFH     UNIT         ?PR?KEYCONTROL_UP?MENU
            CODE    2DE3H     00AEH     UNIT         ?PR?_UART_BASE_MSPINIT?USART
            CODE    2E91H     00A6H     UNIT         ?PR?PLC_TO_RS485?REPORT
            CODE    2F37H     00A5H     UNIT         ?PR?WIFI_TO_PLC?REPORT
            CODE    2FDCH     00A4H     UNIT         ?PR?KEYBAUD_ENTER?MENU
            CODE    3080H     00A2H     UNIT         ?PR?UART3_ISR?USART
            CODE    3122H     00A2H     UNIT         ?PR?UART4_ISR?USART
            CODE    31C4H     00A1H     UNIT         ?PR?USART
            CODE    3265H     009BH     UNIT         ?PR?_GETCRC16?REPORT
            CODE    3300H     009AH     UNIT         ?CO?MENU
BL51 BANKED LINKER/LOCATER V6.22.2.0                                                  10/27/2021  11:44:19  PAGE 3


            CODE    339AH     0099H     UNIT         ?PR?UART2_ISR?USART
            CODE    3433H     008EH     UNIT         ?PR?KEY_CHICK?KEY
            CODE    34C1H     008CH     UNIT         ?C_C51STARTUP
            CODE    354DH     0089H     UNIT         ?PR?TIMER
            CODE    35D6H     0087H     UNIT         ?PR?_STRNCMP?STRNCMP
            CODE    365DH     0085H     UNIT         ?PR?INIT_ALL?MAIN
            CODE    36E2H     0080H     UNIT         ?PR?WIFI_INIT?WIFI
            CODE    3762H     007BH     UNIT         ?PR?IAP_FLASH_IINIT?MAIN
            CODE    37DDH     007BH     UNIT         ?PR?KEYMAIN_ENTER?MENU
            CODE    3858H     0075H     UNIT         ?PR?KEYEVENT?MENU
            CODE    38CDH     0071H     UNIT         ?PR?LCD
            CODE    393EH     006DH     UNIT         ?PR?_PASSWORDINPUT?CONTROL
            CODE    39ABH     006CH     UNIT         ?PR?_UART_DATAFORWARD?REPORT
            CODE    3A17H     006AH     UNIT         ?PR?INITIAL_LCD?LCD
            CODE    3A81H     0060H     UNIT         ?PR?IAPCONFIGWAITTIME?EEPROM
            CODE    3AE1H     005FH     UNIT         ?CO?MAIN
            CODE    3B40H     005BH     UNIT         ?PR?_GETFRONTPARM?LCD
            CODE    3B9BH     0058H     UNIT         ?PR?SYSTEMINIT?MAIN
            CODE    3BF3H     0058H     UNIT         ?PR?KEYBAUD_UP?MENU
            CODE    3C4BH     0058H     UNIT         ?PR?KEYBAUD_DOWN?MENU
            CODE    3CA3H     0055H     UNIT         ?PR?KEYMENU_UP?MENU
            CODE    3CF8H     0055H     UNIT         ?PR?KEYMENU_DOWN?MENU
            CODE    3D4DH     0051H     UNIT         ?PR?_UARTX_SENDSTR?USART
            CODE    3D9EH     0051H     UNIT         ?PR?_GETCHINDEX?LCD
            CODE    3DEFH     0047H     UNIT         ?PR?PLCPOWERUISHOW?CONTROL
            CODE    3E36H     0046H     UNIT         ?PR?REFRESHMENUDISP?MENU
            CODE    3E7CH     0041H     UNIT         ?PR?REFRESHBAUDDISP?MENU
            CODE    3EBDH     0040H     UNIT         ?PR?COMMUNICAUISHOW?CONTROL
            CODE    3EFDH     003BH     UNIT         ?PR?UART1_ISR?USART
            CODE    3F38H     0038H     UNIT         ?PR?CONTROLSAVE?CONTROL
            CODE    3F70H     0036H     UNIT         ?PR?EEPROM
            CODE    3FA6H     0036H     UNIT         ?PR?_LCD_ADDRESS?LCD
            CODE    3FDCH     0035H     UNIT         ?PR?BAUDSETTINGUI1SHOW?CONTROL
            CODE    4011H     0033H     UNIT         ?PR?_LCDDLY?MENU
            CODE    4044H     0032H     UNIT         ?PR?MAIN
            CODE    4076H     0031H     UNIT         ?PR?PASSWORDCHANGEUISHOW?CONTROL
            CODE    40A7H     0030H     UNIT         ?PR?CHECKIAP_FLASH?MAIN
            CODE    40D7H     002FH     UNIT         ?PR?_IAPREAD?EEPROM
            CODE    4106H     002EH     UNIT         ?PR?BAUDSETTINGUI2SHOW?CONTROL
            CODE    4134H     002EH     UNIT         ?PR?BAUDSETTINGUI3SHOW?CONTROL
            CODE    4162H     002EH     UNIT         ?PR?BAUDSETTINGUI4SHOW?CONTROL
            CODE    4190H     002DH     UNIT         ?PR?BAUDINIT?CONTROL
            CODE    41BDH     002CH     UNIT         ?PR?KEYMAIN_DOWN?MENU
            CODE    41E9H     002CH     UNIT         ?PR?_IAPWRITE_BUFF?EEPROM
            CODE    4215H     002CH     UNIT         ?PR?_TRANSFER_COMMAND?LCD
            CODE    4241H     002CH     UNIT         ?PR?_TRANSFER_DATA?LCD
            CODE    426DH     002BH     UNIT         ?PR?_IAPREAD_BUFF?EEPROM
            CODE    4298H     002AH     UNIT         ?PR?PFUNC
            CODE    42C2H     0029H     UNIT         ?PR?PASSWORDINPUTUISHOW?CONTROL
            CODE    42EBH     0029H     UNIT         ?PR?RELOADSETTINGUISHOW?CONTROL
            CODE    4314H     0028H     UNIT         ?PR?KEYMAIN_UP?MENU
            CODE    433CH     0027H     UNIT         ?PR?PASSWORDJUDGE?CONTROL
            CODE    4363H     0027H     UNIT         ?PR?SYSTEMTIMER?SYSTEMTIMER
            CODE    438AH     0027H     UNIT         ?PR?TIMER0_INIT?TIMER
            CODE    43B1H     0026H     UNIT         ?PR?_PASSWORDDELETE?CONTROL
            CODE    43D7H     0026H     UNIT         ?PR?_IAPPROGRAM?EEPROM
            CODE    43FDH     0026H     UNIT         ?PR?_IAPERASE?EEPROM
BL51 BANKED LINKER/LOCATER V6.22.2.0                                                  10/27/2021  11:44:19  PAGE 4


            CODE    4423H     0026H     UNIT         ?PR?CLEAR_SCREEN?LCD
            CODE    4449H     0025H     UNIT         ?CO?PFUNC
            CODE    446EH     0023H     UNIT         ?PR?KEYMAIN_MENU?MENU
            CODE    4491H     0022H     UNIT         ?PR?UART1_INIT?USART
            CODE    44B3H     0022H     UNIT         ?PR?_BUSY_AWAIT?USART
            CODE    44D5H     0021H     UNIT         ?PR?KEYMENU_ENTER?MENU
            CODE    44F6H     0021H     UNIT         ?PR?UART2_INIT?USART
            CODE    4517H     001EH     UNIT         ?PR?UART3_INIT?USART
            CODE    4535H     001EH     UNIT         ?PR?UART4_INIT?USART
            CODE    4553H     001BH     UNIT         ?PR?KEYCONTROL_MENU?MENU
            CODE    456EH     0019H     UNIT         ?PR?_LOOPINDEX?PFUNC
            CODE    4587H     0017H     UNIT         ?PR?SCREENSAVERUISHOW?CONTROL
            CODE    459EH     0015H     UNIT         ?PR?_STRLEN?STRLEN
            CODE    45B3H     0013H     UNIT         ?PR?KEYCONTROL_CANCEL?MENU
            CODE    45C6H     0012H     UNIT         ?PR?CONTROLINIT?CONTROL
            CODE    45D8H     0010H     UNIT         ?PR?KEYMENU_CANCEL?MENU
            CODE    45E8H     0010H     UNIT         ?PR?WIFI
            CODE    45F8H     000FH     UNIT         ?PR?KEYBAUD_CANCEL?MENU
            CODE    4607H     000EH     UNIT         ?PR?UART_HANDLE?REPORT
            CODE    4615H     000DH     UNIT         ?PR?_INPUTOFFECT?CONTROL
            CODE    4622H     000DH     UNIT         ?PR?IAPIDLE?EEPROM
            CODE    462FH     000CH     UNIT         ?PR?_WIFI_ENABLE?WIFI
            CODE    463BH     000BH     UNIT         ?PR?MAIN?MAIN
            CODE    4646H     0009H     UNIT         ?PR?POWERINIT?CONTROL
            CODE    464FH     0009H     UNIT         ?PR?LCDSHOWINIT?MENU
            CODE    4658H     0009H     UNIT         ?PR?BAUD_SETTING?MENU
            CODE    4661H     0009H     UNIT         ?PR?DELAY1MS?SYSTEMTIMER
            CODE    466AH     0006H     UNIT         ?PR?GPIO



OVERLAY MAP OF MODULE:   .\Objects\WIRELESS_PLC (MAIN)


SEGMENT                                    XDATA_GROUP
  +--> CALLED SEGMENT                    START    LENGTH
--------------------------------------------------------
?PR?UART2_ISR?USART                      -----    -----
  +--> ?PR?USART

*** NEW ROOT ***************************************************

?PR?UART3_ISR?USART                      -----    -----
  +--> ?PR?USART

*** NEW ROOT ***************************************************

?PR?UART4_ISR?USART                      -----    -----
  +--> ?PR?USART

*** NEW ROOT ***************************************************

?PR?TIMER0_ISR?TIMER                     -----    -----
  +--> ?PR?SYSTEMTIMER?SYSTEMTIMER
  +--> ?PR?TIMER

*** NEW ROOT ***************************************************
BL51 BANKED LINKER/LOCATER V6.22.2.0                                                  10/27/2021  11:44:19  PAGE 5



?C_C51STARTUP                            -----    -----
  +--> ?PR?MAIN?MAIN
  +--> ?C_INITSEG

?PR?MAIN?MAIN                            -----    -----
  +--> ?PR?SYSTEMINIT?MAIN
  +--> ?PR?KEYEVENT?MENU
  +--> ?PR?UART_HANDLE?REPORT

?PR?SYSTEMINIT?MAIN                      -----    -----
  +--> ?PR?INIT_ALL?MAIN
  +--> ?PR?MAIN
  +--> ?PR?INITIAL_LCD?LCD
  +--> ?PR?IAP_FLASH_IINIT?MAIN
  +--> ?PR?TIMER0_INIT?TIMER
  +--> ?PR?UART1_INIT?USART
  +--> ?PR?UART2_INIT?USART
  +--> ?PR?UART3_INIT?USART
  +--> ?PR?UART4_INIT?USART
  +--> ?PR?CONTROLINIT?CONTROL
  +--> ?PR?LCDSHOWINIT?MENU
  +--> ?PR?WIFI_INIT?WIFI
  +--> ?PR?CONTROLSAVE?CONTROL

?PR?INIT_ALL?MAIN                        0EF1H    0002H
  +--> ?PR?MAIN
  +--> ?PR?_GPIO_INILIZE?GPIO

?PR?_GPIO_INILIZE?GPIO                   -----    -----
  +--> ?PR?GPIO

?PR?INITIAL_LCD?LCD                      -----    -----
  +--> ?PR?_DELAY_MS?SYSTEMTIMER
  +--> ?PR?_TRANSFER_COMMAND?LCD
  +--> ?PR?CLEAR_SCREEN?LCD

?PR?_DELAY_MS?SYSTEMTIMER                0EF6H    0002H
  +--> ?PR?DELAY1MS?SYSTEMTIMER

?PR?_TRANSFER_COMMAND?LCD                -----    -----
  +--> ?PR?LCD

?PR?LCD                                  -----    -----
  +--> ?PR?_LCD_ADDRESS?LCD

?PR?CLEAR_SCREEN?LCD                     -----    -----
  +--> ?PR?LCD
  +--> ?PR?_TRANSFER_COMMAND?LCD
  +--> ?PR?_TRANSFER_DATA?LCD

?PR?_TRANSFER_DATA?LCD                   -----    -----
  +--> ?PR?LCD

?PR?IAP_FLASH_IINIT?MAIN                 -----    -----
  +--> ?PR?CHECKIAP_FLASH?MAIN
  +--> ?CO?MAIN
BL51 BANKED LINKER/LOCATER V6.22.2.0                                                  10/27/2021  11:44:19  PAGE 6


  +--> ?PR?MAIN
  +--> ?PR?_GUI_STRING?LCD
  +--> ?PR?_DELAY_MS?SYSTEMTIMER
  +--> ?PR?_IAPERASE?EEPROM
  +--> ?PR?_IAPWRITE_BUFF?EEPROM
  +--> ?PR?CLEAR_SCREEN?LCD

?PR?CHECKIAP_FLASH?MAIN                  -----    -----
  +--> ?PR?MAIN
  +--> ?PR?_IAPREAD_BUFF?EEPROM
  +--> ?PR?_GETCRC16?REPORT

?PR?_IAPREAD_BUFF?EEPROM                 0EF1H    0006H
  +--> ?PR?EEPROM
  +--> ?PR?_IAPREAD?EEPROM

?PR?_IAPREAD?EEPROM                      0EF7H    0001H
  +--> ?PR?IAPCONFIGWAITTIME?EEPROM
  +--> ?PR?EEPROM

?PR?IAPCONFIGWAITTIME?EEPROM             0EFDH    0004H
  +--> ?PR?EEPROM

?PR?_GETCRC16?REPORT                     0EF4H    0009H
  +--> ?PR?REPORT

?PR?_GUI_STRING?LCD                      0EF5H    0009H
  +--> ?PR?_GETFRONTPARM?LCD
  +--> ?PR?LCD
  +--> ?PR?_GETCHINDEX?LCD
  +--> ?PR?_GUI_LATTICE?LCD

?PR?_GETFRONTPARM?LCD                    -----    -----
  +--> ?CO?CHINESE_CODE

?PR?_GETCHINDEX?LCD                      0EFEH    0002H
  +--> ?CO?CHINESE_CODE

?PR?_GUI_LATTICE?LCD                     0EFEH    000FH
  +--> ?PR?LCD
  +--> ?PR?_LCD_ADDRESS?LCD
  +--> ?PR?_TRANSFER_DATA?LCD

?PR?_IAPERASE?EEPROM                     0EF4H    0002H
  +--> ?PR?IAPCONFIGWAITTIME?EEPROM
  +--> ?PR?EEPROM
  +--> ?PR?IAPIDLE?EEPROM
  +--> ?PR?_DELAY_MS?SYSTEMTIMER

?PR?_IAPWRITE_BUFF?EEPROM                0EF4H    0006H
  +--> ?PR?EEPROM
  +--> ?PR?_IAPPROGRAM?EEPROM

?PR?_IAPPROGRAM?EEPROM                   0EFAH    0003H
  +--> ?PR?IAPCONFIGWAITTIME?EEPROM
  +--> ?PR?EEPROM
  +--> ?PR?IAPIDLE?EEPROM
BL51 BANKED LINKER/LOCATER V6.22.2.0                                                  10/27/2021  11:44:19  PAGE 7



?PR?TIMER0_INIT?TIMER                    -----    -----
  +--> ?PR?_TIM_BASE_MSPINIT?TIMER

?PR?UART1_INIT?USART                     -----    -----
  +--> ?PR?USART
  +--> ?PR?_UART_BASE_MSPINIT?USART

?PR?_UART_BASE_MSPINIT?USART             -----    -----
  +--> ?PR?USART

?PR?UART2_INIT?USART                     -----    -----
  +--> ?PR?USART
  +--> ?PR?_UART_BASE_MSPINIT?USART

?PR?UART3_INIT?USART                     -----    -----
  +--> ?PR?USART
  +--> ?PR?_UART_BASE_MSPINIT?USART

?PR?UART4_INIT?USART                     -----    -----
  +--> ?PR?USART
  +--> ?PR?_UART_BASE_MSPINIT?USART

?PR?CONTROLINIT?CONTROL                  -----    -----
  +--> ?PR?BAUDINIT?CONTROL
  +--> ?PR?POWERINIT?CONTROL
  +--> ?PR?COMMUNICAINIT?CONTROL

?PR?BAUDINIT?CONTROL                     -----    -----
  +--> ?PR?CONTROL

?PR?CONTROL                              -----    -----
  +--> ?CO?CHINESE_CODE

?PR?COMMUNICAINIT?CONTROL                -----    -----
  +--> ?PR?_WIFI_ENABLE?WIFI

?PR?LCDSHOWINIT?MENU                     -----    -----
  +--> ?PR?SCREENSAVERUISHOW?CONTROL
  +--> ?PR?_LCDSHOW?MENU

?PR?SCREENSAVERUISHOW?CONTROL            -----    -----
  +--> ?PR?CLEAR_SCREEN?LCD
  +--> ?PR?CONTROL
  +--> ?CO?CHINESE_CODE
  +--> ?PR?_GUI_LATTICE?LCD

?PR?WIFI_INIT?WIFI                       0EF1H    0001H
  +--> ?PR?_DELAY_MS?SYSTEMTIMER
  +--> ?PR?WIFI
  +--> ?PR?_STRLEN?STRLEN
  +--> ?PR?_UARTX_SENDSTR?USART
  +--> ?CO?WIFI

?PR?WIFI                                 -----    -----
  +--> ?CO?WIFI

BL51 BANKED LINKER/LOCATER V6.22.2.0                                                  10/27/2021  11:44:19  PAGE 8


?PR?_UARTX_SENDSTR?USART                 0EF2H    0007H
  +--> ?PR?USART
  +--> ?PR?_BUSY_AWAIT?USART

?PR?CONTROLSAVE?CONTROL                  -----    -----
  +--> ?PR?_GETCRC16?REPORT
  +--> ?PR?_IAPERASE?EEPROM
  +--> ?PR?_IAPWRITE_BUFF?EEPROM

?PR?KEYEVENT?MENU                        0EF1H    0002H
  +--> ?PR?KEY_CHICK?KEY
  +--> ?PR?_LCDDLY?MENU
  +--> ?PR?MENU

?PR?KEY_CHICK?KEY                        0EF3H    0001H
  +--> ?PR?_DELAY_MS?SYSTEMTIMER

?PR?_LCDDLY?MENU                         -----    -----
  +--> ?PR?MENU
  +--> ?PR?SCREENSAVERUISHOW?CONTROL
  +--> ?PR?_LCDSHOW?MENU
  +--> ?PR?_PASSWORDDELETE?CONTROL

?PR?MENU                                 -----    -----
  +--> ?CO?MENU
  +--> ?CO?CHINESE_CODE

?PR?_PASSWORDDELETE?CONTROL              0EF4H    0003H
  +--> ?PR?CONTROL

?PR?UART_HANDLE?REPORT                   -----    -----
  +--> ?PR?_UART_DATAFORWARD?REPORT

?PR?_UART_DATAFORWARD?REPORT             0EF1H    0003H

?C_INITSEG                               -----    -----
  +--> ?CO?CONTROL
  +--> ?PR?PLC_TO_RS485?REPORT
  +--> ?PR?WIFI_TO_PLC?REPORT
  +--> ?CO?MENU
  +--> ?PR?PLCPOWERUISHOW?CONTROL
  +--> ?PR?COMMUNICAUISHOW?CONTROL
  +--> ?PR?PASSWORDCHANGEUISHOW?CONTROL
  +--> ?PR?BAUD_SETTING?MENU
  +--> ?PR?RELOADSETTINGUISHOW?CONTROL
  +--> ?PR?BAUDSETTINGUI1SHOW?CONTROL
  +--> ?PR?BAUDSETTINGUI2SHOW?CONTROL
  +--> ?PR?BAUDSETTINGUI3SHOW?CONTROL
  +--> ?PR?BAUDSETTINGUI4SHOW?CONTROL
  +--> ?PR?KEYMAIN_UP?MENU
  +--> ?PR?KEYMAIN_DOWN?MENU
  +--> ?PR?KEYMAIN_ENTER?MENU
  +--> ?PR?KEYMAIN_CANCEL?MENU
  +--> ?PR?KEYMAIN_MENU?MENU
  +--> ?PR?KEYMENU_UP?MENU
  +--> ?PR?KEYMENU_DOWN?MENU
  +--> ?PR?KEYMENU_ENTER?MENU
BL51 BANKED LINKER/LOCATER V6.22.2.0                                                  10/27/2021  11:44:19  PAGE 9


  +--> ?PR?KEYMENU_CANCEL?MENU
  +--> ?PR?KEYMENU_MENU?MENU
  +--> ?PR?KEYCONTROL_UP?MENU
  +--> ?PR?KEYCONTROL_DOWN?MENU
  +--> ?PR?KEYCONTROL_ENTER?MENU
  +--> ?PR?KEYCONTROL_CANCEL?MENU
  +--> ?PR?KEYCONTROL_MENU?MENU
  +--> ?PR?KEYBAUD_UP?MENU
  +--> ?PR?KEYBAUD_DOWN?MENU
  +--> ?PR?KEYBAUD_ENTER?MENU
  +--> ?PR?KEYBAUD_CANCEL?MENU
  +--> ?PR?KEYBAUD_MENU?MENU

?PR?PLC_TO_RS485?REPORT                  -----    -----
  +--> ?PR?REPORT
  +--> ?PR?_UARTX_SENDSTR?USART

?PR?WIFI_TO_PLC?REPORT                   -----    -----
  +--> ?PR?REPORT
  +--> ?PR?_UARTX_SENDSTR?USART

?PR?PLCPOWERUISHOW?CONTROL               -----    -----
  +--> ?PR?CLEAR_SCREEN?LCD
  +--> ?CO?CONTROL
  +--> ?PR?CONTROL
  +--> ?PR?_GUI_STRING?LCD
  +--> ?CO?CHINESE_CODE
  +--> ?PR?_GUI_LATTICE?LCD

?PR?COMMUNICAUISHOW?CONTROL              -----    -----
  +--> ?PR?CLEAR_SCREEN?LCD
  +--> ?PR?CONTROL
  +--> ?CO?CHINESE_CODE
  +--> ?PR?_GUI_LATTICE?LCD
  +--> ?CO?CONTROL
  +--> ?PR?_GUI_STRING?LCD

?PR?PASSWORDCHANGEUISHOW?CONTROL         -----    -----
  +--> ?PR?_PASSWORDDELETE?CONTROL
  +--> ?PR?CLEAR_SCREEN?LCD
  +--> ?CO?CONTROL
  +--> ?PR?CONTROL
  +--> ?PR?_GUI_STRING?LCD

?PR?BAUD_SETTING?MENU                    -----    -----
  +--> ?PR?REFRESHBAUDDISP?MENU
  +--> ?PR?_LCDSHOW?MENU

?PR?REFRESHBAUDDISP?MENU                 0EF4H    0001H
  +--> ?PR?CLEAR_SCREEN?LCD
  +--> ?PR?MENU
  +--> ?PR?_GUI_STRING?LCD
  +--> ?PR?_GUI_LATTICE?LCD

?PR?RELOADSETTINGUISHOW?CONTROL          -----    -----
  +--> ?PR?CLEAR_SCREEN?LCD
  +--> ?CO?CONTROL
BL51 BANKED LINKER/LOCATER V6.22.2.0                                                  10/27/2021  11:44:19  PAGE 10


  +--> ?PR?CONTROL
  +--> ?PR?_GUI_STRING?LCD

?PR?BAUDSETTINGUI1SHOW?CONTROL           -----    -----
  +--> ?PR?CLEAR_SCREEN?LCD
  +--> ?CO?CONTROL
  +--> ?PR?CONTROL
  +--> ?PR?_GUI_STRING?LCD
  +--> ?PR?_GUI_LATTICE?LCD
  +--> ?CO?CHINESE_CODE

?PR?BAUDSETTINGUI2SHOW?CONTROL           -----    -----
  +--> ?PR?CLEAR_SCREEN?LCD
  +--> ?CO?CONTROL
  +--> ?PR?CONTROL
  +--> ?PR?_GUI_STRING?LCD
  +--> ?PR?_GUI_LATTICE?LCD

?PR?BAUDSETTINGUI3SHOW?CONTROL           -----    -----
  +--> ?PR?CLEAR_SCREEN?LCD
  +--> ?CO?CONTROL
  +--> ?PR?CONTROL
  +--> ?PR?_GUI_STRING?LCD
  +--> ?PR?_GUI_LATTICE?LCD

?PR?BAUDSETTINGUI4SHOW?CONTROL           -----    -----
  +--> ?PR?CLEAR_SCREEN?LCD
  +--> ?CO?CONTROL
  +--> ?PR?CONTROL
  +--> ?PR?_GUI_STRING?LCD
  +--> ?PR?_GUI_LATTICE?LCD

?PR?KEYMAIN_UP?MENU                      0EF1H    0003H
  +--> ?PR?MENU
  +--> ?PR?_PASSWORDINPUT?CONTROL
  +--> ?PR?_MYITOA?PFUNC
  +--> ?PR?_GUI_STRING?LCD

?PR?_PASSWORDINPUT?CONTROL               0EF4H    0003H
  +--> ?PR?CONTROL

?PR?_MYITOA?PFUNC                        0EF4H    0035H
  +--> ?CO?PFUNC
  +--> ?PR?PFUNC

?PR?KEYMAIN_DOWN?MENU                    0EF1H    0003H
  +--> ?PR?MENU
  +--> ?PR?_PASSWORDINPUT?CONTROL
  +--> ?PR?_MYITOA?PFUNC
  +--> ?PR?_GUI_STRING?LCD

?PR?KEYMAIN_ENTER?MENU                   -----    -----
  +--> ?PR?MENU
  +--> ?PR?PASSWORDJUDGE?CONTROL
  +--> ?CO?MENU
  +--> ?PR?_STRNCMP?STRNCMP
  +--> ?PR?REFRESHMENUDISP?MENU
BL51 BANKED LINKER/LOCATER V6.22.2.0                                                  10/27/2021  11:44:19  PAGE 11


  +--> ?PR?_LCDSHOW?MENU
  +--> ?PR?_PASSWORDDELETE?CONTROL
  +--> ?PR?CLEAR_SCREEN?LCD
  +--> ?PR?_GUI_STRING?LCD
  +--> ?PR?_DELAY_MS?SYSTEMTIMER
  +--> ?PR?PASSWORDINPUTUISHOW?CONTROL

?PR?PASSWORDJUDGE?CONTROL                0EF4H    001CH
  +--> ?PR?_STRNCMP?STRNCMP

?PR?_STRNCMP?STRNCMP                     0F10H    0008H

?PR?REFRESHMENUDISP?MENU                 0EF4H    0001H
  +--> ?PR?CLEAR_SCREEN?LCD
  +--> ?PR?MENU
  +--> ?PR?_GUI_STRING?LCD
  +--> ?PR?_GUI_LATTICE?LCD

?PR?PASSWORDINPUTUISHOW?CONTROL          -----    -----
  +--> ?PR?CLEAR_SCREEN?LCD
  +--> ?PR?CONTROL
  +--> ?CO?CHINESE_CODE
  +--> ?PR?_GUI_LATTICE?LCD
  +--> ?CO?CONTROL
  +--> ?PR?_GUI_STRING?LCD

?PR?KEYMAIN_CANCEL?MENU                  -----    -----
  +--> ?PR?MENU
  +--> ?PR?SCREENSAVERUISHOW?CONTROL
  +--> ?PR?_LCDSHOW?MENU
  +--> ?PR?_PASSWORDDELETE?CONTROL

?PR?KEYMAIN_MENU?MENU                    -----    -----
  +--> ?PR?MENU
  +--> ?PR?PASSWORDINPUTUISHOW?CONTROL
  +--> ?PR?_LCDSHOW?MENU
  +--> ?PR?_INPUTOFFECT?CONTROL

?PR?KEYMENU_UP?MENU                      -----    -----
  +--> ?PR?MENU
  +--> ?PR?_LOOPINDEX?PFUNC
  +--> ?PR?REFRESHMENUDISP?MENU
  +--> ?PR?_LCDSHOW?MENU

?PR?KEYMENU_DOWN?MENU                    -----    -----
  +--> ?PR?MENU
  +--> ?PR?_LOOPINDEX?PFUNC
  +--> ?PR?REFRESHMENUDISP?MENU
  +--> ?PR?_LCDSHOW?MENU

?PR?KEYMENU_ENTER?MENU                   -----    -----
  +--> ?PR?MENU
  +--> ?PR?_LCDSHOW?MENU

?PR?KEYMENU_CANCEL?MENU                  -----    -----
  +--> ?PR?MENU
  +--> ?PR?SCREENSAVERUISHOW?CONTROL
BL51 BANKED LINKER/LOCATER V6.22.2.0                                                  10/27/2021  11:44:19  PAGE 12


  +--> ?PR?_LCDSHOW?MENU
  +--> ?PR?_PASSWORDDELETE?CONTROL

?PR?KEYCONTROL_UP?MENU                   0EF1H    0003H
  +--> ?PR?MENU
  +--> ?PR?_PASSWORDINPUT?CONTROL
  +--> ?PR?_MYITOA?PFUNC
  +--> ?PR?_GUI_STRING?LCD
  +--> ?PR?COMMUNICAUISHOW?CONTROL
  +--> ?PR?_LCDSHOW?MENU
  +--> ?PR?_LOOPINDEX?PFUNC
  +--> ?PR?REFRESHBAUDDISP?MENU

?PR?KEYCONTROL_DOWN?MENU                 0EF1H    0003H
  +--> ?PR?MENU
  +--> ?PR?_MYITOA?PFUNC
  +--> ?PR?_GUI_STRING?LCD
  +--> ?PR?COMMUNICAUISHOW?CONTROL
  +--> ?PR?_LCDSHOW?MENU
  +--> ?PR?_LOOPINDEX?PFUNC
  +--> ?PR?REFRESHBAUDDISP?MENU
  +--> ?PR?_PASSWORDINPUT?CONTROL

?PR?KEYCONTROL_ENTER?MENU                0EF1H    0003H
  +--> ?PR?MENU
  +--> ?PR?_MYITOA?PFUNC
  +--> ?PR?_GUI_STRING?LCD
  +--> ?CO?CHINESE_CODE
  +--> ?PR?_GUI_LATTICE?LCD
  +--> ?PR?PASSWORDJUDGE?CONTROL
  +--> ?PR?CONTROLSAVE?CONTROL
  +--> ?PR?_PASSWORDDELETE?CONTROL
  +--> ?PR?REFRESHMENUDISP?MENU
  +--> ?PR?CLEAR_SCREEN?LCD
  +--> ?CO?MENU
  +--> ?PR?PASSWORDCHANGEUISHOW?CONTROL
  +--> ?PR?_LCDSHOW?MENU
  +--> ?PR?PLCPOWERUISHOW?CONTROL
  +--> ?PR?_WIFI_ENABLE?WIFI
  +--> ?PR?COMMUNICAUISHOW?CONTROL
  +--> ?PR?_IAPERASE?EEPROM
  +--> ?PR?_IAPWRITE_BUFF?EEPROM
  +--> ?PR?BAUDINIT?CONTROL
  +--> ?PR?POWERINIT?CONTROL
  +--> ?PR?COMMUNICAINIT?CONTROL
  +--> ?PR?_DELAY_MS?SYSTEMTIMER

?PR?KEYCONTROL_CANCEL?MENU               -----    -----
  +--> ?PR?REFRESHMENUDISP?MENU
  +--> ?PR?_LCDSHOW?MENU

?PR?KEYCONTROL_MENU?MENU                 -----    -----
  +--> ?PR?MENU
  +--> ?PR?_INPUTOFFECT?CONTROL

?PR?KEYBAUD_UP?MENU                      -----    -----
  +--> ?PR?MENU
BL51 BANKED LINKER/LOCATER V6.22.2.0                                                  10/27/2021  11:44:19  PAGE 13


  +--> ?PR?_LOOPINDEX?PFUNC
  +--> ?PR?_GUI_STRING?LCD

?PR?KEYBAUD_DOWN?MENU                    -----    -----
  +--> ?PR?MENU
  +--> ?PR?_LOOPINDEX?PFUNC
  +--> ?PR?_GUI_STRING?LCD

?PR?KEYBAUD_ENTER?MENU                   -----    -----
  +--> ?PR?MENU
  +--> ?PR?BAUDSETTINGUI1SHOW?CONTROL
  +--> ?PR?BAUDSETTINGUI2SHOW?CONTROL
  +--> ?PR?CONTROLSAVE?CONTROL
  +--> ?PR?CLEAR_SCREEN?LCD
  +--> ?PR?BAUDSETTINGUI3SHOW?CONTROL
  +--> ?PR?BAUDSETTINGUI4SHOW?CONTROL
  +--> ?PR?_LCDSHOW?MENU
  +--> ?CO?MENU
  +--> ?PR?_GUI_STRING?LCD
  +--> ?PR?_DELAY_MS?SYSTEMTIMER

?PR?KEYBAUD_CANCEL?MENU                  -----    -----
  +--> ?PR?REFRESHBAUDDISP?MENU
  +--> ?PR?_LCDSHOW?MENU



SYMBOL TABLE OF MODULE:  .\Objects\WIRELESS_PLC (MAIN)

  VALUE           TYPE          NAME
  ----------------------------------

  -------         MODULE        MAIN
  C:0000H         SYMBOL        _ICE_DUMMY_
  D:0080H         PUBLIC        P0
  D:0090H         PUBLIC        P1
  D:00A0H         PUBLIC        P2
  D:00B0H         PUBLIC        P3
  D:00C0H         PUBLIC        P4
  D:00C8H         PUBLIC        P5
  B:00A8H.7       PUBLIC        EA
  D:00E8H         PUBLIC        P6
  D:00F8H         PUBLIC        P7
  D:00BAH         PUBLIC        P_SW2
  D:00A8H         PUBLIC        IE
  C:365DH         PUBLIC        Init_All
  X:0F55H         PUBLIC        System_Parameter
  D:00B8H         PUBLIC        IP
  D:00D8H         PUBLIC        CCON
  C:463BH         PUBLIC        main
  D:0098H         PUBLIC        SCON
  D:0088H         PUBLIC        TCON
  B:00A0H.7       PUBLIC        P27
  C:3B9BH         SYMBOL        systemInit
  C:3762H         SYMBOL        Iap_Flash_Iinit
  C:40A7H         PUBLIC        CheckIap_Flash
  D:00D0H         PUBLIC        PSW
BL51 BANKED LINKER/LOCATER V6.22.2.0                                                  10/27/2021  11:44:19  PAGE 14


  C:4044H         SYMBOL        Com0010
  C:4044H         SYMBOL        L?0017
  C:4058H         SYMBOL        L?0018
  C:4059H         SYMBOL        L?0019
  C:4061H         SYMBOL        L?0020
  C:4063H         SYMBOL        L?0021
  C:406CH         SYMBOL        L?0023
  -------         PROC          COM0010
  -------         ENDPROC       COM0010
  -------         PROC          MAIN
  C:463BH         LINE#         23
  C:463BH         LINE#         24
  C:463BH         LINE#         25
  C:463EH         LINE#         27
  C:463EH         LINE#         28
  C:463EH         LINE#         29
  C:4641H         LINE#         31
  C:4644H         LINE#         34
  -------         ENDPROC       MAIN
  -------         PROC          SYSTEMINIT
  C:3B9BH         LINE#         37
  C:3B9BH         LINE#         38
  C:3B9BH         LINE#         39
  C:3B9EH         LINE#         43
  C:3BA2H         LINE#         46
  C:3BACH         LINE#         49
  C:3BB0H         LINE#         52
  C:3BBAH         LINE#         56
  C:3BBDH         LINE#         58
  C:3BC0H         LINE#         60
  C:3BC3H         LINE#         61
  C:3BCAH         LINE#         65
  C:3BCDH         LINE#         67
  C:3BD0H         LINE#         69
  C:3BD3H         LINE#         71
  C:3BD6H         LINE#         73
  C:3BD8H         LINE#         75
  C:3BDBH         LINE#         77
  C:3BDDH         LINE#         81
  C:3BE0H         LINE#         82
  C:3BE6H         LINE#         83
  C:3BE6H         LINE#         85
  C:3BE9H         LINE#         86
  C:3BEFH         LINE#         88
  C:3BF2H         LINE#         89
  C:3BF2H         LINE#         92
  -------         ENDPROC       SYSTEMINIT
  C:36C7H         SYMBOL        L?0022
  C:36D5H         SYMBOL        L?0024
  -------         PROC          INIT_ALL
  -------         DO            
  X:0EF1H         SYMBOL        GPIO_InitStruct
  -------         ENDDO         
  C:365DH         LINE#         95
  C:365DH         LINE#         96
  C:365DH         LINE#         101
  C:3660H         LINE#         102
BL51 BANKED LINKER/LOCATER V6.22.2.0                                                  10/27/2021  11:44:19  PAGE 15


  C:3666H         LINE#         104
  C:366DH         LINE#         106
  C:3673H         LINE#         108
  C:3677H         LINE#         109
  C:367AH         LINE#         117
  C:367EH         LINE#         118
  C:3680H         LINE#         119
  C:3688H         LINE#         121
  C:368EH         LINE#         122
  C:3690H         LINE#         123
  C:3695H         LINE#         127
  C:3695H         LINE#         128
  C:3695H         LINE#         129
  C:3699H         LINE#         131
  C:369CH         LINE#         132
  C:369FH         LINE#         133
  C:36A7H         LINE#         137
  C:36ADH         LINE#         138
  C:36B0H         LINE#         139
  C:36B5H         LINE#         143
  C:36B5H         LINE#         144
  C:36B5H         LINE#         145
  C:36BAH         LINE#         148
  C:36BDH         LINE#         149
  C:36BFH         LINE#         150
  C:36C7H         LINE#         152
  -------         ENDPROC       INIT_ALL
  -------         PROC          CHECKIAP_FLASH
  -------         DO            
  D:0006H         SYMBOL        CRC
  -------         ENDDO         
  C:40A7H         LINE#         157
  C:40A7H         LINE#         158
  C:40A7H         LINE#         159
  C:40AAH         LINE#         162
  C:40B4H         LINE#         164
  C:40C7H         LINE#         166
  C:40D3H         LINE#         167
  C:40D3H         LINE#         168
  C:40D5H         LINE#         169
  C:40D5H         LINE#         170
  C:40D6H         LINE#         171
  -------         ENDPROC       CHECKIAP_FLASH
  -------         PROC          IAP_FLASH_IINIT
  C:3762H         LINE#         174
  C:3762H         LINE#         175
  C:3762H         LINE#         176
  C:3769H         LINE#         177
  C:3769H         LINE#         178
  C:3775H         LINE#         179
  C:3779H         LINE#         180
  C:377BH         LINE#         182
  C:377BH         LINE#         183
  C:3787H         LINE#         184
  C:378EH         LINE#         185
  C:379AH         LINE#         188
  C:37A0H         LINE#         190
BL51 BANKED LINKER/LOCATER V6.22.2.0                                                  10/27/2021  11:44:19  PAGE 16


  C:37B3H         LINE#         192
  C:37BFH         LINE#         194
  C:37C6H         LINE#         195
  C:37C9H         LINE#         196
  C:37D5H         LINE#         197
  C:37DCH         LINE#         198
  C:37DCH         LINE#         199
  -------         ENDPROC       IAP_FLASH_IINIT
  -------         ENDMOD        MAIN

  -------         MODULE        CONTROL
  C:0000H         SYMBOL        _ICE_DUMMY_
  D:0080H         PUBLIC        P0
  D:0090H         PUBLIC        P1
  X:0E88H         PUBLIC        PassWordI
  D:00A0H         PUBLIC        P2
  D:00B0H         PUBLIC        P3
  D:00C0H         PUBLIC        P4
  D:00C8H         PUBLIC        P5
  C:3EBDH         PUBLIC        CommunicaUIshow
  B:00A8H.7       PUBLIC        EA
  D:00E8H         PUBLIC        P6
  D:00F8H         PUBLIC        P7
  X:0E96H         PUBLIC        ControlType
  X:0E97H         PUBLIC        PassWordFirstChangeFlag
  D:00A8H         PUBLIC        IE
  C:42C2H         PUBLIC        PassWordInputUIShow
  C:43B1H         PUBLIC        _PassWordDelete
  C:4190H         PUBLIC        BaudInit
  C:3DEFH         PUBLIC        PlcPowerUIshow
  D:00B8H         PUBLIC        IP
  C:42EBH         PUBLIC        ReloadSettingUIshow
  D:00D8H         PUBLIC        CCON
  C:4646H         PUBLIC        PowerInit
  X:0E98H         PUBLIC        PassWordChange1
  D:0098H         PUBLIC        SCON
  X:0EA6H         PUBLIC        PassWordChange2
  D:0088H         PUBLIC        TCON
  B:0080H.7       PUBLIC        P07
  C:0003H         PUBLIC        CommunicaInit
  X:0EB4H         PUBLIC        Baudlist
  X:0EF0H         PUBLIC        G_BaudList_Size
  C:4076H         PUBLIC        PassWordChangeUIShow
  C:433CH         PUBLIC        PassWordjudge
  C:393EH         PUBLIC        _PassWordInput
  D:008DH         PUBLIC        TH1
  D:00D6H         PUBLIC        T2H
  D:00D4H         PUBLIC        T3H
  D:00D2H         PUBLIC        T4H
  D:008BH         PUBLIC        TL1
  D:00D7H         PUBLIC        T2L
  D:00D5H         PUBLIC        T3L
  D:00D3H         PUBLIC        T4L
  C:4587H         PUBLIC        ScreensaverUiShow
  C:4615H         PUBLIC        _InputOffect
  C:3FDCH         PUBLIC        BaudSettingUI1show
  C:4106H         PUBLIC        BaudSettingUI2show
BL51 BANKED LINKER/LOCATER V6.22.2.0                                                  10/27/2021  11:44:19  PAGE 17


  C:3F38H         PUBLIC        ControlSave
  C:4134H         PUBLIC        BaudSettingUI3show
  C:4162H         PUBLIC        BaudSettingUI4show
  D:00D0H         PUBLIC        PSW
  C:45C6H         PUBLIC        ControlInit
  C:2C7DH         SYMBOL        Com001D
  C:2C7DH         SYMBOL        L?0030
  C:2C7DH         SYMBOL        L?0031
  C:2C9EH         SYMBOL        L?0032
  C:2C9EH         SYMBOL        L?0033
  C:2CA0H         SYMBOL        L?0034
  C:2CA3H         SYMBOL        L?0035
  C:2CAAH         SYMBOL        L?0036
  C:2CAAH         SYMBOL        L?0037
  C:2CBDH         SYMBOL        L?0038
  C:2CC5H         SYMBOL        L?0039
  C:2CCDH         SYMBOL        L?0040
  C:2CCDH         SYMBOL        L?0041
  C:2CD2H         SYMBOL        L?0042
  C:2CD9H         SYMBOL        L?0043
  C:2CD9H         SYMBOL        L?0044
  C:2CE3H         SYMBOL        L?0045
  C:2CEAH         SYMBOL        L?0046
  C:2CF2H         SYMBOL        L?0047
  C:2CF2H         SYMBOL        L?0048
  C:2D01H         SYMBOL        L?0049
  C:2D09H         SYMBOL        L?0050
  C:2D09H         SYMBOL        L?0051
  C:2D17H         SYMBOL        L?0052
  C:2D1FH         SYMBOL        L?0053
  C:2D2AH         SYMBOL        L?0054
  -------         PROC          COM001D
  -------         ENDPROC       COM001D
  -------         PROC          CONTROLINIT
  C:45C6H         LINE#         36
  C:45C6H         LINE#         37
  C:45C6H         LINE#         39
  C:45CCH         LINE#         40
  C:45CFH         LINE#         41
  C:45D2H         LINE#         42
  C:45D5H         LINE#         43
  -------         ENDPROC       CONTROLINIT
  -------         PROC          COMMUNICAINIT
  C:0003H         LINE#         46
  C:0003H         LINE#         47
  C:0003H         LINE#         50
  -------         ENDPROC       COMMUNICAINIT
  -------         PROC          POWERINIT
  C:4646H         LINE#         53
  C:4646H         LINE#         54
  C:4646H         LINE#         55
  C:464EH         LINE#         56
  -------         ENDPROC       POWERINIT
  -------         PROC          BAUDINIT
  C:4190H         LINE#         58
  C:4190H         LINE#         59
  C:4190H         LINE#         61
BL51 BANKED LINKER/LOCATER V6.22.2.0                                                  10/27/2021  11:44:19  PAGE 18


  C:419BH         LINE#         62
  C:41A6H         LINE#         63
  C:41B1H         LINE#         64
  C:41BCH         LINE#         65
  -------         ENDPROC       BAUDINIT
  -------         PROC          _PASSWORDINPUT
  D:0007H         SYMBOL        operation
  X:0EF4H         SYMBOL        Password
  C:393EH         LINE#         74
  C:3949H         LINE#         75
  C:3949H         LINE#         76
  C:394EH         LINE#         77
  C:394EH         LINE#         78
  C:3963H         LINE#         79
  C:3963H         LINE#         80
  C:3965H         LINE#         82
  C:3965H         LINE#         83
  C:397DH         LINE#         84
  C:397DH         LINE#         85
  C:3982H         LINE#         86
  C:3982H         LINE#         87
  C:3987H         LINE#         88
  C:3993H         LINE#         89
  C:3993H         LINE#         90
  C:39AAH         LINE#         91
  -------         ENDPROC       _PASSWORDINPUT
  -------         PROC          PASSWORDJUDGE
  X:0EF4H         SYMBOL        PasswordA
  X:0F02H         SYMBOL        PasswordB
  C:433CH         LINE#         101
  C:433CH         LINE#         102
  C:433CH         LINE#         104
  C:435DH         LINE#         105
  C:4360H         LINE#         107
  C:4362H         LINE#         108
  -------         ENDPROC       PASSWORDJUDGE
  -------         PROC          _PASSWORDDELETE
  X:0EF4H         SYMBOL        Password
  C:43B1H         LINE#         110
  C:43BCH         LINE#         111
  C:43BCH         LINE#         112
  C:43C8H         LINE#         113
  -------         ENDPROC       _PASSWORDDELETE
  -------         PROC          _INPUTOFFECT
  D:0001H         SYMBOL        Password
  C:4615H         LINE#         116
  C:4615H         LINE#         117
  C:4615H         LINE#         118
  C:461AH         LINE#         119
  -------         ENDPROC       _INPUTOFFECT
  -------         PROC          SCREENSAVERUISHOW
  C:4587H         LINE#         128
  C:4587H         LINE#         129
  C:4587H         LINE#         130
  C:458AH         LINE#         132
  -------         ENDPROC       SCREENSAVERUISHOW
  -------         PROC          PASSWORDINPUTUISHOW
BL51 BANKED LINKER/LOCATER V6.22.2.0                                                  10/27/2021  11:44:19  PAGE 19


  C:42C2H         LINE#         135
  C:42C2H         LINE#         136
  C:42C2H         LINE#         137
  C:42C5H         LINE#         138
  C:42DDH         LINE#         139
  -------         ENDPROC       PASSWORDINPUTUISHOW
  -------         PROC          PASSWORDCHANGEUISHOW
  C:4076H         LINE#         142
  C:4076H         LINE#         143
  C:4076H         LINE#         144
  C:407FH         LINE#         145
  C:4088H         LINE#         147
  C:408BH         LINE#         148
  C:4099H         LINE#         149
  -------         ENDPROC       PASSWORDCHANGEUISHOW
  -------         PROC          PLCPOWERUISHOW
  C:3DEFH         LINE#         152
  C:3DEFH         LINE#         153
  C:3DEFH         LINE#         154
  C:3DF2H         LINE#         156
  C:3DFEH         LINE#         157
  C:3E0AH         LINE#         159
  C:3E13H         LINE#         160
  C:3E13H         LINE#         161
  C:3E1EH         LINE#         162
  C:3E20H         LINE#         164
  C:3E20H         LINE#         165
  C:3E35H         LINE#         166
  C:3E35H         LINE#         167
  -------         ENDPROC       PLCPOWERUISHOW
  -------         PROC          COMMUNICAUISHOW
  C:3EBDH         LINE#         169
  C:3EBDH         LINE#         170
  C:3EBDH         LINE#         171
  C:3EC0H         LINE#         172
  C:3EE1H         LINE#         174
  C:3EEFH         LINE#         175
  -------         ENDPROC       COMMUNICAUISHOW
  -------         PROC          BAUDSETTINGUI1SHOW
  C:3FDCH         LINE#         190
  C:3FDCH         LINE#         191
  C:3FDCH         LINE#         192
  C:3FDFH         LINE#         193
  C:3FEDH         LINE#         194
  C:3FF6H         LINE#         195
  C:4001H         LINE#         196
  -------         ENDPROC       BAUDSETTINGUI1SHOW
  -------         PROC          BAUDSETTINGUI2SHOW
  C:4106H         LINE#         199
  C:4106H         LINE#         200
  C:4106H         LINE#         201
  C:4109H         LINE#         202
  C:4117H         LINE#         203
  C:4120H         LINE#         204
  C:412BH         LINE#         205
  -------         ENDPROC       BAUDSETTINGUI2SHOW
  -------         PROC          BAUDSETTINGUI3SHOW
BL51 BANKED LINKER/LOCATER V6.22.2.0                                                  10/27/2021  11:44:19  PAGE 20


  C:4134H         LINE#         208
  C:4134H         LINE#         209
  C:4134H         LINE#         210
  C:4137H         LINE#         211
  C:4145H         LINE#         212
  C:414EH         LINE#         213
  C:4159H         LINE#         214
  -------         ENDPROC       BAUDSETTINGUI3SHOW
  -------         PROC          BAUDSETTINGUI4SHOW
  C:4162H         LINE#         217
  C:4162H         LINE#         218
  C:4162H         LINE#         219
  C:4165H         LINE#         220
  C:4173H         LINE#         221
  C:417CH         LINE#         222
  C:4187H         LINE#         223
  -------         ENDPROC       BAUDSETTINGUI4SHOW
  -------         PROC          RELOADSETTINGUISHOW
  C:42EBH         LINE#         226
  C:42EBH         LINE#         227
  C:42EBH         LINE#         228
  C:42EEH         LINE#         229
  C:42FCH         LINE#         230
  C:4308H         LINE#         231
  -------         ENDPROC       RELOADSETTINGUISHOW
  -------         PROC          CONTROLSAVE
  C:3F38H         LINE#         240
  C:3F38H         LINE#         241
  C:3F38H         LINE#         243
  C:3F53H         LINE#         245
  C:3F55H         LINE#         247
  C:3F5BH         LINE#         248
  C:3F6DH         LINE#         249
  C:3F6FH         LINE#         250
  -------         ENDPROC       CONTROLSAVE
  -------         ENDMOD        CONTROL

  -------         MODULE        REPORT
  C:0000H         SYMBOL        _ICE_DUMMY_
  X:0000H         PUBLIC        ComData_Array
  D:0080H         PUBLIC        P0
  D:0090H         PUBLIC        P1
  D:00A0H         PUBLIC        P2
  D:00B0H         PUBLIC        P3
  D:00C0H         PUBLIC        P4
  D:00C8H         PUBLIC        P5
  D:00E8H         PUBLIC        P6
  D:00F8H         PUBLIC        P7
  C:2E91H         PUBLIC        Plc_To_Rs485
  D:00A8H         PUBLIC        IE
  D:00B8H         PUBLIC        IP
  D:00D8H         PUBLIC        CCON
  X:000AH         PUBLIC        Uart_LinkList
  D:0098H         PUBLIC        SCON
  D:0088H         PUBLIC        TCON
  C:2F37H         PUBLIC        Wifi_To_Plc
  B:00A0H.7       PUBLIC        P27
BL51 BANKED LINKER/LOCATER V6.22.2.0                                                  10/27/2021  11:44:19  PAGE 21


  C:3265H         PUBLIC        _getCrc16
  C:4607H         PUBLIC        Uart_Handle
  C:39ABH         PUBLIC        _Uart_DataForward
  D:00D0H         PUBLIC        PSW
  C:2964H         SYMBOL        Com0019
  C:2964H         SYMBOL        L?0026
  C:2981H         SYMBOL        L?0027
  C:2990H         SYMBOL        L?0028
  C:2993H         SYMBOL        L?0029
  C:29A4H         SYMBOL        L?0030
  C:29A9H         SYMBOL        L?0031
  C:29B8H         SYMBOL        L?0032
  C:29BAH         SYMBOL        L?0033
  C:29C4H         SYMBOL        L?0034
  C:29CCH         SYMBOL        L?0035
  C:29D4H         SYMBOL        L?0036
  C:29E7H         SYMBOL        L?0037
  C:29E9H         SYMBOL        L?0038
  C:29EBH         SYMBOL        L?0039
  C:29F2H         SYMBOL        L?0040
  C:2A03H         SYMBOL        L?0041
  C:2A06H         SYMBOL        L?0042
  C:2A0DH         SYMBOL        L?0043
  C:2A18H         SYMBOL        L?0044
  C:2A23H         SYMBOL        L?0045
  C:2A2EH         SYMBOL        L?0046
  -------         PROC          COM0019
  -------         ENDPROC       COM0019
  -------         PROC          _UART_DATAFORWARD
  X:0EF1H         SYMBOL        Src
  X:0EF2H         SYMBOL        Dest
  -------         DO            
  X:0EF3H         SYMBOL        i
  -------         ENDDO         
  C:39ABH         LINE#         48
  C:39B3H         LINE#         49
  C:39B3H         LINE#         50
  C:39B6H         LINE#         52
  C:39C5H         LINE#         53
  C:39C5H         LINE#         54
  C:39F7H         LINE#         55
  C:39F7H         LINE#         56
  C:3A0EH         LINE#         57
  C:3A0EH         LINE#         58
  C:3A16H         LINE#         59
  -------         ENDPROC       _UART_DATAFORWARD
  -------         PROC          UART_HANDLE
  C:4607H         LINE#         67
  C:4607H         LINE#         68
  C:4607H         LINE#         72
  C:460EH         LINE#         76
  -------         ENDPROC       UART_HANDLE
  -------         PROC          PLC_TO_RS485
  C:2E91H         LINE#         85
  C:2E91H         LINE#         86
  C:2E91H         LINE#         92
  C:2E9AH         LINE#         93
BL51 BANKED LINKER/LOCATER V6.22.2.0                                                  10/27/2021  11:44:19  PAGE 22


  C:2E9AH         LINE#         95
  C:2E9FH         LINE#         96
  C:2E9FH         LINE#         97
  C:2EA8H         LINE#         99
  C:2EAAH         LINE#         101
  C:2EBAH         LINE#         103
  C:2EC2H         LINE#         105
  C:2ED3H         LINE#         107
  C:2ED5H         LINE#         109
  C:2ED8H         LINE#         110
  C:2ED8H         LINE#         113
  C:2EE6H         LINE#         114
  C:2EE6H         LINE#         116
  C:2EEEH         LINE#         118
  C:2F0EH         LINE#         120
  C:2F19H         LINE#         122
  C:2F30H         LINE#         124
  C:2F36H         LINE#         125
  C:2F36H         LINE#         126
  C:2F36H         LINE#         127
  -------         ENDPROC       PLC_TO_RS485
  -------         PROC          WIFI_TO_PLC
  C:2F37H         LINE#         135
  C:2F37H         LINE#         136
  C:2F37H         LINE#         138
  C:2F48H         LINE#         139
  C:2F48H         LINE#         140
  C:2F53H         LINE#         142
  C:2F73H         LINE#         144
  C:2F81H         LINE#         146
  C:2F98H         LINE#         148
  C:2F9EH         LINE#         151
  C:2FA4H         LINE#         152
  C:2FA4H         LINE#         154
  C:2FA9H         LINE#         155
  C:2FA9H         LINE#         157
  C:2FB2H         LINE#         159
  C:2FBFH         LINE#         161
  C:2FC7H         LINE#         163
  C:2FD8H         LINE#         165
  C:2FDBH         LINE#         166
  C:2FDBH         LINE#         167
  C:2FDBH         LINE#         168
  C:2FDBH         LINE#         169
  -------         ENDPROC       WIFI_TO_PLC
  -------         PROC          _GETCRC16
  X:0EF4H         SYMBOL        ptr
  X:0EF7H         SYMBOL        length
  X:0EF8H         SYMBOL        init_dat
  -------         DO            
  X:0EFAH         SYMBOL        i
  D:0004H         SYMBOL        j
  X:0EFBH         SYMBOL        crc16
  -------         ENDDO         
  C:3265H         LINE#         180
  C:326FH         LINE#         181
  C:326FH         LINE#         182
BL51 BANKED LINKER/LOCATER V6.22.2.0                                                  10/27/2021  11:44:19  PAGE 23


  C:3274H         LINE#         183
  C:3274H         LINE#         184
  C:3283H         LINE#         186
  C:3295H         LINE#         187
  C:3295H         LINE#         188
  C:32B2H         LINE#         190
  C:32B5H         LINE#         191
  C:32B5H         LINE#         192
  C:32C0H         LINE#         193
  C:32C0H         LINE#         194
  C:32D7H         LINE#         195
  C:32D9H         LINE#         197
  C:32D9H         LINE#         198
  C:32E4H         LINE#         199
  C:32E4H         LINE#         200
  C:32EFH         LINE#         201
  C:32F7H         LINE#         202
  C:32FFH         LINE#         203
  -------         ENDPROC       _GETCRC16
  -------         ENDMOD        REPORT

  -------         MODULE        MENU
  C:0000H         SYMBOL        _ICE_DUMMY_
  C:3E36H         PUBLIC        RefreshMenuDisp
  D:0080H         PUBLIC        P0
  D:0090H         PUBLIC        P1
  X:0DD2H         PUBLIC        UI_STATE
  D:00A0H         PUBLIC        P2
  D:00B0H         PUBLIC        P3
  D:00C0H         PUBLIC        P4
  D:00C8H         PUBLIC        P5
  B:00A8H.7       PUBLIC        EA
  D:00E8H         PUBLIC        P6
  D:00F8H         PUBLIC        P7
  C:4553H         PUBLIC        KeyControl_Menu
  C:2FDCH         PUBLIC        KeyBaud_Enter
  C:2A39H         PUBLIC        KeyControl_Down
  D:00A8H         PUBLIC        IE
  C:37DDH         PUBLIC        KeyMain_Enter
  D:00B8H         PUBLIC        IP
  C:0089H         PUBLIC        KeyBaud_Menu
  C:3C4BH         PUBLIC        KeyBaud_Down
  C:44D5H         PUBLIC        KeyMenu_Enter
  D:00D8H         PUBLIC        CCON
  C:446EH         PUBLIC        KeyMain_Menu
  C:41BDH         PUBLIC        KeyMain_Down
  C:3858H         PUBLIC        KeyEvent
  D:0098H         PUBLIC        SCON
  D:0088H         PUBLIC        TCON
  C:2D34H         PUBLIC        KeyControl_Up
  B:0080H.7       PUBLIC        P07
  C:008EH         PUBLIC        _LcdShow
  C:0042H         PUBLIC        KeyMenu_Menu
  C:45B3H         PUBLIC        KeyControl_Cancel
  X:0DD3H         PUBLIC        Optionlist
  C:3CF8H         PUBLIC        KeyMenu_Down
  C:4011H         PUBLIC        _LcdDly
BL51 BANKED LINKER/LOCATER V6.22.2.0                                                  10/27/2021  11:44:19  PAGE 24


  C:4658H         PUBLIC        Baud_Setting
  D:008DH         PUBLIC        TH1
  D:00D6H         PUBLIC        T2H
  C:3BF3H         PUBLIC        KeyBaud_Up
  C:464FH         PUBLIC        LcdShowInit
  D:00D4H         PUBLIC        T3H
  X:0DF6H         PUBLIC        M_Show
  D:00D2H         PUBLIC        T4H
  D:008BH         PUBLIC        TL1
  D:00D7H         PUBLIC        T2L
  C:45F8H         PUBLIC        KeyBaud_Cancel
  D:00D5H         PUBLIC        T3L
  D:00D3H         PUBLIC        T4L
  X:0E08H         PUBLIC        keyStateEvent
  C:4314H         PUBLIC        KeyMain_Up
  C:000EH         PUBLIC        KeyMain_Cancel
  C:3E7CH         PUBLIC        RefreshBaudDisp
  C:3CA3H         PUBLIC        KeyMenu_Up
  C:45D8H         PUBLIC        KeyMenu_Cancel
  X:0E6CH         PUBLIC        Optionlist1
  C:1D02H         PUBLIC        KeyControl_Enter
  D:00D0H         PUBLIC        PSW
  C:1EC4H         SYMBOL        Com00A9
  C:1EC4H         SYMBOL        L?0170
  C:1ECDH         SYMBOL        L?0171
  C:1ED1H         SYMBOL        L?0172
  C:1EDBH         SYMBOL        L?0173
  C:1EDEH         SYMBOL        L?0174
  C:1EE5H         SYMBOL        L?0175
  C:1EE6H         SYMBOL        L?0176
  C:1EEDH         SYMBOL        L?0177
  C:1EFBH         SYMBOL        L?0178
  C:1EFDH         SYMBOL        L?0179
  C:1EFFH         SYMBOL        L?0180
  C:1F06H         SYMBOL        L?0181
  C:1F06H         SYMBOL        L?0182
  C:1F1AH         SYMBOL        L?0183
  C:1F1DH         SYMBOL        L?0184
  C:1F27H         SYMBOL        L?0185
  C:1F37H         SYMBOL        L?0186
  C:1F3AH         SYMBOL        L?0187
  C:1F44H         SYMBOL        L?0188
  C:1F4CH         SYMBOL        L?0189
  C:1F53H         SYMBOL        L?0190
  C:1F5FH         SYMBOL        L?0191
  C:1F68H         SYMBOL        L?0192
  C:1F74H         SYMBOL        L?0193
  C:1F7DH         SYMBOL        L?0194
  C:1F7DH         SYMBOL        L?0195
  C:1F81H         SYMBOL        L?0196
  C:1F8DH         SYMBOL        L?0197
  C:1FACH         SYMBOL        L?0198
  C:1FACH         SYMBOL        L?0199
  C:1FB3H         SYMBOL        L?0200
  C:1FBDH         SYMBOL        L?0201
  C:1FC3H         SYMBOL        L?0203
  C:1FCBH         SYMBOL        L?0204
BL51 BANKED LINKER/LOCATER V6.22.2.0                                                  10/27/2021  11:44:19  PAGE 25


  C:1FD2H         SYMBOL        L?0205
  C:1FE2H         SYMBOL        L?0206
  C:1FF2H         SYMBOL        L?0207
  C:2002H         SYMBOL        L?0208
  C:2005H         SYMBOL        L?0209
  C:200DH         SYMBOL        L?0210
  C:200DH         SYMBOL        L?0211
  C:2014H         SYMBOL        L?0214
  C:201FH         SYMBOL        L?0215
  C:202AH         SYMBOL        L?0216
  C:2035H         SYMBOL        L?0217
  C:203FH         SYMBOL        L?0218
  C:2049H         SYMBOL        L?0219
  C:2049H         SYMBOL        L?0220
  C:2050H         SYMBOL        L?0221
  C:205AH         SYMBOL        L?0222
  C:2064H         SYMBOL        L?0223
  C:206EH         SYMBOL        L?0224
  C:206EH         SYMBOL        L?0225
  -------         PROC          COM00A9
  -------         ENDPROC       COM00A9
  -------         PROC          KEYEVENT
  -------         DO            
  X:0EF1H         SYMBOL        i
  X:0EF2H         SYMBOL        KeyState
  -------         ENDDO         
  C:3858H         LINE#         83
  C:3858H         LINE#         84
  C:3858H         LINE#         86
  C:3860H         LINE#         88
  C:3863H         LINE#         90
  C:386BH         LINE#         91
  C:386BH         LINE#         93
  C:386BH         LINE#         95
  C:387EH         LINE#         96
  C:387EH         LINE#         97
  C:3895H         LINE#         98
  C:3895H         LINE#         99
  C:38B0H         LINE#         100
  C:38B0H         LINE#         101
  C:38C4H         LINE#         102
  C:38C4H         LINE#         103
  C:38C4H         LINE#         104
  C:38C4H         LINE#         105
  C:38CCH         LINE#         106
  -------         ENDPROC       KEYEVENT
  -------         PROC          LCDSHOWINIT
  C:464FH         LINE#         108
  C:464FH         LINE#         109
  C:464FH         LINE#         110
  -------         ENDPROC       LCDSHOWINIT
  -------         PROC          _LCDSHOW
  D:0001H         SYMBOL        InterfaceShow
  C:008EH         LINE#         113
  C:008EH         LINE#         114
  C:008EH         LINE#         115
  -------         ENDPROC       _LCDSHOW
BL51 BANKED LINKER/LOCATER V6.22.2.0                                                  10/27/2021  11:44:19  PAGE 26


  -------         PROC          KEYMAIN_ENTER
  C:37DDH         LINE#         124
  C:37DDH         LINE#         125
  C:37DDH         LINE#         129
  C:37E2H         LINE#         130
  C:37E2H         LINE#         132
  C:381FH         LINE#         133
  C:381FH         LINE#         134
  C:3828H         LINE#         135
  C:382DH         LINE#         137
  C:382EH         LINE#         139
  C:382EH         LINE#         140
  C:3834H         LINE#         141
  C:3837H         LINE#         142
  C:3847H         LINE#         143
  C:384EH         LINE#         144
  C:3857H         LINE#         145
  C:3857H         LINE#         146
  C:3857H         LINE#         153
  -------         ENDPROC       KEYMAIN_ENTER
  -------         PROC          KEYMAIN_UP
  -------         DO            
  X:0EF1H         SYMBOL        Value
  X:0EF2H         SYMBOL        temp
  -------         ENDDO         
  C:4314H         LINE#         155
  C:4314H         LINE#         156
  C:4314H         LINE#         157
  C:4319H         LINE#         158
  C:4319H         LINE#         159
  C:4326H         LINE#         161
  C:433BH         LINE#         162
  C:433BH         LINE#         167
  -------         ENDPROC       KEYMAIN_UP
  -------         PROC          KEYMAIN_MENU
  C:446EH         LINE#         169
  C:446EH         LINE#         170
  C:446EH         LINE#         171
  C:447AH         LINE#         172
  C:447AH         LINE#         173
  C:447AH         LINE#         174
  C:447AH         LINE#         176
  C:447CH         LINE#         177
  C:4486H         LINE#         179
  C:4489H         LINE#         180
  C:4489H         LINE#         181
  C:448AH         LINE#         182
  C:448AH         LINE#         183
  C:448AH         LINE#         184
  C:4490H         LINE#         185
  C:4490H         LINE#         186
  C:4490H         LINE#         187
  C:4490H         LINE#         188
  C:4490H         LINE#         189
  C:4490H         LINE#         194
  -------         ENDPROC       KEYMAIN_MENU
  -------         PROC          KEYMAIN_CANCEL
BL51 BANKED LINKER/LOCATER V6.22.2.0                                                  10/27/2021  11:44:19  PAGE 27


  C:000EH         LINE#         196
  C:000EH         LINE#         197
  C:000EH         LINE#         199
  C:0013H         LINE#         200
  C:0013H         LINE#         201
  C:001CH         LINE#         202
  C:0022H         LINE#         203
  C:0022H         LINE#         208
  -------         ENDPROC       KEYMAIN_CANCEL
  -------         PROC          KEYMAIN_DOWN
  -------         DO            
  X:0EF1H         SYMBOL        Value
  X:0EF2H         SYMBOL        temp
  -------         ENDDO         
  C:41BDH         LINE#         210
  C:41BDH         LINE#         211
  C:41BDH         LINE#         212
  C:41C2H         LINE#         213
  C:41C2H         LINE#         214
  C:41CFH         LINE#         216
  C:41E8H         LINE#         217
  C:41E8H         LINE#         222
  -------         ENDPROC       KEYMAIN_DOWN
  -------         PROC          KEYMENU_ENTER
  C:44D5H         LINE#         224
  C:44D5H         LINE#         225
  C:44D5H         LINE#         226
  C:44E3H         LINE#         227
  C:44E3H         LINE#         229
  C:44E3H         LINE#         231
  C:44E9H         LINE#         232
  C:44EFH         LINE#         233
  C:44F5H         LINE#         237
  -------         ENDPROC       KEYMENU_ENTER
  -------         PROC          KEYMENU_UP
  C:3CA3H         LINE#         240
  C:3CA3H         LINE#         241
  C:3CA3H         LINE#         243
  C:3CADH         LINE#         244
  C:3CAEH         LINE#         246
  C:3CBBH         LINE#         248
  C:3CBFH         LINE#         249
  C:3CBFH         LINE#         250
  C:3CC3H         LINE#         251
  C:3CC3H         LINE#         253
  C:3CCCH         LINE#         254
  C:3CCCH         LINE#         255
  C:3CCCH         LINE#         256
  C:3CCFH         LINE#         257
  C:3CD4H         LINE#         258
  C:3CD6H         LINE#         259
  C:3CDFH         LINE#         260
  C:3CDFH         LINE#         261
  C:3CDFH         LINE#         262
  C:3CDFH         LINE#         263
  C:3CE2H         LINE#         264
  C:3CE4H         LINE#         266
BL51 BANKED LINKER/LOCATER V6.22.2.0                                                  10/27/2021  11:44:19  PAGE 28


  C:3CE4H         LINE#         267
  C:3CE4H         LINE#         268
  C:3CE4H         LINE#         269
  C:3CEBH         LINE#         270
  C:3CEBH         LINE#         272
  C:3CF4H         LINE#         273
  C:3CF7H         LINE#         277
  -------         ENDPROC       KEYMENU_UP
  -------         PROC          KEYMENU_MENU
  C:0042H         LINE#         280
  C:0042H         LINE#         281
  C:0042H         LINE#         285
  -------         ENDPROC       KEYMENU_MENU
  -------         PROC          KEYMENU_CANCEL
  C:45D8H         LINE#         287
  C:45D8H         LINE#         288
  C:45D8H         LINE#         290
  C:45D8H         LINE#         291
  C:45D8H         LINE#         292
  C:45E2H         LINE#         293
  -------         ENDPROC       KEYMENU_CANCEL
  -------         PROC          KEYMENU_DOWN
  C:3CF8H         LINE#         300
  C:3CF8H         LINE#         301
  C:3CF8H         LINE#         302
  C:3D04H         LINE#         303
  C:3D07H         LINE#         305
  C:3D14H         LINE#         307
  C:3D16H         LINE#         308
  C:3D16H         LINE#         309
  C:3D18H         LINE#         310
  C:3D18H         LINE#         312
  C:3D21H         LINE#         313
  C:3D21H         LINE#         314
  C:3D21H         LINE#         315
  C:3D24H         LINE#         316
  C:3D29H         LINE#         317
  C:3D2BH         LINE#         318
  C:3D34H         LINE#         319
  C:3D34H         LINE#         320
  C:3D34H         LINE#         321
  C:3D34H         LINE#         322
  C:3D37H         LINE#         323
  C:3D39H         LINE#         325
  C:3D39H         LINE#         326
  C:3D39H         LINE#         327
  C:3D39H         LINE#         328
  C:3D40H         LINE#         329
  C:3D40H         LINE#         331
  C:3D49H         LINE#         332
  C:3D4CH         LINE#         337
  -------         ENDPROC       KEYMENU_DOWN
  C:1E93H         SYMBOL        L?0168
  C:1EB7H         SYMBOL        L?0212
  -------         PROC          KEYCONTROL_ENTER
  -------         DO            
  X:0EF1H         SYMBOL        i
BL51 BANKED LINKER/LOCATER V6.22.2.0                                                  10/27/2021  11:44:19  PAGE 29


  X:0EF2H         SYMBOL        temp
  -------         ENDDO         
  C:1D02H         LINE#         339
  C:1D02H         LINE#         340
  C:1D02H         LINE#         341
  C:1D25H         LINE#         342
  C:1D25H         LINE#         343
  C:1D25H         LINE#         344
  C:1D25H         LINE#         345
  C:1D2BH         LINE#         346
  C:1D2BH         LINE#         350
  C:1D3DH         LINE#         351
  C:1D3DH         LINE#         352
  C:1D62H         LINE#         353
  C:1D6AH         LINE#         355
  C:1D85H         LINE#         356
  C:1D8BH         LINE#         357
  C:1D8CH         LINE#         359
  C:1D8CH         LINE#         361
  C:1DA8H         LINE#         362
  C:1DA8H         LINE#         363
  C:1DB3H         LINE#         364
  C:1DB6H         LINE#         365
  C:1DBFH         LINE#         366
  C:1DC8H         LINE#         367
  C:1DC8H         LINE#         369
  C:1DC8H         LINE#         370
  C:1DC8H         LINE#         371
  C:1DC8H         LINE#         372
  C:1DCFH         LINE#         373
  C:1DD1H         LINE#         375
  C:1DD1H         LINE#         377
  C:1DD4H         LINE#         378
  C:1DDBH         LINE#         379
  C:1DDBH         LINE#         380
  C:1DE5H         LINE#         381
  C:1DE5H         LINE#         383
  C:1DEAH         LINE#         384
  C:1DEAH         LINE#         386
  C:1DEBH         LINE#         387
  C:1DEBH         LINE#         389
  C:1DEBH         LINE#         390
  C:1DEBH         LINE#         391
  C:1DF2H         LINE#         392
  C:1DF6H         LINE#         393
  C:1DF9H         LINE#         394
  C:1DFFH         LINE#         395
  C:1E02H         LINE#         396
  C:1E02H         LINE#         398
  C:1E02H         LINE#         399
  C:1E02H         LINE#         400
  C:1E08H         LINE#         401
  C:1E08H         LINE#         402
  C:1E0CH         LINE#         403
  C:1E0EH         LINE#         405
  C:1E0EH         LINE#         406
  C:1E13H         LINE#         407
BL51 BANKED LINKER/LOCATER V6.22.2.0                                                  10/27/2021  11:44:19  PAGE 30


  C:1E16H         LINE#         408
  C:1E26H         LINE#         411
  C:1E26H         LINE#         412
  C:1E29H         LINE#         414
  C:1E2CH         LINE#         415
  C:1E2FH         LINE#         416
  C:1E2FH         LINE#         417
  C:1E36H         LINE#         418
  C:1E39H         LINE#         419
  C:1E39H         LINE#         421
  C:1E39H         LINE#         422
  C:1E39H         LINE#         423
  C:1E47H         LINE#         424
  C:1E47H         LINE#         426
  C:1E47H         LINE#         428
  C:1E4DH         LINE#         430
  C:1E53H         LINE#         432
  C:1E56H         LINE#         435
  C:1E58H         LINE#         437
  C:1E58H         LINE#         438
  C:1E58H         LINE#         440
  C:1E5AH         LINE#         441
  C:1E60H         LINE#         443
  C:1E6BH         LINE#         445
  C:1E7DH         LINE#         446
  C:1E7FH         LINE#         448
  C:1E82H         LINE#         450
  C:1E85H         LINE#         451
  C:1E88H         LINE#         452
  C:1E88H         LINE#         454
  C:1E88H         LINE#         455
  C:1E88H         LINE#         456
  C:1E88H         LINE#         457
  C:1E92H         LINE#         458
  C:1E92H         LINE#         459
  C:1E92H         LINE#         461
  C:1E92H         LINE#         462
  C:1E92H         LINE#         463
  C:1E92H         LINE#         468
  -------         ENDPROC       KEYCONTROL_ENTER
  -------         PROC          KEYCONTROL_MENU
  C:4553H         LINE#         470
  C:4553H         LINE#         471
  C:4553H         LINE#         472
  C:455BH         LINE#         473
  C:455BH         LINE#         474
  C:455BH         LINE#         475
  C:455BH         LINE#         476
  C:4560H         LINE#         477
  C:4560H         LINE#         479
  C:4564H         LINE#         480
  C:4566H         LINE#         482
  C:4566H         LINE#         484
  C:456DH         LINE#         485
  C:456DH         LINE#         487
  C:456DH         LINE#         488
  C:456DH         LINE#         490
BL51 BANKED LINKER/LOCATER V6.22.2.0                                                  10/27/2021  11:44:19  PAGE 31


  C:456DH         LINE#         491
  C:456DH         LINE#         492
  C:456DH         LINE#         497
  -------         ENDPROC       KEYCONTROL_MENU
  -------         PROC          KEYCONTROL_CANCEL
  C:45B3H         LINE#         499
  C:45B3H         LINE#         500
  C:45B3H         LINE#         501
  C:45B8H         LINE#         502
  C:45B8H         LINE#         503
  C:45B8H         LINE#         504
  C:45B8H         LINE#         505
  C:45B8H         LINE#         506
  C:45B8H         LINE#         508
  C:45B8H         LINE#         509
  C:45B8H         LINE#         511
  C:45B8H         LINE#         512
  C:45B8H         LINE#         514
  C:45B8H         LINE#         515
  C:45B8H         LINE#         517
  C:45B8H         LINE#         518
  C:45B8H         LINE#         520
  C:45B8H         LINE#         521
  C:45B8H         LINE#         522
  C:45B8H         LINE#         523
  C:45B8H         LINE#         525
  C:45B8H         LINE#         526
  C:45B8H         LINE#         527
  C:45B8H         LINE#         529
  C:45BDH         LINE#         530
  -------         ENDPROC       KEYCONTROL_CANCEL
  -------         PROC          KEYCONTROL_UP
  -------         DO            
  X:0EF1H         SYMBOL        Value
  X:0EF2H         SYMBOL        temp
  X:0EF1H         SYMBOL        Value
  X:0EF2H         SYMBOL        temp
  -------         ENDDO         
  -------         DO            
  X:0EF1H         SYMBOL        Value
  X:0EF2H         SYMBOL        temp
  -------         ENDDO         
  C:2D34H         LINE#         538
  C:2D34H         LINE#         539
  C:2D34H         LINE#         540
  C:2D46H         LINE#         541
  C:2D46H         LINE#         542
  C:2D46H         LINE#         543
  C:2D46H         LINE#         544
  C:2D4BH         LINE#         545
  C:2D4BH         LINE#         546
  C:2D54H         LINE#         548
  C:2D5FH         LINE#         549
  C:2D61H         LINE#         551
  C:2D61H         LINE#         552
  C:2D6AH         LINE#         554
  C:2D7BH         LINE#         555
BL51 BANKED LINKER/LOCATER V6.22.2.0                                                  10/27/2021  11:44:19  PAGE 32


  C:2D7BH         LINE#         556
  C:2D7BH         LINE#         558
  C:2D7BH         LINE#         559
  C:2D7BH         LINE#         560
  C:2D7BH         LINE#         561
  C:2D85H         LINE#         562
  C:2D85H         LINE#         564
  C:2D85H         LINE#         565
  C:2D85H         LINE#         567
  C:2D8FH         LINE#         568
  C:2D90H         LINE#         570
  C:2D9DH         LINE#         572
  C:2DA1H         LINE#         573
  C:2DA1H         LINE#         574
  C:2DA5H         LINE#         575
  C:2DA5H         LINE#         577
  C:2DAEH         LINE#         578
  C:2DAEH         LINE#         579
  C:2DAEH         LINE#         580
  C:2DB1H         LINE#         581
  C:2DB6H         LINE#         582
  C:2DB8H         LINE#         583
  C:2DC1H         LINE#         584
  C:2DC1H         LINE#         585
  C:2DC1H         LINE#         586
  C:2DC1H         LINE#         587
  C:2DC4H         LINE#         588
  C:2DC6H         LINE#         590
  C:2DC6H         LINE#         591
  C:2DC6H         LINE#         592
  C:2DC6H         LINE#         593
  C:2DCDH         LINE#         594
  C:2DCDH         LINE#         596
  C:2DD6H         LINE#         597
  C:2DE2H         LINE#         598
  C:2DE2H         LINE#         600
  C:2DE2H         LINE#         601
  C:2DE2H         LINE#         602
  C:2DE2H         LINE#         607
  -------         ENDPROC       KEYCONTROL_UP
  C:2AECH         SYMBOL        L?0202
  -------         PROC          KEYCONTROL_DOWN
  -------         DO            
  X:0EF1H         SYMBOL        Value
  X:0EF2H         SYMBOL        temp
  X:0EF1H         SYMBOL        Value
  X:0EF2H         SYMBOL        temp
  -------         ENDDO         
  -------         DO            
  X:0EF1H         SYMBOL        Value
  X:0EF2H         SYMBOL        temp
  -------         ENDDO         
  C:2A39H         LINE#         609
  C:2A39H         LINE#         610
  C:2A39H         LINE#         611
  C:2A4BH         LINE#         612
  C:2A4BH         LINE#         613
BL51 BANKED LINKER/LOCATER V6.22.2.0                                                  10/27/2021  11:44:19  PAGE 33


  C:2A4BH         LINE#         614
  C:2A4BH         LINE#         615
  C:2A50H         LINE#         616
  C:2A50H         LINE#         617
  C:2A54H         LINE#         619
  C:2A62H         LINE#         620
  C:2A64H         LINE#         622
  C:2A64H         LINE#         624
  C:2A68H         LINE#         626
  C:2A7CH         LINE#         627
  C:2A7CH         LINE#         629
  C:2A7CH         LINE#         631
  C:2A7CH         LINE#         632
  C:2A7CH         LINE#         633
  C:2A7CH         LINE#         634
  C:2A86H         LINE#         636
  C:2A86H         LINE#         638
  C:2A86H         LINE#         639
  C:2A86H         LINE#         640
  C:2A97H         LINE#         641
  C:2A9AH         LINE#         643
  C:2AA7H         LINE#         645
  C:2AA9H         LINE#         646
  C:2AA9H         LINE#         647
  C:2AABH         LINE#         648
  C:2AABH         LINE#         650
  C:2AB4H         LINE#         651
  C:2AB4H         LINE#         652
  C:2AB4H         LINE#         653
  C:2AB7H         LINE#         654
  C:2ABCH         LINE#         655
  C:2ABEH         LINE#         656
  C:2AC7H         LINE#         657
  C:2AC7H         LINE#         658
  C:2AC7H         LINE#         659
  C:2AC7H         LINE#         660
  C:2ACAH         LINE#         661
  C:2ACCH         LINE#         663
  C:2ACCH         LINE#         664
  C:2ACCH         LINE#         665
  C:2ACCH         LINE#         666
  C:2AD3H         LINE#         667
  C:2AD3H         LINE#         669
  C:2ADCH         LINE#         670
  C:2AEBH         LINE#         671
  C:2AEBH         LINE#         673
  C:2AEBH         LINE#         674
  C:2AEBH         LINE#         675
  C:2AEBH         LINE#         680
  -------         ENDPROC       KEYCONTROL_DOWN
  -------         PROC          KEYBAUD_UP
  C:3BF3H         LINE#         683
  C:3BF3H         LINE#         684
  C:3BF3H         LINE#         685
  C:3C02H         LINE#         686
  C:3C02H         LINE#         687
  C:3C02H         LINE#         688
BL51 BANKED LINKER/LOCATER V6.22.2.0                                                  10/27/2021  11:44:19  PAGE 34


  C:3C02H         LINE#         689
  C:3C0DH         LINE#         690
  C:3C0DH         LINE#         691
  C:3C0FH         LINE#         692
  C:3C0FH         LINE#         693
  C:3C0FH         LINE#         694
  C:3C1DH         LINE#         695
  C:3C1DH         LINE#         696
  C:3C1FH         LINE#         697
  C:3C1FH         LINE#         698
  C:3C1FH         LINE#         699
  C:3C2DH         LINE#         700
  C:3C2DH         LINE#         701
  C:3C2FH         LINE#         702
  C:3C2FH         LINE#         703
  C:3C2FH         LINE#         704
  C:3C3DH         LINE#         705
  C:3C4AH         LINE#         706
  C:3C4AH         LINE#         707
  C:3C4AH         LINE#         708
  C:3C4AH         LINE#         712
  -------         ENDPROC       KEYBAUD_UP
  -------         PROC          KEYBAUD_DOWN
  C:3C4BH         LINE#         715
  C:3C4BH         LINE#         716
  C:3C4BH         LINE#         717
  C:3C5AH         LINE#         718
  C:3C5AH         LINE#         719
  C:3C5AH         LINE#         720
  C:3C5AH         LINE#         721
  C:3C65H         LINE#         722
  C:3C65H         LINE#         723
  C:3C67H         LINE#         724
  C:3C67H         LINE#         725
  C:3C67H         LINE#         726
  C:3C75H         LINE#         727
  C:3C75H         LINE#         728
  C:3C77H         LINE#         729
  C:3C77H         LINE#         730
  C:3C77H         LINE#         731
  C:3C85H         LINE#         732
  C:3C85H         LINE#         733
  C:3C87H         LINE#         734
  C:3C87H         LINE#         735
  C:3C87H         LINE#         736
  C:3C95H         LINE#         737
  C:3CA2H         LINE#         738
  C:3CA2H         LINE#         739
  C:3CA2H         LINE#         740
  C:3CA2H         LINE#         744
  -------         ENDPROC       KEYBAUD_DOWN
  C:3051H         SYMBOL        L?0167
  C:3073H         SYMBOL        L?0213
  -------         PROC          KEYBAUD_ENTER
  C:2FDCH         LINE#         747
  C:2FDCH         LINE#         748
  C:2FDCH         LINE#         749
BL51 BANKED LINKER/LOCATER V6.22.2.0                                                  10/27/2021  11:44:19  PAGE 35


  C:2FEBH         LINE#         750
  C:2FEBH         LINE#         751
  C:2FEBH         LINE#         752
  C:2FEBH         LINE#         753
  C:2FF6H         LINE#         754
  C:2FF6H         LINE#         756
  C:2FF6H         LINE#         757
  C:2FF6H         LINE#         758
  C:2FF6H         LINE#         759
  C:2FFDH         LINE#         760
  C:3000H         LINE#         761
  C:3000H         LINE#         762
  C:3000H         LINE#         763
  C:300BH         LINE#         764
  C:300BH         LINE#         766
  C:300BH         LINE#         767
  C:300BH         LINE#         768
  C:300BH         LINE#         769
  C:3012H         LINE#         770
  C:3015H         LINE#         771
  C:3015H         LINE#         772
  C:3015H         LINE#         773
  C:3020H         LINE#         774
  C:3023H         LINE#         776
  C:3026H         LINE#         777
  C:3029H         LINE#         778
  C:3029H         LINE#         779
  C:3030H         LINE#         780
  C:3032H         LINE#         781
  C:3032H         LINE#         782
  C:3032H         LINE#         783
  C:303DH         LINE#         784
  C:3040H         LINE#         786
  C:3043H         LINE#         787
  C:3046H         LINE#         788
  C:3046H         LINE#         789
  C:3050H         LINE#         790
  C:3050H         LINE#         791
  C:3050H         LINE#         792
  C:3050H         LINE#         796
  -------         ENDPROC       KEYBAUD_ENTER
  -------         PROC          KEYBAUD_CANCEL
  C:45F8H         LINE#         799
  C:45F8H         LINE#         800
  C:45F8H         LINE#         801
  C:45FEH         LINE#         802
  -------         ENDPROC       KEYBAUD_CANCEL
  -------         PROC          KEYBAUD_MENU
  C:0089H         LINE#         810
  C:0089H         LINE#         811
  C:0089H         LINE#         815
  -------         ENDPROC       KEYBAUD_MENU
  -------         PROC          REFRESHMENUDISP
  -------         DO            
  X:0EF4H         SYMBOL        i
  -------         ENDDO         
  C:3E36H         LINE#         818
BL51 BANKED LINKER/LOCATER V6.22.2.0                                                  10/27/2021  11:44:19  PAGE 36


  C:3E36H         LINE#         819
  C:3E36H         LINE#         820
  C:3E3BH         LINE#         821
  C:3E3EH         LINE#         823
  C:3E4BH         LINE#         824
  C:3E4BH         LINE#         825
  C:3E6BH         LINE#         826
  C:3E73H         LINE#         828
  -------         ENDPROC       REFRESHMENUDISP
  -------         PROC          REFRESHBAUDDISP
  -------         DO            
  X:0EF4H         SYMBOL        i
  -------         ENDDO         
  C:3E7CH         LINE#         832
  C:3E7CH         LINE#         833
  C:3E7CH         LINE#         834
  C:3E81H         LINE#         835
  C:3E84H         LINE#         837
  C:3E90H         LINE#         838
  C:3E90H         LINE#         839
  C:3EACH         LINE#         840
  C:3EB4H         LINE#         842
  -------         ENDPROC       REFRESHBAUDDISP
  -------         PROC          BAUD_SETTING
  C:4658H         LINE#         851
  C:4658H         LINE#         852
  C:4658H         LINE#         854
  -------         ENDPROC       BAUD_SETTING
  -------         PROC          _LCDDLY
  D:0007H         SYMBOL        key
  C:4011H         LINE#         862
  C:4011H         LINE#         863
  C:4011H         LINE#         864
  C:4019H         LINE#         865
  C:4019H         LINE#         866
  C:4021H         LINE#         868
  C:4021H         LINE#         870
[...]
  C:4105H         LINE#         73
  -------         ENDPROC       _IAPREAD
  -------         PROC          _IAPPROGRAM
  X:0EFAH         SYMBOL        addr
  X:0EFCH         SYMBOL        dat
  C:43D7H         LINE#         82
  C:43E2H         LINE#         83
  C:43E2H         LINE#         84
  C:43E5H         LINE#         85
  C:43E8H         LINE#         86
  C:43F0H         LINE#         87
  C:43F3H         LINE#         88
  C:43F7H         LINE#         89
  C:43F7H         LINE#         90
  C:43FAH         LINE#         91
  -------         ENDPROC       _IAPPROGRAM
  -------         PROC          _IAPERASE
  X:0EF4H         SYMBOL        addr
  C:43FDH         LINE#         102
  C:4405H         LINE#         103
  C:4405H         LINE#         104
  C:4408H         LINE#         105
  C:440BH         LINE#         106
  C:4413H         LINE#         107
  C:4416H         LINE#         108
  C:4416H         LINE#         109
  C:4419H         LINE#         110
  C:441CH         LINE#         111
  -------         ENDPROC       _IAPERASE
  -------         PROC          _IAPWRITE_BUFF
BL51 BANKED LINKER/LOCATER V6.22.2.0                                                  10/27/2021  11:44:19  PAGE 52


  X:0EF4H         SYMBOL        Addr
  X:0EF6H         SYMBOL        Str
  X:0EF9H         SYMBOL        Len
  C:41E9H         LINE#         120
  C:41EFH         LINE#         121
  C:41EFH         LINE#         122
  C:41F9H         LINE#         123
  C:41F9H         LINE#         124
  C:4212H         LINE#         125
  C:4214H         LINE#         126
  -------         ENDPROC       _IAPWRITE_BUFF
  -------         PROC          _IAPREAD_BUFF
  X:0EF1H         SYMBOL        Addr
  X:0EF3H         SYMBOL        Str
  X:0EF6H         SYMBOL        Len
  C:426DH         LINE#         134
  C:4273H         LINE#         135
  C:4273H         LINE#         136
  C:427DH         LINE#         137
  C:427DH         LINE#         138
  C:4295H         LINE#         139
  C:4297H         LINE#         140
  -------         ENDPROC       _IAPREAD_BUFF
  -------         ENDMOD        EEPROM

  -------         MODULE        KEY
  C:0000H         SYMBOL        _ICE_DUMMY_
  D:0080H         PUBLIC        P0
  D:0090H         PUBLIC        P1
  D:00A0H         PUBLIC        P2
  D:00B0H         PUBLIC        P3
  D:00C0H         PUBLIC        P4
  D:00C8H         PUBLIC        P5
  D:00E8H         PUBLIC        P6
  D:00F8H         PUBLIC        P7
  X:0F7CH         PUBLIC        KeyStateCurrrent
  D:00A8H         PUBLIC        IE
  D:00B8H         PUBLIC        IP
  D:00D8H         PUBLIC        CCON
  D:0098H         PUBLIC        SCON
  B:00A0H.2       PUBLIC        P22
  D:0088H         PUBLIC        TCON
  B:00A0H.3       PUBLIC        P23
  B:00A0H.4       PUBLIC        P24
  B:00A0H.5       PUBLIC        P25
  B:00A0H.6       PUBLIC        P26
  C:3433H         PUBLIC        Key_Chick
  D:00D0H         PUBLIC        PSW
  -------         PROC          KEY_CHICK
  -------         DO            
  X:0F7BH         SYMBOL        KeyTemp
  X:0EF3H         SYMBOL        KeyValue
  -------         ENDDO         
  C:3433H         LINE#         13
  C:3433H         LINE#         14
  C:3433H         LINE#         17
  C:3461H         LINE#         19
BL51 BANKED LINKER/LOCATER V6.22.2.0                                                  10/27/2021  11:44:19  PAGE 53


  C:3470H         LINE#         20
  C:3470H         LINE#         21
  C:3470H         LINE#         22
  C:3470H         LINE#         23
  C:3478H         LINE#         24
  C:3478H         LINE#         25
  C:347DH         LINE#         26
  C:347DH         LINE#         28
  C:347FH         LINE#         29
  C:347FH         LINE#         31
  C:347FH         LINE#         32
  C:347FH         LINE#         33
  C:3486H         LINE#         35
  C:348FH         LINE#         36
  C:348FH         LINE#         37
  C:3494H         LINE#         38
  C:3498H         LINE#         39
  C:3498H         LINE#         41
  C:349AH         LINE#         42
  C:349AH         LINE#         44
  C:349AH         LINE#         45
  C:349AH         LINE#         46
  C:34A2H         LINE#         47
  C:34A2H         LINE#         48
  C:34A7H         LINE#         49
  C:34ADH         LINE#         50
  C:34ADH         LINE#         52
  C:34ADH         LINE#         53
  C:34ADH         LINE#         55
  C:34ADH         LINE#         56
  C:34ADH         LINE#         57
  C:34B3H         LINE#         58
  C:34B7H         LINE#         59
  C:34BEH         LINE#         60
  C:34BEH         LINE#         61
  C:34BEH         LINE#         62
  C:34BEH         LINE#         64
  C:34C0H         LINE#         65
  -------         ENDPROC       KEY_CHICK
  -------         ENDMOD        KEY

  -------         MODULE        LCD
  C:0000H         SYMBOL        _ICE_DUMMY_
  C:3FB2H         PUBLIC        _lcd_address
  D:0080H         PUBLIC        P0
  D:0090H         PUBLIC        P1
  D:00A0H         PUBLIC        P2
  D:00B0H         PUBLIC        P3
  C:3A17H         PUBLIC        initial_lcd
  D:00C0H         PUBLIC        P4
  D:00C8H         PUBLIC        P5
  D:00E8H         PUBLIC        P6
  D:00F8H         PUBLIC        P7
  D:00A8H         PUBLIC        IE
  C:2075H         PUBLIC        _GUI_Lattice
  X:0F73H         PUBLIC        frontCurrent
  D:00B8H         PUBLIC        IP
BL51 BANKED LINKER/LOCATER V6.22.2.0                                                  10/27/2021  11:44:19  PAGE 54


  D:00D8H         PUBLIC        CCON
  C:3D9EH         SYMBOL        _GetCHIndex
  C:4215H         PUBLIC        _transfer_command
  D:0098H         PUBLIC        SCON
  D:0088H         PUBLIC        TCON
  B:00B0H.2       PUBLIC        P32
  B:00B0H.3       PUBLIC        P33
  B:00B0H.4       PUBLIC        P34
  B:00B0H.5       PUBLIC        P35
  B:00B0H.6       PUBLIC        P36
  B:00B0H.7       PUBLIC        P37
  C:2AFFH         PUBLIC        _GUI_String
  C:3B40H         SYMBOL        _GetFrontParm
  C:4241H         PUBLIC        _transfer_data
  C:4423H         PUBLIC        clear_screen
  D:00D0H         PUBLIC        PSW
  C:38CDH         SYMBOL        Com004D
  C:38CDH         SYMBOL        L?0078
  C:38D6H         SYMBOL        L?0079
  C:38D9H         SYMBOL        L?0080
  C:38E1H         SYMBOL        L?0082
  C:38E1H         SYMBOL        L?0083
  C:38E4H         SYMBOL        L?0084
  C:38E5H         SYMBOL        L?0085
  C:38EEH         SYMBOL        L?0086
  C:390AH         SYMBOL        L?0087
  C:391DH         SYMBOL        L?0091
  C:392AH         SYMBOL        L?0092
  C:392EH         SYMBOL        L?0093
  C:3935H         SYMBOL        L?0094
  C:3936H         SYMBOL        L?0095
  -------         PROC          COM004D
  -------         ENDPROC       COM004D
  -------         PROC          _TRANSFER_COMMAND
  D:0007H         SYMBOL        data1
  -------         DO            
  D:0006H         SYMBOL        i
  -------         ENDDO         
  C:4215H         LINE#         11
  C:4215H         LINE#         12
  C:4215H         LINE#         14
  C:4217H         LINE#         15
  C:4219H         LINE#         17
  C:4220H         LINE#         18
  C:4220H         LINE#         19
  C:4222H         LINE#         21
  C:4226H         LINE#         22
  C:422AH         LINE#         24
  C:422CH         LINE#         26
  C:422EH         LINE#         27
  C:423BH         LINE#         28
  C:423EH         LINE#         30
  C:4240H         LINE#         31
  -------         ENDPROC       _TRANSFER_COMMAND
  -------         PROC          _TRANSFER_DATA
  D:0007H         SYMBOL        data1
  -------         DO            
BL51 BANKED LINKER/LOCATER V6.22.2.0                                                  10/27/2021  11:44:19  PAGE 55


  D:0006H         SYMBOL        i
  -------         ENDDO         
  C:4241H         LINE#         40
  C:4241H         LINE#         41
  C:4241H         LINE#         43
  C:4243H         LINE#         44
  C:4245H         LINE#         46
  C:424CH         LINE#         47
  C:424CH         LINE#         48
  C:424EH         LINE#         50
  C:4252H         LINE#         51
  C:4252H         LINE#         52
  C:4254H         LINE#         53
  C:4256H         LINE#         55
  C:4256H         LINE#         56
  C:4258H         LINE#         57
  C:4258H         LINE#         59
  C:425AH         LINE#         61
  C:4267H         LINE#         62
  C:426AH         LINE#         64
  C:426CH         LINE#         65
  -------         ENDPROC       _TRANSFER_DATA
  -------         PROC          CLEAR_SCREEN
  -------         DO            
  D:0004H         SYMBOL        i
  D:0003H         SYMBOL        j
  -------         ENDDO         
  C:4423H         LINE#         73
  C:4423H         LINE#         74
  C:4423H         LINE#         77
  C:442BH         LINE#         78
  C:442BH         LINE#         79
  C:4432H         LINE#         81
  C:443DH         LINE#         82
  C:443DH         LINE#         83
  C:4442H         LINE#         84
  C:4445H         LINE#         85
  C:4448H         LINE#         86
  -------         ENDPROC       CLEAR_SCREEN
  -------         PROC          L?0090
  -------         ENDPROC       L?0090
  -------         PROC          _LCD_ADDRESS
  D:0006H         SYMBOL        page
  D:0004H         SYMBOL        column
  C:3FB2H         LINE#         95
  C:3FB6H         LINE#         96
  C:3FB6H         LINE#         98
  C:3FC1H         LINE#         99
  C:3FC1H         LINE#         100
  C:3FC3H         LINE#         101
  C:3FC5H         LINE#         103
  C:3FC5H         LINE#         104
  C:3FCBH         LINE#         105
  C:3FCBH         LINE#         107
  C:3FD5H         LINE#         109
  -------         ENDPROC       _LCD_ADDRESS
  C:3A5FH         SYMBOL        L?0081
BL51 BANKED LINKER/LOCATER V6.22.2.0                                                  10/27/2021  11:44:19  PAGE 56


  C:3A76H         SYMBOL        L?0089
  -------         PROC          INITIAL_LCD
  C:3A17H         LINE#         119
  C:3A17H         LINE#         120
  C:3A17H         LINE#         121
  C:3A19H         LINE#         122
  C:3A20H         LINE#         124
  C:3A22H         LINE#         126
  C:3A29H         LINE#         128
  C:3A2EH         LINE#         129
  C:3A35H         LINE#         131
  C:3A37H         LINE#         132
  C:3A3AH         LINE#         133
  C:3A3CH         LINE#         134
  C:3A3CH         LINE#         136
  C:3A3CH         LINE#         138
  C:3A3FH         LINE#         139
  C:3A41H         LINE#         140
  C:3A41H         LINE#         141
  C:3A41H         LINE#         143
  C:3A44H         LINE#         145
  C:3A46H         LINE#         146
  C:3A49H         LINE#         148
  C:3A4EH         LINE#         149
  C:3A55H         LINE#         151
  C:3A5AH         LINE#         153
  C:3A5CH         LINE#         155
  C:3A5FH         LINE#         156
  -------         ENDPROC       INITIAL_LCD
  -------         PROC          _GETFRONTPARM
  D:0007H         SYMBOL        font
  C:3B40H         LINE#         164
  C:3B40H         LINE#         165
  C:3B40H         LINE#         166
  C:3B47H         LINE#         167
  C:3B47H         LINE#         168
  C:3B47H         LINE#         169
  C:3B47H         LINE#         170
  C:3B4DH         LINE#         171
  C:3B53H         LINE#         172
  C:3B59H         LINE#         174
  C:3B67H         LINE#         176
  C:3B6DH         LINE#         177
  C:3B6FH         LINE#         178
  C:3B6FH         LINE#         180
  C:3B6FH         LINE#         181
  C:3B6FH         LINE#         182
  C:3B75H         LINE#         183
  C:3B7BH         LINE#         184
  C:3B81H         LINE#         185
  C:3B87H         LINE#         187
  C:3B93H         LINE#         188
  C:3B95H         LINE#         189
  C:3B95H         LINE#         199
  C:3B95H         LINE#         200
  C:3B98H         LINE#         201
  C:3B98H         LINE#         203
BL51 BANKED LINKER/LOCATER V6.22.2.0                                                  10/27/2021  11:44:19  PAGE 57


  C:3B9AH         LINE#         204
  -------         ENDPROC       _GETFRONTPARM
  -------         PROC          _GETCHINDEX
  X:0EFEH         SYMBOL        ZoneCode
  -------         DO            
  D:0004H         SYMBOL        i
  D:0006H         SYMBOL        CHCode
  -------         ENDDO         
  C:3D9EH         LINE#         212
  C:3DA6H         LINE#         213
  C:3DA6H         LINE#         214
  C:3DA9H         LINE#         217
  C:3DA9H         LINE#         218
  C:3DA9H         LINE#         219
  C:3DD3H         LINE#         221
  C:3DDFH         LINE#         222
  C:3DDFH         LINE#         223
  C:3DDFH         LINE#         224
  C:3DDFH         LINE#         225
  C:3DEAH         LINE#         227
  C:3DEEH         LINE#         228
  -------         ENDPROC       _GETCHINDEX
  C:2BB1H         SYMBOL        L?0088
  -------         PROC          _GUI_STRING
  X:0EF5H         SYMBOL        x
  X:0EF6H         SYMBOL        y
  X:0EF7H         SYMBOL        pString
  X:0EFAH         SYMBOL        font
  -------         DO            
  X:0EFBH         SYMBOL        ChIndex
  X:0EFDH         SYMBOL        Offset
  D:0006H         SYMBOL        ZoneCode
  -------         ENDDO         
  C:2AFFH         LINE#         237
  C:2B10H         LINE#         238
  C:2B10H         LINE#         245
  C:2B16H         LINE#         247
  C:2B1BH         LINE#         250
  C:2B1BH         LINE#         251
  C:2B30H         LINE#         252
  C:2B30H         LINE#         253
  C:2B3FH         LINE#         255
  C:2B54H         LINE#         256
  C:2B54H         LINE#         257
  C:2B59H         LINE#         258
  C:2B5CH         LINE#         260
  C:2B5CH         LINE#         262
  C:2B66H         LINE#         264
  C:2B7CH         LINE#         266
  C:2B87H         LINE#         268
  C:2B9CH         LINE#         269
  C:2B9CH         LINE#         270
  C:2BA2H         LINE#         271
  C:2BA2H         LINE#         273
  C:2BA2H         LINE#         274
  C:2BB0H         LINE#         275
  -------         ENDPROC       _GUI_STRING
BL51 BANKED LINKER/LOCATER V6.22.2.0                                                  10/27/2021  11:44:19  PAGE 58


  -------         PROC          _GUI_LATTICE
  X:0EFEH         SYMBOL        x
  D:0002H         SYMBOL        y
  X:0F00H         SYMBOL        Width
  X:0F01H         SYMBOL        High
  X:0F02H         SYMBOL        plattice
  -------         DO            
  X:0F05H         SYMBOL        y_Dy
  X:0F06H         SYMBOL        y_by
  X:0F07H         SYMBOL        y1_Dy
  X:0F08H         SYMBOL        y1_by
  X:0F09H         SYMBOL        y_Bytes
  X:0F0AH         SYMBOL        i
  X:0F0BH         SYMBOL        j
  X:0F0CH         SYMBOL        tempH
  D:0003H         SYMBOL        tempL
  -------         ENDDO         
  C:2075H         LINE#         284
  C:2081H         LINE#         285
  C:2081H         LINE#         290
  C:209AH         LINE#         292
  C:20B2H         LINE#         293
  C:20B8H         LINE#         295
  C:20C3H         LINE#         296
  C:20C8H         LINE#         298
  C:20D0H         LINE#         300
  C:20E1H         LINE#         301
  C:20E1H         LINE#         302
  C:20F0H         LINE#         303
  C:20F0H         LINE#         304
  C:2106H         LINE#         305
  C:2106H         LINE#         306
  C:210CH         LINE#         307
  C:210CH         LINE#         308
  C:2111H         LINE#         309
  C:2126H         LINE#         311
  C:2129H         LINE#         312
  C:2134H         LINE#         313
  C:2134H         LINE#         314
  C:213BH         LINE#         316
  C:2170H         LINE#         317
  C:2173H         LINE#         319
  C:2173H         LINE#         320
  C:219AH         LINE#         321
  C:21BAH         LINE#         323
  C:21C7H         LINE#         324
  C:21D0H         LINE#         325
  C:21D0H         LINE#         326
  C:21D9H         LINE#         327
  C:21D9H         LINE#         329
  C:21D9H         LINE#         330
  C:21E3H         LINE#         331
  C:2216H         LINE#         332
  C:2216H         LINE#         333
  C:221FH         LINE#         334
  -------         ENDPROC       _GUI_LATTICE
  -------         ENDMOD        LCD
BL51 BANKED LINKER/LOCATER V6.22.2.0                                                  10/27/2021  11:44:19  PAGE 59



  -------         MODULE        ?C?COPY
  C:1A74H         PUBLIC        ?C?COPY
  -------         ENDMOD        ?C?COPY

  -------         MODULE        ?C?CLDPTR
  C:1A9AH         PUBLIC        ?C?CLDPTR
  -------         ENDMOD        ?C?CLDPTR

  -------         MODULE        ?C?CLDOPTR
  C:1AB3H         PUBLIC        ?C?CLDOPTR
  -------         ENDMOD        ?C?CLDOPTR

  -------         MODULE        ?C?CILDPTR
  C:1AE0H         PUBLIC        ?C?CILDPTR
  -------         ENDMOD        ?C?CILDPTR

  -------         MODULE        ?C?CSTPTR
  C:1B02H         PUBLIC        ?C?CSTPTR
  -------         ENDMOD        ?C?CSTPTR

  -------         MODULE        ?C?CSTOPTR
  C:1B14H         PUBLIC        ?C?CSTOPTR
  -------         ENDMOD        ?C?CSTOPTR

  -------         MODULE        ?C?IMUL
  C:1B36H         PUBLIC        ?C?IMUL
  -------         ENDMOD        ?C?IMUL

  -------         MODULE        ?C?UIDIV
  C:1B48H         PUBLIC        ?C?UIDIV
  -------         ENDMOD        ?C?UIDIV

  -------         MODULE        ?C?SIDIV
  C:1B9DH         PUBLIC        ?C?SIDIV
  -------         ENDMOD        ?C?SIDIV

  -------         MODULE        ?C?IILDX
  C:1BD3H         PUBLIC        ?C?IILDX
  -------         ENDMOD        ?C?IILDX

  -------         MODULE        ?C?ILDIX
  C:1BE9H         PUBLIC        ?C?ILDIX
  -------         ENDMOD        ?C?ILDIX

  -------         MODULE        ?C?ILDOPTR
  C:1BFFH         PUBLIC        ?C?ILDOPTR
  -------         ENDMOD        ?C?ILDOPTR

  -------         MODULE        ?C?ULCMP
  C:1C37H         PUBLIC        ?C?ULCMP
  -------         ENDMOD        ?C?ULCMP

  -------         MODULE        ?C?LSTKXDATA
  C:1C48H         PUBLIC        ?C?LSTKXDATA
  -------         ENDMOD        ?C?LSTKXDATA

BL51 BANKED LINKER/LOCATER V6.22.2.0                                                  10/27/2021  11:44:19  PAGE 60


  -------         MODULE        ?C?PLDOPTR
  C:1C79H         PUBLIC        ?C?PLDOPTR
  -------         ENDMOD        ?C?PLDOPTR

  -------         MODULE        ?C?ICALL
  C:1CA9H         PUBLIC        ?C?ICALL
  C:1CADH         PUBLIC        ?C?ICALL2
  -------         ENDMOD        ?C?ICALL

  -------         MODULE        STRNCMP
  X:0F10H         PUBLIC        ?_strncmp?BYTE
  C:35D6H         PUBLIC        _strncmp
  -------         ENDMOD        STRNCMP

  -------         MODULE        STRLEN
  C:459EH         PUBLIC        _STRLEN
  -------         ENDMOD        STRLEN

  -------         MODULE        ?C?MEMSET
  C:1CAFH         PUBLIC        ?C?MEMSET
  -------         ENDMOD        ?C?MEMSET

  -------         MODULE        ?C?PLDIDATA
  C:1CDBH         PUBLIC        ?C?PLDIDATA
  -------         ENDMOD        ?C?PLDIDATA

  -------         MODULE        ?C?PLDXDATA
  C:1CE4H         PUBLIC        ?C?PLDXDATA
  -------         ENDMOD        ?C?PLDXDATA

  -------         MODULE        ?C?PLDPDATA
  C:1CEDH         PUBLIC        ?C?PLDPDATA
  -------         ENDMOD        ?C?PLDPDATA

  -------         MODULE        ?C?PLDCODE
  C:1CF6H         PUBLIC        ?C?PLDCODE
  -------         ENDMOD        ?C?PLDCODE

*** WARNING L7: MODULE NAME NOT UNIQUE
    MODULE:  .\Objects\STARTUP.obj (?C_STARTUP)

Program Size: data=9.0 xdata=3965 code=18029
LINK/LOCATE RUN COMPLETE.  1 WARNING(S),  0 ERROR(S)
