BL51 BANKED LINKER/LOCATER V6.22.2.0                                                    12/18/2021  17:07:55  PAGE 1


BL51 BANKED LINKER/LOCATER V6.22.2.0, INVOKED BY:
C:\KEIL_V5\C51\BIN\BL51.EXE .\Objects\main.obj, .\Objects\Control.obj, .\Objects\report.obj, .\Objects\Menu.obj, .\Objec
>> ts\pFunc.obj, .\Objects\systemTimer.obj, .\Objects\usart.obj, .\Objects\timer.obj, .\Objects\wifi.obj, .\STCLIB\Front
>> .LIB, .\STCLIB\Gpio.LIB, .\STCLIB\Iape2prom.LIB, .\STCLIB\Key.LIB, .\STCLIB\Lcd19264.LIB, .\Objects\STARTUP.obj TO .\
>> Objects\WIRELESS_PLC PRINT (.\Listings\WIRELESS_PLC.m51) RAMSIZE (256)


MEMORY MODEL: LARGE


INPUT MODULES INCLUDED:
  .\Objects\main.obj (MAIN)
  .\Objects\Control.obj (CONTROL)
  .\Objects\report.obj (REPORT)
  .\Objects\Menu.obj (MENU)
  .\Objects\pFunc.obj (PFUNC)
  .\Objects\systemTimer.obj (SYSTEMTIMER)
  .\Objects\usart.obj (USART)
  .\Objects\timer.obj (TIMER)
  .\Objects\wifi.obj (WIFI)
  .\STCLIB\Front.LIB (CHINESE_CODE)
  .\STCLIB\Front.LIB (?C_STARTUP)
  .\STCLIB\Gpio.LIB (GPIO)
  .\STCLIB\Iape2prom.LIB (EEPROM)
  .\STCLIB\Key.LIB (KEY)
  .\STCLIB\Lcd19264.LIB (LCD)
  C:\KEIL_V5\C51\LIB\C51L.LIB (?C_INIT)
  C:\KEIL_V5\C51\LIB\C51L.LIB (?C?COPY)
  C:\KEIL_V5\C51\LIB\C51L.LIB (?C?CLDPTR)
  C:\KEIL_V5\C51\LIB\C51L.LIB (?C?CLDOPTR)
  C:\KEIL_V5\C51\LIB\C51L.LIB (?C?CILDPTR)
  C:\KEIL_V5\C51\LIB\C51L.LIB (?C?CSTPTR)
  C:\KEIL_V5\C51\LIB\C51L.LIB (?C?CSTOPTR)
  C:\KEIL_V5\C51\LIB\C51L.LIB (?C?IMUL)
  C:\KEIL_V5\C51\LIB\C51L.LIB (?C?UIDIV)
  C:\KEIL_V5\C51\LIB\C51L.LIB (?C?SIDIV)
  C:\KEIL_V5\C51\LIB\C51L.LIB (?C?IILDX)
  C:\KEIL_V5\C51\LIB\C51L.LIB (?C?ILDIX)
  C:\KEIL_V5\C51\LIB\C51L.LIB (?C?ILDOPTR)
  C:\KEIL_V5\C51\LIB\C51L.LIB (?C?IILDOPTR)
  C:\KEIL_V5\C51\LIB\C51L.LIB (?C?ISTOPTR)
  C:\KEIL_V5\C51\LIB\C51L.LIB (?C?ULCMP)
  C:\KEIL_V5\C51\LIB\C51L.LIB (?C?LSTKXDATA)
  C:\KEIL_V5\C51\LIB\C51L.LIB (?C?OFFXADD)
  C:\KEIL_V5\C51\LIB\C51L.LIB (?C?PLDXDATA)
  C:\KEIL_V5\C51\LIB\C51L.LIB (?C?PLDIXDATA)
  C:\KEIL_V5\C51\LIB\C51L.LIB (?C?PSTXDATA)
  C:\KEIL_V5\C51\LIB\C51L.LIB (?C?PLDCODE)
  C:\KEIL_V5\C51\LIB\C51L.LIB (?C?PLDOPTR)
  C:\KEIL_V5\C51\LIB\C51L.LIB (?C?ICALL)
  C:\KEIL_V5\C51\LIB\C51L.LIB (STRNCMP)
  C:\KEIL_V5\C51\LIB\C51L.LIB (STRLEN)
  C:\KEIL_V5\C51\LIB\C51L.LIB (?C?MEMSET)
  C:\KEIL_V5\C51\LIB\C51L.LIB (?C?PLDIDATA)
  C:\KEIL_V5\C51\LIB\C51L.LIB (?C?PLDPDATA)


LINK MAP OF MODULE:  .\Objects\WIRELESS_PLC (MAIN)
BL51 BANKED LINKER/LOCATER V6.22.2.0                                                  12/18/2021  17:07:55  PAGE 2




            TYPE    BASE      LENGTH    RELOCATION   SEGMENT NAME
            -----------------------------------------------------

            * * * * * * *   D A T A   M E M O R Y   * * * * * * *
            REG     0000H     0008H     ABSOLUTE     "REG BANK 0"
            REG     0008H     0008H     ABSOLUTE     "REG BANK 1"
            REG     0010H     0008H     ABSOLUTE     "REG BANK 2"
            IDATA   0018H     0001H     UNIT         ?STACK

            * * * * * * *  X D A T A   M E M O R Y  * * * * * * *
            XDATA   0000H     1218H     UNIT         ?XD?REPORT
            XDATA   1218H     00BEH     UNIT         ?XD?MENU
            XDATA   12D6H     007DH     UNIT         ?XD?CONTROL
            XDATA   1353H     003BH     UNIT         _XDATA_GROUP_
            XDATA   138EH     002DH     UNIT         ?XD?USART
            XDATA   13BBH     0011H     UNIT         ?XD?MAIN
            XDATA   13CCH     0008H     UNIT         ?XD?SYSTEMTIMER
            XDATA   13D4H     0008H     UNIT         ?XD?TIMER
            XDATA   13DCH     0008H     UNIT         ?XD?LCD
            XDATA   13E4H     0002H     UNIT         ?XD?KEY

            * * * * * * *   C O D E   M E M O R Y   * * * * * * *
            CODE    0000H     0003H     ABSOLUTE     
            CODE    0003H     0008H     UNIT         ?PR?COMMUNICAINIT?CONTROL
            CODE    000BH     0003H     ABSOLUTE     
            CODE    000EH     0015H     UNIT         ?PR?_STRLEN?STRLEN
            CODE    0023H     0003H     ABSOLUTE     
            CODE    0026H     001CH     UNIT         ?PR?_PASSWORDDELETE?CONTROL
            CODE    0042H     0001H     UNIT         ?PR?KEYMENU_MENU?MENU
            CODE    0043H     0003H     ABSOLUTE     
            CODE    0046H     0045H     UNIT         ?PR?REFRESHMENUDISP?MENU
            CODE    008BH     0003H     ABSOLUTE     
            CODE    008EH     0003H     UNIT         ?PR?_LCDSHOW?MENU
            CODE    0091H     0001H     UNIT         ?PR?KEYBAUD_MENU?MENU
                    0092H     0001H                  *** GAP ***
            CODE    0093H     0003H     ABSOLUTE     
            CODE    0096H     2012H     UNIT         ?CO?CHINESE_CODE
            CODE    20A8H     0404H     UNIT         ?C?LIB_CODE
            CODE    24ACH     0217H     UNIT         ?PR?KEYCONTROL_ENTER?MENU
            CODE    26C3H     01EDH     UNIT         ?PR?_PUBLIC_DATAHANDLE?REPORT
            CODE    28B0H     01EAH     UNIT         ?PR?MENU
            CODE    2A9AH     01ABH     UNIT         ?CO?WIFI
            CODE    2C45H     01ABH     UNIT         ?PR?_GUI_LATTICE?LCD
            CODE    2DF0H     0199H     UNIT         ?PR?_GPIO_INILIZE?GPIO
            CODE    2F89H     0191H     UNIT         ?PR?_MYITOA?PFUNC
            CODE    311AH     0159H     UNIT         ?C_INITSEG
            CODE    3273H     0116H     UNIT         ?PR?TIMER0_ISR?TIMER
            CODE    3389H     00ECH     UNIT         ?CO?MENU
            CODE    3475H     00EAH     UNIT         ?PR?KEYCONTROL_DOWN?MENU
            CODE    355FH     00DFH     UNIT         ?CO?CONTROL
            CODE    363EH     00D1H     UNIT         ?PR?KEYCONTROL_UP?MENU
            CODE    370FH     00C5H     UNIT         ?PR?_GUI_STRING?LCD
            CODE    37D4H     00BBH     UNIT         ?PR?USART
            CODE    388FH     00AEH     UNIT         ?PR?_UART_BASE_MSPINIT?USART
            CODE    393DH     009FH     UNIT         ?PR?UART4_ISR?USART
BL51 BANKED LINKER/LOCATER V6.22.2.0                                                  12/18/2021  17:07:55  PAGE 3


            CODE    39DCH     0098H     UNIT         ?PR?_GETCRC16?REPORT
            CODE    3A74H     0097H     UNIT         ?PR?CONTROL
            CODE    3B0BH     0097H     UNIT         ?PR?UART2_ISR?USART
            CODE    3BA2H     0095H     UNIT         ?PR?UART3_ISR?USART
            CODE    3C37H     0090H     UNIT         ?PR?SYSTEMINIT?MAIN
            CODE    3CC7H     0090H     UNIT         ?PR?UART1_ISR?USART
            CODE    3D57H     008EH     UNIT         ?PR?KEY_CHICK?KEY
            CODE    3DE5H     008CH     UNIT         ?C_C51STARTUP
            CODE    3E71H     0087H     UNIT         ?PR?PASSWORDCHANGEUISHOW?CONTROL
            CODE    3EF8H     0087H     UNIT         ?PR?_STRNCMP?STRNCMP
            CODE    3F7FH     0085H     UNIT         ?PR?INIT_ALL?MAIN
            CODE    4004H     007CH     UNIT         ?PR?_INIT_LISTQUEUE?REPORT
            CODE    4080H     007BH     UNIT         ?PR?IAP_FLASH_IINIT?MAIN
            CODE    40FBH     007BH     UNIT         ?PR?REPORT
            CODE    4176H     007BH     UNIT         ?PR?KEYMAIN_ENTER?MENU
            CODE    41F1H     0075H     UNIT         ?PR?KEYEVENT?MENU
            CODE    4266H     0074H     UNIT         ?PR?KEYBAUD_ENTER?MENU
            CODE    42DAH     0071H     UNIT         ?PR?LCD
            CODE    434BH     0070H     UNIT         ?PR?HOTSPOTSETTINGUISHOW?CONTROL
            CODE    43BBH     006AH     UNIT         ?PR?INITIAL_LCD?LCD
            CODE    4425H     0069H     UNIT         ?PR?_PASSWORDINPUT?CONTROL
            CODE    448EH     0069H     UNIT         ?PR?CHECK_PASSWORDBITS?MENU
            CODE    44F7H     0060H     UNIT         ?CO?MAIN
            CODE    4557H     0060H     UNIT         ?PR?KEYBAUD_DOWN?MENU
            CODE    45B7H     0060H     UNIT         ?PR?IAPCONFIGWAITTIME?EEPROM
            CODE    4617H     005DH     UNIT         ?PR?KEYBAUD_UP?MENU
            CODE    4674H     005BH     UNIT         ?PR?_GETFRONTPARM?LCD
            CODE    46CFH     0057H     UNIT         ?PR?KEYMENU_UP?MENU
            CODE    4726H     0057H     UNIT         ?PR?KEYMENU_DOWN?MENU
            CODE    477DH     0055H     UNIT         ?PR?UART_HANDLE?REPORT
            CODE    47D2H     0051H     UNIT         ?PR?_UARTX_SENDSTR?USART
            CODE    4823H     0051H     UNIT         ?PR?_GETCHINDEX?LCD
            CODE    4874H     004EH     UNIT         ?PR?PLCPOWERUISHOW?CONTROL
            CODE    48C2H     0047H     UNIT         ?PR?TIMER
            CODE    4909H     0047H     UNIT         ?PR?_EXE_APPOINT_CMD?WIFI
            CODE    4950H     0044H     UNIT         ?PR?REFRESHBAUDDISP?MENU
            CODE    4994H     0043H     UNIT         ?PR?_TIM_BASE_MSPINIT?TIMER
            CODE    49D7H     0042H     UNIT         ?PR?WIFI
            CODE    4A19H     003DH     UNIT         ?PR?KEYMAIN_DOWN?MENU
            CODE    4A56H     003CH     UNIT         ?PR?COMMUNICAUISHOW?CONTROL
            CODE    4A92H     003CH     UNIT         ?PR?BAUDSETTINGUI1SHOW?CONTROL
            CODE    4ACEH     003AH     UNIT         ?PR?KEYMAIN_UP?MENU
            CODE    4B08H     0039H     UNIT         ?PR?BAUDSETTINGUI2SHOW?CONTROL
            CODE    4B41H     0039H     UNIT         ?PR?BAUDSETTINGUI3SHOW?CONTROL
            CODE    4B7AH     0039H     UNIT         ?PR?BAUDSETTINGUI4SHOW?CONTROL
            CODE    4BB3H     0038H     UNIT         ?PR?CONTROLSAVE?CONTROL
            CODE    4BEBH     0037H     UNIT         ?PR?WIFI_INIT?WIFI
            CODE    4C22H     0036H     UNIT         ?PR?EEPROM
            CODE    4C58H     0036H     UNIT         ?PR?_LCD_ADDRESS?LCD
            CODE    4C8EH     0034H     UNIT         ?PR?_GET_TARGET_CHANNEL?REPORT
            CODE    4CC2H     0034H     UNIT         ?PR?_GET_TARGET_UART?REPORT
            CODE    4CF6H     0031H     UNIT         ?PR?_LCDDLY?MENU
            CODE    4D27H     0031H     UNIT         ?PR?WIFI_EXIT_TRT?WIFI
            CODE    4D58H     0030H     UNIT         ?PR?CHECKIAP_FLASH?MAIN
            CODE    4D88H     002FH     UNIT         ?PR?_IAPREAD?EEPROM
            CODE    4DB7H     002DH     UNIT         ?PR?BAUDINIT?CONTROL
            CODE    4DE4H     002DH     UNIT         ?PR?RELOADSETTINGUISHOW?CONTROL
BL51 BANKED LINKER/LOCATER V6.22.2.0                                                  12/18/2021  17:07:55  PAGE 4


            CODE    4E11H     002CH     UNIT         ?PR?_IAPWRITE_BUFF?EEPROM
            CODE    4E3DH     002CH     UNIT         ?PR?_TRANSFER_COMMAND?LCD
            CODE    4E69H     002CH     UNIT         ?PR?_TRANSFER_DATA?LCD
            CODE    4E95H     002BH     UNIT         ?PR?_IAPREAD_BUFF?EEPROM
            CODE    4EC0H     002AH     UNIT         ?PR?PFUNC
            CODE    4EEAH     0027H     UNIT         ?PR?PASSWORDINPUTUISHOW?CONTROL
            CODE    4F11H     0027H     UNIT         ?PR?KEYCONTROL_CANCEL?MENU
            CODE    4F38H     0027H     UNIT         ?PR?TIMER0_INIT?TIMER
            CODE    4F5FH     0026H     UNIT         ?PR?KEYMAIN_MENU?MENU
            CODE    4F85H     0026H     UNIT         ?PR?SYSTEMTIMER?SYSTEMTIMER
            CODE    4FABH     0026H     UNIT         ?PR?_IAPPROGRAM?EEPROM
            CODE    4FD1H     0026H     UNIT         ?PR?_IAPERASE?EEPROM
            CODE    4FF7H     0026H     UNIT         ?PR?CLEAR_SCREEN?LCD
            CODE    501DH     0025H     UNIT         ?PR?PASSWORDJUDGE?CONTROL
            CODE    5042H     0025H     UNIT         ?CO?PFUNC
            CODE    5067H     0022H     UNIT         ?PR?UART1_INIT?USART
            CODE    5089H     0022H     UNIT         ?PR?_BUSY_AWAIT?USART
            CODE    50ABH     0021H     UNIT         ?PR?UART2_INIT?USART
            CODE    50CCH     001EH     UNIT         ?PR?MAIN
            CODE    50EAH     001EH     UNIT         ?PR?KEYMENU_ENTER?MENU
            CODE    5108H     001EH     UNIT         ?PR?UART3_INIT?USART
            CODE    5126H     001EH     UNIT         ?PR?UART4_INIT?USART
            CODE    5144H     001CH     UNIT         ?PR?_DELAY_MS?SYSTEMTIMER
            CODE    5160H     001BH     UNIT         ?PR?KEYMAIN_CANCEL?MENU
            CODE    517BH     001BH     UNIT         ?PR?KEYCONTROL_MENU?MENU
            CODE    5196H     0019H     UNIT         ?PR?_LOOPINDEX?PFUNC
            CODE    51AFH     0019H     UNIT         ?PR?WIFI_OPEN_AP?WIFI
            CODE    51C8H     0019H     UNIT         ?PR?WIFI_CLOSE_AP?WIFI
            CODE    51E1H     0018H     UNIT         ?PR?_INPUTOFFECT?CONTROL
            CODE    51F9H     0018H     UNIT         ?PR?SCREENSAVERUISHOW?CONTROL
            CODE    5211H     0011H     UNIT         ?PR?KEYBAUD_CANCEL?MENU
            CODE    5222H     0010H     UNIT         ?PR?KEYMENU_CANCEL?MENU
            CODE    5232H     000EH     UNIT         ?PR?CONTROLINIT?CONTROL
            CODE    5240H     000DH     UNIT         ?PR?IAPIDLE?EEPROM
            CODE    524DH     000CH     UNIT         ?PR?_PUTCHAR?USART
            CODE    5259H     000CH     UNIT         ?PR?_WIFI_ENABLE?WIFI
            CODE    5265H     000BH     UNIT         ?PR?MAIN?MAIN
            CODE    5270H     0009H     UNIT         ?PR?POWERINIT?CONTROL
            CODE    5279H     0009H     UNIT         ?PR?LCDSHOWINIT?MENU
            CODE    5282H     0009H     UNIT         ?PR?BAUD_SETTING?MENU
            CODE    528BH     0009H     UNIT         ?PR?DELAY1MS?SYSTEMTIMER
            CODE    5294H     0006H     UNIT         ?PR?GPIO



OVERLAY MAP OF MODULE:   .\Objects\WIRELESS_PLC (MAIN)


SEGMENT                                    XDATA_GROUP
  +--> CALLED SEGMENT                    START    LENGTH
--------------------------------------------------------
?PR?UART1_ISR?USART                      -----    -----
  +--> ?PR?USART

*** NEW ROOT ***************************************************

?PR?UART2_ISR?USART                      -----    -----
BL51 BANKED LINKER/LOCATER V6.22.2.0                                                  12/18/2021  17:07:55  PAGE 5


  +--> ?PR?USART

*** NEW ROOT ***************************************************

?PR?UART3_ISR?USART                      -----    -----
  +--> ?PR?USART

*** NEW ROOT ***************************************************

?PR?UART4_ISR?USART                      -----    -----
  +--> ?PR?USART

*** NEW ROOT ***************************************************

?PR?TIMER0_ISR?TIMER                     -----    -----
  +--> ?PR?SYSTEMTIMER?SYSTEMTIMER
  +--> ?PR?TIMER

*** NEW ROOT ***************************************************

?C_C51STARTUP                            -----    -----
  +--> ?PR?MAIN?MAIN
  +--> ?C_INITSEG

?PR?MAIN?MAIN                            -----    -----
  +--> ?PR?SYSTEMINIT?MAIN
  +--> ?PR?KEYEVENT?MENU
  +--> ?PR?UART_HANDLE?REPORT

?PR?SYSTEMINIT?MAIN                      -----    -----
  +--> ?PR?INIT_ALL?MAIN
  +--> ?PR?INITIAL_LCD?LCD
  +--> ?PR?IAP_FLASH_IINIT?MAIN
  +--> ?PR?TIMER0_INIT?TIMER
  +--> ?PR?UART1_INIT?USART
  +--> ?PR?UART2_INIT?USART
  +--> ?PR?UART3_INIT?USART
  +--> ?PR?UART4_INIT?USART
  +--> ?PR?CONTROLINIT?CONTROL
  +--> ?PR?LCDSHOWINIT?MENU
  +--> ?PR?WIFI_INIT?WIFI
  +--> ?PR?CONTROLSAVE?CONTROL
  +--> ?PR?_INIT_LISTQUEUE?REPORT

?PR?INIT_ALL?MAIN                        1353H    0002H
  +--> ?PR?MAIN
  +--> ?PR?_GPIO_INILIZE?GPIO

?PR?_GPIO_INILIZE?GPIO                   -----    -----
  +--> ?PR?GPIO

?PR?INITIAL_LCD?LCD                      -----    -----
  +--> ?PR?_DELAY_MS?SYSTEMTIMER
  +--> ?PR?_TRANSFER_COMMAND?LCD
  +--> ?PR?CLEAR_SCREEN?LCD

?PR?_DELAY_MS?SYSTEMTIMER                135CH    0002H
BL51 BANKED LINKER/LOCATER V6.22.2.0                                                  12/18/2021  17:07:55  PAGE 6


  +--> ?PR?DELAY1MS?SYSTEMTIMER

?PR?_TRANSFER_COMMAND?LCD                -----    -----
  +--> ?PR?LCD

?PR?LCD                                  -----    -----
  +--> ?PR?_LCD_ADDRESS?LCD

?PR?CLEAR_SCREEN?LCD                     -----    -----
  +--> ?PR?LCD
  +--> ?PR?_TRANSFER_COMMAND?LCD
  +--> ?PR?_TRANSFER_DATA?LCD

?PR?_TRANSFER_DATA?LCD                   -----    -----
  +--> ?PR?LCD

?PR?IAP_FLASH_IINIT?MAIN                 -----    -----
  +--> ?PR?CHECKIAP_FLASH?MAIN
  +--> ?CO?MAIN
  +--> ?PR?MAIN
  +--> ?PR?_GUI_STRING?LCD
  +--> ?PR?_DELAY_MS?SYSTEMTIMER
  +--> ?PR?_IAPERASE?EEPROM
  +--> ?PR?_IAPWRITE_BUFF?EEPROM
  +--> ?PR?CLEAR_SCREEN?LCD

?PR?CHECKIAP_FLASH?MAIN                  -----    -----
  +--> ?PR?MAIN
  +--> ?PR?_IAPREAD_BUFF?EEPROM
  +--> ?PR?_GETCRC16?REPORT

?PR?_IAPREAD_BUFF?EEPROM                 1353H    0006H
  +--> ?PR?EEPROM
  +--> ?PR?_IAPREAD?EEPROM

?PR?_IAPREAD?EEPROM                      1359H    0001H
  +--> ?PR?IAPCONFIGWAITTIME?EEPROM
  +--> ?PR?EEPROM

?PR?IAPCONFIGWAITTIME?EEPROM             135FH    0004H
  +--> ?PR?EEPROM

?PR?_GETCRC16?REPORT                     1356H    0009H

?PR?_GUI_STRING?LCD                      1359H    0009H
  +--> ?PR?_GETFRONTPARM?LCD
  +--> ?PR?LCD
  +--> ?PR?_GETCHINDEX?LCD
  +--> ?PR?_GUI_LATTICE?LCD

?PR?_GETFRONTPARM?LCD                    -----    -----
  +--> ?CO?CHINESE_CODE

?PR?_GETCHINDEX?LCD                      1362H    0002H
  +--> ?CO?CHINESE_CODE

?PR?_GUI_LATTICE?LCD                     1362H    000FH
BL51 BANKED LINKER/LOCATER V6.22.2.0                                                  12/18/2021  17:07:55  PAGE 7


  +--> ?PR?LCD
  +--> ?PR?_LCD_ADDRESS?LCD
  +--> ?PR?_TRANSFER_DATA?LCD

?PR?_IAPERASE?EEPROM                     1356H    0002H
  +--> ?PR?IAPCONFIGWAITTIME?EEPROM
  +--> ?PR?EEPROM
  +--> ?PR?IAPIDLE?EEPROM
  +--> ?PR?_DELAY_MS?SYSTEMTIMER

?PR?_IAPWRITE_BUFF?EEPROM                1356H    0006H
  +--> ?PR?EEPROM
  +--> ?PR?_IAPPROGRAM?EEPROM

?PR?_IAPPROGRAM?EEPROM                   135CH    0003H
  +--> ?PR?IAPCONFIGWAITTIME?EEPROM
  +--> ?PR?EEPROM
  +--> ?PR?IAPIDLE?EEPROM

?PR?TIMER0_INIT?TIMER                    -----    -----
  +--> ?PR?_TIM_BASE_MSPINIT?TIMER

?PR?UART1_INIT?USART                     -----    -----
  +--> ?PR?USART
  +--> ?PR?_UART_BASE_MSPINIT?USART

?PR?_UART_BASE_MSPINIT?USART             -----    -----
  +--> ?PR?USART

?PR?UART2_INIT?USART                     -----    -----
  +--> ?PR?USART
  +--> ?PR?_UART_BASE_MSPINIT?USART

?PR?UART3_INIT?USART                     -----    -----
  +--> ?PR?USART
  +--> ?PR?_UART_BASE_MSPINIT?USART

?PR?UART4_INIT?USART                     -----    -----
  +--> ?PR?USART
  +--> ?PR?_UART_BASE_MSPINIT?USART

?PR?CONTROLINIT?CONTROL                  -----    -----
  +--> ?PR?BAUDINIT?CONTROL
  +--> ?PR?POWERINIT?CONTROL
  +--> ?PR?COMMUNICAINIT?CONTROL

?PR?BAUDINIT?CONTROL                     -----    -----
  +--> ?PR?CONTROL

?PR?CONTROL                              -----    -----
  +--> ?CO?CHINESE_CODE

?PR?COMMUNICAINIT?CONTROL                -----    -----
  +--> ?PR?_WIFI_ENABLE?WIFI

?PR?LCDSHOWINIT?MENU                     -----    -----
  +--> ?PR?SCREENSAVERUISHOW?CONTROL
BL51 BANKED LINKER/LOCATER V6.22.2.0                                                  12/18/2021  17:07:55  PAGE 8


  +--> ?PR?_LCDSHOW?MENU

?PR?SCREENSAVERUISHOW?CONTROL            -----    -----
  +--> ?PR?CLEAR_SCREEN?LCD
  +--> ?PR?CONTROL
  +--> ?CO?CHINESE_CODE
  +--> ?PR?_GUI_LATTICE?LCD

?PR?WIFI_INIT?WIFI                       1356H    0001H
  +--> ?PR?_DELAY_MS?SYSTEMTIMER
  +--> ?PR?WIFI
  +--> ?PR?_EXE_APPOINT_CMD?WIFI

?PR?WIFI                                 -----    -----
  +--> ?CO?WIFI

?PR?_EXE_APPOINT_CMD?WIFI                1357H    0005H
  +--> ?PR?WIFI
  +--> ?PR?_STRLEN?STRLEN
  +--> ?PR?_UARTX_SENDSTR?USART
  +--> ?PR?_DELAY_MS?SYSTEMTIMER

?PR?_UARTX_SENDSTR?USART                 1362H    0007H
  +--> ?PR?_BUSY_AWAIT?USART
  +--> ?PR?USART

?PR?CONTROLSAVE?CONTROL                  -----    -----
  +--> ?PR?_GETCRC16?REPORT
  +--> ?PR?_IAPERASE?EEPROM
  +--> ?PR?_IAPWRITE_BUFF?EEPROM

?PR?_INIT_LISTQUEUE?REPORT               1353H    0004H
  +--> ?PR?REPORT

?PR?KEYEVENT?MENU                        1353H    0002H
  +--> ?PR?KEY_CHICK?KEY
  +--> ?PR?_LCDDLY?MENU

?PR?KEY_CHICK?KEY                        1355H    0001H
  +--> ?PR?_DELAY_MS?SYSTEMTIMER

?PR?_LCDDLY?MENU                         -----    -----
  +--> ?PR?MENU
  +--> ?PR?SCREENSAVERUISHOW?CONTROL
  +--> ?PR?_LCDSHOW?MENU
  +--> ?PR?_PASSWORDDELETE?CONTROL

?PR?MENU                                 -----    -----
  +--> ?CO?CHINESE_CODE

?PR?_PASSWORDDELETE?CONTROL              1356H    0003H
  +--> ?PR?CONTROL

?C_INITSEG                               -----    -----
  +--> ?CO?CONTROL
  +--> ?PR?WIFI_OPEN_AP?WIFI
  +--> ?PR?WIFI_CLOSE_AP?WIFI
BL51 BANKED LINKER/LOCATER V6.22.2.0                                                  12/18/2021  17:07:55  PAGE 9


  +--> ?PR?_PUBLIC_DATAHANDLE?REPORT
  +--> ?CO?MENU
  +--> ?PR?PLCPOWERUISHOW?CONTROL
  +--> ?PR?COMMUNICAUISHOW?CONTROL
  +--> ?PR?PASSWORDCHANGEUISHOW?CONTROL
  +--> ?PR?BAUD_SETTING?MENU
  +--> ?PR?HOTSPOTSETTINGUISHOW?CONTROL
  +--> ?PR?RELOADSETTINGUISHOW?CONTROL
  +--> ?PR?BAUDSETTINGUI1SHOW?CONTROL
  +--> ?PR?BAUDSETTINGUI2SHOW?CONTROL
  +--> ?PR?BAUDSETTINGUI3SHOW?CONTROL
  +--> ?PR?BAUDSETTINGUI4SHOW?CONTROL
  +--> ?PR?KEYMAIN_UP?MENU
  +--> ?PR?KEYMAIN_DOWN?MENU
  +--> ?PR?KEYMAIN_ENTER?MENU
  +--> ?PR?KEYMAIN_CANCEL?MENU
  +--> ?PR?KEYMAIN_MENU?MENU
  +--> ?PR?KEYMENU_UP?MENU
  +--> ?PR?KEYMENU_DOWN?MENU
  +--> ?PR?KEYMENU_ENTER?MENU
  +--> ?PR?KEYMENU_CANCEL?MENU
  +--> ?PR?KEYMENU_MENU?MENU
  +--> ?PR?KEYCONTROL_UP?MENU
  +--> ?PR?KEYCONTROL_DOWN?MENU
  +--> ?PR?KEYCONTROL_ENTER?MENU
  +--> ?PR?KEYCONTROL_CANCEL?MENU
  +--> ?PR?KEYCONTROL_MENU?MENU
  +--> ?PR?KEYBAUD_UP?MENU
  +--> ?PR?KEYBAUD_DOWN?MENU
  +--> ?PR?KEYBAUD_ENTER?MENU
  +--> ?PR?KEYBAUD_CANCEL?MENU
  +--> ?PR?KEYBAUD_MENU?MENU

?PR?WIFI_OPEN_AP?WIFI                    -----    -----
  +--> ?PR?WIFI_EXIT_TRT?WIFI
  +--> ?PR?WIFI
  +--> ?PR?_EXE_APPOINT_CMD?WIFI
  +--> ?CO?WIFI

?PR?WIFI_EXIT_TRT?WIFI                   1353H    0001H
  +--> ?PR?WIFI
  +--> ?PR?_EXE_APPOINT_CMD?WIFI

?PR?WIFI_CLOSE_AP?WIFI                   -----    -----
  +--> ?PR?WIFI_EXIT_TRT?WIFI
  +--> ?PR?WIFI
  +--> ?PR?_EXE_APPOINT_CMD?WIFI
  +--> ?CO?WIFI

?PR?_PUBLIC_DATAHANDLE?REPORT            1353H    000FH
  +--> ?PR?_GET_TARGET_CHANNEL?REPORT
  +--> ?PR?_GET_TARGET_UART?REPORT
  +--> ?PR?REPORT
  +--> ?PR?_UARTX_SENDSTR?USART

?PR?PLCPOWERUISHOW?CONTROL               -----    -----
  +--> ?PR?CLEAR_SCREEN?LCD
BL51 BANKED LINKER/LOCATER V6.22.2.0                                                  12/18/2021  17:07:55  PAGE 10


  +--> ?CO?CONTROL
  +--> ?PR?CONTROL
  +--> ?PR?_GUI_STRING?LCD
  +--> ?CO?CHINESE_CODE
  +--> ?PR?_GUI_LATTICE?LCD

?PR?COMMUNICAUISHOW?CONTROL              -----    -----
  +--> ?PR?CLEAR_SCREEN?LCD
  +--> ?PR?CONTROL
  +--> ?CO?CHINESE_CODE
  +--> ?PR?_GUI_LATTICE?LCD
  +--> ?CO?CONTROL
  +--> ?PR?_GUI_STRING?LCD

?PR?PASSWORDCHANGEUISHOW?CONTROL         1356H    0003H
  +--> ?PR?CLEAR_SCREEN?LCD
  +--> ?PR?_MYITOA?PFUNC
  +--> ?PR?CONTROL
  +--> ?PR?_GUI_STRING?LCD
  +--> ?CO?CHINESE_CODE
  +--> ?PR?_GUI_LATTICE?LCD
  +--> ?CO?CONTROL

?PR?_MYITOA?PFUNC                        1359H    0035H
  +--> ?CO?PFUNC
  +--> ?PR?PFUNC

?PR?BAUD_SETTING?MENU                    -----    -----
  +--> ?PR?REFRESHBAUDDISP?MENU
  +--> ?PR?_LCDSHOW?MENU

?PR?REFRESHBAUDDISP?MENU                 1356H    0001H
  +--> ?PR?CLEAR_SCREEN?LCD
  +--> ?PR?MENU
  +--> ?PR?_GUI_STRING?LCD
  +--> ?PR?_GUI_LATTICE?LCD

?PR?HOTSPOTSETTINGUISHOW?CONTROL         -----    -----
  +--> ?PR?CLEAR_SCREEN?LCD
  +--> ?CO?CONTROL
  +--> ?PR?_GUI_STRING?LCD
  +--> ?PR?CONTROL
  +--> ?PR?_GUI_LATTICE?LCD
  +--> ?CO?CHINESE_CODE

?PR?RELOADSETTINGUISHOW?CONTROL          -----    -----
  +--> ?PR?CLEAR_SCREEN?LCD
  +--> ?CO?CONTROL
  +--> ?PR?CONTROL
  +--> ?PR?_GUI_STRING?LCD

?PR?BAUDSETTINGUI1SHOW?CONTROL           -----    -----
  +--> ?PR?CLEAR_SCREEN?LCD
  +--> ?CO?CONTROL
  +--> ?PR?CONTROL
  +--> ?PR?_GUI_STRING?LCD
  +--> ?PR?_GUI_LATTICE?LCD
BL51 BANKED LINKER/LOCATER V6.22.2.0                                                  12/18/2021  17:07:55  PAGE 11


  +--> ?CO?CHINESE_CODE

?PR?BAUDSETTINGUI2SHOW?CONTROL           -----    -----
  +--> ?PR?CLEAR_SCREEN?LCD
  +--> ?CO?CONTROL
  +--> ?PR?CONTROL
  +--> ?PR?_GUI_STRING?LCD
  +--> ?PR?_GUI_LATTICE?LCD
  +--> ?CO?CHINESE_CODE

?PR?BAUDSETTINGUI3SHOW?CONTROL           -----    -----
  +--> ?PR?CLEAR_SCREEN?LCD
  +--> ?CO?CONTROL
  +--> ?PR?CONTROL
  +--> ?PR?_GUI_STRING?LCD
  +--> ?PR?_GUI_LATTICE?LCD
  +--> ?CO?CHINESE_CODE

?PR?BAUDSETTINGUI4SHOW?CONTROL           -----    -----
  +--> ?PR?CLEAR_SCREEN?LCD
  +--> ?CO?CONTROL
  +--> ?PR?CONTROL
  +--> ?PR?_GUI_STRING?LCD
  +--> ?PR?_GUI_LATTICE?LCD
  +--> ?CO?CHINESE_CODE

?PR?KEYMAIN_UP?MENU                      1353H    0003H
  +--> ?PR?MENU
  +--> ?PR?_PASSWORDINPUT?CONTROL
  +--> ?CO?MENU
  +--> ?PR?_MYITOA?PFUNC
  +--> ?PR?_GUI_STRING?LCD

?PR?_PASSWORDINPUT?CONTROL               1356H    0003H
  +--> ?PR?CONTROL

?PR?KEYMAIN_DOWN?MENU                    1353H    0003H
  +--> ?PR?MENU
  +--> ?PR?_PASSWORDINPUT?CONTROL
  +--> ?CO?MENU
  +--> ?PR?_MYITOA?PFUNC
  +--> ?PR?_GUI_STRING?LCD

?PR?KEYMAIN_ENTER?MENU                   -----    -----
  +--> ?PR?MENU
  +--> ?PR?PASSWORDJUDGE?CONTROL
  +--> ?CO?MENU
  +--> ?PR?_STRNCMP?STRNCMP
  +--> ?PR?REFRESHMENUDISP?MENU
  +--> ?PR?_LCDSHOW?MENU
  +--> ?PR?_PASSWORDDELETE?CONTROL
  +--> ?PR?CLEAR_SCREEN?LCD
  +--> ?PR?_GUI_STRING?LCD
  +--> ?PR?_DELAY_MS?SYSTEMTIMER
  +--> ?PR?PASSWORDINPUTUISHOW?CONTROL

?PR?PASSWORDJUDGE?CONTROL                1356H    0022H
BL51 BANKED LINKER/LOCATER V6.22.2.0                                                  12/18/2021  17:07:55  PAGE 12


  +--> ?PR?_STRNCMP?STRNCMP

?PR?_STRNCMP?STRNCMP                     1378H    0008H

?PR?REFRESHMENUDISP?MENU                 1356H    0001H
  +--> ?PR?CLEAR_SCREEN?LCD
  +--> ?PR?MENU
  +--> ?PR?_GUI_STRING?LCD
  +--> ?PR?_GUI_LATTICE?LCD

?PR?PASSWORDINPUTUISHOW?CONTROL          -----    -----
  +--> ?PR?CLEAR_SCREEN?LCD
  +--> ?PR?CONTROL
  +--> ?CO?CHINESE_CODE
  +--> ?PR?_GUI_LATTICE?LCD
  +--> ?CO?CONTROL
  +--> ?PR?_GUI_STRING?LCD

?PR?KEYMAIN_CANCEL?MENU                  -----    -----
  +--> ?PR?MENU
  +--> ?PR?SCREENSAVERUISHOW?CONTROL
  +--> ?PR?_LCDSHOW?MENU
  +--> ?PR?_PASSWORDDELETE?CONTROL

?PR?KEYMAIN_MENU?MENU                    -----    -----
  +--> ?PR?PASSWORDINPUTUISHOW?CONTROL
  +--> ?PR?_LCDSHOW?MENU
  +--> ?PR?MENU
  +--> ?PR?_INPUTOFFECT?CONTROL

?PR?KEYMENU_UP?MENU                      -----    -----
  +--> ?PR?MENU
  +--> ?PR?_LOOPINDEX?PFUNC
  +--> ?PR?REFRESHMENUDISP?MENU
  +--> ?PR?_LCDSHOW?MENU

?PR?KEYMENU_DOWN?MENU                    -----    -----
  +--> ?PR?MENU
  +--> ?PR?_LOOPINDEX?PFUNC
  +--> ?PR?REFRESHMENUDISP?MENU
  +--> ?PR?_LCDSHOW?MENU

?PR?KEYMENU_ENTER?MENU                   -----    -----
  +--> ?PR?MENU
  +--> ?PR?_LCDSHOW?MENU

?PR?KEYMENU_CANCEL?MENU                  -----    -----
  +--> ?PR?MENU
  +--> ?PR?SCREENSAVERUISHOW?CONTROL
  +--> ?PR?_LCDSHOW?MENU
  +--> ?PR?_PASSWORDDELETE?CONTROL

?PR?KEYCONTROL_UP?MENU                   1353H    0003H
  +--> ?PR?MENU
  +--> ?CO?MENU
  +--> ?PR?_MYITOA?PFUNC
  +--> ?PR?COMMUNICAUISHOW?CONTROL
BL51 BANKED LINKER/LOCATER V6.22.2.0                                                  12/18/2021  17:07:55  PAGE 13


  +--> ?PR?_LCDSHOW?MENU
  +--> ?PR?_LOOPINDEX?PFUNC
  +--> ?PR?REFRESHBAUDDISP?MENU
  +--> ?PR?_GUI_STRING?LCD
  +--> ?PR?_PASSWORDINPUT?CONTROL

?PR?KEYCONTROL_DOWN?MENU                 1353H    0003H
  +--> ?PR?MENU
  +--> ?CO?MENU
  +--> ?PR?_MYITOA?PFUNC
  +--> ?PR?COMMUNICAUISHOW?CONTROL
  +--> ?PR?_LCDSHOW?MENU
  +--> ?PR?_LOOPINDEX?PFUNC
  +--> ?PR?REFRESHBAUDDISP?MENU
  +--> ?PR?_GUI_STRING?LCD
  +--> ?PR?_PASSWORDINPUT?CONTROL

?PR?KEYCONTROL_ENTER?MENU                1353H    0003H
  +--> ?PR?CHECK_PASSWORDBITS?MENU
  +--> ?PR?MENU
  +--> ?PR?_MYITOA?PFUNC
  +--> ?PR?_GUI_STRING?LCD
  +--> ?CO?CHINESE_CODE
  +--> ?PR?_GUI_LATTICE?LCD
  +--> ?PR?PASSWORDJUDGE?CONTROL
  +--> ?PR?CONTROLSAVE?CONTROL
  +--> ?PR?_PASSWORDDELETE?CONTROL
  +--> ?PR?REFRESHMENUDISP?MENU
  +--> ?PR?CLEAR_SCREEN?LCD
  +--> ?CO?MENU
  +--> ?PR?PASSWORDCHANGEUISHOW?CONTROL
  +--> ?PR?_LCDSHOW?MENU
  +--> ?PR?PLCPOWERUISHOW?CONTROL
  +--> ?PR?_WIFI_ENABLE?WIFI
  +--> ?PR?_IAPERASE?EEPROM
  +--> ?PR?_IAPWRITE_BUFF?EEPROM
  +--> ?PR?BAUDINIT?CONTROL
  +--> ?PR?POWERINIT?CONTROL
  +--> ?PR?COMMUNICAINIT?CONTROL
  +--> ?PR?WIFI_INIT?WIFI
  +--> ?PR?_DELAY_MS?SYSTEMTIMER

?PR?CHECK_PASSWORDBITS?MENU              -----    -----
  +--> ?PR?CLEAR_SCREEN?LCD
  +--> ?CO?MENU
  +--> ?PR?MENU
  +--> ?PR?_GUI_STRING?LCD
  +--> ?PR?_PASSWORDDELETE?CONTROL
  +--> ?PR?_DELAY_MS?SYSTEMTIMER
  +--> ?PR?PASSWORDCHANGEUISHOW?CONTROL
  +--> ?PR?_LCDSHOW?MENU

?PR?KEYCONTROL_CANCEL?MENU               -----    -----
  +--> ?PR?MENU
  +--> ?PR?_PASSWORDDELETE?CONTROL
  +--> ?PR?REFRESHMENUDISP?MENU
  +--> ?PR?_LCDSHOW?MENU
BL51 BANKED LINKER/LOCATER V6.22.2.0                                                  12/18/2021  17:07:55  PAGE 14



?PR?KEYCONTROL_MENU?MENU                 -----    -----
  +--> ?PR?MENU
  +--> ?PR?_INPUTOFFECT?CONTROL

?PR?KEYBAUD_UP?MENU                      -----    -----
  +--> ?PR?MENU
  +--> ?PR?_LOOPINDEX?PFUNC
  +--> ?PR?_GUI_STRING?LCD

?PR?KEYBAUD_DOWN?MENU                    -----    -----
  +--> ?PR?MENU
  +--> ?PR?_LOOPINDEX?PFUNC
  +--> ?PR?_GUI_STRING?LCD

?PR?KEYBAUD_ENTER?MENU                   -----    -----
  +--> ?PR?MENU
  +--> ?PR?CONTROLSAVE?CONTROL
  +--> ?PR?CLEAR_SCREEN?LCD
  +--> ?CO?MENU
  +--> ?PR?_GUI_STRING?LCD
  +--> ?PR?_DELAY_MS?SYSTEMTIMER
  +--> ?PR?KEYBAUD_CANCEL?MENU

?PR?KEYBAUD_CANCEL?MENU                  -----    -----
  +--> ?PR?REFRESHBAUDDISP?MENU
  +--> ?PR?_LCDSHOW?MENU



SYMBOL TABLE OF MODULE:  .\Objects\WIRELESS_PLC (MAIN)

  VALUE           TYPE          NAME
  ----------------------------------

  -------         MODULE        MAIN
  C:0000H         SYMBOL        _ICE_DUMMY_
  D:0080H         PUBLIC        P0
  D:0090H         PUBLIC        P1
  D:00A0H         PUBLIC        P2
  D:00B0H         PUBLIC        P3
  D:00C0H         PUBLIC        P4
  D:00C8H         PUBLIC        P5
  B:00A8H.7       PUBLIC        EA
  D:00E8H         PUBLIC        P6
  D:00F8H         PUBLIC        P7
  D:00BAH         PUBLIC        P_SW2
  D:00A8H         PUBLIC        IE
  C:3F7FH         PUBLIC        Init_All
  X:13BBH         PUBLIC        System_Parameter
  D:00B8H         PUBLIC        IP
  D:00D8H         PUBLIC        CCON
  C:5265H         PUBLIC        main
  D:0098H         PUBLIC        SCON
  D:0088H         PUBLIC        TCON
  B:00A0H.7       PUBLIC        P27
  C:3C37H         SYMBOL        systemInit
BL51 BANKED LINKER/LOCATER V6.22.2.0                                                  12/18/2021  17:07:55  PAGE 15


  C:4080H         SYMBOL        Iap_Flash_Iinit
  C:4D58H         PUBLIC        CheckIap_Flash
  D:00D0H         PUBLIC        PSW
  C:50CCH         SYMBOL        Com0011
  C:50CCH         SYMBOL        L?0018
  C:50CDH         SYMBOL        L?0019
  C:50D5H         SYMBOL        L?0020
  C:50D7H         SYMBOL        L?0021
  C:50E0H         SYMBOL        L?0023
  -------         PROC          COM0011
  -------         ENDPROC       COM0011
  -------         PROC          MAIN
  C:5265H         LINE#         26
  C:5265H         LINE#         27
  C:5265H         LINE#         29
  C:5268H         LINE#         31
  C:5268H         LINE#         32
  C:5268H         LINE#         33
  C:526BH         LINE#         35
  C:526EH         LINE#         38
  -------         ENDPROC       MAIN
  C:3CABH         SYMBOL        L?0016
  C:3CB9H         SYMBOL        L?0024
  -------         PROC          SYSTEMINIT
  C:3C37H         LINE#         41
  C:3C37H         LINE#         42
  C:3C37H         LINE#         43
  C:3C3AH         LINE#         47
  C:3C3EH         LINE#         48
  C:3C48H         LINE#         51
  C:3C4CH         LINE#         52
  C:3C56H         LINE#         55
  C:3C5AH         LINE#         56
  C:3C64H         LINE#         59
  C:3C68H         LINE#         60
  C:3C72H         LINE#         64
  C:3C75H         LINE#         66
  C:3C78H         LINE#         68
  C:3C7BH         LINE#         69
  C:3C82H         LINE#         73
  C:3C85H         LINE#         75
  C:3C88H         LINE#         77
  C:3C8BH         LINE#         79
  C:3C8EH         LINE#         81
  C:3C90H         LINE#         83
  C:3C93H         LINE#         85
  C:3C95H         LINE#         89
  C:3C98H         LINE#         90
  C:3C9EH         LINE#         91
  C:3C9EH         LINE#         93
  C:3CA1H         LINE#         94
  C:3CA7H         LINE#         96
  C:3CAAH         LINE#         97
  C:3CAAH         LINE#         100
  -------         ENDPROC       SYSTEMINIT
  C:3FE9H         SYMBOL        L?0022
  C:3FF7H         SYMBOL        L?0025
BL51 BANKED LINKER/LOCATER V6.22.2.0                                                  12/18/2021  17:07:55  PAGE 16


  -------         PROC          INIT_ALL
  -------         DO            
  X:1353H         SYMBOL        GPIO_InitStruct
  -------         ENDDO         
  C:3F7FH         LINE#         103
  C:3F7FH         LINE#         104
  C:3F7FH         LINE#         109
  C:3F82H         LINE#         110
  C:3F88H         LINE#         112
  C:3F8FH         LINE#         114
  C:3F95H         LINE#         116
  C:3F99H         LINE#         117
  C:3F9CH         LINE#         125
  C:3FA0H         LINE#         126
  C:3FA2H         LINE#         127
  C:3FAAH         LINE#         129
  C:3FB0H         LINE#         130
  C:3FB2H         LINE#         131
  C:3FB7H         LINE#         135
  C:3FB7H         LINE#         136
  C:3FB7H         LINE#         137
  C:3FBBH         LINE#         139
  C:3FBEH         LINE#         140
  C:3FC1H         LINE#         141
  C:3FC9H         LINE#         145
  C:3FCFH         LINE#         146
  C:3FD2H         LINE#         147
  C:3FD7H         LINE#         151
  C:3FD7H         LINE#         152
  C:3FD7H         LINE#         153
  C:3FDCH         LINE#         156
  C:3FDFH         LINE#         157
  C:3FE1H         LINE#         158
  C:3FE9H         LINE#         160
  -------         ENDPROC       INIT_ALL
  -------         PROC          CHECKIAP_FLASH
  -------         DO            
  D:0006H         SYMBOL        CRC
  -------         ENDDO         
  C:4D58H         LINE#         165
  C:4D58H         LINE#         166
  C:4D58H         LINE#         167
  C:4D5BH         LINE#         170
  C:4D65H         LINE#         172
  C:4D78H         LINE#         174
  C:4D84H         LINE#         175
  C:4D84H         LINE#         176
  C:4D86H         LINE#         177
  C:4D86H         LINE#         178
  C:4D87H         LINE#         179
  -------         ENDPROC       CHECKIAP_FLASH
  -------         PROC          IAP_FLASH_IINIT
  C:4080H         LINE#         182
  C:4080H         LINE#         183
  C:4080H         LINE#         184
  C:4087H         LINE#         185
  C:4087H         LINE#         186
BL51 BANKED LINKER/LOCATER V6.22.2.0                                                  12/18/2021  17:07:55  PAGE 17


  C:4093H         LINE#         187
  C:4097H         LINE#         188
  C:4099H         LINE#         190
  C:4099H         LINE#         191
  C:40A5H         LINE#         192
  C:40ACH         LINE#         193
  C:40B8H         LINE#         196
  C:40BEH         LINE#         198
  C:40D1H         LINE#         200
  C:40DDH         LINE#         202
  C:40E4H         LINE#         203
  C:40E7H         LINE#         204
  C:40F3H         LINE#         205
  C:40FAH         LINE#         206
  C:40FAH         LINE#         207
  -------         ENDPROC       IAP_FLASH_IINIT
  -------         ENDMOD        MAIN

  -------         MODULE        CONTROL
  C:0000H         SYMBOL        _ICE_DUMMY_
  D:0080H         PUBLIC        P0
  D:0090H         PUBLIC        P1
  X:12D6H         PUBLIC        PassWordI
  D:00A0H         PUBLIC        P2
  D:00B0H         PUBLIC        P3
  D:00C0H         PUBLIC        P4
  D:00C8H         PUBLIC        P5
  C:4A56H         PUBLIC        CommunicaUIshow
  B:00A8H.7       PUBLIC        EA
  D:00E8H         PUBLIC        P6
  D:00F8H         PUBLIC        P7
  D:00A8H         PUBLIC        IE
  C:4EEAH         PUBLIC        PassWordInputUIShow
  C:0026H         PUBLIC        _PassWordDelete
  C:4DB7H         PUBLIC        BaudInit
  C:4874H         PUBLIC        PlcPowerUIshow
  X:12E7H         PUBLIC        G_Aplist_Size
  D:00B8H         PUBLIC        IP
  C:4DE4H         PUBLIC        ReloadSettingUIshow
  D:00D8H         PUBLIC        CCON
  C:5270H         PUBLIC        PowerInit
  X:12E8H         PUBLIC        PassWordChange1
  D:0098H         PUBLIC        SCON
  X:12F9H         PUBLIC        PassWordChange2
  D:0088H         PUBLIC        TCON
  B:0080H.7       PUBLIC        P07
  C:0003H         PUBLIC        CommunicaInit
  C:434BH         PUBLIC        HotspotSettingUIshow
  X:130AH         PUBLIC        Baudlist
  X:1346H         PUBLIC        G_BaudList_Size
  C:3E71H         PUBLIC        PassWordChangeUIShow
  C:501DH         PUBLIC        PassWordjudge
  C:4425H         PUBLIC        _PassWordInput
  D:008DH         PUBLIC        TH1
  D:00D6H         PUBLIC        T2H
  D:00D4H         PUBLIC        T3H
  D:00D2H         PUBLIC        T4H
BL51 BANKED LINKER/LOCATER V6.22.2.0                                                  12/18/2021  17:07:55  PAGE 18


  D:008BH         PUBLIC        TL1
  D:00D7H         PUBLIC        T2L
  D:00D5H         PUBLIC        T3L
  D:00D3H         PUBLIC        T4L
  C:51F9H         PUBLIC        ScreensaverUiShow
  C:51E1H         PUBLIC        _InputOffect
  X:1347H         PUBLIC        Aplist
  C:4A92H         PUBLIC        BaudSettingUI1show
  C:4B08H         PUBLIC        BaudSettingUI2show
  C:4BB3H         PUBLIC        ControlSave
  C:4B41H         PUBLIC        BaudSettingUI3show
  C:4B7AH         PUBLIC        BaudSettingUI4show
  D:00D0H         PUBLIC        PSW
  C:5232H         PUBLIC        ControlInit
  C:3A74H         SYMBOL        Com0024
  C:3A74H         SYMBOL        L?0037
  C:3A74H         SYMBOL        L?0038
  C:3A7EH         SYMBOL        L?0039
  C:3A80H         SYMBOL        L?0040
  C:3A87H         SYMBOL        L?0041
  C:3A87H         SYMBOL        L?0042
  C:3A98H         SYMBOL        L?0043
  C:3A9FH         SYMBOL        L?0044
  C:3AA7H         SYMBOL        L?0045
  C:3AA7H         SYMBOL        L?0046
  C:3ABAH         SYMBOL        L?0047
  C:3AC2H         SYMBOL        L?0048
  C:3ACAH         SYMBOL        L?0049
  C:3ACAH         SYMBOL        L?0050
  C:3ACCH         SYMBOL        L?0051
  C:3AD3H         SYMBOL        L?0052
  C:3ADBH         SYMBOL        L?0053
  C:3AE3H         SYMBOL        L?0054
  C:3AE9H         SYMBOL        L?0055
  C:3AF1H         SYMBOL        L?0056
  C:3AF3H         SYMBOL        L?0057
  C:3AFAH         SYMBOL        L?0058
  C:3B02H         SYMBOL        L?0059
  -------         PROC          COM0024
  -------         ENDPROC       COM0024
  -------         PROC          CONTROLINIT
  C:5232H         LINE#         43
  C:5232H         LINE#         44
  C:5232H         LINE#         46
  C:5237H         LINE#         47
  C:523AH         LINE#         48
  C:523DH         LINE#         49
  -------         ENDPROC       CONTROLINIT
  -------         PROC          COMMUNICAINIT
  C:0003H         LINE#         52
  C:0003H         LINE#         53
  C:0003H         LINE#         56
  -------         ENDPROC       COMMUNICAINIT
  -------         PROC          POWERINIT
  C:5270H         LINE#         59
  C:5270H         LINE#         60
  C:5270H         LINE#         61
BL51 BANKED LINKER/LOCATER V6.22.2.0                                                  12/18/2021  17:07:55  PAGE 19


  C:5278H         LINE#         62
  -------         ENDPROC       POWERINIT
  -------         PROC          BAUDINIT
  C:4DB7H         LINE#         64
  C:4DB7H         LINE#         65
  C:4DB7H         LINE#         67
  C:4DC2H         LINE#         68
  C:4DCDH         LINE#         69
  C:4DD8H         LINE#         70
  C:4DE3H         LINE#         71
  -------         ENDPROC       BAUDINIT
  -------         PROC          _PASSWORDINPUT
  D:0007H         SYMBOL        operation
  X:1356H         SYMBOL        Password
  C:4425H         LINE#         80
  C:442BH         LINE#         81
  C:442BH         LINE#         83
  C:444AH         LINE#         84
  C:444AH         LINE#         85
  C:444DH         LINE#         86
  C:444DH         LINE#         87
  C:4452H         LINE#         88
  C:4452H         LINE#         89
  C:4453H         LINE#         90
  C:4453H         LINE#         91
  C:4455H         LINE#         93
  C:4455H         LINE#         94
  C:445AH         LINE#         95
  C:445AH         LINE#         96
  C:445FH         LINE#         97
  C:445FH         LINE#         98
  C:4464H         LINE#         99
  C:4470H         LINE#         100
  C:4470H         LINE#         101
  C:448DH         LINE#         102
  -------         ENDPROC       _PASSWORDINPUT
  -------         PROC          PASSWORDJUDGE
  X:1356H         SYMBOL        PasswordA
  X:1367H         SYMBOL        PasswordB
  C:501DH         LINE#         112
  C:501DH         LINE#         113
  C:501DH         LINE#         115
  C:503CH         LINE#         116
  C:503FH         LINE#         118
  C:5041H         LINE#         119
  -------         ENDPROC       PASSWORDJUDGE
  -------         PROC          _PASSWORDDELETE
  X:1356H         SYMBOL        Password
  C:0026H         LINE#         121
  C:002CH         LINE#         122
  C:002CH         LINE#         123
  C:0038H         LINE#         124
  -------         ENDPROC       _PASSWORDDELETE
  -------         PROC          _INPUTOFFECT
  D:0001H         SYMBOL        Password
  C:51E1H         LINE#         127
  C:51E1H         LINE#         128
BL51 BANKED LINKER/LOCATER V6.22.2.0                                                  12/18/2021  17:07:55  PAGE 20


  C:51E1H         LINE#         129
  C:51E6H         LINE#         130
  C:51EEH         LINE#         131
  C:51EEH         LINE#         132
  C:51F3H         LINE#         133
  C:51F3H         LINE#         135
  -------         ENDPROC       _INPUTOFFECT
  -------         PROC          SCREENSAVERUISHOW
  C:51F9H         LINE#         144
  C:51F9H         LINE#         145
  C:51F9H         LINE#         146
  C:51FCH         LINE#         148
  -------         ENDPROC       SCREENSAVERUISHOW
  -------         PROC          PASSWORDINPUTUISHOW
  C:4EEAH         LINE#         151
  C:4EEAH         LINE#         152
  C:4EEAH         LINE#         153
  C:4EEDH         LINE#         154
  C:4F03H         LINE#         155
  -------         ENDPROC       PASSWORDINPUTUISHOW
  -------         PROC          PASSWORDCHANGEUISHOW
  -------         DO            
  X:1356H         SYMBOL        i
  X:1357H         SYMBOL        temp
  -------         ENDDO         
  C:3E71H         LINE#         158
  C:3E71H         LINE#         159
  C:3E71H         LINE#         165
  C:3E74H         LINE#         167
  C:3E7AH         LINE#         168
  C:3E7AH         LINE#         170
  C:3E8DH         LINE#         171
  C:3E8DH         LINE#         172
  C:3EC0H         LINE#         173
  C:3EC8H         LINE#         174
  C:3EDCH         LINE#         175
  C:3EDCH         LINE#         177
  C:3EEAH         LINE#         178
  -------         ENDPROC       PASSWORDCHANGEUISHOW
  -------         PROC          PLCPOWERUISHOW
  C:4874H         LINE#         181
  C:4874H         LINE#         182
  C:4874H         LINE#         183
  C:4877H         LINE#         185
  C:4887H         LINE#         186
  C:4897H         LINE#         188
  C:48A0H         LINE#         189
  C:48A0H         LINE#         190
  C:48A9H         LINE#         191
  C:48ABH         LINE#         193
  C:48ABH         LINE#         194
  C:48C1H         LINE#         195
  C:48C1H         LINE#         196
  -------         ENDPROC       PLCPOWERUISHOW
  -------         PROC          COMMUNICAUISHOW
  C:4A56H         LINE#         198
  C:4A56H         LINE#         199
BL51 BANKED LINKER/LOCATER V6.22.2.0                                                  12/18/2021  17:07:55  PAGE 21


  C:4A56H         LINE#         200
  C:4A59H         LINE#         201
  C:4A76H         LINE#         203
  C:4A84H         LINE#         204
  -------         ENDPROC       COMMUNICAUISHOW
  -------         PROC          BAUDSETTINGUI1SHOW
  C:4A92H         LINE#         219
  C:4A92H         LINE#         220
  C:4A92H         LINE#         221
  C:4A95H         LINE#         222
  C:4AA3H         LINE#         223
  C:4AB0H         LINE#         224
  C:4ABAH         LINE#         225
  -------         ENDPROC       BAUDSETTINGUI1SHOW
  -------         PROC          BAUDSETTINGUI2SHOW
  C:4B08H         LINE#         228
  C:4B08H         LINE#         229
  C:4B08H         LINE#         230
  C:4B0BH         LINE#         231
  C:4B19H         LINE#         232
  C:4B26H         LINE#         233
  C:4B30H         LINE#         234
  -------         ENDPROC       BAUDSETTINGUI2SHOW
  -------         PROC          BAUDSETTINGUI3SHOW
  C:4B41H         LINE#         237
  C:4B41H         LINE#         238
  C:4B41H         LINE#         239
  C:4B44H         LINE#         240
  C:4B52H         LINE#         241
  C:4B5FH         LINE#         242
  C:4B69H         LINE#         243
  -------         ENDPROC       BAUDSETTINGUI3SHOW
  -------         PROC          BAUDSETTINGUI4SHOW
  C:4B7AH         LINE#         246
  C:4B7AH         LINE#         247
  C:4B7AH         LINE#         248
  C:4B7DH         LINE#         249
  C:4B8BH         LINE#         250
  C:4B98H         LINE#         251
  C:4BA2H         LINE#         252
  -------         ENDPROC       BAUDSETTINGUI4SHOW
  -------         PROC          RELOADSETTINGUISHOW
  C:4DE4H         LINE#         255
  C:4DE4H         LINE#         256
  C:4DE4H         LINE#         257
  C:4DE7H         LINE#         258
  C:4DF5H         LINE#         259
  C:4E03H         LINE#         260
  -------         ENDPROC       RELOADSETTINGUISHOW
  -------         PROC          HOTSPOTSETTINGUISHOW
  C:434BH         LINE#         263
  C:434BH         LINE#         264
  C:434BH         LINE#         265
  C:434EH         LINE#         266
  C:4360H         LINE#         267
  C:4380H         LINE#         268
  C:438AH         LINE#         269
BL51 BANKED LINKER/LOCATER V6.22.2.0                                                  12/18/2021  17:07:55  PAGE 22


  C:439BH         LINE#         271
  C:43ABH         LINE#         272
  -------         ENDPROC       HOTSPOTSETTINGUISHOW
  -------         PROC          CONTROLSAVE
  C:4BB3H         LINE#         281
  C:4BB3H         LINE#         282
  C:4BB3H         LINE#         284
  C:4BCEH         LINE#         286
  C:4BD0H         LINE#         288
  C:4BD6H         LINE#         289
  C:4BE8H         LINE#         290
  C:4BEAH         LINE#         291
  -------         ENDPROC       CONTROLSAVE
  -------         ENDMOD        CONTROL

  -------         MODULE        REPORT
  C:0000H         SYMBOL        _ICE_DUMMY_
  X:0001H         PUBLIC        ComData_Array
  D:0080H         PUBLIC        P0
  D:0090H         PUBLIC        P1
  D:00A0H         PUBLIC        P2
  D:00B0H         PUBLIC        P3
  D:00C0H         PUBLIC        P4
  D:00C8H         PUBLIC        P5
  D:00E8H         PUBLIC        P6
  D:00F8H         PUBLIC        P7
  C:4C8EH         SYMBOL        _Get_Target_Channel
  D:00A8H         PUBLIC        IE
  C:26C3H         PUBLIC        _Public_DataHandle
  D:00B8H         PUBLIC        IP
  C:4004H         PUBLIC        _Init_ListQueue
  D:00D8H         PUBLIC        CCON
  X:0010H         PUBLIC        Uart_LinkList
  D:0098H         PUBLIC        SCON
  D:0088H         PUBLIC        TCON
  B:00A0H.7       PUBLIC        P27
  C:39DCH         PUBLIC        _getCrc16
  C:477DH         PUBLIC        Uart_Handle
  C:4CC2H         SYMBOL        _Get_Target_Uart
  D:00D0H         PUBLIC        PSW
  C:40FBH         SYMBOL        Com0036
  C:40FBH         SYMBOL        L?0055
  C:40FBH         SYMBOL        L?0056
  C:40FEH         SYMBOL        L?0057
  C:4107H         SYMBOL        L?0058
  C:4112H         SYMBOL        L?0059
  C:4113H         SYMBOL        L?0060
  C:4118H         SYMBOL        L?0061
  C:411BH         SYMBOL        L?0062
  C:4123H         SYMBOL        L?0063
  C:4123H         SYMBOL        L?0064
  C:412FH         SYMBOL        L?0065
  C:4131H         SYMBOL        L?0066
  C:4139H         SYMBOL        L?0067
  C:413AH         SYMBOL        L?0068
  C:4145H         SYMBOL        L?0069
  C:414BH         SYMBOL        L?0070
BL51 BANKED LINKER/LOCATER V6.22.2.0                                                  12/18/2021  17:07:55  PAGE 23


  C:4153H         SYMBOL        L?0071
  C:4153H         SYMBOL        L?0072
  C:415AH         SYMBOL        L?0073
  C:4167H         SYMBOL        L?0074
  C:4167H         SYMBOL        L?0075
  C:416FH         SYMBOL        L?0076
  -------         PROC          COM0036
  -------         ENDPROC       COM0036
  -------         PROC          _INIT_LISTQUEUE
  X:1353H         SYMBOL        List
  -------         DO            
  X:1356H         SYMBOL        i
  -------         ENDDO         
  C:4004H         LINE#         36
  C:400AH         LINE#         37
  C:400AH         LINE#         38
  C:400FH         LINE#         40
  C:401CH         LINE#         41
  C:401CH         LINE#         43
  C:402CH         LINE#         44
  C:4037H         LINE#         45
  C:403EH         LINE#         46
  C:4045H         LINE#         47
  C:404EH         LINE#         48
  C:4055H         LINE#         49
  C:4064H         LINE#         50
  C:406CH         LINE#         53
  -------         ENDPROC       _INIT_LISTQUEUE
  -------         PROC          UART_HANDLE
  -------         DO            
  X:0000H         SYMBOL        i
  -------         ENDDO         
  C:477DH         LINE#         81
  C:477DH         LINE#         82
  C:477DH         LINE#         88
  C:4790H         LINE#         89
  C:4790H         LINE#         90
  C:47C9H         LINE#         91
  C:47D1H         LINE#         106
  -------         ENDPROC       UART_HANDLE
  -------         PROC          _GET_TARGET_CHANNEL
  D:0006H         SYMBOL        channel
  -------         DO            
  D:0001H         SYMBOL        p
  -------         ENDDO         
  C:4C8EH         LINE#         116
  C:4C8EH         LINE#         117
  C:4C8EH         LINE#         118
  C:4C94H         LINE#         119
  C:4CA6H         LINE#         120
  C:4CA6H         LINE#         121
  C:4CA6H         LINE#         122
  C:4CACH         LINE#         123
  C:4CADH         LINE#         124
  C:4CADH         LINE#         125
  C:4CB3H         LINE#         126
  C:4CB4H         LINE#         127
BL51 BANKED LINKER/LOCATER V6.22.2.0                                                  12/18/2021  17:07:55  PAGE 24


  C:4CB4H         LINE#         128
  C:4CBAH         LINE#         129
  C:4CBBH         LINE#         130
  C:4CBBH         LINE#         131
  C:4CC1H         LINE#         132
  C:4CC1H         LINE#         133
  C:4CC1H         LINE#         134
  C:4CC1H         LINE#         135
  C:4CC1H         LINE#         136
  C:4CC1H         LINE#         137
  -------         ENDPROC       _GET_TARGET_CHANNEL
  -------         PROC          _GET_TARGET_UART
  D:0006H         SYMBOL        channel
  -------         DO            
  D:0001H         SYMBOL        p
  -------         ENDDO         
  C:4CC2H         LINE#         145
  C:4CC2H         LINE#         146
  C:4CC2H         LINE#         147
  C:4CC8H         LINE#         148
  C:4CDAH         LINE#         149
  C:4CDAH         LINE#         150
  C:4CDAH         LINE#         151
  C:4CE0H         LINE#         152
  C:4CE1H         LINE#         153
  C:4CE1H         LINE#         154
  C:4CE7H         LINE#         155
  C:4CE8H         LINE#         156
  C:4CE8H         LINE#         157
  C:4CEEH         LINE#         158
  C:4CEFH         LINE#         159
  C:4CEFH         LINE#         160
  C:4CF5H         LINE#         161
  C:4CF5H         LINE#         162
  C:4CF5H         LINE#         163
  C:4CF5H         LINE#         164
  C:4CF5H         LINE#         165
  C:4CF5H         LINE#         166
  -------         ENDPROC       _GET_TARGET_UART
  -------         PROC          _PUBLIC_DATAHANDLE
  X:1353H         SYMBOL        src
  X:1354H         SYMBOL        dest
  -------         DO            
  X:1355H         SYMBOL        psrc
  X:1358H         SYMBOL        pdest
  X:135BH         SYMBOL        psuart
  X:135EH         SYMBOL        peuart
  X:1361H         SYMBOL        i
  C:27FBH         SYMBOL        BANK2
  -------         ENDDO         
  C:26C3H         LINE#         175
  C:26CDH         LINE#         176
  C:26CDH         LINE#         177
  C:26D8H         LINE#         178
  C:26E6H         LINE#         179
  C:26F4H         LINE#         180
  C:2702H         LINE#         181
BL51 BANKED LINKER/LOCATER V6.22.2.0                                                  12/18/2021  17:07:55  PAGE 25


  C:2707H         LINE#         183
  C:2733H         LINE#         184
  C:2733H         LINE#         186
  C:2733H         LINE#         192
  C:2741H         LINE#         193
  C:2741H         LINE#         198
  C:2780H         LINE#         199
  C:2780H         LINE#         201
  C:2780H         LINE#         202
  C:2780H         LINE#         204
  C:278DH         LINE#         205
  C:2795H         LINE#         206
  C:2795H         LINE#         208
  C:2797H         LINE#         210
  C:27A5H         LINE#         211
  C:27A5H         LINE#         213
  C:27C9H         LINE#         215
  C:27CCH         LINE#         217
  C:27E2H         LINE#         218
  C:27EAH         LINE#         219
  C:27EAH         LINE#         221
  C:27ECH         LINE#         222
  C:27ECH         LINE#         224
  C:27FBH         LINE#         225
  C:27FBH         LINE#         227
  C:27FBH         LINE#         267
  C:2810H         LINE#         268
  C:2810H         LINE#         270
  C:2821H         LINE#         271
  C:2821H         LINE#         272
  C:2848H         LINE#         273
  C:2848H         LINE#         274
  C:2848H         LINE#         276
  C:2848H         LINE#         278
  C:284EH         LINE#         279
  C:2856H         LINE#         280
  C:2856H         LINE#         282
  C:2858H         LINE#         284
  C:2861H         LINE#         285
  C:2861H         LINE#         287
  C:2883H         LINE#         289
  C:288DH         LINE#         291
  C:289CH         LINE#         292
  C:28A4H         LINE#         293
  C:28A4H         LINE#         295
  C:28A6H         LINE#         296
  C:28A6H         LINE#         299
  C:28A6H         LINE#         300
  C:28AFH         LINE#         301
  -------         ENDPROC       _PUBLIC_DATAHANDLE
  -------         PROC          _GETCRC16
  X:1356H         SYMBOL        ptr
  X:1359H         SYMBOL        length
  X:135AH         SYMBOL        init_dat
  -------         DO            
  X:135CH         SYMBOL        i
  D:0004H         SYMBOL        j
BL51 BANKED LINKER/LOCATER V6.22.2.0                                                  12/18/2021  17:07:55  PAGE 26


  X:135DH         SYMBOL        crc16
  -------         ENDDO         
  C:39DCH         LINE#         356
  C:39E7H         LINE#         357
  C:39E7H         LINE#         358
  C:39ECH         LINE#         359
  C:39EEH         LINE#         360
  C:39FDH         LINE#         362
  C:3A0FH         LINE#         363
  C:3A0FH         LINE#         364
  C:3A26H         LINE#         366
  C:3A29H         LINE#         367
  C:3A29H         LINE#         368
  C:3A34H         LINE#         369
  C:3A34H         LINE#         370
  C:3A4BH         LINE#         371
  C:3A4DH         LINE#         373
  C:3A4DH         LINE#         374
  C:3A58H         LINE#         375
  C:3A58H         LINE#         376
  C:3A63H         LINE#         377
  C:3A6BH         LINE#         378
  C:3A73H         LINE#         379
  -------         ENDPROC       _GETCRC16
  -------         ENDMOD        REPORT

  -------         MODULE        MENU
  C:0000H         SYMBOL        _ICE_DUMMY_
  C:0046H         PUBLIC        RefreshMenuDisp
  D:0080H         PUBLIC        P0
  D:0090H         PUBLIC        P1
  D:00A0H         PUBLIC        P2
  D:00B0H         PUBLIC        P3
  D:00C0H         PUBLIC        P4
  D:00C8H         PUBLIC        P5
  B:00A8H.7       PUBLIC        EA
  D:00E8H         PUBLIC        P6
  D:00F8H         PUBLIC        P7
  C:517BH         PUBLIC        KeyControl_Menu
  C:4266H         PUBLIC        KeyBaud_Enter
  C:3475H         PUBLIC        KeyControl_Down
  D:00A8H         PUBLIC        IE
  C:4176H         PUBLIC        KeyMain_Enter
  D:00B8H         PUBLIC        IP
  C:0091H         PUBLIC        KeyBaud_Menu
  C:4557H         PUBLIC        KeyBaud_Down
  C:50EAH         PUBLIC        KeyMenu_Enter
  D:00D8H         PUBLIC        CCON
  X:1218H         PUBLIC        Ui_Status
  C:4F5FH         PUBLIC        KeyMain_Menu
  C:4A19H         PUBLIC        KeyMain_Down
  C:448EH         PUBLIC        Check_PasswordBits
  C:41F1H         PUBLIC        KeyEvent
  D:0098H         PUBLIC        SCON
  D:0088H         PUBLIC        TCON
  C:363EH         PUBLIC        KeyControl_Up
  B:0080H.7       PUBLIC        P07
BL51 BANKED LINKER/LOCATER V6.22.2.0                                                  12/18/2021  17:07:55  PAGE 27


  C:008EH         PUBLIC        _LcdShow
  C:0042H         PUBLIC        KeyMenu_Menu
  C:4F11H         PUBLIC        KeyControl_Cancel
  X:121AH         PUBLIC        Optionlist
  C:4726H         PUBLIC        KeyMenu_Down
  C:4CF6H         PUBLIC        _LcdDly
  C:5282H         PUBLIC        Baud_Setting
  C:3469H         SYMBOL        _?ix1000
  C:346BH         SYMBOL        _?ix1001
  C:346DH         SYMBOL        _?ix1002
  C:346FH         SYMBOL        _?ix1003
  C:3471H         SYMBOL        _?ix1004
  C:3473H         SYMBOL        _?ix1005
  D:008DH         PUBLIC        TH1
  D:00D6H         PUBLIC        T2H
  C:4617H         PUBLIC        KeyBaud_Up
  C:5279H         PUBLIC        LcdShowInit
  D:00D4H         PUBLIC        T3H
  X:1244H         PUBLIC        M_Show
  D:00D2H         PUBLIC        T4H
  D:008BH         PUBLIC        TL1
  D:00D7H         PUBLIC        T2L
  C:5211H         PUBLIC        KeyBaud_Cancel
  D:00D5H         PUBLIC        T3L
  D:00D3H         PUBLIC        T4L
  X:1256H         PUBLIC        keyStateEvent
  C:4ACEH         PUBLIC        KeyMain_Up
  C:5160H         PUBLIC        KeyMain_Cancel
  C:4950H         PUBLIC        RefreshBaudDisp
  C:46CFH         PUBLIC        KeyMenu_Up
  C:5222H         PUBLIC        KeyMenu_Cancel
  X:12BAH         PUBLIC        Optionlist1
  C:24ACH         PUBLIC        KeyControl_Enter
  D:00D0H         PUBLIC        PSW
  C:28B0H         SYMBOL        Com00B6
  C:28B0H         SYMBOL        L?0183
  C:28C6H         SYMBOL        L?0184
  C:28CCH         SYMBOL        L?0185
  C:28D6H         SYMBOL        L?0186
  C:28D9H         SYMBOL        L?0187
  C:28E0H         SYMBOL        L?0188
  C:28E1H         SYMBOL        L?0189
  C:28E8H         SYMBOL        L?0190
  C:28F0H         SYMBOL        L?0191
  C:28F7H         SYMBOL        L?0193
  C:28FAH         SYMBOL        L?0194
  C:2904H         SYMBOL        L?0195
  C:290CH         SYMBOL        L?0196
  C:2913H         SYMBOL        L?0197
  C:2913H         SYMBOL        L?0198
  C:2917H         SYMBOL        L?0199
  C:291DH         SYMBOL        L?0200
  C:2929H         SYMBOL        L?0201
  C:2932H         SYMBOL        L?0202
  C:293EH         SYMBOL        L?0203
  C:2947H         SYMBOL        L?0204
  C:294FH         SYMBOL        L?0205
BL51 BANKED LINKER/LOCATER V6.22.2.0                                                  12/18/2021  17:07:55  PAGE 28


  C:2952H         SYMBOL        L?0206
  C:2958H         SYMBOL        L?0207
  C:296AH         SYMBOL        L?0208
  C:2973H         SYMBOL        L?0209
  C:2980H         SYMBOL        L?0210
  C:2986H         SYMBOL        L?0211
  C:2986H         SYMBOL        L?0212
  C:298DH         SYMBOL        L?0213
  C:29A3H         SYMBOL        L?0214
  C:29B9H         SYMBOL        L?0215
  C:29CEH         SYMBOL        L?0216
  C:29DEH         SYMBOL        L?0217
  C:29DEH         SYMBOL        L?0218
  C:29E6H         SYMBOL        L?0219
  C:29F6H         SYMBOL        L?0220
  C:29F9H         SYMBOL        L?0221
  C:2A00H         SYMBOL        L?0222
  C:2A00H         SYMBOL        L?0223
  C:2A07H         SYMBOL        L?0224
  C:2A14H         SYMBOL        L?0225
  C:2A14H         SYMBOL        L?0226
  C:2A1BH         SYMBOL        L?0227
  C:2A28H         SYMBOL        L?0229
  C:2A33H         SYMBOL        L?0230
  C:2A3EH         SYMBOL        L?0231
  C:2A49H         SYMBOL        L?0235
  C:2A53H         SYMBOL        L?0236
  C:2A5DH         SYMBOL        L?0237
  C:2A5DH         SYMBOL        L?0238
  C:2A64H         SYMBOL        L?0239
  C:2A64H         SYMBOL        L?0240
  C:2A6BH         SYMBOL        L?0241
  C:2A75H         SYMBOL        L?0242
  C:2A7FH         SYMBOL        L?0243
  C:2A89H         SYMBOL        L?0244
  C:2A93H         SYMBOL        L?0245
  C:2A93H         SYMBOL        L?0246
  -------         PROC          COM00B6
  -------         ENDPROC       COM00B6
  -------         PROC          KEYEVENT
  -------         DO            
  X:1353H         SYMBOL        i
  X:1354H         SYMBOL        KeyState
  -------         ENDDO         
  C:41F1H         LINE#         68
  C:41F1H         LINE#         69
  C:41F1H         LINE#         71
  C:41F9H         LINE#         73
  C:41FCH         LINE#         75
  C:4204H         LINE#         76
  C:4204H         LINE#         78
  C:4204H         LINE#         80
  C:4217H         LINE#         81
  C:4217H         LINE#         82
  C:422EH         LINE#         83
  C:422EH         LINE#         84
  C:4249H         LINE#         85
BL51 BANKED LINKER/LOCATER V6.22.2.0                                                  12/18/2021  17:07:55  PAGE 29


  C:4249H         LINE#         86
  C:425DH         LINE#         87
  C:425DH         LINE#         88
  C:425DH         LINE#         89
  C:425DH         LINE#         90
  C:4265H         LINE#         91
  -------         ENDPROC       KEYEVENT
  -------         PROC          LCDSHOWINIT
  C:5279H         LINE#         93
  C:5279H         LINE#         94
  C:5279H         LINE#         95
  -------         ENDPROC       LCDSHOWINIT
  -------         PROC          _LCDSHOW
  D:0001H         SYMBOL        InterfaceShow
  C:008EH         LINE#         99
  C:008EH         LINE#         100
  C:008EH         LINE#         101
  -------         ENDPROC       _LCDSHOW
  -------         PROC          KEYMAIN_ENTER
  C:4176H         LINE#         110
  C:4176H         LINE#         111
  C:4176H         LINE#         115
  C:417BH         LINE#         116
  C:417BH         LINE#         118
  C:41B8H         LINE#         119
  C:41B8H         LINE#         120
  C:41C1H         LINE#         121
  C:41C6H         LINE#         123
  C:41C7H         LINE#         125
  C:41C7H         LINE#         126
  C:41CDH         LINE#         127
  C:41D0H         LINE#         128
  C:41E0H         LINE#         129
  C:41E7H         LINE#         132
  C:41F0H         LINE#         133
  C:41F0H         LINE#         134
  C:41F0H         LINE#         141
  -------         ENDPROC       KEYMAIN_ENTER
  -------         PROC          KEYMAIN_UP
  -------         DO            
  X:1353H         SYMBOL        Value
  X:1354H         SYMBOL        temp
  -------         ENDDO         
  C:4ACEH         LINE#         143
  C:4ACEH         LINE#         144
  C:4ACEH         LINE#         145
  C:4AD3H         LINE#         146
  C:4AD3H         LINE#         147
  C:4AE0H         LINE#         148
  C:4AEFH         LINE#         149
  C:4B07H         LINE#         150
  C:4B07H         LINE#         155
  -------         ENDPROC       KEYMAIN_UP
  -------         PROC          KEYMAIN_MENU
  C:4F5FH         LINE#         157
  C:4F5FH         LINE#         158
  C:4F5FH         LINE#         159
BL51 BANKED LINKER/LOCATER V6.22.2.0                                                  12/18/2021  17:07:55  PAGE 30


  C:4F6BH         LINE#         160
  C:4F6BH         LINE#         161
  C:4F6BH         LINE#         162
  C:4F6BH         LINE#         164
  C:4F71H         LINE#         165
  C:4F7AH         LINE#         167
  C:4F7DH         LINE#         168
  C:4F7DH         LINE#         169
  C:4F7EH         LINE#         170
  C:4F7EH         LINE#         171
  C:4F7EH         LINE#         172
  C:4F84H         LINE#         173
  C:4F84H         LINE#         174
  C:4F84H         LINE#         175
  C:4F84H         LINE#         176
  C:4F84H         LINE#         177
  C:4F84H         LINE#         182
  -------         ENDPROC       KEYMAIN_MENU
  -------         PROC          KEYMAIN_CANCEL
  C:5160H         LINE#         184
  C:5160H         LINE#         185
  C:5160H         LINE#         187
  C:5165H         LINE#         188
  C:5165H         LINE#         189
  C:516EH         LINE#         190
  C:5174H         LINE#         191
  C:517AH         LINE#         192
  C:517AH         LINE#         197
  -------         ENDPROC       KEYMAIN_CANCEL
  -------         PROC          KEYMAIN_DOWN
  -------         DO            
  X:1353H         SYMBOL        Value
  X:1354H         SYMBOL        temp
  -------         ENDDO         
  C:4A19H         LINE#         199
  C:4A19H         LINE#         200
  C:4A19H         LINE#         201
  C:4A1EH         LINE#         202
  C:4A1EH         LINE#         203
  C:4A2BH         LINE#         204
  C:4A3AH         LINE#         205
  C:4A55H         LINE#         206
  C:4A55H         LINE#         211
  -------         ENDPROC       KEYMAIN_DOWN
  -------         PROC          KEYMENU_ENTER
  C:50EAH         LINE#         213
  C:50EAH         LINE#         214
  C:50EAH         LINE#         215
  C:50F8H         LINE#         216
  C:50F8H         LINE#         218
  C:50F8H         LINE#         220
  C:50FEH         LINE#         221
  C:5101H         LINE#         222
  C:5107H         LINE#         226
  -------         ENDPROC       KEYMENU_ENTER
  -------         PROC          KEYMENU_UP
  C:46CFH         LINE#         229
BL51 BANKED LINKER/LOCATER V6.22.2.0                                                  12/18/2021  17:07:55  PAGE 31


  C:46CFH         LINE#         230
  C:46CFH         LINE#         232
  C:46D9H         LINE#         233
  C:46DAH         LINE#         235
  C:46E7H         LINE#         237
  C:46EBH         LINE#         238
  C:46EBH         LINE#         239
  C:46EFH         LINE#         240
  C:46EFH         LINE#         242
  C:46F8H         LINE#         243
  C:46F8H         LINE#         244
  C:46F8H         LINE#         245
  C:46FBH         LINE#         246
  C:4700H         LINE#         247
  C:4702H         LINE#         248
  C:470BH         LINE#         249
  C:470BH         LINE#         250
  C:470BH         LINE#         251
  C:470BH         LINE#         252
  C:470EH         LINE#         253
  C:4710H         LINE#         255
  C:4710H         LINE#         256
  C:4710H         LINE#         257
  C:4710H         LINE#         258
  C:4717H         LINE#         259
  C:4717H         LINE#         261
  C:4720H         LINE#         262
  -------         ENDPROC       KEYMENU_UP
  -------         PROC          KEYMENU_MENU
  C:0042H         LINE#         269
  C:0042H         LINE#         270
  C:0042H         LINE#         274
  -------         ENDPROC       KEYMENU_MENU
  -------         PROC          KEYMENU_CANCEL
  C:5222H         LINE#         276
  C:5222H         LINE#         277
  C:5222H         LINE#         279
  C:5222H         LINE#         280
  C:5222H         LINE#         281
  C:522CH         LINE#         282
  -------         ENDPROC       KEYMENU_CANCEL
  -------         PROC          KEYMENU_DOWN
  C:4726H         LINE#         289
  C:4726H         LINE#         290
  C:4726H         LINE#         291
  C:4732H         LINE#         292
  C:4735H         LINE#         294
  C:4742H         LINE#         296
  C:4744H         LINE#         297
  C:4744H         LINE#         298
  C:4746H         LINE#         299
  C:4746H         LINE#         301
  C:474FH         LINE#         302
  C:474FH         LINE#         303
  C:474FH         LINE#         304
  C:4752H         LINE#         305
  C:4757H         LINE#         306
BL51 BANKED LINKER/LOCATER V6.22.2.0                                                  12/18/2021  17:07:55  PAGE 32


  C:4759H         LINE#         307
  C:4762H         LINE#         308
  C:4762H         LINE#         309
  C:4762H         LINE#         310
  C:4762H         LINE#         311
  C:4765H         LINE#         312
  C:4767H         LINE#         314
  C:4767H         LINE#         315
  C:4767H         LINE#         316
  C:4767H         LINE#         317
  C:476EH         LINE#         318
  C:476EH         LINE#         320
  C:4777H         LINE#         321
  -------         ENDPROC       KEYMENU_DOWN
  C:44ECH         SYMBOL        L?0232
  -------         PROC          CHECK_PASSWORDBITS
  C:448EH         LINE#         334
  C:448EH         LINE#         335
  C:448EH         LINE#         337
  C:4494H         LINE#         338
  C:4494H         LINE#         339
  C:4497H         LINE#         340
  C:44A6H         LINE#         341
  C:44A6H         LINE#         342
  C:44A7H         LINE#         343
  C:44B8H         LINE#         345
  C:44BBH         LINE#         346
  C:44BDH         LINE#         348
  C:44BDH         LINE#         349
  C:44BFH         LINE#         350
  C:44D0H         LINE#         352
  C:44D6H         LINE#         353
  C:44D6H         LINE#         354
  C:44DDH         LINE#         356
  C:44E6H         LINE#         358
  C:44E9H         LINE#         359
  C:44E9H         LINE#         360
  C:44EBH         LINE#         361
  -------         ENDPROC       CHECK_PASSWORDBITS
  C:2679H         SYMBOL        L?0181
  C:2699H         SYMBOL        L?0192
  C:26B6H         SYMBOL        L?0228
  -------         PROC          KEYCONTROL_ENTER
  -------         DO            
  X:1353H         SYMBOL        i
  X:1354H         SYMBOL        temp
  -------         ENDDO         
  C:24ACH         LINE#         363
  C:24ACH         LINE#         364
  C:24ACH         LINE#         365
  C:24D7H         LINE#         366
  C:24D7H         LINE#         367
  C:24D7H         LINE#         368
  C:24D7H         LINE#         369
  C:24E0H         LINE#         372
  C:24E6H         LINE#         373
  C:24E6H         LINE#         377
BL51 BANKED LINKER/LOCATER V6.22.2.0                                                  12/18/2021  17:07:55  PAGE 33


  C:24F8H         LINE#         378
  C:24F8H         LINE#         379
  C:251AH         LINE#         380
  C:2522H         LINE#         382
  C:2536H         LINE#         384
  C:253CH         LINE#         385
  C:253FH         LINE#         387
  C:253FH         LINE#         388
  C:2558H         LINE#         389
  C:2558H         LINE#         390
  C:2563H         LINE#         391
  C:2566H         LINE#         392
  C:256CH         LINE#         393
  C:2572H         LINE#         395
  C:2577H         LINE#         397
  C:2577H         LINE#         398
  C:2577H         LINE#         399
  C:257AH         LINE#         400
  C:2580H         LINE#         401
  C:2582H         LINE#         403
  C:2582H         LINE#         405
  C:2585H         LINE#         406
  C:2592H         LINE#         407
  C:2595H         LINE#         408
  C:259EH         LINE#         409
  C:259EH         LINE#         411
  C:25A3H         LINE#         412
  C:25A3H         LINE#         414
  C:25A8H         LINE#         415
  C:25A9H         LINE#         416
  C:25A9H         LINE#         418
  C:25A9H         LINE#         419
  C:25A9H         LINE#         420
  C:25B0H         LINE#         421
  C:25B4H         LINE#         422
  C:25B7H         LINE#         423
  C:25BDH         LINE#         424
  C:25C0H         LINE#         425
  C:25C0H         LINE#         427
  C:25C0H         LINE#         428
  C:25C0H         LINE#         429
  C:25C6H         LINE#         430
  C:25C6H         LINE#         431
  C:25CAH         LINE#         432
  C:25CCH         LINE#         434
  C:25CCH         LINE#         435
  C:25D1H         LINE#         436
  C:25D4H         LINE#         437
  C:25DFH         LINE#         438
  C:25E2H         LINE#         441
  C:25E2H         LINE#         442
  C:25E2H         LINE#         444
  C:25E2H         LINE#         445
  C:25E2H         LINE#         446
  C:25E5H         LINE#         449
  C:25E5H         LINE#         450
  C:25ECH         LINE#         451
BL51 BANKED LINKER/LOCATER V6.22.2.0                                                  12/18/2021  17:07:55  PAGE 34


  C:25EFH         LINE#         452
  C:25EFH         LINE#         454
  C:25EFH         LINE#         455
  C:25EFH         LINE#         456
  C:25FDH         LINE#         457
  C:25FDH         LINE#         459
  C:25FDH         LINE#         461
  C:2603H         LINE#         463
  C:2606H         LINE#         465
  C:2609H         LINE#         468
  C:2609H         LINE#         469
  C:260CH         LINE#         471
  C:260CH         LINE#         472
  C:260CH         LINE#         473
  C:261FH         LINE#         474
  C:261FH         LINE#         476
  C:262CH         LINE#         477
  C:262CH         LINE#         478
  C:262CH         LINE#         479
  C:262CH         LINE#         480
  C:262CH         LINE#         481
  C:262FH         LINE#         483
  C:262FH         LINE#         484
  C:2636H         LINE#         485
  C:2638H         LINE#         487
  C:2638H         LINE#         488
  C:2638H         LINE#         489
  C:263AH         LINE#         490
  C:2640H         LINE#         492
  C:264BH         LINE#         494
  C:265DH         LINE#         495
  C:265FH         LINE#         497
  C:2662H         LINE#         498
  C:2665H         LINE#         499
  C:2668H         LINE#         500
  C:266BH         LINE#         502
  C:266BH         LINE#         503
  C:266BH         LINE#         504
  C:266EH         LINE#         506
  C:266EH         LINE#         507
  C:2678H         LINE#         508
  C:2678H         LINE#         509
  C:2678H         LINE#         511
  C:2678H         LINE#         512
  C:2678H         LINE#         513
  C:2678H         LINE#         518
  -------         ENDPROC       KEYCONTROL_ENTER
  -------         PROC          KEYCONTROL_MENU
  C:517BH         LINE#         520
  C:517BH         LINE#         521
  C:517BH         LINE#         522
  C:5183H         LINE#         523
  C:5183H         LINE#         524
  C:5183H         LINE#         525
  C:5183H         LINE#         526
  C:5188H         LINE#         527
  C:5188H         LINE#         529
BL51 BANKED LINKER/LOCATER V6.22.2.0                                                  12/18/2021  17:07:55  PAGE 35


  C:518CH         LINE#         530
  C:518EH         LINE#         532
  C:518EH         LINE#         534
  C:5195H         LINE#         535
  C:5195H         LINE#         537
  C:5195H         LINE#         538
  C:5195H         LINE#         540
  C:5195H         LINE#         541
  C:5195H         LINE#         542
  C:5195H         LINE#         547
  -------         ENDPROC       KEYCONTROL_MENU
  -------         PROC          KEYCONTROL_CANCEL
  C:4F11H         LINE#         549
  C:4F11H         LINE#         550
  C:4F11H         LINE#         551
  C:4F19H         LINE#         552
  C:4F19H         LINE#         553
  C:4F19H         LINE#         554
  C:4F19H         LINE#         555
  C:4F1FH         LINE#         556
  C:4F25H         LINE#         557
  C:4F2AH         LINE#         558
  C:4F2EH         LINE#         559
  C:4F2EH         LINE#         560
  C:4F2EH         LINE#         562
  C:4F2EH         LINE#         563
  C:4F2EH         LINE#         565
  C:4F2EH         LINE#         566
  C:4F2EH         LINE#         568
  C:4F2EH         LINE#         569
  C:4F2EH         LINE#         571
  C:4F2EH         LINE#         572
  C:4F2EH         LINE#         574
  C:4F2EH         LINE#         575
  C:4F2EH         LINE#         576
  C:4F2EH         LINE#         577
  C:4F2EH         LINE#         579
  C:4F2EH         LINE#         580
  C:4F2EH         LINE#         581
  C:4F2EH         LINE#         584
  C:4F2EH         LINE#         585
  -------         ENDPROC       KEYCONTROL_CANCEL
  C:3704H         SYMBOL        L?0233
  -------         PROC          KEYCONTROL_UP
  -------         DO            
  X:1353H         SYMBOL        Value
  X:1354H         SYMBOL        temp
  X:1353H         SYMBOL        Value
  X:1354H         SYMBOL        temp
  -------         ENDDO         
  -------         DO            
  X:1353H         SYMBOL        Value
  X:1354H         SYMBOL        temp
  -------         ENDDO         
  C:363EH         LINE#         593
  C:363EH         LINE#         594
  C:363EH         LINE#         595
BL51 BANKED LINKER/LOCATER V6.22.2.0                                                  12/18/2021  17:07:55  PAGE 36


  C:3657H         LINE#         596
  C:3657H         LINE#         597
  C:3657H         LINE#         598
  C:3657H         LINE#         599
  C:365CH         LINE#         600
  C:365CH         LINE#         601
  C:3663H         LINE#         602
  C:3667H         LINE#         603
  C:3672H         LINE#         604
  C:3675H         LINE#         606
  C:3675H         LINE#         607
  C:367CH         LINE#         608
  C:3680H         LINE#         609
  C:368EH         LINE#         610
  C:368EH         LINE#         611
  C:368EH         LINE#         612
  C:3691H         LINE#         614
  C:3691H         LINE#         615
  C:3691H         LINE#         616
  C:3691H         LINE#         617
  C:369BH         LINE#         618
  C:369BH         LINE#         619
  C:369BH         LINE#         621
  C:369BH         LINE#         622
  C:369BH         LINE#         624
  C:36A5H         LINE#         625
  C:36A6H         LINE#         627
  C:36B3H         LINE#         629
  C:36B7H         LINE#         630
  C:36B7H         LINE#         631
  C:36BBH         LINE#         632
  C:36BBH         LINE#         634
  C:36C4H         LINE#         635
  C:36C4H         LINE#         636
  C:36C4H         LINE#         637
  C:36C7H         LINE#         638
  C:36CCH         LINE#         639
  C:36CEH         LINE#         640
[...]
  C:4FDCH         LINE#         105
  C:4FDFH         LINE#         106
  C:4FE7H         LINE#         107
  C:4FEAH         LINE#         108
  C:4FEAH         LINE#         109
  C:4FEDH         LINE#         110
  C:4FF0H         LINE#         111
  -------         ENDPROC       _IAPERASE
  -------         PROC          _IAPWRITE_BUFF
  X:1356H         SYMBOL        Addr
  X:1358H         SYMBOL        Str
  X:135BH         SYMBOL        Len
  C:4E11H         LINE#         120
  C:4E17H         LINE#         121
  C:4E17H         LINE#         122
  C:4E21H         LINE#         123
  C:4E21H         LINE#         124
  C:4E3AH         LINE#         125
  C:4E3CH         LINE#         126
  -------         ENDPROC       _IAPWRITE_BUFF
  -------         PROC          _IAPREAD_BUFF
  X:1353H         SYMBOL        Addr
  X:1355H         SYMBOL        Str
  X:1358H         SYMBOL        Len
  C:4E95H         LINE#         134
  C:4E9BH         LINE#         135
  C:4E9BH         LINE#         136
  C:4EA5H         LINE#         137
  C:4EA5H         LINE#         138
  C:4EBDH         LINE#         139
  C:4EBFH         LINE#         140
  -------         ENDPROC       _IAPREAD_BUFF
  -------         ENDMOD        EEPROM

  -------         MODULE        KEY
  C:0000H         SYMBOL        _ICE_DUMMY_
  D:0080H         PUBLIC        P0
  D:0090H         PUBLIC        P1
  D:00A0H         PUBLIC        P2
BL51 BANKED LINKER/LOCATER V6.22.2.0                                                  12/18/2021  17:07:55  PAGE 59


  D:00B0H         PUBLIC        P3
  D:00C0H         PUBLIC        P4
  D:00C8H         PUBLIC        P5
  D:00E8H         PUBLIC        P6
  D:00F8H         PUBLIC        P7
  X:13E5H         PUBLIC        KeyStateCurrrent
  D:00A8H         PUBLIC        IE
  D:00B8H         PUBLIC        IP
  D:00D8H         PUBLIC        CCON
  D:0098H         PUBLIC        SCON
  B:00A0H.2       PUBLIC        P22
  D:0088H         PUBLIC        TCON
  B:00A0H.3       PUBLIC        P23
  B:00A0H.4       PUBLIC        P24
  B:00A0H.5       PUBLIC        P25
  B:00A0H.6       PUBLIC        P26
  C:3D57H         PUBLIC        Key_Chick
  D:00D0H         PUBLIC        PSW
  -------         PROC          KEY_CHICK
  -------         DO            
  X:13E4H         SYMBOL        KeyTemp
  X:1355H         SYMBOL        KeyValue
  -------         ENDDO         
  C:3D57H         LINE#         13
  C:3D57H         LINE#         14
  C:3D57H         LINE#         17
  C:3D85H         LINE#         19
  C:3D94H         LINE#         20
  C:3D94H         LINE#         21
  C:3D94H         LINE#         22
  C:3D94H         LINE#         23
  C:3D9CH         LINE#         24
  C:3D9CH         LINE#         25
  C:3DA1H         LINE#         26
  C:3DA1H         LINE#         28
  C:3DA3H         LINE#         29
  C:3DA3H         LINE#         31
  C:3DA3H         LINE#         32
  C:3DA3H         LINE#         33
  C:3DAAH         LINE#         35
  C:3DB3H         LINE#         36
  C:3DB3H         LINE#         37
  C:3DB8H         LINE#         38
  C:3DBCH         LINE#         39
  C:3DBCH         LINE#         41
  C:3DBEH         LINE#         42
  C:3DBEH         LINE#         44
  C:3DBEH         LINE#         45
  C:3DBEH         LINE#         46
  C:3DC6H         LINE#         47
  C:3DC6H         LINE#         48
  C:3DCBH         LINE#         49
  C:3DD1H         LINE#         50
  C:3DD1H         LINE#         52
  C:3DD1H         LINE#         53
  C:3DD1H         LINE#         55
  C:3DD1H         LINE#         56
BL51 BANKED LINKER/LOCATER V6.22.2.0                                                  12/18/2021  17:07:55  PAGE 60


  C:3DD1H         LINE#         57
  C:3DD7H         LINE#         58
  C:3DDBH         LINE#         59
  C:3DE2H         LINE#         60
  C:3DE2H         LINE#         61
  C:3DE2H         LINE#         62
  C:3DE2H         LINE#         64
  C:3DE4H         LINE#         65
  -------         ENDPROC       KEY_CHICK
  -------         ENDMOD        KEY

  -------         MODULE        LCD
  C:0000H         SYMBOL        _ICE_DUMMY_
  C:4C64H         PUBLIC        _lcd_address
  D:0080H         PUBLIC        P0
  D:0090H         PUBLIC        P1
  D:00A0H         PUBLIC        P2
  D:00B0H         PUBLIC        P3
  C:43BBH         PUBLIC        initial_lcd
  D:00C0H         PUBLIC        P4
  D:00C8H         PUBLIC        P5
  D:00E8H         PUBLIC        P6
  D:00F8H         PUBLIC        P7
  D:00A8H         PUBLIC        IE
  C:2C45H         PUBLIC        _GUI_Lattice
  X:13DCH         PUBLIC        frontCurrent
  D:00B8H         PUBLIC        IP
  D:00D8H         PUBLIC        CCON
  C:4823H         SYMBOL        _GetCHIndex
  C:4E3DH         PUBLIC        _transfer_command
  D:0098H         PUBLIC        SCON
  D:0088H         PUBLIC        TCON
  B:00B0H.2       PUBLIC        P32
  B:00B0H.3       PUBLIC        P33
  B:00B0H.4       PUBLIC        P34
  B:00B0H.5       PUBLIC        P35
  B:00B0H.6       PUBLIC        P36
  B:00B0H.7       PUBLIC        P37
  C:370FH         PUBLIC        _GUI_String
  C:4674H         SYMBOL        _GetFrontParm
  C:4E69H         PUBLIC        _transfer_data
  C:4FF7H         PUBLIC        clear_screen
  D:00D0H         PUBLIC        PSW
  C:42DAH         SYMBOL        Com004D
  C:42DAH         SYMBOL        L?0078
  C:42E3H         SYMBOL        L?0079
  C:42E6H         SYMBOL        L?0080
  C:42EEH         SYMBOL        L?0082
  C:42EEH         SYMBOL        L?0083
  C:42F1H         SYMBOL        L?0084
  C:42F2H         SYMBOL        L?0085
  C:42FBH         SYMBOL        L?0086
  C:4317H         SYMBOL        L?0087
  C:432AH         SYMBOL        L?0091
  C:4337H         SYMBOL        L?0092
  C:433BH         SYMBOL        L?0093
  C:4342H         SYMBOL        L?0094
BL51 BANKED LINKER/LOCATER V6.22.2.0                                                  12/18/2021  17:07:55  PAGE 61


  C:4343H         SYMBOL        L?0095
  -------         PROC          COM004D
  -------         ENDPROC       COM004D
  -------         PROC          _TRANSFER_COMMAND
  D:0007H         SYMBOL        data1
  -------         DO            
  D:0006H         SYMBOL        i
  -------         ENDDO         
  C:4E3DH         LINE#         11
  C:4E3DH         LINE#         12
  C:4E3DH         LINE#         14
  C:4E3FH         LINE#         15
  C:4E41H         LINE#         17
  C:4E48H         LINE#         18
  C:4E48H         LINE#         19
  C:4E4AH         LINE#         21
  C:4E4EH         LINE#         22
  C:4E52H         LINE#         24
  C:4E54H         LINE#         26
  C:4E56H         LINE#         27
  C:4E63H         LINE#         28
  C:4E66H         LINE#         30
  C:4E68H         LINE#         31
  -------         ENDPROC       _TRANSFER_COMMAND
  -------         PROC          _TRANSFER_DATA
  D:0007H         SYMBOL        data1
  -------         DO            
  D:0006H         SYMBOL        i
  -------         ENDDO         
  C:4E69H         LINE#         40
  C:4E69H         LINE#         41
  C:4E69H         LINE#         43
  C:4E6BH         LINE#         44
  C:4E6DH         LINE#         46
  C:4E74H         LINE#         47
  C:4E74H         LINE#         48
  C:4E76H         LINE#         50
  C:4E7AH         LINE#         51
  C:4E7AH         LINE#         52
  C:4E7CH         LINE#         53
  C:4E7EH         LINE#         55
  C:4E7EH         LINE#         56
  C:4E80H         LINE#         57
  C:4E80H         LINE#         59
  C:4E82H         LINE#         61
  C:4E8FH         LINE#         62
  C:4E92H         LINE#         64
  C:4E94H         LINE#         65
  -------         ENDPROC       _TRANSFER_DATA
  -------         PROC          CLEAR_SCREEN
  -------         DO            
  D:0004H         SYMBOL        i
  D:0003H         SYMBOL        j
  -------         ENDDO         
  C:4FF7H         LINE#         73
  C:4FF7H         LINE#         74
  C:4FF7H         LINE#         77
BL51 BANKED LINKER/LOCATER V6.22.2.0                                                  12/18/2021  17:07:55  PAGE 62


  C:4FFFH         LINE#         78
  C:4FFFH         LINE#         79
  C:5006H         LINE#         81
  C:5011H         LINE#         82
  C:5011H         LINE#         83
  C:5016H         LINE#         84
  C:5019H         LINE#         85
  C:501CH         LINE#         86
  -------         ENDPROC       CLEAR_SCREEN
  -------         PROC          L?0090
  -------         ENDPROC       L?0090
  -------         PROC          _LCD_ADDRESS
  D:0006H         SYMBOL        page
  D:0004H         SYMBOL        column
  C:4C64H         LINE#         95
  C:4C68H         LINE#         96
  C:4C68H         LINE#         98
  C:4C73H         LINE#         99
  C:4C73H         LINE#         100
  C:4C75H         LINE#         101
  C:4C77H         LINE#         103
  C:4C77H         LINE#         104
  C:4C7DH         LINE#         105
  C:4C7DH         LINE#         107
  C:4C87H         LINE#         109
  -------         ENDPROC       _LCD_ADDRESS
  C:4403H         SYMBOL        L?0081
  C:441AH         SYMBOL        L?0089
  -------         PROC          INITIAL_LCD
  C:43BBH         LINE#         119
  C:43BBH         LINE#         120
  C:43BBH         LINE#         121
  C:43BDH         LINE#         122
  C:43C4H         LINE#         124
  C:43C6H         LINE#         126
  C:43CDH         LINE#         128
  C:43D2H         LINE#         129
  C:43D9H         LINE#         131
  C:43DBH         LINE#         132
  C:43DEH         LINE#         133
  C:43E0H         LINE#         134
  C:43E0H         LINE#         136
  C:43E0H         LINE#         138
  C:43E3H         LINE#         139
  C:43E5H         LINE#         140
  C:43E5H         LINE#         141
  C:43E5H         LINE#         143
  C:43E8H         LINE#         145
  C:43EAH         LINE#         146
  C:43EDH         LINE#         148
  C:43F2H         LINE#         149
  C:43F9H         LINE#         151
  C:43FEH         LINE#         153
  C:4400H         LINE#         155
  C:4403H         LINE#         156
  -------         ENDPROC       INITIAL_LCD
  -------         PROC          _GETFRONTPARM
BL51 BANKED LINKER/LOCATER V6.22.2.0                                                  12/18/2021  17:07:55  PAGE 63


  D:0007H         SYMBOL        font
  C:4674H         LINE#         164
  C:4674H         LINE#         165
  C:4674H         LINE#         166
  C:467BH         LINE#         167
  C:467BH         LINE#         168
  C:467BH         LINE#         169
  C:467BH         LINE#         170
  C:4681H         LINE#         171
  C:4687H         LINE#         172
  C:468DH         LINE#         174
  C:469BH         LINE#         176
  C:46A1H         LINE#         177
  C:46A3H         LINE#         178
  C:46A3H         LINE#         180
  C:46A3H         LINE#         181
  C:46A3H         LINE#         182
  C:46A9H         LINE#         183
  C:46AFH         LINE#         184
  C:46B5H         LINE#         185
  C:46BBH         LINE#         187
  C:46C7H         LINE#         188
  C:46C9H         LINE#         189
  C:46C9H         LINE#         199
  C:46C9H         LINE#         200
  C:46CCH         LINE#         201
  C:46CCH         LINE#         203
  C:46CEH         LINE#         204
  -------         ENDPROC       _GETFRONTPARM
  -------         PROC          _GETCHINDEX
  X:1362H         SYMBOL        ZoneCode
  -------         DO            
  D:0004H         SYMBOL        i
  D:0006H         SYMBOL        CHCode
  -------         ENDDO         
  C:4823H         LINE#         212
  C:482BH         LINE#         213
  C:482BH         LINE#         214
  C:482EH         LINE#         217
  C:482EH         LINE#         218
  C:482EH         LINE#         219
  C:4858H         LINE#         221
  C:4864H         LINE#         222
  C:4864H         LINE#         223
  C:4864H         LINE#         224
  C:4864H         LINE#         225
  C:486FH         LINE#         227
  C:4873H         LINE#         228
  -------         ENDPROC       _GETCHINDEX
  C:37C1H         SYMBOL        L?0088
  -------         PROC          _GUI_STRING
  X:1359H         SYMBOL        x
  X:135AH         SYMBOL        y
  X:135BH         SYMBOL        pString
  X:135EH         SYMBOL        font
  -------         DO            
  X:135FH         SYMBOL        ChIndex
BL51 BANKED LINKER/LOCATER V6.22.2.0                                                  12/18/2021  17:07:55  PAGE 64


  X:1361H         SYMBOL        Offset
  D:0006H         SYMBOL        ZoneCode
  -------         ENDDO         
  C:370FH         LINE#         237
  C:3720H         LINE#         238
  C:3720H         LINE#         245
  C:3726H         LINE#         247
  C:372BH         LINE#         250
  C:372BH         LINE#         251
  C:3740H         LINE#         252
  C:3740H         LINE#         253
  C:374FH         LINE#         255
  C:3764H         LINE#         256
  C:3764H         LINE#         257
  C:3769H         LINE#         258
  C:376CH         LINE#         260
  C:376CH         LINE#         262
  C:3776H         LINE#         264
  C:378CH         LINE#         266
  C:3797H         LINE#         268
  C:37ACH         LINE#         269
  C:37ACH         LINE#         270
  C:37B2H         LINE#         271
  C:37B2H         LINE#         273
  C:37B2H         LINE#         274
  C:37C0H         LINE#         275
  -------         ENDPROC       _GUI_STRING
  -------         PROC          _GUI_LATTICE
  X:1362H         SYMBOL        x
  D:0002H         SYMBOL        y
  X:1364H         SYMBOL        Width
  X:1365H         SYMBOL        High
  X:1366H         SYMBOL        plattice
  -------         DO            
  X:1369H         SYMBOL        y_Dy
  X:136AH         SYMBOL        y_by
  X:136BH         SYMBOL        y1_Dy
  X:136CH         SYMBOL        y1_by
  X:136DH         SYMBOL        y_Bytes
  X:136EH         SYMBOL        i
  X:136FH         SYMBOL        j
  X:1370H         SYMBOL        tempH
  D:0003H         SYMBOL        tempL
  -------         ENDDO         
  C:2C45H         LINE#         284
  C:2C51H         LINE#         285
  C:2C51H         LINE#         290
  C:2C6AH         LINE#         292
  C:2C82H         LINE#         293
  C:2C88H         LINE#         295
  C:2C93H         LINE#         296
  C:2C98H         LINE#         298
  C:2CA0H         LINE#         300
  C:2CB1H         LINE#         301
  C:2CB1H         LINE#         302
  C:2CC0H         LINE#         303
  C:2CC0H         LINE#         304
BL51 BANKED LINKER/LOCATER V6.22.2.0                                                  12/18/2021  17:07:55  PAGE 65


  C:2CD6H         LINE#         305
  C:2CD6H         LINE#         306
  C:2CDCH         LINE#         307
  C:2CDCH         LINE#         308
  C:2CE1H         LINE#         309
  C:2CF6H         LINE#         311
  C:2CF9H         LINE#         312
  C:2D04H         LINE#         313
  C:2D04H         LINE#         314
  C:2D0BH         LINE#         316
  C:2D40H         LINE#         317
  C:2D43H         LINE#         319
  C:2D43H         LINE#         320
  C:2D6AH         LINE#         321
  C:2D8AH         LINE#         323
  C:2D97H         LINE#         324
  C:2DA0H         LINE#         325
  C:2DA0H         LINE#         326
  C:2DA9H         LINE#         327
  C:2DA9H         LINE#         329
  C:2DA9H         LINE#         330
  C:2DB3H         LINE#         331
  C:2DE6H         LINE#         332
  C:2DE6H         LINE#         333
  C:2DEFH         LINE#         334
  -------         ENDPROC       _GUI_LATTICE
  -------         ENDMOD        LCD

  -------         MODULE        ?C?COPY
  C:2178H         PUBLIC        ?C?COPY
  -------         ENDMOD        ?C?COPY

  -------         MODULE        ?C?CLDPTR
  C:219EH         PUBLIC        ?C?CLDPTR
  -------         ENDMOD        ?C?CLDPTR

  -------         MODULE        ?C?CLDOPTR
  C:21B7H         PUBLIC        ?C?CLDOPTR
  -------         ENDMOD        ?C?CLDOPTR

  -------         MODULE        ?C?CILDPTR
  C:21E4H         PUBLIC        ?C?CILDPTR
  -------         ENDMOD        ?C?CILDPTR

  -------         MODULE        ?C?CSTPTR
  C:2206H         PUBLIC        ?C?CSTPTR
  -------         ENDMOD        ?C?CSTPTR

  -------         MODULE        ?C?CSTOPTR
  C:2218H         PUBLIC        ?C?CSTOPTR
  -------         ENDMOD        ?C?CSTOPTR

  -------         MODULE        ?C?IMUL
  C:223AH         PUBLIC        ?C?IMUL
  -------         ENDMOD        ?C?IMUL

  -------         MODULE        ?C?UIDIV
BL51 BANKED LINKER/LOCATER V6.22.2.0                                                  12/18/2021  17:07:55  PAGE 66


  C:224CH         PUBLIC        ?C?UIDIV
  -------         ENDMOD        ?C?UIDIV

  -------         MODULE        ?C?SIDIV
  C:22A1H         PUBLIC        ?C?SIDIV
  -------         ENDMOD        ?C?SIDIV

  -------         MODULE        ?C?IILDX
  C:22D7H         PUBLIC        ?C?IILDX
  -------         ENDMOD        ?C?IILDX

  -------         MODULE        ?C?ILDIX
  C:22EDH         PUBLIC        ?C?ILDIX
  -------         ENDMOD        ?C?ILDIX

  -------         MODULE        ?C?ILDOPTR
  C:2303H         PUBLIC        ?C?ILDOPTR
  -------         ENDMOD        ?C?ILDOPTR

  -------         MODULE        ?C?IILDOPTR
  C:233BH         PUBLIC        ?C?IILDOPTR
  -------         ENDMOD        ?C?IILDOPTR

  -------         MODULE        ?C?ISTOPTR
  C:2388H         PUBLIC        ?C?ISTOPTR
  -------         ENDMOD        ?C?ISTOPTR

  -------         MODULE        ?C?ULCMP
  C:23B5H         PUBLIC        ?C?ULCMP
  -------         ENDMOD        ?C?ULCMP

  -------         MODULE        ?C?LSTKXDATA
  C:23C6H         PUBLIC        ?C?LSTKXDATA
  -------         ENDMOD        ?C?LSTKXDATA

  -------         MODULE        ?C?OFFXADD
  C:23F7H         PUBLIC        ?C?OFFXADD
  -------         ENDMOD        ?C?OFFXADD

  -------         MODULE        ?C?PLDXDATA
  C:2403H         PUBLIC        ?C?PLDXDATA
  -------         ENDMOD        ?C?PLDXDATA

  -------         MODULE        ?C?PLDIXDATA
  C:240CH         PUBLIC        ?C?PLDIXDATA
  -------         ENDMOD        ?C?PLDIXDATA

  -------         MODULE        ?C?PSTXDATA
  C:2423H         PUBLIC        ?C?PSTXDATA
  -------         ENDMOD        ?C?PSTXDATA

  -------         MODULE        ?C?PLDCODE
  C:242CH         PUBLIC        ?C?PLDCODE
  -------         ENDMOD        ?C?PLDCODE

  -------         MODULE        ?C?PLDOPTR
  C:2438H         PUBLIC        ?C?PLDOPTR
BL51 BANKED LINKER/LOCATER V6.22.2.0                                                  12/18/2021  17:07:55  PAGE 67


  -------         ENDMOD        ?C?PLDOPTR

  -------         MODULE        ?C?ICALL
  C:2468H         PUBLIC        ?C?ICALL
  C:246CH         PUBLIC        ?C?ICALL2
  -------         ENDMOD        ?C?ICALL

  -------         MODULE        STRNCMP
  X:1378H         PUBLIC        ?_strncmp?BYTE
  C:3EF8H         PUBLIC        _strncmp
  -------         ENDMOD        STRNCMP

  -------         MODULE        STRLEN
  C:000EH         PUBLIC        _STRLEN
  -------         ENDMOD        STRLEN

  -------         MODULE        ?C?MEMSET
  C:246EH         PUBLIC        ?C?MEMSET
  -------         ENDMOD        ?C?MEMSET

  -------         MODULE        ?C?PLDIDATA
  C:249AH         PUBLIC        ?C?PLDIDATA
  -------         ENDMOD        ?C?PLDIDATA

  -------         MODULE        ?C?PLDPDATA
  C:24A3H         PUBLIC        ?C?PLDPDATA
  -------         ENDMOD        ?C?PLDPDATA

*** WARNING L7: MODULE NAME NOT UNIQUE
    MODULE:  .\Objects\STARTUP.obj (?C_STARTUP)

*** WARNING L16: UNCALLED SEGMENT, IGNORED FOR OVERLAY PROCESS
    SEGMENT: ?PR?_PUTCHAR?USART

Program Size: data=25.0 xdata=5094 code=21145
LINK/LOCATE RUN COMPLETE.  2 WARNING(S),  0 ERROR(S)
