BL51 BANKED LINKER/LOCATER V6.22.2.0                                                    03/03/2023  11:28:24  PAGE 1


BL51 BANKED LINKER/LOCATER V6.22.2.0, INVOKED BY:
C:\KEIL_V5\C51\BIN\BL51.EXE .\Objects\main.obj, .\Objects\Control.obj, .\Objects\report.obj, .\Objects\Menu.obj, .\Objec
>> ts\pFunc.obj, .\Objects\usart.obj, .\Objects\timer.obj, .\Objects\wifi.obj, .\STCLIB\Front.LIB, .\STCLIB\Gpio.LIB, .\
>> STCLIB\Iape2prom.LIB, .\STCLIB\Key.LIB, .\STCLIB\Lcd19264.LIB, .\Objects\STARTUP.obj TO .\Objects\WIRELESS_PLC PRINT 
>> (.\Listings\WIRELESS_PLC.m51) RAMSIZE (256)


MEMORY MODEL: LARGE


INPUT MODULES INCLUDED:
  .\Objects\main.obj (MAIN)
  .\Objects\Control.obj (CONTROL)
  .\Objects\report.obj (REPORT)
  .\Objects\Menu.obj (MENU)
  .\Objects\pFunc.obj (PFUNC)
  .\Objects\usart.obj (USART)
  .\Objects\timer.obj (TIMER)
  .\Objects\wifi.obj (WIFI)
  .\STCLIB\Front.LIB (CHINESE_CODE)
  .\STCLIB\Front.LIB (?C_STARTUP)
  .\STCLIB\Gpio.LIB (GPIO)
  .\STCLIB\Iape2prom.LIB (EEPROM)
  .\STCLIB\Key.LIB (KEY)
  .\STCLIB\Lcd19264.LIB (LCD)
  C:\KEIL_V5\C51\LIB\C51L.LIB (?C_INIT)
  C:\KEIL_V5\C51\LIB\C51L.LIB (?C?COPY)
  C:\KEIL_V5\C51\LIB\C51L.LIB (?C?CLDPTR)
  C:\KEIL_V5\C51\LIB\C51L.LIB (?C?CLDOPTR)
  C:\KEIL_V5\C51\LIB\C51L.LIB (?C?CILDPTR)
  C:\KEIL_V5\C51\LIB\C51L.LIB (?C?CILDOPTR)
  C:\KEIL_V5\C51\LIB\C51L.LIB (?C?CSTPTR)
  C:\KEIL_V5\C51\LIB\C51L.LIB (?C?CSTOPTR)
  C:\KEIL_V5\C51\LIB\C51L.LIB (?C?IMUL)
  C:\KEIL_V5\C51\LIB\C51L.LIB (?C?UIDIV)
  C:\KEIL_V5\C51\LIB\C51L.LIB (?C?SIDIV)
  C:\KEIL_V5\C51\LIB\C51L.LIB (?C?IILDX)
  C:\KEIL_V5\C51\LIB\C51L.LIB (?C?ILDIX)
  C:\KEIL_V5\C51\LIB\C51L.LIB (?C?ILDPTR)
  C:\KEIL_V5\C51\LIB\C51L.LIB (?C?ILDOPTR)
  C:\KEIL_V5\C51\LIB\C51L.LIB (?C?ISTPTR)
  C:\KEIL_V5\C51\LIB\C51L.LIB (?C?ULCMP)
  C:\KEIL_V5\C51\LIB\C51L.LIB (?C?LSTKXDATA)
  C:\KEIL_V5\C51\LIB\C51L.LIB (?C?OFFXADD)
  C:\KEIL_V5\C51\LIB\C51L.LIB (?C?PLDXDATA)
  C:\KEIL_V5\C51\LIB\C51L.LIB (?C?PLDIXDATA)
  C:\KEIL_V5\C51\LIB\C51L.LIB (?C?PSTXDATA)
  C:\KEIL_V5\C51\LIB\C51L.LIB (?C?PLDCODE)
  C:\KEIL_V5\C51\LIB\C51L.LIB (?C?PLDOPTR)
  C:\KEIL_V5\C51\LIB\C51L.LIB (?C?CCASE)
  C:\KEIL_V5\C51\LIB\C51L.LIB (?C?ICALL)
  C:\KEIL_V5\C51\LIB\C51L.LIB (STRNCMP)
  C:\KEIL_V5\C51\LIB\C51L.LIB (STRLEN)
  C:\KEIL_V5\C51\LIB\C51L.LIB (?C?MEMSET)
  C:\KEIL_V5\C51\LIB\C51L.LIB (?C?PLDIDATA)
  C:\KEIL_V5\C51\LIB\C51L.LIB (?C?PLDPDATA)


BL51 BANKED LINKER/LOCATER V6.22.2.0                                                  03/03/2023  11:28:24  PAGE 2


LINK MAP OF MODULE:  .\Objects\WIRELESS_PLC (MAIN)


            TYPE    BASE      LENGTH    RELOCATION   SEGMENT NAME
            -----------------------------------------------------

            * * * * * * *   D A T A   M E M O R Y   * * * * * * *
            REG     0000H     0008H     ABSOLUTE     "REG BANK 0"
            REG     0008H     0008H     ABSOLUTE     "REG BANK 1"
            REG     0010H     0008H     ABSOLUTE     "REG BANK 2"
            REG     0018H     0008H     ABSOLUTE     "REG BANK 3"
            IDATA   0020H     0001H     UNIT         ?STACK

            * * * * * * *  X D A T A   M E M O R Y  * * * * * * *
            XDATA   0000H     19FDH     UNIT         ?XD?REPORT
            XDATA   19FDH     00CCH     UNIT         ?XD?MENU
            XDATA   1AC9H     00AAH     UNIT         ?XD?CONTROL
            XDATA   1B73H     003BH     UNIT         _XDATA_GROUP_
            XDATA   1BAEH     002DH     UNIT         ?XD?USART
            XDATA   1BDBH     0014H     UNIT         ?XD?MAIN
            XDATA   1BEFH     0010H     UNIT         ?XD?TIMER
            XDATA   1BFFH     0008H     UNIT         ?XD?LCD
            XDATA   1C07H     0002H     UNIT         ?XD?DELAY1MS?TIMER
            XDATA   1C09H     0002H     UNIT         ?XD?KEY

            * * * * * * *   C O D E   M E M O R Y   * * * * * * *
            CODE    0000H     0003H     ABSOLUTE     
            CODE    0003H     0008H     UNIT         ?PR?COMMUNICAINIT?CONTROL
            CODE    000BH     0003H     ABSOLUTE     
            CODE    000EH     0015H     UNIT         ?PR?_STRLEN?STRLEN
            CODE    0023H     0003H     ABSOLUTE     
            CODE    0026H     001CH     UNIT         ?PR?_PASSWORDDELETE?CONTROL
            CODE    0042H     0001H     UNIT         ?PR?KEYMENU_MENU?MENU
            CODE    0043H     0003H     ABSOLUTE     
            CODE    0046H     0045H     UNIT         ?PR?PACTUISHOW?CONTROL
            CODE    008BH     0003H     ABSOLUTE     
            CODE    008EH     0003H     UNIT         ?PR?_LCDSHOW?MENU
            CODE    0091H     0001H     UNIT         ?PR?KEYBAUD_MENU?MENU
                    0092H     0001H                  *** GAP ***
            CODE    0093H     0003H     ABSOLUTE     
            CODE    0096H     20AEH     UNIT         ?CO?CHINESE_CODE
            CODE    2144H     1B8FH     UNIT         ?C_INITSEG
            CODE    3CD3H     042DH     UNIT         ?C?LIB_CODE
            CODE    4100H     0298H     UNIT         ?PR?KEYCONTROL_ENTER?MENU
            CODE    4398H     0207H     UNIT         ?PR?MENU
            CODE    459FH     01DEH     UNIT         ?PR?TIMER0_ISR?TIMER
            CODE    477DH     01ABH     UNIT         ?PR?_GUI_LATTICE?LCD
            CODE    4928H     019FH     UNIT         ?CO?WIFI
            CODE    4AC7H     0199H     UNIT         ?PR?_GPIO_INILIZE?GPIO
            CODE    4C60H     0191H     UNIT         ?PR?_MYITOA?PFUNC
            CODE    4DF1H     016DH     UNIT         ?PR?_PUBLIC_DATAHANDLE?REPORT
            CODE    4F5EH     012FH     UNIT         ?PR?KEYCONTROL_DOWN?MENU
            CODE    508DH     012AH     UNIT         ?CO?CONTROL
            CODE    51B7H     0116H     UNIT         ?PR?KEYCONTROL_UP?MENU
            CODE    52CDH     0101H     UNIT         ?CO?MENU
            CODE    53CEH     00D6H     UNIT         ?PR?USART
            CODE    54A4H     00C5H     UNIT         ?PR?_GUI_STRING?LCD
BL51 BANKED LINKER/LOCATER V6.22.2.0                                                  03/03/2023  11:28:24  PAGE 3


            CODE    5569H     00AEH     UNIT         ?PR?_UART_BASE_MSPINIT?USART
            CODE    5617H     00A8H     UNIT         ?PR?CONTROL
            CODE    56BFH     00A2H     UNIT         ?PR?UART1_ISR?USART
            CODE    5761H     009BH     UNIT         ?PR?UART3_ISR?USART
            CODE    57FCH     0098H     UNIT         ?PR?_GETCRC16?REPORT
            CODE    5894H     0095H     UNIT         ?PR?UART2_ISR?USART
            CODE    5929H     008FH     UNIT         ?PR?UART_HANDLE?REPORT
            CODE    59B8H     008EH     UNIT         ?PR?KEY_CHICK?KEY
            CODE    5A46H     008CH     UNIT         ?C_C51STARTUP
            CODE    5AD2H     0087H     UNIT         ?PR?PASSWORDCHANGEUISHOW?CONTROL
            CODE    5B59H     0087H     UNIT         ?PR?_STRNCMP?STRNCMP
            CODE    5BE0H     007BH     UNIT         ?PR?SYSTEMINIT?MAIN
            CODE    5C5BH     007BH     UNIT         ?PR?IAP_FLASH_IINIT?MAIN
            CODE    5CD6H     007BH     UNIT         ?PR?KEYMAIN_ENTER?MENU
            CODE    5D51H     0075H     UNIT         ?PR?KEYEVENT?MENU
            CODE    5DC6H     0071H     UNIT         ?PR?LCD
            CODE    5E37H     006CH     UNIT         ?PR?_UARTX_SENDSTR?USART
            CODE    5EA3H     006AH     UNIT         ?PR?INITIAL_LCD?LCD
            CODE    5F0DH     0069H     UNIT         ?PR?INIT_ALL?MAIN
            CODE    5F76H     0069H     UNIT         ?PR?_PASSWORDINPUT?CONTROL
            CODE    5FDFH     0069H     UNIT         ?PR?CHECK_PASSWORDBITS?MENU
            CODE    6048H     0069H     UNIT         ?PR?UART4_ISR?USART
            CODE    60B1H     0068H     UNIT         ?PR?WORKMODEUISHOW?CONTROL
            CODE    6119H     0064H     UNIT         ?PR?KEYBAUD_ENTER?MENU
            CODE    617DH     0063H     UNIT         ?CO?MAIN
            CODE    61E0H     0060H     UNIT         ?PR?KEYBAUD_UP?MENU
            CODE    6240H     0060H     UNIT         ?PR?KEYBAUD_DOWN?MENU
            CODE    62A0H     0060H     UNIT         ?PR?IAPCONFIGWAITTIME?EEPROM
            CODE    6300H     005FH     UNIT         ?PR?HOTSPOTSETTINGUISHOW?CONTROL
            CODE    635FH     005CH     UNIT         ?PR?_PORT0_SEND?REPORT
            CODE    63BBH     005BH     UNIT         ?PR?_GETFRONTPARM?LCD
            CODE    6416H     0057H     UNIT         ?PR?KEYMENU_UP?MENU
            CODE    646DH     0057H     UNIT         ?PR?KEYMENU_DOWN?MENU
            CODE    64C4H     0051H     UNIT         ?PR?_GETCHINDEX?LCD
            CODE    6515H     004EH     UNIT         ?PR?PLCPOWERUISHOW?CONTROL
            CODE    6563H     0047H     UNIT         ?PR?_EXE_APPOINT_CMD?WIFI
            CODE    65AAH     0045H     UNIT         ?PR?REFRESHMENUDISP?MENU
            CODE    65EFH     0044H     UNIT         ?PR?REFRESHBAUDDISP?MENU
            CODE    6633H     0043H     UNIT         ?PR?_TIM_BASE_MSPINIT?TIMER
            CODE    6676H     0042H     UNIT         ?PR?KEYCONTROL_CANCEL?MENU
            CODE    66B8H     0042H     UNIT         ?PR?WIFI
            CODE    66FAH     003DH     UNIT         ?PR?KEYMAIN_DOWN?MENU
            CODE    6737H     003CH     UNIT         ?PR?COMMUNICAUISHOW?CONTROL
            CODE    6773H     003CH     UNIT         ?PR?BAUDSETTINGUI1SHOW?CONTROL
            CODE    67AFH     003AH     UNIT         ?PR?KEYMAIN_UP?MENU
            CODE    67E9H     0038H     UNIT         ?PR?CONTROLSAVE?CONTROL
            CODE    6821H     0037H     UNIT         ?PR?WIFI_INIT?WIFI
            CODE    6858H     0036H     UNIT         ?PR?EEPROM
            CODE    688EH     0036H     UNIT         ?PR?_LCD_ADDRESS?LCD
            CODE    68C4H     0035H     UNIT         ?PR?BAUDSETTINGUI2SHOW?CONTROL
            CODE    68F9H     0035H     UNIT         ?PR?BAUDSETTINGUI3SHOW?CONTROL
            CODE    692EH     0035H     UNIT         ?PR?BAUDSETTINGUI4SHOW?CONTROL
            CODE    6963H     0034H     UNIT         ?PR?_GET_TARGET_UART?REPORT
            CODE    6997H     0031H     UNIT         ?PR?REPORT
            CODE    69C8H     0031H     UNIT         ?PR?_LCDDLY?MENU
            CODE    69F9H     0031H     UNIT         ?PR?WIFI_EXIT_TRT?WIFI
            CODE    6A2AH     0030H     UNIT         ?PR?CHECKIAP_FLASH?MAIN
BL51 BANKED LINKER/LOCATER V6.22.2.0                                                  03/03/2023  11:28:24  PAGE 4


            CODE    6A5AH     002FH     UNIT         ?PR?_IAPREAD?EEPROM
            CODE    6A89H     002DH     UNIT         ?PR?BAUDINIT?CONTROL
            CODE    6AB6H     002DH     UNIT         ?PR?RELOADSETTINGUISHOW?CONTROL
            CODE    6AE3H     002CH     UNIT         ?PR?_IAPWRITE_BUFF?EEPROM
            CODE    6B0FH     002CH     UNIT         ?PR?_TRANSFER_COMMAND?LCD
            CODE    6B3BH     002CH     UNIT         ?PR?_TRANSFER_DATA?LCD
            CODE    6B67H     002BH     UNIT         ?PR?_IAPREAD_BUFF?EEPROM
            CODE    6B92H     002AH     UNIT         ?PR?PASSWORDINPUTUISHOW?CONTROL
            CODE    6BBCH     002AH     UNIT         ?PR?_GET_TARGET_CHANNEL?REPORT
            CODE    6BE6H     002AH     UNIT         ?PR?PFUNC
            CODE    6C10H     0029H     UNIT         ?PR?MAIN
            CODE    6C39H     0028H     UNIT         ?PR?TIMER0_INIT?TIMER
            CODE    6C61H     0027H     UNIT         ?PR?CONTROLINIT?CONTROL
            CODE    6C88H     0026H     UNIT         ?PR?KEYMAIN_MENU?MENU
            CODE    6CAEH     0026H     UNIT         ?PR?_IAPPROGRAM?EEPROM
            CODE    6CD4H     0026H     UNIT         ?PR?_IAPERASE?EEPROM
            CODE    6CFAH     0026H     UNIT         ?PR?CLEAR_SCREEN?LCD
            CODE    6D20H     0025H     UNIT         ?PR?PASSWORDJUDGE?CONTROL
            CODE    6D45H     0025H     UNIT         ?CO?PFUNC
            CODE    6D6AH     0022H     UNIT         ?PR?UART1_INIT?USART
            CODE    6D8CH     0022H     UNIT         ?PR?_BUSY_AWAIT?USART
            CODE    6DAEH     0021H     UNIT         ?PR?DELAY1MS?TIMER
            CODE    6DCFH     001FH     UNIT         ?PR?UART2_INIT?USART
            CODE    6DEEH     001EH     UNIT         ?CO?REPORT
            CODE    6E0CH     001EH     UNIT         ?PR?KEYMENU_ENTER?MENU
            CODE    6E2AH     001EH     UNIT         ?PR?UART3_INIT?USART
            CODE    6E48H     001EH     UNIT         ?PR?UART4_INIT?USART
            CODE    6E66H     001CH     UNIT         ?PR?_DELAY_MS?TIMER
            CODE    6E82H     001BH     UNIT         ?PR?KEYMAIN_CANCEL?MENU
            CODE    6E9DH     001BH     UNIT         ?PR?KEYCONTROL_MENU?MENU
            CODE    6EB8H     0019H     UNIT         ?PR?_LOOPINDEX?PFUNC
            CODE    6ED1H     0019H     UNIT         ?PR?WIFI_OPEN_AP?WIFI
            CODE    6EEAH     0019H     UNIT         ?PR?WIFI_CLOSE_AP?WIFI
            CODE    6F03H     0018H     UNIT         ?PR?_INPUTOFFECT?CONTROL
            CODE    6F1BH     0018H     UNIT         ?PR?SCREENSAVERUISHOW?CONTROL
            CODE    6F33H     0011H     UNIT         ?PR?MAIN?MAIN
            CODE    6F44H     0011H     UNIT         ?PR?KEYBAUD_CANCEL?MENU
            CODE    6F55H     0010H     UNIT         ?PR?KEYMENU_CANCEL?MENU
            CODE    6F65H     000FH     UNIT         ?PR?MODE_MASTER?CONTROL
            CODE    6F74H     000DH     UNIT         ?PR?IAPIDLE?EEPROM
            CODE    6F81H     000CH     UNIT         ?PR?_WIFI_ENABLE?WIFI
            CODE    6F8DH     0009H     UNIT         ?PR?POWERINIT?CONTROL
            CODE    6F96H     0009H     UNIT         ?PR?MODE_SLAVE?CONTROL
            CODE    6F9FH     0009H     UNIT         ?PR?LCDSHOWINIT?MENU
            CODE    6FA8H     0009H     UNIT         ?PR?BAUD_SETTING?MENU
            CODE    6FB1H     0007H     UNIT         ?PR?SET_OTHERPACT?CONTROL
            CODE    6FB8H     0007H     UNIT         ?PR?SET_PPIPACT?CONTROL
            CODE    6FBFH     0006H     UNIT         ?PR?GPIO



OVERLAY MAP OF MODULE:   .\Objects\WIRELESS_PLC (MAIN)


SEGMENT                                    XDATA_GROUP
  +--> CALLED SEGMENT                    START    LENGTH
--------------------------------------------------------
BL51 BANKED LINKER/LOCATER V6.22.2.0                                                  03/03/2023  11:28:24  PAGE 5


?PR?UART1_ISR?USART                      -----    -----
  +--> ?PR?USART

*** NEW ROOT ***************************************************

?PR?UART2_ISR?USART                      -----    -----
  +--> ?PR?USART

*** NEW ROOT ***************************************************

?PR?UART3_ISR?USART                      -----    -----
  +--> ?PR?USART

*** NEW ROOT ***************************************************

?C_C51STARTUP                            -----    -----
  +--> ?PR?MAIN?MAIN
  +--> ?C_INITSEG

?PR?MAIN?MAIN                            -----    -----
  +--> ?PR?SYSTEMINIT?MAIN
  +--> ?PR?KEYEVENT?MENU
  +--> ?PR?UART_HANDLE?REPORT

?PR?SYSTEMINIT?MAIN                      -----    -----
  +--> ?PR?INIT_ALL?MAIN
  +--> ?PR?MAIN
  +--> ?PR?INITIAL_LCD?LCD
  +--> ?PR?IAP_FLASH_IINIT?MAIN
  +--> ?PR?TIMER0_INIT?TIMER
  +--> ?PR?UART1_INIT?USART
  +--> ?PR?UART2_INIT?USART
  +--> ?PR?UART3_INIT?USART
  +--> ?PR?UART4_INIT?USART
  +--> ?PR?CONTROLINIT?CONTROL
  +--> ?PR?LCDSHOWINIT?MENU
  +--> ?PR?WIFI_INIT?WIFI
  +--> ?PR?CONTROLSAVE?CONTROL
  +--> ?PR?_WIFI_ENABLE?WIFI
  +--> ?PR?_DELAY_MS?TIMER

?PR?INIT_ALL?MAIN                        1B73H    0002H
  +--> ?PR?MAIN
  +--> ?PR?_GPIO_INILIZE?GPIO

?PR?_GPIO_INILIZE?GPIO                   -----    -----
  +--> ?PR?GPIO

?PR?INITIAL_LCD?LCD                      -----    -----
  +--> ?PR?_DELAY_MS?TIMER
  +--> ?PR?_TRANSFER_COMMAND?LCD
  +--> ?PR?CLEAR_SCREEN?LCD

?PR?_DELAY_MS?TIMER                      1B7CH    0002H
  +--> ?PR?DELAY1MS?TIMER

?PR?_TRANSFER_COMMAND?LCD                -----    -----
BL51 BANKED LINKER/LOCATER V6.22.2.0                                                  03/03/2023  11:28:24  PAGE 6


  +--> ?PR?LCD

?PR?LCD                                  -----    -----
  +--> ?PR?_LCD_ADDRESS?LCD

?PR?CLEAR_SCREEN?LCD                     -----    -----
  +--> ?PR?LCD
  +--> ?PR?_TRANSFER_COMMAND?LCD
  +--> ?PR?_TRANSFER_DATA?LCD

?PR?_TRANSFER_DATA?LCD                   -----    -----
  +--> ?PR?LCD

?PR?IAP_FLASH_IINIT?MAIN                 -----    -----
  +--> ?PR?CHECKIAP_FLASH?MAIN
  +--> ?CO?MAIN
  +--> ?PR?MAIN
  +--> ?PR?_GUI_STRING?LCD
  +--> ?PR?_DELAY_MS?TIMER
  +--> ?PR?_IAPERASE?EEPROM
  +--> ?PR?_IAPWRITE_BUFF?EEPROM
  +--> ?PR?CLEAR_SCREEN?LCD

?PR?CHECKIAP_FLASH?MAIN                  -----    -----
  +--> ?PR?MAIN
  +--> ?PR?_IAPREAD_BUFF?EEPROM
  +--> ?PR?_GETCRC16?REPORT

?PR?_IAPREAD_BUFF?EEPROM                 1B73H    0006H
  +--> ?PR?EEPROM
  +--> ?PR?_IAPREAD?EEPROM

?PR?_IAPREAD?EEPROM                      1B79H    0001H
  +--> ?PR?IAPCONFIGWAITTIME?EEPROM
  +--> ?PR?EEPROM

?PR?IAPCONFIGWAITTIME?EEPROM             1B7FH    0004H
  +--> ?PR?EEPROM

?PR?_GETCRC16?REPORT                     1B76H    0009H

?PR?_GUI_STRING?LCD                      1B79H    0009H
  +--> ?PR?_GETFRONTPARM?LCD
  +--> ?PR?LCD
  +--> ?PR?_GETCHINDEX?LCD
  +--> ?PR?_GUI_LATTICE?LCD

?PR?_GETFRONTPARM?LCD                    -----    -----
  +--> ?CO?CHINESE_CODE

?PR?_GETCHINDEX?LCD                      1B82H    0002H
  +--> ?CO?CHINESE_CODE

?PR?_GUI_LATTICE?LCD                     1B82H    000FH
  +--> ?PR?LCD
  +--> ?PR?_LCD_ADDRESS?LCD
  +--> ?PR?_TRANSFER_DATA?LCD
BL51 BANKED LINKER/LOCATER V6.22.2.0                                                  03/03/2023  11:28:24  PAGE 7



?PR?_IAPERASE?EEPROM                     1B76H    0002H
  +--> ?PR?IAPCONFIGWAITTIME?EEPROM
  +--> ?PR?EEPROM
  +--> ?PR?IAPIDLE?EEPROM
  +--> ?PR?_DELAY_MS?TIMER

?PR?_IAPWRITE_BUFF?EEPROM                1B76H    0006H
  +--> ?PR?EEPROM
  +--> ?PR?_IAPPROGRAM?EEPROM

?PR?_IAPPROGRAM?EEPROM                   1B7CH    0003H
  +--> ?PR?IAPCONFIGWAITTIME?EEPROM
  +--> ?PR?EEPROM
  +--> ?PR?IAPIDLE?EEPROM

?PR?TIMER0_INIT?TIMER                    -----    -----
  +--> ?PR?_TIM_BASE_MSPINIT?TIMER

?PR?UART1_INIT?USART                     -----    -----
  +--> ?PR?USART
  +--> ?PR?_UART_BASE_MSPINIT?USART

?PR?_UART_BASE_MSPINIT?USART             -----    -----
  +--> ?PR?USART

?PR?UART2_INIT?USART                     -----    -----
  +--> ?PR?USART
  +--> ?PR?_UART_BASE_MSPINIT?USART

?PR?UART3_INIT?USART                     -----    -----
  +--> ?PR?USART
  +--> ?PR?_UART_BASE_MSPINIT?USART

?PR?UART4_INIT?USART                     -----    -----
  +--> ?PR?USART
  +--> ?PR?_UART_BASE_MSPINIT?USART

?PR?CONTROLINIT?CONTROL                  -----    -----
  +--> ?PR?BAUDINIT?CONTROL
  +--> ?PR?POWERINIT?CONTROL
  +--> ?PR?COMMUNICAINIT?CONTROL
  +--> ?PR?SET_OTHERPACT?CONTROL
  +--> ?PR?SET_PPIPACT?CONTROL

?PR?BAUDINIT?CONTROL                     -----    -----
  +--> ?PR?CONTROL

?PR?CONTROL                              -----    -----
  +--> ?CO?CHINESE_CODE

?PR?COMMUNICAINIT?CONTROL                -----    -----
  +--> ?PR?_WIFI_ENABLE?WIFI

?PR?LCDSHOWINIT?MENU                     -----    -----
  +--> ?PR?SCREENSAVERUISHOW?CONTROL
  +--> ?PR?_LCDSHOW?MENU
BL51 BANKED LINKER/LOCATER V6.22.2.0                                                  03/03/2023  11:28:24  PAGE 8



?PR?SCREENSAVERUISHOW?CONTROL            -----    -----
  +--> ?PR?CLEAR_SCREEN?LCD
  +--> ?PR?CONTROL
  +--> ?CO?CHINESE_CODE
  +--> ?PR?_GUI_LATTICE?LCD

?PR?WIFI_INIT?WIFI                       1B76H    0001H
  +--> ?PR?_DELAY_MS?TIMER
  +--> ?PR?WIFI
  +--> ?PR?_EXE_APPOINT_CMD?WIFI

?PR?WIFI                                 -----    -----
  +--> ?CO?WIFI

?PR?_EXE_APPOINT_CMD?WIFI                1B77H    0005H
  +--> ?PR?WIFI
  +--> ?PR?_STRLEN?STRLEN
  +--> ?PR?_UARTX_SENDSTR?USART
  +--> ?PR?_DELAY_MS?TIMER

?PR?_UARTX_SENDSTR?USART                 1B83H    0008H
  +--> ?PR?_BUSY_AWAIT?USART
  +--> ?PR?USART

?PR?CONTROLSAVE?CONTROL                  -----    -----
  +--> ?PR?_GETCRC16?REPORT
  +--> ?PR?_IAPERASE?EEPROM
  +--> ?PR?_IAPWRITE_BUFF?EEPROM

?PR?KEYEVENT?MENU                        1B73H    0002H
  +--> ?PR?KEY_CHICK?KEY
  +--> ?PR?_LCDDLY?MENU

?PR?KEY_CHICK?KEY                        1B75H    0001H
  +--> ?PR?_DELAY_MS?TIMER

?PR?_LCDDLY?MENU                         -----    -----
  +--> ?PR?MENU
  +--> ?PR?SCREENSAVERUISHOW?CONTROL
  +--> ?PR?_LCDSHOW?MENU
  +--> ?PR?_PASSWORDDELETE?CONTROL

?PR?MENU                                 -----    -----
  +--> ?CO?CHINESE_CODE

?PR?_PASSWORDDELETE?CONTROL              1B76H    0003H
  +--> ?PR?CONTROL

?PR?UART_HANDLE?REPORT                   1B73H    0001H
  +--> ?PR?_PUBLIC_DATAHANDLE?REPORT
  +--> ?CO?REPORT
  +--> ?PR?REPORT

?PR?_PUBLIC_DATAHANDLE?REPORT            1B74H    000EH
  +--> ?PR?_GET_TARGET_CHANNEL?REPORT
  +--> ?PR?_GET_TARGET_UART?REPORT
BL51 BANKED LINKER/LOCATER V6.22.2.0                                                  03/03/2023  11:28:24  PAGE 9


  +--> ?PR?REPORT
  +--> ?PR?_UARTX_SENDSTR?USART
  +--> ?PR?_PORT0_SEND?REPORT

?PR?_PORT0_SEND?REPORT                   1B82H    0001H
  +--> ?PR?_UARTX_SENDSTR?USART

?CO?REPORT                               -----    -----
  +--> ?PR?_PUBLIC_DATAHANDLE?REPORT

?C_INITSEG                               -----    -----
  +--> ?CO?CONTROL
  +--> ?PR?WIFI_OPEN_AP?WIFI
  +--> ?PR?WIFI_CLOSE_AP?WIFI
  +--> ?PR?MODE_MASTER?CONTROL
  +--> ?PR?MODE_SLAVE?CONTROL
  +--> ?PR?SET_OTHERPACT?CONTROL
  +--> ?PR?SET_PPIPACT?CONTROL
  +--> ?CO?MENU
  +--> ?PR?PLCPOWERUISHOW?CONTROL
  +--> ?PR?COMMUNICAUISHOW?CONTROL
  +--> ?PR?WORKMODEUISHOW?CONTROL
  +--> ?PR?PACTUISHOW?CONTROL
  +--> ?PR?PASSWORDCHANGEUISHOW?CONTROL
  +--> ?PR?BAUD_SETTING?MENU
  +--> ?PR?HOTSPOTSETTINGUISHOW?CONTROL
  +--> ?PR?RELOADSETTINGUISHOW?CONTROL
  +--> ?PR?BAUDSETTINGUI1SHOW?CONTROL
  +--> ?PR?BAUDSETTINGUI2SHOW?CONTROL
  +--> ?PR?BAUDSETTINGUI3SHOW?CONTROL
  +--> ?PR?BAUDSETTINGUI4SHOW?CONTROL
  +--> ?PR?KEYMAIN_UP?MENU
  +--> ?PR?KEYMAIN_DOWN?MENU
  +--> ?PR?KEYMAIN_ENTER?MENU
  +--> ?PR?KEYMAIN_CANCEL?MENU
  +--> ?PR?KEYMAIN_MENU?MENU
  +--> ?PR?KEYMENU_UP?MENU
  +--> ?PR?KEYMENU_DOWN?MENU
  +--> ?PR?KEYMENU_ENTER?MENU
  +--> ?PR?KEYMENU_CANCEL?MENU
  +--> ?PR?KEYMENU_MENU?MENU
  +--> ?PR?KEYCONTROL_UP?MENU
  +--> ?PR?KEYCONTROL_DOWN?MENU
  +--> ?PR?KEYCONTROL_ENTER?MENU
  +--> ?PR?KEYCONTROL_CANCEL?MENU
  +--> ?PR?KEYCONTROL_MENU?MENU
  +--> ?PR?KEYBAUD_UP?MENU
  +--> ?PR?KEYBAUD_DOWN?MENU
  +--> ?PR?KEYBAUD_ENTER?MENU
  +--> ?PR?KEYBAUD_CANCEL?MENU
  +--> ?PR?KEYBAUD_MENU?MENU

?PR?WIFI_OPEN_AP?WIFI                    -----    -----
  +--> ?PR?WIFI_EXIT_TRT?WIFI
  +--> ?PR?WIFI
  +--> ?PR?_EXE_APPOINT_CMD?WIFI
  +--> ?CO?WIFI
BL51 BANKED LINKER/LOCATER V6.22.2.0                                                  03/03/2023  11:28:24  PAGE 10



?PR?WIFI_EXIT_TRT?WIFI                   1B73H    0001H
  +--> ?PR?WIFI
  +--> ?PR?_EXE_APPOINT_CMD?WIFI

?PR?WIFI_CLOSE_AP?WIFI                   -----    -----
  +--> ?PR?WIFI_EXIT_TRT?WIFI
  +--> ?PR?WIFI
  +--> ?PR?_EXE_APPOINT_CMD?WIFI
  +--> ?CO?WIFI

?PR?PLCPOWERUISHOW?CONTROL               -----    -----
  +--> ?PR?CLEAR_SCREEN?LCD
  +--> ?CO?CONTROL
  +--> ?PR?CONTROL
  +--> ?PR?_GUI_STRING?LCD
  +--> ?CO?CHINESE_CODE
  +--> ?PR?_GUI_LATTICE?LCD

?PR?COMMUNICAUISHOW?CONTROL              -----    -----
  +--> ?PR?CLEAR_SCREEN?LCD
  +--> ?PR?CONTROL
  +--> ?CO?CHINESE_CODE
  +--> ?PR?_GUI_LATTICE?LCD
  +--> ?CO?CONTROL
  +--> ?PR?_GUI_STRING?LCD

?PR?WORKMODEUISHOW?CONTROL               -----    -----
  +--> ?PR?CLEAR_SCREEN?LCD
  +--> ?CO?CONTROL
  +--> ?PR?CONTROL
  +--> ?PR?_GUI_STRING?LCD
  +--> ?PR?_GUI_LATTICE?LCD

?PR?PACTUISHOW?CONTROL                   -----    -----
  +--> ?PR?CLEAR_SCREEN?LCD
  +--> ?CO?CONTROL
  +--> ?PR?_GUI_STRING?LCD
  +--> ?PR?CONTROL
  +--> ?PR?_GUI_LATTICE?LCD

?PR?PASSWORDCHANGEUISHOW?CONTROL         1B76H    0003H
  +--> ?PR?CLEAR_SCREEN?LCD
  +--> ?PR?_MYITOA?PFUNC
  +--> ?PR?CONTROL
  +--> ?PR?_GUI_STRING?LCD
  +--> ?CO?CHINESE_CODE
  +--> ?PR?_GUI_LATTICE?LCD
  +--> ?CO?CONTROL

?PR?_MYITOA?PFUNC                        1B79H    0035H
  +--> ?CO?PFUNC
  +--> ?PR?PFUNC

?PR?BAUD_SETTING?MENU                    -----    -----
  +--> ?PR?REFRESHBAUDDISP?MENU
  +--> ?PR?_LCDSHOW?MENU
BL51 BANKED LINKER/LOCATER V6.22.2.0                                                  03/03/2023  11:28:24  PAGE 11



?PR?REFRESHBAUDDISP?MENU                 1B76H    0001H
  +--> ?PR?CLEAR_SCREEN?LCD
  +--> ?PR?MENU
  +--> ?PR?_GUI_STRING?LCD
  +--> ?PR?_GUI_LATTICE?LCD

?PR?HOTSPOTSETTINGUISHOW?CONTROL         -----    -----
  +--> ?PR?CLEAR_SCREEN?LCD
  +--> ?CO?CONTROL
  +--> ?PR?CONTROL
  +--> ?PR?_GUI_STRING?LCD
  +--> ?PR?_GUI_LATTICE?LCD

?PR?RELOADSETTINGUISHOW?CONTROL          -----    -----
  +--> ?PR?CLEAR_SCREEN?LCD
  +--> ?CO?CONTROL
  +--> ?PR?CONTROL
  +--> ?PR?_GUI_STRING?LCD

?PR?BAUDSETTINGUI1SHOW?CONTROL           -----    -----
  +--> ?PR?CLEAR_SCREEN?LCD
  +--> ?CO?CONTROL
  +--> ?PR?CONTROL
  +--> ?PR?_GUI_STRING?LCD
  +--> ?PR?_GUI_LATTICE?LCD
  +--> ?CO?CHINESE_CODE

?PR?BAUDSETTINGUI2SHOW?CONTROL           -----    -----
  +--> ?PR?CLEAR_SCREEN?LCD
  +--> ?CO?CONTROL
  +--> ?PR?CONTROL
  +--> ?PR?_GUI_STRING?LCD
  +--> ?PR?_GUI_LATTICE?LCD

?PR?BAUDSETTINGUI3SHOW?CONTROL           -----    -----
  +--> ?PR?CLEAR_SCREEN?LCD
  +--> ?CO?CONTROL
  +--> ?PR?CONTROL
  +--> ?PR?_GUI_STRING?LCD
  +--> ?PR?_GUI_LATTICE?LCD

?PR?BAUDSETTINGUI4SHOW?CONTROL           -----    -----
  +--> ?PR?CLEAR_SCREEN?LCD
  +--> ?CO?CONTROL
  +--> ?PR?CONTROL
  +--> ?PR?_GUI_STRING?LCD
  +--> ?PR?_GUI_LATTICE?LCD

?PR?KEYMAIN_UP?MENU                      1B73H    0003H
  +--> ?PR?MENU
  +--> ?PR?_PASSWORDINPUT?CONTROL
  +--> ?CO?MENU
  +--> ?PR?_MYITOA?PFUNC
  +--> ?PR?_GUI_STRING?LCD

?PR?_PASSWORDINPUT?CONTROL               1B76H    0003H
BL51 BANKED LINKER/LOCATER V6.22.2.0                                                  03/03/2023  11:28:24  PAGE 12


  +--> ?PR?CONTROL

?PR?KEYMAIN_DOWN?MENU                    1B73H    0003H
  +--> ?PR?MENU
  +--> ?PR?_PASSWORDINPUT?CONTROL
  +--> ?CO?MENU
  +--> ?PR?_MYITOA?PFUNC
  +--> ?PR?_GUI_STRING?LCD

?PR?KEYMAIN_ENTER?MENU                   -----    -----
  +--> ?PR?MENU
  +--> ?PR?PASSWORDJUDGE?CONTROL
  +--> ?CO?MENU
  +--> ?PR?_STRNCMP?STRNCMP
  +--> ?PR?REFRESHMENUDISP?MENU
  +--> ?PR?_LCDSHOW?MENU
  +--> ?PR?_PASSWORDDELETE?CONTROL
  +--> ?PR?CLEAR_SCREEN?LCD
  +--> ?PR?_GUI_STRING?LCD
  +--> ?PR?_DELAY_MS?TIMER
  +--> ?PR?PASSWORDINPUTUISHOW?CONTROL

?PR?PASSWORDJUDGE?CONTROL                1B76H    0028H
  +--> ?PR?_STRNCMP?STRNCMP

?PR?_STRNCMP?STRNCMP                     1B9EH    0008H

?PR?REFRESHMENUDISP?MENU                 1B76H    0001H
  +--> ?PR?CLEAR_SCREEN?LCD
  +--> ?PR?MENU
  +--> ?PR?_GUI_STRING?LCD
  +--> ?PR?_GUI_LATTICE?LCD

?PR?PASSWORDINPUTUISHOW?CONTROL          -----    -----
  +--> ?PR?CLEAR_SCREEN?LCD
  +--> ?CO?CHINESE_CODE
  +--> ?PR?_GUI_LATTICE?LCD
  +--> ?CO?CONTROL
  +--> ?PR?CONTROL
  +--> ?PR?_GUI_STRING?LCD

?PR?KEYMAIN_CANCEL?MENU                  -----    -----
  +--> ?PR?MENU
  +--> ?PR?SCREENSAVERUISHOW?CONTROL
  +--> ?PR?_LCDSHOW?MENU
  +--> ?PR?_PASSWORDDELETE?CONTROL

?PR?KEYMAIN_MENU?MENU                    -----    -----
  +--> ?PR?PASSWORDINPUTUISHOW?CONTROL
  +--> ?PR?_LCDSHOW?MENU
  +--> ?PR?MENU
  +--> ?PR?_INPUTOFFECT?CONTROL

?PR?KEYMENU_UP?MENU                      -----    -----
  +--> ?PR?MENU
  +--> ?PR?_LOOPINDEX?PFUNC
  +--> ?PR?REFRESHMENUDISP?MENU
BL51 BANKED LINKER/LOCATER V6.22.2.0                                                  03/03/2023  11:28:24  PAGE 13


  +--> ?PR?_LCDSHOW?MENU

?PR?KEYMENU_DOWN?MENU                    -----    -----
  +--> ?PR?MENU
  +--> ?PR?_LOOPINDEX?PFUNC
  +--> ?PR?REFRESHMENUDISP?MENU
  +--> ?PR?_LCDSHOW?MENU

?PR?KEYMENU_ENTER?MENU                   -----    -----
  +--> ?PR?MENU
  +--> ?PR?_LCDSHOW?MENU

?PR?KEYMENU_CANCEL?MENU                  -----    -----
  +--> ?PR?MENU
  +--> ?PR?SCREENSAVERUISHOW?CONTROL
  +--> ?PR?_LCDSHOW?MENU
  +--> ?PR?_PASSWORDDELETE?CONTROL

?PR?KEYCONTROL_UP?MENU                   1B73H    0003H
  +--> ?PR?MENU
  +--> ?CO?MENU
  +--> ?PR?_MYITOA?PFUNC
  +--> ?PR?COMMUNICAUISHOW?CONTROL
  +--> ?PR?_LCDSHOW?MENU
  +--> ?PR?_LOOPINDEX?PFUNC
  +--> ?PR?REFRESHBAUDDISP?MENU
  +--> ?PR?_GUI_STRING?LCD
  +--> ?PR?_PASSWORDINPUT?CONTROL

?PR?KEYCONTROL_DOWN?MENU                 1B73H    0003H
  +--> ?PR?MENU
  +--> ?CO?MENU
  +--> ?PR?_MYITOA?PFUNC
  +--> ?PR?COMMUNICAUISHOW?CONTROL
  +--> ?PR?_LCDSHOW?MENU
  +--> ?PR?_LOOPINDEX?PFUNC
  +--> ?PR?REFRESHBAUDDISP?MENU
  +--> ?PR?_GUI_STRING?LCD
  +--> ?PR?_PASSWORDINPUT?CONTROL

?PR?KEYCONTROL_ENTER?MENU                1B73H    0003H
  +--> ?PR?CHECK_PASSWORDBITS?MENU
  +--> ?PR?MENU
  +--> ?PR?_MYITOA?PFUNC
  +--> ?PR?_GUI_STRING?LCD
  +--> ?CO?CHINESE_CODE
  +--> ?PR?_GUI_LATTICE?LCD
  +--> ?PR?PASSWORDJUDGE?CONTROL
  +--> ?PR?CONTROLSAVE?CONTROL
  +--> ?PR?_PASSWORDDELETE?CONTROL
  +--> ?PR?REFRESHMENUDISP?MENU
  +--> ?PR?CLEAR_SCREEN?LCD
  +--> ?CO?MENU
  +--> ?PR?PASSWORDCHANGEUISHOW?CONTROL
  +--> ?PR?_LCDSHOW?MENU
  +--> ?PR?PLCPOWERUISHOW?CONTROL
  +--> ?PR?_WIFI_ENABLE?WIFI
BL51 BANKED LINKER/LOCATER V6.22.2.0                                                  03/03/2023  11:28:24  PAGE 14


  +--> ?PR?_IAPERASE?EEPROM
  +--> ?PR?_IAPWRITE_BUFF?EEPROM
  +--> ?PR?BAUDINIT?CONTROL
  +--> ?PR?POWERINIT?CONTROL
  +--> ?PR?COMMUNICAINIT?CONTROL
  +--> ?PR?WIFI_INIT?WIFI
  +--> ?PR?_DELAY_MS?TIMER

?PR?CHECK_PASSWORDBITS?MENU              -----    -----
  +--> ?PR?CLEAR_SCREEN?LCD
  +--> ?CO?MENU
  +--> ?PR?MENU
  +--> ?PR?_GUI_STRING?LCD
  +--> ?PR?_PASSWORDDELETE?CONTROL
  +--> ?PR?_DELAY_MS?TIMER
  +--> ?PR?PASSWORDCHANGEUISHOW?CONTROL
  +--> ?PR?_LCDSHOW?MENU

?PR?KEYCONTROL_CANCEL?MENU               -----    -----
  +--> ?PR?MENU
  +--> ?PR?_PASSWORDDELETE?CONTROL
  +--> ?PR?REFRESHMENUDISP?MENU
  +--> ?PR?_LCDSHOW?MENU

?PR?KEYCONTROL_MENU?MENU                 -----    -----
  +--> ?PR?MENU
  +--> ?PR?_INPUTOFFECT?CONTROL

?PR?KEYBAUD_UP?MENU                      -----    -----
  +--> ?PR?MENU
  +--> ?PR?_LOOPINDEX?PFUNC
  +--> ?PR?_GUI_STRING?LCD

?PR?KEYBAUD_DOWN?MENU                    -----    -----
  +--> ?PR?MENU
  +--> ?PR?_LOOPINDEX?PFUNC
  +--> ?PR?_GUI_STRING?LCD

?PR?KEYBAUD_ENTER?MENU                   -----    -----
  +--> ?PR?MENU
  +--> ?PR?CONTROLSAVE?CONTROL
  +--> ?PR?CLEAR_SCREEN?LCD
  +--> ?CO?MENU
  +--> ?PR?_GUI_STRING?LCD
  +--> ?PR?_DELAY_MS?TIMER
  +--> ?PR?KEYBAUD_CANCEL?MENU

?PR?KEYBAUD_CANCEL?MENU                  -----    -----
  +--> ?PR?REFRESHBAUDDISP?MENU
  +--> ?PR?_LCDSHOW?MENU



SYMBOL TABLE OF MODULE:  .\Objects\WIRELESS_PLC (MAIN)

  VALUE           TYPE          NAME
  ----------------------------------
BL51 BANKED LINKER/LOCATER V6.22.2.0                                                  03/03/2023  11:28:24  PAGE 15



  -------         MODULE        MAIN
  C:0000H         SYMBOL        _ICE_DUMMY_
  D:0080H         PUBLIC        P0
  D:0090H         PUBLIC        P1
  D:00A0H         PUBLIC        P2
  D:00B0H         PUBLIC        P3
  D:00C0H         PUBLIC        P4
  D:00C8H         PUBLIC        P5
  B:00A8H.7       PUBLIC        EA
  D:00E8H         PUBLIC        P6
  D:00F8H         PUBLIC        P7
  D:00A8H         PUBLIC        IE
  C:5F0DH         PUBLIC        Init_All
  X:1BDBH         PUBLIC        System_Parameter
  D:00B8H         PUBLIC        IP
  D:00D8H         PUBLIC        CCON
  C:6F33H         PUBLIC        main
  D:0098H         PUBLIC        SCON
  D:0088H         PUBLIC        TCON
  B:00A0H.7       PUBLIC        P27
  C:5BE0H         SYMBOL        systemInit
  D:008EH         PUBLIC        AUXR
  C:5C5BH         SYMBOL        Iap_Flash_Iinit
  C:6A2AH         PUBLIC        CheckIap_Flash
  D:00C1H         PUBLIC        WDT_CONTR
  D:00D0H         PUBLIC        PSW
  C:6C10H         SYMBOL        Com000F
  C:6C10H         SYMBOL        L?0016
  C:6C11H         SYMBOL        L?0017
  C:6C19H         SYMBOL        L?0018
  C:6C24H         SYMBOL        L?0019
  C:6C26H         SYMBOL        L?0020
  C:6C2FH         SYMBOL        L?0022
  -------         PROC          COM000F
  -------         ENDPROC       COM000F
  -------         PROC          MAIN
  C:6F33H         LINE#         26
  C:6F33H         LINE#         27
  C:6F33H         LINE#         30
  C:6F36H         LINE#         32
  C:6F39H         LINE#         34
  C:6F39H         LINE#         35
  C:6F39H         LINE#         36
  C:6F3CH         LINE#         38
  C:6F3FH         LINE#         42
  C:6F42H         LINE#         44
  -------         ENDPROC       MAIN
  -------         PROC          SYSTEMINIT
  C:5BE0H         LINE#         47
  C:5BE0H         LINE#         48
  C:5BE0H         LINE#         49
  C:5BE3H         LINE#         51
  C:5BE6H         LINE#         55
  C:5BF4H         LINE#         59
  C:5BFBH         LINE#         63
  C:5C02H         LINE#         67
BL51 BANKED LINKER/LOCATER V6.22.2.0                                                  03/03/2023  11:28:24  PAGE 16


  C:5C11H         LINE#         71
  C:5C14H         LINE#         73
  C:5C17H         LINE#         75
  C:5C1AH         LINE#         76
  C:5C21H         LINE#         81
  C:5C24H         LINE#         84
  C:5C27H         LINE#         86
  C:5C2AH         LINE#         88
  C:5C2DH         LINE#         90
  C:5C2FH         LINE#         92
  C:5C32H         LINE#         94
  C:5C34H         LINE#         98
  C:5C37H         LINE#         99
  C:5C3DH         LINE#         100
  C:5C3DH         LINE#         102
  C:5C40H         LINE#         103
  C:5C46H         LINE#         105
  C:5C49H         LINE#         106
  C:5C49H         LINE#         108
  C:5C49H         LINE#         109
  C:5C4EH         LINE#         110
  C:5C55H         LINE#         111
  C:5C5AH         LINE#         112
  C:5C5AH         LINE#         115
  -------         ENDPROC       SYSTEMINIT
  C:5F5BH         SYMBOL        L?0021
  C:5F69H         SYMBOL        L?0023
  -------         PROC          INIT_ALL
  -------         DO            
  X:1B73H         SYMBOL        GPIO_InitStruct
  -------         ENDDO         
  C:5F0DH         LINE#         118
  C:5F0DH         LINE#         119
  C:5F0DH         LINE#         140
  C:5F12H         LINE#         141
  C:5F14H         LINE#         142
  C:5F1CH         LINE#         144
  C:5F22H         LINE#         145
  C:5F24H         LINE#         146
  C:5F29H         LINE#         150
  C:5F29H         LINE#         151
  C:5F29H         LINE#         152
  C:5F2DH         LINE#         154
  C:5F30H         LINE#         155
  C:5F33H         LINE#         156
  C:5F3BH         LINE#         160
  C:5F41H         LINE#         161
  C:5F44H         LINE#         162
  C:5F49H         LINE#         166
  C:5F49H         LINE#         167
  C:5F49H         LINE#         168
  C:5F4EH         LINE#         171
  C:5F51H         LINE#         172
  C:5F53H         LINE#         173
  C:5F5BH         LINE#         175
  -------         ENDPROC       INIT_ALL
  -------         PROC          CHECKIAP_FLASH
BL51 BANKED LINKER/LOCATER V6.22.2.0                                                  03/03/2023  11:28:24  PAGE 17


  -------         DO            
  D:0006H         SYMBOL        CRC
  -------         ENDDO         
  C:6A2AH         LINE#         180
  C:6A2AH         LINE#         181
  C:6A2AH         LINE#         182
  C:6A2DH         LINE#         185
  C:6A37H         LINE#         187
  C:6A4AH         LINE#         189
  C:6A56H         LINE#         190
  C:6A56H         LINE#         191
  C:6A58H         LINE#         192
  C:6A58H         LINE#         193
  C:6A59H         LINE#         194
  -------         ENDPROC       CHECKIAP_FLASH
  -------         PROC          IAP_FLASH_IINIT
  C:5C5BH         LINE#         197
  C:5C5BH         LINE#         198
  C:5C5BH         LINE#         199
  C:5C62H         LINE#         200
  C:5C62H         LINE#         201
  C:5C6EH         LINE#         202
  C:5C72H         LINE#         203
  C:5C74H         LINE#         205
  C:5C74H         LINE#         206
  C:5C80H         LINE#         207
  C:5C87H         LINE#         208
  C:5C93H         LINE#         211
  C:5C99H         LINE#         213
  C:5CACH         LINE#         215
  C:5CB8H         LINE#         217
  C:5CBFH         LINE#         218
  C:5CC2H         LINE#         219
  C:5CCEH         LINE#         220
  C:5CD5H         LINE#         221
  C:5CD5H         LINE#         222
  -------         ENDPROC       IAP_FLASH_IINIT
  -------         ENDMOD        MAIN

  -------         MODULE        CONTROL
  C:0000H         SYMBOL        _ICE_DUMMY_
  D:0080H         PUBLIC        P0
  X:1AC9H         PUBLIC        G_Objlist_Size
  D:0090H         PUBLIC        P1
  X:1ACAH         PUBLIC        PassWordI
  D:00A0H         PUBLIC        P2
  D:00B0H         PUBLIC        P3
  D:00C0H         PUBLIC        P4
  D:00C8H         PUBLIC        P5
  C:6737H         PUBLIC        CommunicaUIshow
  B:00A8H.7       PUBLIC        EA
  D:00E8H         PUBLIC        P6
  D:00F8H         PUBLIC        P7
  D:00A8H         PUBLIC        IE
  C:6B92H         PUBLIC        PassWordInputUIShow
  C:0026H         PUBLIC        _PassWordDelete
  C:60B1H         PUBLIC        WorkModeUIshow
BL51 BANKED LINKER/LOCATER V6.22.2.0                                                  03/03/2023  11:28:24  PAGE 18


  C:6A89H         PUBLIC        BaudInit
  C:6515H         PUBLIC        PlcPowerUIshow
  X:1ADEH         PUBLIC        G_Aplist_Size
  D:00B8H         PUBLIC        IP
  C:6FB1H         PUBLIC        Set_OtherPact
  C:6AB6H         PUBLIC        ReloadSettingUIshow
  D:00D8H         PUBLIC        CCON
  C:6F8DH         PUBLIC        PowerInit
  X:1ADFH         PUBLIC        PassWordChange1
  D:0098H         PUBLIC        SCON
  X:1AF3H         PUBLIC        PassWordChange2
  D:0088H         PUBLIC        TCON
  B:0080H.7       PUBLIC        P07
  C:0003H         PUBLIC        CommunicaInit
  C:6300H         PUBLIC        HotspotSettingUIshow
  X:1B07H         PUBLIC        Baudlist
  X:1B43H         PUBLIC        G_BaudList_Size
  C:6FB8H         PUBLIC        Set_PpiPact
  X:1B44H         PUBLIC        Modelist
  C:5AD2H         PUBLIC        PassWordChangeUIShow
  X:1B50H         PUBLIC        Pactlist
  C:6D20H         PUBLIC        PassWordjudge
  C:5F76H         PUBLIC        _PassWordInput
  D:008DH         PUBLIC        TH1
  D:00D6H         PUBLIC        T2H
  D:00D4H         PUBLIC        T3H
  D:00D2H         PUBLIC        T4H
  D:008BH         PUBLIC        TL1
  D:00D7H         PUBLIC        T2L
  D:00D5H         PUBLIC        T3L
  D:00D3H         PUBLIC        T4L
  C:6F65H         PUBLIC        Mode_Master
  X:1B5CH         PUBLIC        Objlist
  C:6F96H         PUBLIC        Mode_Slave
  B:0098H.4       PUBLIC        REN
  D:009AH         PUBLIC        S2CON
  D:00ACH         PUBLIC        S3CON
  D:0084H         PUBLIC        S4CON
  X:1B65H         PUBLIC        G_Modelist_Size
  C:6F1BH         PUBLIC        ScreensaverUiShow
  C:0046H         PUBLIC        PactUIshow
  X:1B66H         PUBLIC        G_Pactlist_Size
  C:6F03H         PUBLIC        _InputOffect
  X:1B67H         PUBLIC        Aplist
  C:6773H         PUBLIC        BaudSettingUI1show
  C:68C4H         PUBLIC        BaudSettingUI2show
  C:67E9H         PUBLIC        ControlSave
  C:68F9H         PUBLIC        BaudSettingUI3show
  C:692EH         PUBLIC        BaudSettingUI4show
  D:00D0H         PUBLIC        PSW
  C:6C61H         PUBLIC        ControlInit
  C:5617H         SYMBOL        Com002C
  C:5617H         SYMBOL        L?0045
  C:5617H         SYMBOL        L?0046
  C:5621H         SYMBOL        L?0047
  C:5623H         SYMBOL        L?0048
  C:562AH         SYMBOL        L?0049
BL51 BANKED LINKER/LOCATER V6.22.2.0                                                  03/03/2023  11:28:24  PAGE 19


  C:562AH         SYMBOL        L?0050
  C:5636H         SYMBOL        L?0051
  C:563BH         SYMBOL        L?0052
  C:5642H         SYMBOL        L?0053
  C:564AH         SYMBOL        L?0054
  C:5652H         SYMBOL        L?0055
  C:5652H         SYMBOL        L?0056
  C:5665H         SYMBOL        L?0057
  C:5665H         SYMBOL        L?0058
  C:5672H         SYMBOL        L?0059
  C:567AH         SYMBOL        L?0060
  C:5682H         SYMBOL        L?0061
  C:568AH         SYMBOL        L?0062
  C:568FH         SYMBOL        L?0063
  C:5697H         SYMBOL        L?0064
  C:569DH         SYMBOL        L?0065
  C:56A5H         SYMBOL        L?0066
  C:56A7H         SYMBOL        L?0067
  C:56AEH         SYMBOL        L?0068
  C:56B6H         SYMBOL        L?0069
  -------         PROC          COM002C
  -------         ENDPROC       COM002C
  -------         PROC          CONTROLINIT
  C:6C61H         LINE#         67
  C:6C61H         LINE#         68
  C:6C61H         LINE#         70
  C:6C66H         LINE#         71
  C:6C69H         LINE#         72
  C:6C6CH         LINE#         73
  C:6C6FH         LINE#         75
  C:6C77H         LINE#         76
  C:6C7FH         LINE#         77
  C:6C81H         LINE#         78
  C:6C81H         LINE#         79
  C:6C84H         LINE#         80
  C:6C84H         LINE#         82
  C:6C84H         LINE#         83
  C:6C87H         LINE#         84
  C:6C87H         LINE#         85
  -------         ENDPROC       CONTROLINIT
  -------         PROC          COMMUNICAINIT
  C:0003H         LINE#         87
  C:0003H         LINE#         88
  C:0003H         LINE#         91
  -------         ENDPROC       COMMUNICAINIT
  -------         PROC          POWERINIT
  C:6F8DH         LINE#         94
  C:6F8DH         LINE#         95
  C:6F8DH         LINE#         96
  C:6F95H         LINE#         97
  -------         ENDPROC       POWERINIT
  -------         PROC          BAUDINIT
  C:6A89H         LINE#         99
  C:6A89H         LINE#         100
  C:6A89H         LINE#         102
  C:6A94H         LINE#         103
  C:6A9FH         LINE#         104
BL51 BANKED LINKER/LOCATER V6.22.2.0                                                  03/03/2023  11:28:24  PAGE 20


  C:6AAAH         LINE#         105
  C:6AB5H         LINE#         106
  -------         ENDPROC       BAUDINIT
  -------         PROC          _PASSWORDINPUT
  D:0007H         SYMBOL        operation
  X:1B76H         SYMBOL        Password
  C:5F76H         LINE#         115
  C:5F7CH         LINE#         116
  C:5F7CH         LINE#         118
  C:5F9BH         LINE#         119
  C:5F9BH         LINE#         120
  C:5F9EH         LINE#         121
  C:5F9EH         LINE#         122
  C:5FA3H         LINE#         123
  C:5FA3H         LINE#         124
  C:5FA4H         LINE#         125
  C:5FA4H         LINE#         126
  C:5FA6H         LINE#         128
  C:5FA6H         LINE#         129
  C:5FABH         LINE#         130
  C:5FABH         LINE#         131
  C:5FB0H         LINE#         132
  C:5FB0H         LINE#         133
  C:5FB5H         LINE#         134
  C:5FC1H         LINE#         135
  C:5FC1H         LINE#         136
  C:5FDEH         LINE#         137
  -------         ENDPROC       _PASSWORDINPUT
  -------         PROC          PASSWORDJUDGE
  X:1B76H         SYMBOL        PasswordA
  X:1B8AH         SYMBOL        PasswordB
  C:6D20H         LINE#         147
  C:6D20H         LINE#         148
  C:6D20H         LINE#         150
  C:6D3FH         LINE#         151
  C:6D42H         LINE#         153
  C:6D44H         LINE#         154
  -------         ENDPROC       PASSWORDJUDGE
  -------         PROC          _PASSWORDDELETE
  X:1B76H         SYMBOL        Password
  C:0026H         LINE#         156
  C:002CH         LINE#         157
  C:002CH         LINE#         158
  C:0038H         LINE#         159
  -------         ENDPROC       _PASSWORDDELETE
  -------         PROC          _INPUTOFFECT
  D:0001H         SYMBOL        Password
  C:6F03H         LINE#         162
  C:6F03H         LINE#         163
  C:6F03H         LINE#         164
  C:6F08H         LINE#         165
  C:6F10H         LINE#         166
  C:6F10H         LINE#         167
  C:6F15H         LINE#         168
  C:6F15H         LINE#         170
  -------         ENDPROC       _INPUTOFFECT
  -------         PROC          SCREENSAVERUISHOW
BL51 BANKED LINKER/LOCATER V6.22.2.0                                                  03/03/2023  11:28:24  PAGE 21


  C:6F1BH         LINE#         179
  C:6F1BH         LINE#         180
  C:6F1BH         LINE#         181
  C:6F1EH         LINE#         183
  -------         ENDPROC       SCREENSAVERUISHOW
  -------         PROC          PASSWORDINPUTUISHOW
  C:6B92H         LINE#         186
  C:6B92H         LINE#         187
  C:6B92H         LINE#         188
  C:6B95H         LINE#         189
  C:6BAEH         LINE#         190
  -------         ENDPROC       PASSWORDINPUTUISHOW
  -------         PROC          PASSWORDCHANGEUISHOW
  -------         DO            
  X:1B76H         SYMBOL        i
  X:1B77H         SYMBOL        temp
  -------         ENDDO         
  C:5AD2H         LINE#         193
  C:5AD2H         LINE#         194
  C:5AD2H         LINE#         200
  C:5AD5H         LINE#         202
  C:5ADBH         LINE#         203
  C:5ADBH         LINE#         205
  C:5AEEH         LINE#         206
  C:5AEEH         LINE#         207
  C:5B21H         LINE#         208
  C:5B29H         LINE#         209
  C:5B3DH         LINE#         210
  C:5B3DH         LINE#         212
  C:5B4BH         LINE#         213
  -------         ENDPROC       PASSWORDCHANGEUISHOW
  -------         PROC          PLCPOWERUISHOW
  C:6515H         LINE#         216
  C:6515H         LINE#         217
  C:6515H         LINE#         218
  C:6518H         LINE#         220
  C:6528H         LINE#         221
  C:6538H         LINE#         223
  C:6541H         LINE#         224
  C:6541H         LINE#         225
  C:654AH         LINE#         226
  C:654CH         LINE#         228
  C:654CH         LINE#         229
  C:6562H         LINE#         230
  C:6562H         LINE#         231
  -------         ENDPROC       PLCPOWERUISHOW
  -------         PROC          COMMUNICAUISHOW
  C:6737H         LINE#         233
  C:6737H         LINE#         234
  C:6737H         LINE#         235
  C:673AH         LINE#         236
  C:6757H         LINE#         238
  C:6765H         LINE#         239
  -------         ENDPROC       COMMUNICAUISHOW
  -------         PROC          BAUDSETTINGUI1SHOW
  C:6773H         LINE#         254
  C:6773H         LINE#         255
BL51 BANKED LINKER/LOCATER V6.22.2.0                                                  03/03/2023  11:28:24  PAGE 22


  C:6773H         LINE#         256
  C:6776H         LINE#         257
  C:6784H         LINE#         258
  C:6791H         LINE#         259
  C:679BH         LINE#         260
  -------         ENDPROC       BAUDSETTINGUI1SHOW
  -------         PROC          BAUDSETTINGUI2SHOW
  C:68C4H         LINE#         263
  C:68C4H         LINE#         264
  C:68C4H         LINE#         265
  C:68C7H         LINE#         266
  C:68D5H         LINE#         267
  C:68E2H         LINE#         268
  C:68ECH         LINE#         269
  -------         ENDPROC       BAUDSETTINGUI2SHOW
  -------         PROC          BAUDSETTINGUI3SHOW
  C:68F9H         LINE#         272
  C:68F9H         LINE#         273
  C:68F9H         LINE#         274
  C:68FCH         LINE#         275
  C:690AH         LINE#         276
  C:6917H         LINE#         277
  C:6921H         LINE#         278
  -------         ENDPROC       BAUDSETTINGUI3SHOW
  -------         PROC          BAUDSETTINGUI4SHOW
  C:692EH         LINE#         281
  C:692EH         LINE#         282
  C:692EH         LINE#         283
  C:6931H         LINE#         284
  C:693FH         LINE#         285
  C:694CH         LINE#         286
  C:6956H         LINE#         287
  -------         ENDPROC       BAUDSETTINGUI4SHOW
  -------         PROC          RELOADSETTINGUISHOW
  C:6AB6H         LINE#         290
  C:6AB6H         LINE#         291
  C:6AB6H         LINE#         292
  C:6AB9H         LINE#         293
  C:6AC7H         LINE#         294
  C:6AD5H         LINE#         295
  -------         ENDPROC       RELOADSETTINGUISHOW
  -------         PROC          HOTSPOTSETTINGUISHOW
  C:6300H         LINE#         298
  C:6300H         LINE#         299
  C:6300H         LINE#         300
  C:6303H         LINE#         301
  C:6311H         LINE#         302
  C:6328H         LINE#         303
  C:6332H         LINE#         304
  C:633FH         LINE#         306
  C:634FH         LINE#         307
  -------         ENDPROC       HOTSPOTSETTINGUISHOW
  -------         PROC          WORKMODEUISHOW
  C:60B1H         LINE#         310
  C:60B1H         LINE#         311
  C:60B1H         LINE#         312
  C:60B4H         LINE#         313
BL51 BANKED LINKER/LOCATER V6.22.2.0                                                  03/03/2023  11:28:24  PAGE 23


  C:60C2H         LINE#         314
  C:60D9H         LINE#         315
  C:60E3H         LINE#         316
  C:60F0H         LINE#         318
  C:6100H         LINE#         319
  -------         ENDPROC       WORKMODEUISHOW
  -------         PROC          PACTUISHOW
  C:0046H         LINE#         322
  C:0046H         LINE#         323
  C:0046H         LINE#         324
  C:0049H         LINE#         325
  C:005BH         LINE#         326
  C:0074H         LINE#         327
  C:007EH         LINE#         328
  -------         ENDPROC       PACTUISHOW
  -------         PROC          MODE_SLAVE
  C:6F96H         LINE#         331
  C:6F96H         LINE#         332
  C:6F96H         LINE#         335
  C:6F98H         LINE#         336
  C:6F9BH         LINE#         337
  C:6F9EH         LINE#         338
  -------         ENDPROC       MODE_SLAVE
  -------         PROC          MODE_MASTER
  C:6F65H         LINE#         340
  C:6F65H         LINE#         341
  C:6F65H         LINE#         344
  C:6F6BH         LINE#         346
  C:6F6DH         LINE#         347
  C:6F70H         LINE#         348
  C:6F73H         LINE#         349
  -------         ENDPROC       MODE_MASTER
  -------         PROC          SET_OTHERPACT
  C:6FB1H         LINE#         351
  C:6FB1H         LINE#         352
  C:6FB1H         LINE#         353
  C:6FB4H         LINE#         354
  C:6FB7H         LINE#         355
  -------         ENDPROC       SET_OTHERPACT
  -------         PROC          SET_PPIPACT
  C:6FB8H         LINE#         357
  C:6FB8H         LINE#         358
  C:6FB8H         LINE#         359
  C:6FBBH         LINE#         360
  C:6FBEH         LINE#         361
  -------         ENDPROC       SET_PPIPACT
  -------         PROC          CONTROLSAVE
  C:67E9H         LINE#         369
  C:67E9H         LINE#         370
  C:67E9H         LINE#         372
  C:6804H         LINE#         374
  C:6806H         LINE#         376
  C:680CH         LINE#         377
  C:681EH         LINE#         378
  C:6820H         LINE#         379
  -------         ENDPROC       CONTROLSAVE
  -------         ENDMOD        CONTROL
BL51 BANKED LINKER/LOCATER V6.22.2.0                                                  03/03/2023  11:28:24  PAGE 24



  -------         MODULE        REPORT
  C:0000H         SYMBOL        _ICE_DUMMY_
  C:6DEEH         PUBLIC        ComData_Array
  D:0080H         PUBLIC        P0
  D:0090H         PUBLIC        P1
  D:00A0H         PUBLIC        P2
  D:00B0H         PUBLIC        P3
  D:00C0H         PUBLIC        P4
  D:00C8H         PUBLIC        P5
  D:00E8H         PUBLIC        P6
  D:00F8H         PUBLIC        P7
  C:6BBCH         SYMBOL        _Get_Target_Channel
  D:00A8H         PUBLIC        IE
  C:4DF1H         PUBLIC        _Public_DataHandle
  D:00B8H         PUBLIC        IP
  D:00D8H         PUBLIC        CCON
  X:0000H         PUBLIC        Uart_LinkList
  D:0098H         PUBLIC        SCON
  D:0088H         PUBLIC        TCON
  B:00A0H.7       PUBLIC        P27
  C:57FCH         PUBLIC        _getCrc16
  C:635FH         SYMBOL        _Port0_Send
  C:5929H         PUBLIC        Uart_Handle
  X:18F6H         PUBLIC        Uart_Port0
  C:6963H         SYMBOL        _Get_Target_Uart
  D:00D0H         PUBLIC        PSW
  C:6997H         SYMBOL        Com0038
  C:6997H         SYMBOL        L?0057
  C:6997H         SYMBOL        L?0058
  C:699AH         SYMBOL        L?0059
  C:69AEH         SYMBOL        L?0060
  C:69AEH         SYMBOL        L?0061
  C:69B4H         SYMBOL        L?0062
  C:69BEH         SYMBOL        L?0063
  -------         PROC          COM0038
  -------         ENDPROC       COM0038
  -------         PROC          UART_HANDLE
  -------         DO            
  X:1B73H         SYMBOL        i
  -------         ENDDO         
  C:5929H         LINE#         62
  C:5929H         LINE#         63
  C:5929H         LINE#         64
  C:592EH         LINE#         66
  C:5936H         LINE#         67
  C:5936H         LINE#         68
  C:593CH         LINE#         69
  C:593CH         LINE#         70
  C:5943H         LINE#         72
  C:5943H         LINE#         74
  C:5955H         LINE#         75
  C:5955H         LINE#         76
  C:5989H         LINE#         78
  C:5991H         LINE#         79
  C:5991H         LINE#         81
  C:5991H         LINE#         82
BL51 BANKED LINKER/LOCATER V6.22.2.0                                                  03/03/2023  11:28:24  PAGE 25


  C:599FH         LINE#         83
  C:599FH         LINE#         84
  C:599FH         LINE#         85
  C:599FH         LINE#         86
  C:59A2H         LINE#         87
  C:59A4H         LINE#         88
  C:59A4H         LINE#         89
  C:59A4H         LINE#         90
  C:59A7H         LINE#         91
  C:59A9H         LINE#         92
  C:59A9H         LINE#         93
  C:59A9H         LINE#         94
  C:59B7H         LINE#         95
  C:59B7H         LINE#         96
  C:59B7H         LINE#         97
  C:59B7H         LINE#         98
  C:59B7H         LINE#         99
  -------         ENDPROC       UART_HANDLE
  -------         PROC          _GET_TARGET_CHANNEL
  D:0006H         SYMBOL        channel
  -------         DO            
  D:0001H         SYMBOL        p
  -------         ENDDO         
  C:6BBCH         LINE#         109
  C:6BBCH         LINE#         110
  C:6BBCH         LINE#         111
  C:6BC2H         LINE#         112
  C:6BD1H         LINE#         113
  C:6BD1H         LINE#         114
  C:6BD1H         LINE#         115
  C:6BD7H         LINE#         116
  C:6BD8H         LINE#         117
  C:6BD8H         LINE#         118
  C:6BDEH         LINE#         119
  C:6BDFH         LINE#         120
  C:6BDFH         LINE#         121
  C:6BE5H         LINE#         122
  C:6BE5H         LINE#         123
  C:6BE5H         LINE#         127
  C:6BE5H         LINE#         128
  C:6BE5H         LINE#         129
  C:6BE5H         LINE#         130
  C:6BE5H         LINE#         131
  C:6BE5H         LINE#         132
  -------         ENDPROC       _GET_TARGET_CHANNEL
  -------         PROC          _GET_TARGET_UART
  D:0006H         SYMBOL        channel
  -------         DO            
  D:0001H         SYMBOL        p
  -------         ENDDO         
  C:6963H         LINE#         140
  C:6963H         LINE#         141
  C:6963H         LINE#         142
  C:6969H         LINE#         143
  C:697BH         LINE#         144
  C:697BH         LINE#         145
  C:697BH         LINE#         146
BL51 BANKED LINKER/LOCATER V6.22.2.0                                                  03/03/2023  11:28:24  PAGE 26


  C:6981H         LINE#         147
  C:6982H         LINE#         148
  C:6982H         LINE#         149
  C:6988H         LINE#         150
  C:6989H         LINE#         151
  C:6989H         LINE#         152
  C:698FH         LINE#         153
  C:6990H         LINE#         154
  C:6990H         LINE#         155
  C:6996H         LINE#         156
  C:6996H         LINE#         157
  C:6996H         LINE#         158
  C:6996H         LINE#         159
  C:6996H         LINE#         160
  C:6996H         LINE#         161
  -------         ENDPROC       _GET_TARGET_UART
  -------         PROC          _PORT0_SEND
  X:1B82H         SYMBOL        src
  D:0001H         SYMBOL        puart
  C:635FH         LINE#         171
  C:6364H         LINE#         173
  C:6364H         LINE#         174
  C:636BH         LINE#         175
  C:636BH         LINE#         177
  C:636BH         LINE#         180
  C:636FH         LINE#         181
  C:636FH         LINE#         183
  C:6371H         LINE#         188
  C:6379H         LINE#         189
  C:6379H         LINE#         191
  C:637BH         LINE#         193
  C:6384H         LINE#         194
  C:6384H         LINE#         196
  C:63A9H         LINE#         198
  C:63B0H         LINE#         201
  C:63B8H         LINE#         202
  C:63B8H         LINE#         204
  C:63BAH         LINE#         205
  C:63BAH         LINE#         206
  C:63BAH         LINE#         207
  -------         ENDPROC       _PORT0_SEND
  -------         PROC          _PUBLIC_DATAHANDLE
  X:1B74H         SYMBOL        src
  X:1B75H         SYMBOL        dest
  -------         DO            
  X:1B76H         SYMBOL        psrc
  X:1B79H         SYMBOL        pdest
  X:1B7CH         SYMBOL        psuart
  X:1B7FH         SYMBOL        peuart
  -------         ENDDO         
  C:4DF1H         LINE#         218
  C:4DFBH         LINE#         219
  C:4DFBH         LINE#         220
  C:4E06H         LINE#         221
  C:4E14H         LINE#         222
  C:4E22H         LINE#         223
  C:4E30H         LINE#         231
BL51 BANKED LINKER/LOCATER V6.22.2.0                                                  03/03/2023  11:28:24  PAGE 27


  C:4E57H         LINE#         232
  C:4E57H         LINE#         234
  C:4E57H         LINE#         243
  C:4E5DH         LINE#         244
  C:4E5DH         LINE#         245
  C:4E6DH         LINE#         246
  C:4E6DH         LINE#         248
  C:4EB0H         LINE#         250
  C:4EB0H         LINE#         252
  C:4EC0H         LINE#         253
  C:4EC0H         LINE#         260
  C:4ED2H         LINE#         261
  C:4EDAH         LINE#         262
  C:4EDAH         LINE#         264
  C:4EDCH         LINE#         266
  C:4EFAH         LINE#         267
  C:4EFAH         LINE#         269
  C:4F22H         LINE#         271
  C:4F32H         LINE#         274
  C:4F3AH         LINE#         275
  C:4F3AH         LINE#         277
  C:4F3CH         LINE#         278
  C:4F3CH         LINE#         280
  C:4F4FH         LINE#         281
  C:4F4FH         LINE#         282
  C:4F4FH         LINE#         284
  C:4F5DH         LINE#         323
  -------         ENDPROC       _PUBLIC_DATAHANDLE
  -------         PROC          _GETCRC16
  X:1B76H         SYMBOL        ptr
  X:1B79H         SYMBOL        length
  X:1B7AH         SYMBOL        init_dat
  -------         DO            
  X:1B7CH         SYMBOL        i
  D:0004H         SYMBOL        j
  X:1B7DH         SYMBOL        crc16
  -------         ENDDO         
  C:57FCH         LINE#         335
  C:5807H         LINE#         336
  C:5807H         LINE#         337
  C:580CH         LINE#         338
  C:580EH         LINE#         339
  C:581DH         LINE#         341
  C:582FH         LINE#         342
  C:582FH         LINE#         343
  C:5846H         LINE#         345
  C:5849H         LINE#         346
  C:5849H         LINE#         347
  C:5854H         LINE#         348
  C:5854H         LINE#         349
  C:586BH         LINE#         350
  C:586DH         LINE#         352
  C:586DH         LINE#         353
  C:5878H         LINE#         354
  C:5878H         LINE#         355
  C:5883H         LINE#         356
  C:588BH         LINE#         357
BL51 BANKED LINKER/LOCATER V6.22.2.0                                                  03/03/2023  11:28:24  PAGE 28


  C:5893H         LINE#         358
  -------         ENDPROC       _GETCRC16
  -------         ENDMOD        REPORT

  -------         MODULE        MENU
  C:0000H         SYMBOL        _ICE_DUMMY_
  C:65AAH         PUBLIC        RefreshMenuDisp
  D:0080H         PUBLIC        P0
  D:0090H         PUBLIC        P1
  D:00A0H         PUBLIC        P2
  D:00B0H         PUBLIC        P3
  D:00C0H         PUBLIC        P4
  D:00C8H         PUBLIC        P5
  B:00A8H.7       PUBLIC        EA
  D:00E8H         PUBLIC        P6
  D:00F8H         PUBLIC        P7
  C:6E9DH         PUBLIC        KeyControl_Menu
  C:6119H         PUBLIC        KeyBaud_Enter
  C:4F5EH         PUBLIC        KeyControl_Down
  D:00A8H         PUBLIC        IE
  C:5CD6H         PUBLIC        KeyMain_Enter
  D:00B8H         PUBLIC        IP
  C:0091H         PUBLIC        KeyBaud_Menu
  C:6240H         PUBLIC        KeyBaud_Down
  C:6E0CH         PUBLIC        KeyMenu_Enter
  D:00D8H         PUBLIC        CCON
  X:19FDH         PUBLIC        Ui_Status
  C:6C88H         PUBLIC        KeyMain_Menu
  C:66FAH         PUBLIC        KeyMain_Down
  C:5FDFH         PUBLIC        Check_PasswordBits
  C:5D51H         PUBLIC        KeyEvent
  D:0098H         PUBLIC        SCON
  D:0088H         PUBLIC        TCON
  C:51B7H         PUBLIC        KeyControl_Up
  B:0080H.7       PUBLIC        P07
  C:008EH         PUBLIC        _LcdShow
  C:0042H         PUBLIC        KeyMenu_Menu
  C:6676H         PUBLIC        KeyControl_Cancel
  X:19FFH         PUBLIC        Optionlist
  C:646DH         PUBLIC        KeyMenu_Down
  C:69C8H         PUBLIC        _LcdDly
  C:6FA8H         PUBLIC        Baud_Setting
  C:53C2H         SYMBOL        _?ix1000
  C:53C4H         SYMBOL        _?ix1001
  C:53C6H         SYMBOL        _?ix1002
  C:53C8H         SYMBOL        _?ix1003
  C:53CAH         SYMBOL        _?ix1004
  C:53CCH         SYMBOL        _?ix1005
  D:008DH         PUBLIC        TH1
  D:00D6H         PUBLIC        T2H
  C:61E0H         PUBLIC        KeyBaud_Up
  C:6F9FH         PUBLIC        LcdShowInit
  D:00D4H         PUBLIC        T3H
  X:1A37H         PUBLIC        M_Show
  D:00D2H         PUBLIC        T4H
  D:008BH         PUBLIC        TL1
  D:00D7H         PUBLIC        T2L
BL51 BANKED LINKER/LOCATER V6.22.2.0                                                  03/03/2023  11:28:24  PAGE 29


  C:6F44H         PUBLIC        KeyBaud_Cancel
  D:00D5H         PUBLIC        T3L
  D:00D3H         PUBLIC        T4L
  X:1A49H         PUBLIC        keyStateEvent
  C:67AFH         PUBLIC        KeyMain_Up
  C:6E82H         PUBLIC        KeyMain_Cancel
  C:65EFH         PUBLIC        RefreshBaudDisp
  C:6416H         PUBLIC        KeyMenu_Up
  C:6F55H         PUBLIC        KeyMenu_Cancel
  X:1AADH         PUBLIC        Optionlist1
  C:4100H         PUBLIC        KeyControl_Enter
  D:00D0H         PUBLIC        PSW
  C:4398H         SYMBOL        Com00C9
  C:4398H         SYMBOL        L?0202
  C:43AEH         SYMBOL        L?0203
  C:43B4H         SYMBOL        L?0204
  C:43BEH         SYMBOL        L?0205
  C:43C1H         SYMBOL        L?0206
  C:43C8H         SYMBOL        L?0207
  C:43C9H         SYMBOL        L?0208
  C:43D0H         SYMBOL        L?0209
  C:43D8H         SYMBOL        L?0210
  C:43DBH         SYMBOL        L?0211
  C:43E1H         SYMBOL        L?0212
  C:43E9H         SYMBOL        L?0213
  C:43F0H         SYMBOL        L?0215
  C:43F3H         SYMBOL        L?0216
  C:43FDH         SYMBOL        L?0217
  C:4405H         SYMBOL        L?0218
  C:440CH         SYMBOL        L?0219
  C:4418H         SYMBOL        L?0220
  C:4421H         SYMBOL        L?0221
  C:442DH         SYMBOL        L?0222
  C:4436H         SYMBOL        L?0223
  C:4436H         SYMBOL        L?0224
  C:4445H         SYMBOL        L?0225
  C:4457H         SYMBOL        L?0226
  C:4460H         SYMBOL        L?0227
  C:446DH         SYMBOL        L?0228
  C:4473H         SYMBOL        L?0229
  C:4473H         SYMBOL        L?0230
  C:447AH         SYMBOL        L?0231
  C:447AH         SYMBOL        L?0232
  C:4482H         SYMBOL        L?0233
  C:4498H         SYMBOL        L?0234
  C:44AEH         SYMBOL        L?0235
  C:44AEH         SYMBOL        L?0236
  C:44B8H         SYMBOL        L?0237
  C:44CDH         SYMBOL        L?0240
  C:44DDH         SYMBOL        L?0241
  C:44EDH         SYMBOL        L?0242
  C:44F0H         SYMBOL        L?0243
  C:44F7H         SYMBOL        L?0244
  C:44F7H         SYMBOL        L?0245
  C:44FEH         SYMBOL        L?0246
  C:450BH         SYMBOL        L?0247
  C:450BH         SYMBOL        L?0248
BL51 BANKED LINKER/LOCATER V6.22.2.0                                                  03/03/2023  11:28:24  PAGE 30


  C:4512H         SYMBOL        L?0249
  C:451FH         SYMBOL        L?0251
  C:452AH         SYMBOL        L?0252
  C:4536H         SYMBOL        L?0253
  C:4542H         SYMBOL        L?0254
  C:454DH         SYMBOL        L?0255
  C:4558H         SYMBOL        L?0259
  C:4562H         SYMBOL        L?0260
  C:456CH         SYMBOL        L?0261
  C:456CH         SYMBOL        L?0262
  C:4573H         SYMBOL        L?0263
  C:4573H         SYMBOL        L?0264
  C:457AH         SYMBOL        L?0265
  C:4584H         SYMBOL        L?0266
  C:458EH         SYMBOL        L?0267
  C:4598H         SYMBOL        L?0268
  C:4598H         SYMBOL        L?0269
  -------         PROC          COM00C9
  -------         ENDPROC       COM00C9
  -------         PROC          KEYEVENT
  -------         DO            
  X:1B73H         SYMBOL        i
  X:1B74H         SYMBOL        KeyState
  -------         ENDDO         
  C:5D51H         LINE#         70
  C:5D51H         LINE#         71
  C:5D51H         LINE#         73
  C:5D59H         LINE#         75
  C:5D5CH         LINE#         77
  C:5D64H         LINE#         78
  C:5D64H         LINE#         80
  C:5D64H         LINE#         82
  C:5D77H         LINE#         83
  C:5D77H         LINE#         84
  C:5D8EH         LINE#         85
  C:5D8EH         LINE#         86
  C:5DA9H         LINE#         87
  C:5DA9H         LINE#         88
  C:5DBDH         LINE#         89
  C:5DBDH         LINE#         90
  C:5DBDH         LINE#         91
  C:5DBDH         LINE#         92
  C:5DC5H         LINE#         93
  -------         ENDPROC       KEYEVENT
  -------         PROC          LCDSHOWINIT
  C:6F9FH         LINE#         95
  C:6F9FH         LINE#         96
  C:6F9FH         LINE#         97
  -------         ENDPROC       LCDSHOWINIT
  -------         PROC          _LCDSHOW
  D:0001H         SYMBOL        InterfaceShow
  C:008EH         LINE#         101
  C:008EH         LINE#         102
  C:008EH         LINE#         103
  -------         ENDPROC       _LCDSHOW
  -------         PROC          KEYMAIN_ENTER
  C:5CD6H         LINE#         112
BL51 BANKED LINKER/LOCATER V6.22.2.0                                                  03/03/2023  11:28:24  PAGE 31


  C:5CD6H         LINE#         113
  C:5CD6H         LINE#         117
  C:5CDBH         LINE#         118
  C:5CDBH         LINE#         120
  C:5D18H         LINE#         121
  C:5D18H         LINE#         122
  C:5D21H         LINE#         123
  C:5D26H         LINE#         125
  C:5D27H         LINE#         127
  C:5D27H         LINE#         128
  C:5D2DH         LINE#         129
  C:5D30H         LINE#         130
  C:5D40H         LINE#         131
  C:5D47H         LINE#         134
  C:5D50H         LINE#         135
  C:5D50H         LINE#         136
  C:5D50H         LINE#         143
  -------         ENDPROC       KEYMAIN_ENTER
  -------         PROC          KEYMAIN_UP
  -------         DO            
  X:1B73H         SYMBOL        Value
  X:1B74H         SYMBOL        temp
  -------         ENDDO         
  C:67AFH         LINE#         145
  C:67AFH         LINE#         146
  C:67AFH         LINE#         147
  C:67B4H         LINE#         148
  C:67B4H         LINE#         149
  C:67C1H         LINE#         150
  C:67D0H         LINE#         151
  C:67E8H         LINE#         152
  C:67E8H         LINE#         157
  -------         ENDPROC       KEYMAIN_UP
  -------         PROC          KEYMAIN_MENU
  C:6C88H         LINE#         159
  C:6C88H         LINE#         160
  C:6C88H         LINE#         161
  C:6C94H         LINE#         162
  C:6C94H         LINE#         163
  C:6C94H         LINE#         164
  C:6C94H         LINE#         166
  C:6C9AH         LINE#         167
  C:6CA3H         LINE#         169
  C:6CA6H         LINE#         170
  C:6CA6H         LINE#         171
  C:6CA7H         LINE#         172
  C:6CA7H         LINE#         173
  C:6CA7H         LINE#         174
  C:6CADH         LINE#         175
  C:6CADH         LINE#         176
  C:6CADH         LINE#         177
  C:6CADH         LINE#         178
  C:6CADH         LINE#         179
  C:6CADH         LINE#         184
  -------         ENDPROC       KEYMAIN_MENU
  -------         PROC          KEYMAIN_CANCEL
  C:6E82H         LINE#         186
BL51 BANKED LINKER/LOCATER V6.22.2.0                                                  03/03/2023  11:28:24  PAGE 32


  C:6E82H         LINE#         187
  C:6E82H         LINE#         189
  C:6E87H         LINE#         190
  C:6E87H         LINE#         191
  C:6E90H         LINE#         192
  C:6E96H         LINE#         193
  C:6E9CH         LINE#         194
  C:6E9CH         LINE#         199
  -------         ENDPROC       KEYMAIN_CANCEL
  -------         PROC          KEYMAIN_DOWN
  -------         DO            
  X:1B73H         SYMBOL        Value
  X:1B74H         SYMBOL        temp
  -------         ENDDO         
  C:66FAH         LINE#         201
  C:66FAH         LINE#         202
  C:66FAH         LINE#         203
  C:66FFH         LINE#         204
  C:66FFH         LINE#         205
  C:670CH         LINE#         206
  C:671BH         LINE#         207
  C:6736H         LINE#         208
  C:6736H         LINE#         213
  -------         ENDPROC       KEYMAIN_DOWN
  -------         PROC          KEYMENU_ENTER
  C:6E0CH         LINE#         215
  C:6E0CH         LINE#         216
  C:6E0CH         LINE#         217
  C:6E1AH         LINE#         218
  C:6E1AH         LINE#         220
  C:6E1AH         LINE#         222
  C:6E20H         LINE#         223
  C:6E23H         LINE#         224
  C:6E29H         LINE#         228
  -------         ENDPROC       KEYMENU_ENTER
  -------         PROC          KEYMENU_UP
  C:6416H         LINE#         231
  C:6416H         LINE#         232
  C:6416H         LINE#         234
  C:6420H         LINE#         235
  C:6421H         LINE#         237
  C:642EH         LINE#         239
  C:6432H         LINE#         240
  C:6432H         LINE#         241
  C:6436H         LINE#         242
  C:6436H         LINE#         244
  C:643FH         LINE#         245
  C:643FH         LINE#         246
  C:643FH         LINE#         247
  C:6442H         LINE#         248
  C:6447H         LINE#         249
  C:6449H         LINE#         250
  C:6452H         LINE#         251
  C:6452H         LINE#         252
  C:6452H         LINE#         253
  C:6452H         LINE#         254
  C:6455H         LINE#         255
BL51 BANKED LINKER/LOCATER V6.22.2.0                                                  03/03/2023  11:28:24  PAGE 33


  C:6457H         LINE#         257
  C:6457H         LINE#         258
  C:6457H         LINE#         259
  C:6457H         LINE#         260
  C:645EH         LINE#         261
  C:645EH         LINE#         263
  C:6467H         LINE#         264
  -------         ENDPROC       KEYMENU_UP
  -------         PROC          KEYMENU_MENU
  C:0042H         LINE#         271
  C:0042H         LINE#         272
  C:0042H         LINE#         276
  -------         ENDPROC       KEYMENU_MENU
  -------         PROC          KEYMENU_CANCEL
  C:6F55H         LINE#         278
  C:6F55H         LINE#         279
  C:6F55H         LINE#         281
  C:6F55H         LINE#         282
  C:6F55H         LINE#         283
  C:6F5FH         LINE#         284
  -------         ENDPROC       KEYMENU_CANCEL
  -------         PROC          KEYMENU_DOWN
  C:646DH         LINE#         291
  C:646DH         LINE#         292
  C:646DH         LINE#         293
  C:6479H         LINE#         294
  C:647CH         LINE#         296
  C:6489H         LINE#         298
  C:648BH         LINE#         299
  C:648BH         LINE#         300
  C:648DH         LINE#         301
  C:648DH         LINE#         303
  C:6496H         LINE#         304
  C:6496H         LINE#         305
  C:6496H         LINE#         306
  C:6499H         LINE#         307
  C:649EH         LINE#         308
  C:64A0H         LINE#         309
  C:64A9H         LINE#         310
  C:64A9H         LINE#         311
  C:64A9H         LINE#         312
  C:64A9H         LINE#         313
  C:64ACH         LINE#         314
  C:64AEH         LINE#         316
  C:64AEH         LINE#         317
  C:64AEH         LINE#         318
  C:64AEH         LINE#         319
  C:64B5H         LINE#         320
  C:64B5H         LINE#         322
  C:64BEH         LINE#         323
  -------         ENDPROC       KEYMENU_DOWN
  C:603DH         SYMBOL        L?0256
  -------         PROC          CHECK_PASSWORDBITS
  C:5FDFH         LINE#         336
  C:5FDFH         LINE#         337
  C:5FDFH         LINE#         339
  C:5FE5H         LINE#         340
BL51 BANKED LINKER/LOCATER V6.22.2.0                                                  03/03/2023  11:28:24  PAGE 34


  C:5FE5H         LINE#         341
  C:5FE8H         LINE#         342
  C:5FF7H         LINE#         343
  C:5FF7H         LINE#         344
  C:5FF8H         LINE#         345
  C:6009H         LINE#         347
  C:600CH         LINE#         348
  C:600EH         LINE#         350
  C:600EH         LINE#         351
  C:6010H         LINE#         352
  C:6021H         LINE#         354
  C:6027H         LINE#         355
  C:6027H         LINE#         356
  C:602EH         LINE#         358
  C:6037H         LINE#         360
  C:603AH         LINE#         361
  C:603AH         LINE#         362
  C:603CH         LINE#         363
  -------         ENDPROC       CHECK_PASSWORDBITS
  C:432DH         SYMBOL        L?0199
  C:434EH         SYMBOL        L?0200
  C:436EH         SYMBOL        L?0214
  C:438BH         SYMBOL        L?0250
  -------         PROC          KEYCONTROL_ENTER
  -------         DO            
  X:1B73H         SYMBOL        i
  X:1B74H         SYMBOL        temp
  -------         ENDDO         
  C:4100H         LINE#         365
  C:4100H         LINE#         366
  C:4100H         LINE#         367
  C:4123H         LINE#         368
  C:4123H         LINE#         369
  C:4123H         LINE#         370
  C:4123H         LINE#         371
  C:412CH         LINE#         374
  C:4132H         LINE#         375
  C:4132H         LINE#         379
  C:4144H         LINE#         380
  C:4144H         LINE#         381
  C:4166H         LINE#         382
  C:416EH         LINE#         384
  C:4182H         LINE#         386
  C:4188H         LINE#         387
  C:418BH         LINE#         389
  C:418BH         LINE#         390
  C:41A4H         LINE#         391
  C:41A4H         LINE#         392
  C:41AFH         LINE#         393
  C:41B2H         LINE#         394
  C:41B8H         LINE#         395
  C:41BEH         LINE#         397
  C:41C3H         LINE#         399
  C:41C3H         LINE#         400
  C:41C3H         LINE#         401
  C:41C6H         LINE#         402
  C:41CCH         LINE#         403
BL51 BANKED LINKER/LOCATER V6.22.2.0                                                  03/03/2023  11:28:24  PAGE 35


  C:41CEH         LINE#         405
  C:41CEH         LINE#         407
  C:41D1H         LINE#         408
  C:41DEH         LINE#         409
  C:41E1H         LINE#         410
  C:41EAH         LINE#         411
  C:41EAH         LINE#         413
  C:41EFH         LINE#         414
  C:41EFH         LINE#         416
  C:41F4H         LINE#         417
  C:41F5H         LINE#         418
  C:41F5H         LINE#         420
  C:41F5H         LINE#         421
  C:41F5H         LINE#         422
  C:41FCH         LINE#         423
  C:4200H         LINE#         424
  C:4203H         LINE#         425
  C:4209H         LINE#         426
  C:420CH         LINE#         427
  C:420CH         LINE#         429
  C:420CH         LINE#         430
  C:420CH         LINE#         431
  C:4212H         LINE#         432
  C:4212H         LINE#         433
  C:4216H         LINE#         434
  C:4218H         LINE#         436
  C:4218H         LINE#         437
  C:421DH         LINE#         438
  C:4220H         LINE#         439
  C:422BH         LINE#         440
  C:422EH         LINE#         443
  C:422EH         LINE#         444
  C:422EH         LINE#         446
  C:422EH         LINE#         447
  C:422EH         LINE#         448
  C:4231H         LINE#         451
  C:4231H         LINE#         452
  C:4238H         LINE#         453
  C:423BH         LINE#         454
  C:423BH         LINE#         456
  C:423BH         LINE#         457
  C:423BH         LINE#         458
  C:424CH         LINE#         459
  C:424CH         LINE#         461
  C:424CH         LINE#         463
  C:4252H         LINE#         465
  C:4255H         LINE#         467
  C:4258H         LINE#         470
  C:4258H         LINE#         471
  C:425BH         LINE#         473
  C:425BH         LINE#         474
  C:425BH         LINE#         475
  C:426BH         LINE#         476
  C:426BH         LINE#         478
  C:4278H         LINE#         479
  C:4278H         LINE#         480
  C:4278H         LINE#         481
BL51 BANKED LINKER/LOCATER V6.22.2.0                                                  03/03/2023  11:28:24  PAGE 36


  C:4278H         LINE#         482
  C:4278H         LINE#         483
  C:427BH         LINE#         485
  C:427BH         LINE#         486
  C:4282H         LINE#         487
  C:4285H         LINE#         489
  C:4285H         LINE#         490
  C:4285H         LINE#         492
  C:4298H         LINE#         493
  C:4298H         LINE#         495
  C:42A5H         LINE#         496
  C:42A5H         LINE#         497
  C:42ACH         LINE#         498
  C:42ACH         LINE#         499
  C:42ACH         LINE#         500
  C:42ACH         LINE#         501
  C:42AFH         LINE#         503
  C:42AFH         LINE#         504
  C:42B6H         LINE#         505
  C:42B9H         LINE#         507
  C:42B9H         LINE#         508
  C:42B9H         LINE#         510
  C:42CCH         LINE#         511
  C:42CCH         LINE#         513
  C:42D9H         LINE#         514
  C:42D9H         LINE#         515
  C:42E0H         LINE#         516
  C:42E0H         LINE#         517
  C:42E0H         LINE#         518
  C:42E0H         LINE#         519
  C:42E3H         LINE#         521
  C:42E3H         LINE#         522
  C:42EAH         LINE#         523
  C:42ECH         LINE#         525
  C:42ECH         LINE#         526
  C:42ECH         LINE#         527
[...]
  C:6CEDH         LINE#         109
  C:6CF0H         LINE#         110
  C:6CF3H         LINE#         111
  -------         ENDPROC       _IAPERASE
  -------         PROC          _IAPWRITE_BUFF
  X:1B76H         SYMBOL        Addr
  X:1B78H         SYMBOL        Str
  X:1B7BH         SYMBOL        Len
  C:6AE3H         LINE#         120
  C:6AE9H         LINE#         121
  C:6AE9H         LINE#         122
  C:6AF3H         LINE#         123
  C:6AF3H         LINE#         124
  C:6B0CH         LINE#         125
  C:6B0EH         LINE#         126
  -------         ENDPROC       _IAPWRITE_BUFF
  -------         PROC          _IAPREAD_BUFF
  X:1B73H         SYMBOL        Addr
  X:1B75H         SYMBOL        Str
  X:1B78H         SYMBOL        Len
  C:6B67H         LINE#         134
  C:6B6DH         LINE#         135
  C:6B6DH         LINE#         136
  C:6B77H         LINE#         137
  C:6B77H         LINE#         138
  C:6B8FH         LINE#         139
BL51 BANKED LINKER/LOCATER V6.22.2.0                                                  03/03/2023  11:28:24  PAGE 60


  C:6B91H         LINE#         140
  -------         ENDPROC       _IAPREAD_BUFF
  -------         ENDMOD        EEPROM

  -------         MODULE        KEY
  C:0000H         SYMBOL        _ICE_DUMMY_
  D:0080H         PUBLIC        P0
  D:0090H         PUBLIC        P1
  D:00A0H         PUBLIC        P2
  D:00B0H         PUBLIC        P3
  D:00C0H         PUBLIC        P4
  D:00C8H         PUBLIC        P5
  D:00E8H         PUBLIC        P6
  D:00F8H         PUBLIC        P7
  X:1C0AH         PUBLIC        KeyStateCurrrent
  D:00A8H         PUBLIC        IE
  D:00B8H         PUBLIC        IP
  D:00D8H         PUBLIC        CCON
  D:0098H         PUBLIC        SCON
  B:00A0H.2       PUBLIC        P22
  D:0088H         PUBLIC        TCON
  B:00A0H.3       PUBLIC        P23
  B:00A0H.4       PUBLIC        P24
  B:00A0H.5       PUBLIC        P25
  B:00A0H.6       PUBLIC        P26
  C:59B8H         PUBLIC        Key_Chick
  D:00D0H         PUBLIC        PSW
  -------         PROC          KEY_CHICK
  -------         DO            
  X:1C09H         SYMBOL        KeyTemp
  X:1B75H         SYMBOL        KeyValue
  -------         ENDDO         
  C:59B8H         LINE#         13
  C:59B8H         LINE#         14
  C:59B8H         LINE#         17
  C:59E6H         LINE#         19
  C:59F5H         LINE#         20
  C:59F5H         LINE#         21
  C:59F5H         LINE#         22
  C:59F5H         LINE#         23
  C:59FDH         LINE#         24
  C:59FDH         LINE#         25
  C:5A02H         LINE#         26
  C:5A02H         LINE#         28
  C:5A04H         LINE#         29
  C:5A04H         LINE#         31
  C:5A04H         LINE#         32
  C:5A04H         LINE#         33
  C:5A0BH         LINE#         35
  C:5A14H         LINE#         36
  C:5A14H         LINE#         37
  C:5A19H         LINE#         38
  C:5A1DH         LINE#         39
  C:5A1DH         LINE#         41
  C:5A1FH         LINE#         42
  C:5A1FH         LINE#         44
  C:5A1FH         LINE#         45
BL51 BANKED LINKER/LOCATER V6.22.2.0                                                  03/03/2023  11:28:24  PAGE 61


  C:5A1FH         LINE#         46
  C:5A27H         LINE#         47
  C:5A27H         LINE#         48
  C:5A2CH         LINE#         49
  C:5A32H         LINE#         50
  C:5A32H         LINE#         52
  C:5A32H         LINE#         53
  C:5A32H         LINE#         55
  C:5A32H         LINE#         56
  C:5A32H         LINE#         57
  C:5A38H         LINE#         58
  C:5A3CH         LINE#         59
  C:5A43H         LINE#         60
  C:5A43H         LINE#         61
  C:5A43H         LINE#         62
  C:5A43H         LINE#         64
  C:5A45H         LINE#         65
  -------         ENDPROC       KEY_CHICK
  -------         ENDMOD        KEY

  -------         MODULE        LCD
  C:0000H         SYMBOL        _ICE_DUMMY_
  C:689AH         PUBLIC        _lcd_address
  D:0080H         PUBLIC        P0
  D:0090H         PUBLIC        P1
  D:00A0H         PUBLIC        P2
  D:00B0H         PUBLIC        P3
  C:5EA3H         PUBLIC        initial_lcd
  D:00C0H         PUBLIC        P4
  D:00C8H         PUBLIC        P5
  D:00E8H         PUBLIC        P6
  D:00F8H         PUBLIC        P7
  D:00A8H         PUBLIC        IE
  C:477DH         PUBLIC        _GUI_Lattice
  X:1BFFH         PUBLIC        frontCurrent
  D:00B8H         PUBLIC        IP
  D:00D8H         PUBLIC        CCON
  C:64C4H         SYMBOL        _GetCHIndex
  C:6B0FH         PUBLIC        _transfer_command
  D:0098H         PUBLIC        SCON
  D:0088H         PUBLIC        TCON
  B:00B0H.2       PUBLIC        P32
  B:00B0H.3       PUBLIC        P33
  B:00B0H.4       PUBLIC        P34
  B:00B0H.5       PUBLIC        P35
  B:00B0H.6       PUBLIC        P36
  B:00B0H.7       PUBLIC        P37
  C:54A4H         PUBLIC        _GUI_String
  C:63BBH         SYMBOL        _GetFrontParm
  C:6B3BH         PUBLIC        _transfer_data
  C:6CFAH         PUBLIC        clear_screen
  D:00D0H         PUBLIC        PSW
  C:5DC6H         SYMBOL        Com004D
  C:5DC6H         SYMBOL        L?0078
  C:5DCFH         SYMBOL        L?0079
  C:5DD2H         SYMBOL        L?0080
  C:5DDAH         SYMBOL        L?0082
BL51 BANKED LINKER/LOCATER V6.22.2.0                                                  03/03/2023  11:28:24  PAGE 62


  C:5DDAH         SYMBOL        L?0083
  C:5DDDH         SYMBOL        L?0084
  C:5DDEH         SYMBOL        L?0085
  C:5DE7H         SYMBOL        L?0086
  C:5E03H         SYMBOL        L?0087
  C:5E16H         SYMBOL        L?0091
  C:5E23H         SYMBOL        L?0092
  C:5E27H         SYMBOL        L?0093
  C:5E2EH         SYMBOL        L?0094
  C:5E2FH         SYMBOL        L?0095
  -------         PROC          COM004D
  -------         ENDPROC       COM004D
  -------         PROC          _TRANSFER_COMMAND
  D:0007H         SYMBOL        data1
  -------         DO            
  D:0006H         SYMBOL        i
  -------         ENDDO         
  C:6B0FH         LINE#         11
  C:6B0FH         LINE#         12
  C:6B0FH         LINE#         14
  C:6B11H         LINE#         15
  C:6B13H         LINE#         17
  C:6B1AH         LINE#         18
  C:6B1AH         LINE#         19
  C:6B1CH         LINE#         21
  C:6B20H         LINE#         22
  C:6B24H         LINE#         24
  C:6B26H         LINE#         26
  C:6B28H         LINE#         27
  C:6B35H         LINE#         28
  C:6B38H         LINE#         30
  C:6B3AH         LINE#         31
  -------         ENDPROC       _TRANSFER_COMMAND
  -------         PROC          _TRANSFER_DATA
  D:0007H         SYMBOL        data1
  -------         DO            
  D:0006H         SYMBOL        i
  -------         ENDDO         
  C:6B3BH         LINE#         40
  C:6B3BH         LINE#         41
  C:6B3BH         LINE#         43
  C:6B3DH         LINE#         44
  C:6B3FH         LINE#         46
  C:6B46H         LINE#         47
  C:6B46H         LINE#         48
  C:6B48H         LINE#         50
  C:6B4CH         LINE#         51
  C:6B4CH         LINE#         52
  C:6B4EH         LINE#         53
  C:6B50H         LINE#         55
  C:6B50H         LINE#         56
  C:6B52H         LINE#         57
  C:6B52H         LINE#         59
  C:6B54H         LINE#         61
  C:6B61H         LINE#         62
  C:6B64H         LINE#         64
  C:6B66H         LINE#         65
BL51 BANKED LINKER/LOCATER V6.22.2.0                                                  03/03/2023  11:28:24  PAGE 63


  -------         ENDPROC       _TRANSFER_DATA
  -------         PROC          CLEAR_SCREEN
  -------         DO            
  D:0004H         SYMBOL        i
  D:0003H         SYMBOL        j
  -------         ENDDO         
  C:6CFAH         LINE#         73
  C:6CFAH         LINE#         74
  C:6CFAH         LINE#         77
  C:6D02H         LINE#         78
  C:6D02H         LINE#         79
  C:6D09H         LINE#         81
  C:6D14H         LINE#         82
  C:6D14H         LINE#         83
  C:6D19H         LINE#         84
  C:6D1CH         LINE#         85
  C:6D1FH         LINE#         86
  -------         ENDPROC       CLEAR_SCREEN
  -------         PROC          L?0090
  -------         ENDPROC       L?0090
  -------         PROC          _LCD_ADDRESS
  D:0006H         SYMBOL        page
  D:0004H         SYMBOL        column
  C:689AH         LINE#         95
  C:689EH         LINE#         96
  C:689EH         LINE#         98
  C:68A9H         LINE#         99
  C:68A9H         LINE#         100
  C:68ABH         LINE#         101
  C:68ADH         LINE#         103
  C:68ADH         LINE#         104
  C:68B3H         LINE#         105
  C:68B3H         LINE#         107
  C:68BDH         LINE#         109
  -------         ENDPROC       _LCD_ADDRESS
  C:5EEBH         SYMBOL        L?0081
  C:5F02H         SYMBOL        L?0089
  -------         PROC          INITIAL_LCD
  C:5EA3H         LINE#         119
  C:5EA3H         LINE#         120
  C:5EA3H         LINE#         121
  C:5EA5H         LINE#         122
  C:5EACH         LINE#         124
  C:5EAEH         LINE#         126
  C:5EB5H         LINE#         128
  C:5EBAH         LINE#         129
  C:5EC1H         LINE#         131
  C:5EC3H         LINE#         132
  C:5EC6H         LINE#         133
  C:5EC8H         LINE#         134
  C:5EC8H         LINE#         136
  C:5EC8H         LINE#         138
  C:5ECBH         LINE#         139
  C:5ECDH         LINE#         140
  C:5ECDH         LINE#         141
  C:5ECDH         LINE#         143
  C:5ED0H         LINE#         145
BL51 BANKED LINKER/LOCATER V6.22.2.0                                                  03/03/2023  11:28:24  PAGE 64


  C:5ED2H         LINE#         146
  C:5ED5H         LINE#         148
  C:5EDAH         LINE#         149
  C:5EE1H         LINE#         151
  C:5EE6H         LINE#         153
  C:5EE8H         LINE#         155
  C:5EEBH         LINE#         156
  -------         ENDPROC       INITIAL_LCD
  -------         PROC          _GETFRONTPARM
  D:0007H         SYMBOL        font
  C:63BBH         LINE#         164
  C:63BBH         LINE#         165
  C:63BBH         LINE#         166
  C:63C2H         LINE#         167
  C:63C2H         LINE#         168
  C:63C2H         LINE#         169
  C:63C2H         LINE#         170
  C:63C8H         LINE#         171
  C:63CEH         LINE#         172
  C:63D4H         LINE#         174
  C:63E2H         LINE#         176
  C:63E8H         LINE#         177
  C:63EAH         LINE#         178
  C:63EAH         LINE#         180
  C:63EAH         LINE#         181
  C:63EAH         LINE#         182
  C:63F0H         LINE#         183
  C:63F6H         LINE#         184
  C:63FCH         LINE#         185
  C:6402H         LINE#         187
  C:640EH         LINE#         188
  C:6410H         LINE#         189
  C:6410H         LINE#         199
  C:6410H         LINE#         200
  C:6413H         LINE#         201
  C:6413H         LINE#         203
  C:6415H         LINE#         204
  -------         ENDPROC       _GETFRONTPARM
  -------         PROC          _GETCHINDEX
  X:1B82H         SYMBOL        ZoneCode
  -------         DO            
  D:0004H         SYMBOL        i
  D:0006H         SYMBOL        CHCode
  -------         ENDDO         
  C:64C4H         LINE#         212
  C:64CCH         LINE#         213
  C:64CCH         LINE#         214
  C:64CFH         LINE#         217
  C:64CFH         LINE#         218
  C:64CFH         LINE#         219
  C:64F9H         LINE#         221
  C:6505H         LINE#         222
  C:6505H         LINE#         223
  C:6505H         LINE#         224
  C:6505H         LINE#         225
  C:6510H         LINE#         227
  C:6514H         LINE#         228
BL51 BANKED LINKER/LOCATER V6.22.2.0                                                  03/03/2023  11:28:24  PAGE 65


  -------         ENDPROC       _GETCHINDEX
  C:5556H         SYMBOL        L?0088
  -------         PROC          _GUI_STRING
  X:1B79H         SYMBOL        x
  X:1B7AH         SYMBOL        y
  X:1B7BH         SYMBOL        pString
  X:1B7EH         SYMBOL        font
  -------         DO            
  X:1B7FH         SYMBOL        ChIndex
  X:1B81H         SYMBOL        Offset
  D:0006H         SYMBOL        ZoneCode
  -------         ENDDO         
  C:54A4H         LINE#         237
  C:54B5H         LINE#         238
  C:54B5H         LINE#         245
  C:54BBH         LINE#         247
  C:54C0H         LINE#         250
  C:54C0H         LINE#         251
  C:54D5H         LINE#         252
  C:54D5H         LINE#         253
  C:54E4H         LINE#         255
  C:54F9H         LINE#         256
  C:54F9H         LINE#         257
  C:54FEH         LINE#         258
  C:5501H         LINE#         260
  C:5501H         LINE#         262
  C:550BH         LINE#         264
  C:5521H         LINE#         266
  C:552CH         LINE#         268
  C:5541H         LINE#         269
  C:5541H         LINE#         270
  C:5547H         LINE#         271
  C:5547H         LINE#         273
  C:5547H         LINE#         274
  C:5555H         LINE#         275
  -------         ENDPROC       _GUI_STRING
  -------         PROC          _GUI_LATTICE
  X:1B82H         SYMBOL        x
  D:0002H         SYMBOL        y
  X:1B84H         SYMBOL        Width
  X:1B85H         SYMBOL        High
  X:1B86H         SYMBOL        plattice
  -------         DO            
  X:1B89H         SYMBOL        y_Dy
  X:1B8AH         SYMBOL        y_by
  X:1B8BH         SYMBOL        y1_Dy
  X:1B8CH         SYMBOL        y1_by
  X:1B8DH         SYMBOL        y_Bytes
  X:1B8EH         SYMBOL        i
  X:1B8FH         SYMBOL        j
  X:1B90H         SYMBOL        tempH
  D:0003H         SYMBOL        tempL
  -------         ENDDO         
  C:477DH         LINE#         284
  C:4789H         LINE#         285
  C:4789H         LINE#         290
  C:47A2H         LINE#         292
BL51 BANKED LINKER/LOCATER V6.22.2.0                                                  03/03/2023  11:28:24  PAGE 66


  C:47BAH         LINE#         293
  C:47C0H         LINE#         295
  C:47CBH         LINE#         296
  C:47D0H         LINE#         298
  C:47D8H         LINE#         300
  C:47E9H         LINE#         301
  C:47E9H         LINE#         302
  C:47F8H         LINE#         303
  C:47F8H         LINE#         304
  C:480EH         LINE#         305
  C:480EH         LINE#         306
  C:4814H         LINE#         307
  C:4814H         LINE#         308
  C:4819H         LINE#         309
  C:482EH         LINE#         311
  C:4831H         LINE#         312
  C:483CH         LINE#         313
  C:483CH         LINE#         314
  C:4843H         LINE#         316
  C:4878H         LINE#         317
  C:487BH         LINE#         319
  C:487BH         LINE#         320
  C:48A2H         LINE#         321
  C:48C2H         LINE#         323
  C:48CFH         LINE#         324
  C:48D8H         LINE#         325
  C:48D8H         LINE#         326
  C:48E1H         LINE#         327
  C:48E1H         LINE#         329
  C:48E1H         LINE#         330
  C:48EBH         LINE#         331
  C:491EH         LINE#         332
  C:491EH         LINE#         333
  C:4927H         LINE#         334
  -------         ENDPROC       _GUI_LATTICE
  -------         ENDMOD        LCD

  -------         MODULE        ?C?COPY
  C:3DA3H         PUBLIC        ?C?COPY
  -------         ENDMOD        ?C?COPY

  -------         MODULE        ?C?CLDPTR
  C:3DC9H         PUBLIC        ?C?CLDPTR
  -------         ENDMOD        ?C?CLDPTR

  -------         MODULE        ?C?CLDOPTR
  C:3DE2H         PUBLIC        ?C?CLDOPTR
  -------         ENDMOD        ?C?CLDOPTR

  -------         MODULE        ?C?CILDPTR
  C:3E0FH         PUBLIC        ?C?CILDPTR
  -------         ENDMOD        ?C?CILDPTR

  -------         MODULE        ?C?CILDOPTR
  C:3E31H         PUBLIC        ?C?CILDOPTR
  -------         ENDMOD        ?C?CILDOPTR

BL51 BANKED LINKER/LOCATER V6.22.2.0                                                  03/03/2023  11:28:24  PAGE 67


  -------         MODULE        ?C?CSTPTR
  C:3E64H         PUBLIC        ?C?CSTPTR
  -------         ENDMOD        ?C?CSTPTR

  -------         MODULE        ?C?CSTOPTR
  C:3E76H         PUBLIC        ?C?CSTOPTR
  -------         ENDMOD        ?C?CSTOPTR

  -------         MODULE        ?C?IMUL
  C:3E98H         PUBLIC        ?C?IMUL
  -------         ENDMOD        ?C?IMUL

  -------         MODULE        ?C?UIDIV
  C:3EAAH         PUBLIC        ?C?UIDIV
  -------         ENDMOD        ?C?UIDIV

  -------         MODULE        ?C?SIDIV
  C:3EFFH         PUBLIC        ?C?SIDIV
  -------         ENDMOD        ?C?SIDIV

  -------         MODULE        ?C?IILDX
  C:3F35H         PUBLIC        ?C?IILDX
  -------         ENDMOD        ?C?IILDX

  -------         MODULE        ?C?ILDIX
  C:3F4BH         PUBLIC        ?C?ILDIX
  -------         ENDMOD        ?C?ILDIX

  -------         MODULE        ?C?ILDPTR
  C:3F61H         PUBLIC        ?C?ILDPTR
  -------         ENDMOD        ?C?ILDPTR

  -------         MODULE        ?C?ILDOPTR
  C:3F8CH         PUBLIC        ?C?ILDOPTR
  -------         ENDMOD        ?C?ILDOPTR

  -------         MODULE        ?C?ISTPTR
  C:3FC4H         PUBLIC        ?C?ISTPTR
  -------         ENDMOD        ?C?ISTPTR

  -------         MODULE        ?C?ULCMP
  C:3FE3H         PUBLIC        ?C?ULCMP
  -------         ENDMOD        ?C?ULCMP

  -------         MODULE        ?C?LSTKXDATA
  C:3FF4H         PUBLIC        ?C?LSTKXDATA
  -------         ENDMOD        ?C?LSTKXDATA

  -------         MODULE        ?C?OFFXADD
  C:4025H         PUBLIC        ?C?OFFXADD
  -------         ENDMOD        ?C?OFFXADD

  -------         MODULE        ?C?PLDXDATA
  C:4031H         PUBLIC        ?C?PLDXDATA
  -------         ENDMOD        ?C?PLDXDATA

  -------         MODULE        ?C?PLDIXDATA
BL51 BANKED LINKER/LOCATER V6.22.2.0                                                  03/03/2023  11:28:24  PAGE 68


  C:403AH         PUBLIC        ?C?PLDIXDATA
  -------         ENDMOD        ?C?PLDIXDATA

  -------         MODULE        ?C?PSTXDATA
  C:4051H         PUBLIC        ?C?PSTXDATA
  -------         ENDMOD        ?C?PSTXDATA

  -------         MODULE        ?C?PLDCODE
  C:405AH         PUBLIC        ?C?PLDCODE
  -------         ENDMOD        ?C?PLDCODE

  -------         MODULE        ?C?PLDOPTR
  C:4066H         PUBLIC        ?C?PLDOPTR
  -------         ENDMOD        ?C?PLDOPTR

  -------         MODULE        ?C?CCASE
  C:4096H         PUBLIC        ?C?CCASE
  -------         ENDMOD        ?C?CCASE

  -------         MODULE        ?C?ICALL
  C:40BCH         PUBLIC        ?C?ICALL
  C:40C0H         PUBLIC        ?C?ICALL2
  -------         ENDMOD        ?C?ICALL

  -------         MODULE        STRNCMP
  X:1B9EH         PUBLIC        ?_strncmp?BYTE
  C:5B59H         PUBLIC        _strncmp
  -------         ENDMOD        STRNCMP

  -------         MODULE        STRLEN
  C:000EH         PUBLIC        _STRLEN
  -------         ENDMOD        STRLEN

  -------         MODULE        ?C?MEMSET
  C:40C2H         PUBLIC        ?C?MEMSET
  -------         ENDMOD        ?C?MEMSET

  -------         MODULE        ?C?PLDIDATA
  C:40EEH         PUBLIC        ?C?PLDIDATA
  -------         ENDMOD        ?C?PLDIDATA

  -------         MODULE        ?C?PLDPDATA
  C:40F7H         PUBLIC        ?C?PLDPDATA
  -------         ENDMOD        ?C?PLDPDATA

*** WARNING L7: MODULE NAME NOT UNIQUE
    MODULE:  .\Objects\STARTUP.obj (?C_STARTUP)

Program Size: data=33.0 xdata=7179 code=28612
LINK/LOCATE RUN COMPLETE.  1 WARNING(S),  0 ERROR(S)
